Archive member included because of file (symbol)

c:/NXP/bstudio_nxp/sdk/JN-SW-4168/Components/Library\libOS_JN516x.a(os.o)
                              c:/NXP/bstudio_nxp/workspace/JN-AN-1171-ZigBee-LightLink-Demo/Light_DimmableLight/Build/os_gen.o (symbol from plugin) (os_vStart)
c:/NXP/bstudio_nxp/sdk/JN-SW-4168/Components/Library\libOS_JN516x.a(os_contirq_JN516x.o)
                              c:/NXP/bstudio_nxp/workspace/JN-AN-1171-ZigBee-LightLink-Demo/Light_DimmableLight/Build/os_irq.o (os_UnclaimedException_W)
c:/NXP/bstudio_nxp/sdk/JN-SW-4168/Components/Library\libPWRM_JN516x.a(pwrm.o)
                              c:/NXP/bstudio_nxp/workspace/JN-AN-1171-ZigBee-LightLink-Demo/Light_DimmableLight/Build/app_start_light.o (symbol from plugin) (PWRM_vInit)
c:/NXP/bstudio_nxp/sdk/JN-SW-4168/Components/Library\libPWRM_JN516x.a(pwrm_setjmp_JN516x.o)
                              pwrm.o (symbol from plugin) (setjmp)
c:/NXP/bstudio_nxp/sdk/JN-SW-4168/Components/Library\libPWRM_JN516x.a(pwrm_cold_start.o)
                              (AppColdStart)
c:/NXP/bstudio_nxp/sdk/JN-SW-4168/Components/Library\libPWRM_JN516x.a(pwrm_warm_start.o)
                              (AppWarmStart)
c:/NXP/bstudio_nxp/sdk/JN-SW-4168/Components/Library\libAES_SW_JN516x.a(aes_sw_mmo.o)
                              c:/NXP/bstudio_nxp/workspace/JN-AN-1171-ZigBee-LightLink-Demo/Light_DimmableLight/Build/OTA.o (symbol from plugin) (AESSW_vMMOBlockUpdate)
c:/NXP/bstudio_nxp/sdk/JN-SW-4168/Components/Library\libPDUM_JN516x.a(pdum_nwk.o)
                              c:/NXP/bstudio_nxp/workspace/JN-AN-1171-ZigBee-LightLink-Demo/Light_DimmableLight/Build/pdum_gen.o (symbol from plugin) (pdum_vNPduInit)
c:/NXP/bstudio_nxp/sdk/JN-SW-4168/Components/Library\libPDUM_JN516x.a(pdum_apl.o)
                              c:/NXP/bstudio_nxp/workspace/JN-AN-1171-ZigBee-LightLink-Demo/Light_DimmableLight/Build/app_ota_client.o (symbol from plugin) (PDUM_u16APduInstanceReadNBO)
c:/NXP/bstudio_nxp/sdk/JN-SW-4168/Components/Library\libPDUM_JN516x.a(pdum.o)
                              pdum_nwk.o (symbol from plugin) (PDUM_u16SizeNBO)
c:/NXP/bstudio_nxp/sdk/JN-SW-4168/Components/Library\libZPSAPL_JN516x.a(zps_apl_af.o)
                              c:/NXP/bstudio_nxp/workspace/JN-AN-1171-ZigBee-LightLink-Demo/Light_DimmableLight/Build/zpr_light_node.o (symbol from plugin) (ZPS_eAplAfInit)
c:/NXP/bstudio_nxp/sdk/JN-SW-4168/Components/Library\libZPSAPL_JN516x.a(zps_apl_af_apsde.o)
                              c:/NXP/bstudio_nxp/workspace/JN-AN-1171-ZigBee-LightLink-Demo/Light_DimmableLight/Build/zps_gen.o (symbol from plugin) (zps_vHandleApsdeDataFragIndNotSupported)
c:/NXP/bstudio_nxp/sdk/JN-SW-4168/Components/Library\libZPSAPL_JN516x.a(zps_apl_task.o)
                              zps_apl_af_apsde.o (symbol from plugin) (zps_vAplAfPostEvent)
c:/NXP/bstudio_nxp/sdk/JN-SW-4168/Components/Library\libZPSAPL_JN516x.a(zps_apl_apsde.o)
                              zps_apl_task.o (symbol from plugin) (ZPS_vAplRegisterApsdeDcfmIndCallbacks)
c:/NXP/bstudio_nxp/sdk/JN-SW-4168/Components/Library\libZPSAPL_JN516x.a(zps_apl_apsme.o)
                              zps_apl_task.o (symbol from plugin) (ZPS_vAplRegisterApsmeDcfmIndCallbacks)
c:/NXP/bstudio_nxp/sdk/JN-SW-4168/Components/Library\libZPSAPL_JN516x.a(zps_apl_aps_nlde.o)
                              c:/NXP/bstudio_nxp/workspace/JN-AN-1171-ZigBee-LightLink-Demo/Light_DimmableLight/Build/OTA_client.o (symbol from plugin) (ZPS_vRunningCRC32)
c:/NXP/bstudio_nxp/sdk/JN-SW-4168/Components/Library\libZPSAPL_JN516x.a(zps_apl_sec.o)
                              zps_apl_task.o (symbol from plugin) (zps_psFindKeyDescr)
c:/NXP/bstudio_nxp/sdk/JN-SW-4168/Components/Library\libZPSAPL_JN516x.a(zps_apl_aib.o)
                              c:/NXP/bstudio_nxp/workspace/JN-AN-1171-ZigBee-LightLink-Demo/Light_DimmableLight/Build/app_light_commission_task.o (symbol from plugin) (zps_psAplAibGetAib)
c:/NXP/bstudio_nxp/sdk/JN-SW-4168/Components/Library\libZPSAPL_JN516x.a(zps_apl_zdo_nwkmanager.o)
                              zps_apl_apsme.o (symbol from plugin) (zps_vAplSaveRecord)
c:/NXP/bstudio_nxp/sdk/JN-SW-4168/Components/Library\libZPSAPL_JN516x.a(zps_apl_zdo_handle_zdp_event.o)
                              zps_apl_task.o (symbol from plugin) (zps_bAplZdoHandleZdpEvent)
c:/NXP/bstudio_nxp/sdk/JN-SW-4168/Components/Library\libZPSAPL_JN516x.a(zps_apl_zdo_trust_center.o)
                              zps_apl_sec.o (symbol from plugin) (zps_eAplTrustCenterFindDevice)
c:/NXP/bstudio_nxp/sdk/JN-SW-4168/Components/Library\libZPSAPL_JN516x.a(zps_apl_zdo_common.o)
                              zps_apl_zdo_nwkmanager.o (symbol from plugin) (zps_eAplZdoNlmeleaveWrapper)
c:/NXP/bstudio_nxp/sdk/JN-SW-4168/Components/Library\libZPSAPL_JN516x.a(zps_apl_zdo_group.o)
[...]
Memory Configuration

Name             Origin             Length             Attributes
flash            0x0000000000080000 0x0000000000080000
ram              0x000000000400004c 0x0000000000007fb4
*default*        0x0000000000000000 0xffffffffffffffff

Linker script and memory map

                0x0000000000001770                __stack_size = 0x1770
                0x00000000000007d0                __minimum_heap_size = 0x7d0
START GROUP
LOAD c:/NXP/bstudio_nxp/workspace/JN-AN-1171-ZigBee-LightLink-Demo/Light_DimmableLight/Build/os_gen.o
LOAD C:\Users\Gillis\AppData\Local\Temp\ccl7ikA6.ltrans0.ltrans.o
LOAD C:\Users\Gillis\AppData\Local\Temp\ccl7ikA6.ltrans1.ltrans.o
LOAD C:\Users\Gillis\AppData\Local\Temp\ccl7ikA6.ltrans2.ltrans.o
LOAD C:\Users\Gillis\AppData\Local\Temp\ccl7ikA6.ltrans3.ltrans.o
LOAD C:\Users\Gillis\AppData\Local\Temp\ccl7ikA6.ltrans4.ltrans.o
LOAD C:\Users\Gillis\AppData\Local\Temp\ccl7ikA6.ltrans5.ltrans.o
LOAD C:\Users\Gillis\AppData\Local\Temp\ccl7ikA6.ltrans6.ltrans.o
LOAD C:\Users\Gillis\AppData\Local\Temp\ccl7ikA6.ltrans7.ltrans.o
LOAD C:\Users\Gillis\AppData\Local\Temp\ccl7ikA6.ltrans8.ltrans.o
LOAD C:\Users\Gillis\AppData\Local\Temp\ccl7ikA6.ltrans9.ltrans.o
LOAD C:\Users\Gillis\AppData\Local\Temp\ccl7ikA6.ltrans10.ltrans.o
LOAD C:\Users\Gillis\AppData\Local\Temp\ccl7ikA6.ltrans11.ltrans.o
LOAD C:\Users\Gillis\AppData\Local\Temp\ccl7ikA6.ltrans12.ltrans.o
LOAD C:\Users\Gillis\AppData\Local\Temp\ccl7ikA6.ltrans13.ltrans.o
LOAD C:\Users\Gillis\AppData\Local\Temp\ccl7ikA6.ltrans14.ltrans.o
LOAD C:\Users\Gillis\AppData\Local\Temp\ccl7ikA6.ltrans15.ltrans.o
LOAD C:\Users\Gillis\AppData\Local\Temp\ccl7ikA6.ltrans16.ltrans.o
LOAD C:\Users\Gillis\AppData\Local\Temp\ccl7ikA6.ltrans17.ltrans.o
LOAD C:\Users\Gillis\AppData\Local\Temp\ccl7ikA6.ltrans18.ltrans.o
LOAD C:\Users\Gillis\AppData\Local\Temp\ccl7ikA6.ltrans19.ltrans.o
LOAD C:\Users\Gillis\AppData\Local\Temp\ccl7ikA6.ltrans20.ltrans.o
LOAD C:\Users\Gillis\AppData\Local\Temp\ccl7ikA6.ltrans21.ltrans.o
LOAD C:\Users\Gillis\AppData\Local\Temp\ccl7ikA6.ltrans22.ltrans.o
LOAD C:\Users\Gillis\AppData\Local\Temp\ccl7ikA6.ltrans23.ltrans.o
LOAD C:\Users\Gillis\AppData\Local\Temp\ccl7ikA6.ltrans24.ltrans.o
LOAD C:\Users\Gillis\AppData\Local\Temp\ccl7ikA6.ltrans25.ltrans.o
LOAD C:\Users\Gillis\AppData\Local\Temp\ccl7ikA6.ltrans26.ltrans.o
LOAD C:\Users\Gillis\AppData\Local\Temp\ccl7ikA6.ltrans27.ltrans.o
LOAD C:\Users\Gillis\AppData\Local\Temp\ccl7ikA6.ltrans28.ltrans.o
LOAD C:\Users\Gillis\AppData\Local\Temp\ccl7ikA6.ltrans29.ltrans.o
LOAD C:\Users\Gillis\AppData\Local\Temp\ccl7ikA6.ltrans30.ltrans.o
LOAD C:\Users\Gillis\AppData\Local\Temp\ccl7ikA6.ltrans31.ltrans.o
LOAD c:/nxp/bstudio_nxp/sdk/tools/ba-elf-ba2-r36379/bin/../lib/gcc/ba-elf/4.7.4/../../../../ba-elf/lib/mcpu_jn51xx_sizeopt\libc.a
LOAD c:/nxp/bstudio_nxp/sdk/tools/ba-elf-ba2-r36379/bin/../lib/gcc/ba-elf/4.7.4/mcpu_jn51xx_sizeopt\libgcc.a
LOAD c:/nxp/bstudio_nxp/sdk/tools/ba-elf-ba2-r36379/bin/../lib/gcc/ba-elf/4.7.4/../../../../ba-elf/lib/mcpu_jn51xx_sizeopt\libc.a
LOAD c:/NXP/bstudio_nxp/workspace/JN-AN-1171-ZigBee-LightLink-Demo/Light_DimmableLight/Build/os_irq.o
LOAD c:/NXP/bstudio_nxp/workspace/JN-AN-1171-ZigBee-LightLink-Demo/Light_DimmableLight/Build/os_irq_alignment.o
LOAD c:/NXP/bstudio_nxp/workspace/JN-AN-1171-ZigBee-LightLink-Demo/Light_DimmableLight/Build/os_irq_buserror.o
LOAD c:/NXP/bstudio_nxp/workspace/JN-AN-1171-ZigBee-LightLink-Demo/Light_DimmableLight/Build/os_irq_illegalinstruction.o
LOAD c:/NXP/bstudio_nxp/workspace/JN-AN-1171-ZigBee-LightLink-Demo/Light_DimmableLight/Build/os_irq_stackoverflowexception.o
LOAD c:/NXP/bstudio_nxp/workspace/JN-AN-1171-ZigBee-LightLink-Demo/Light_DimmableLight/Build/os_irq_unimplementedmodule.o
LOAD c:/NXP/bstudio_nxp/workspace/JN-AN-1171-ZigBee-LightLink-Demo/Light_DimmableLight/Build/pdum_gen.o
LOAD c:/NXP/bstudio_nxp/workspace/JN-AN-1171-ZigBee-LightLink-Demo/Light_DimmableLight/Build/pdum_apdu.o
LOAD c:/NXP/bstudio_nxp/workspace/JN-AN-1171-ZigBee-LightLink-Demo/Light_DimmableLight/Build/zps_gen.o
LOAD c:/NXP/bstudio_nxp/workspace/JN-AN-1171-ZigBee-LightLink-Demo/Light_DimmableLight/Build/app_timer_driver.o
LOAD c:/NXP/bstudio_nxp/workspace/JN-AN-1171-ZigBee-LightLink-Demo/Light_DimmableLight/Build/app_start_light.o
LOAD c:/NXP/bstudio_nxp/workspace/JN-AN-1171-ZigBee-LightLink-Demo/Light_DimmableLight/Build/app_scenes.o
LOAD c:/NXP/bstudio_nxp/workspace/JN-AN-1171-ZigBee-LightLink-Demo/Light_DimmableLight/Build/app_power_on_counter.o
LOAD c:/NXP/bstudio_nxp/workspace/JN-AN-1171-ZigBee-LightLink-Demo/Light_DimmableLight/Build/zpr_light_node.o
LOAD c:/NXP/bstudio_nxp/workspace/JN-AN-1171-ZigBee-LightLink-Demo/Light_DimmableLight/Build/ecb_decrypt.o
LOAD c:/NXP/bstudio_nxp/workspace/JN-AN-1171-ZigBee-LightLink-Demo/Light_DimmableLight/Build/app_zcl_light_task.o
LOAD c:/NXP/bstudio_nxp/workspace/JN-AN-1171-ZigBee-LightLink-Demo/Light_DimmableLight/Build/app_light_commission_task.o
LOAD c:/NXP/bstudio_nxp/workspace/JN-AN-1171-ZigBee-LightLink-Demo/Light_DimmableLight/Build/app_manage_temperature.o
LOAD c:/NXP/bstudio_nxp/workspace/JN-AN-1171-ZigBee-LightLink-Demo/Light_DimmableLight/Build/app_ota_client.o
LOAD c:/NXP/bstudio_nxp/workspace/JN-AN-1171-ZigBee-LightLink-Demo/Light_DimmableLight/Build/app_light_interpolation.o
LOAD c:/NXP/bstudio_nxp/workspace/JN-AN-1171-ZigBee-LightLink-Demo/Light_DimmableLight/Build/appZpsBeaconHandler.o
LOAD c:/NXP/bstudio_nxp/workspace/JN-AN-1171-ZigBee-LightLink-Demo/Light_DimmableLight/Build/App_Light_DimmableLight.o
LOAD c:/NXP/bstudio_nxp/workspace/JN-AN-1171-ZigBee-LightLink-Demo/Light_DimmableLight/Build/DriverBulb_DR1175.o
LOAD c:/NXP/bstudio_nxp/workspace/JN-AN-1171-ZigBee-LightLink-Demo/Light_DimmableLight/Build/DriverBulb_Shim.o
LOAD c:/NXP/bstudio_nxp/workspace/JN-AN-1171-ZigBee-LightLink-Demo/Light_DimmableLight/Build/app_buttons.o
LOAD c:/NXP/bstudio_nxp/workspace/JN-AN-1171-ZigBee-LightLink-Demo/Light_DimmableLight/Build/Alarms.o
LOAD c:/NXP/bstudio_nxp/workspace/JN-AN-1171-ZigBee-LightLink-Demo/Light_DimmableLight/Build/AlarmsClientCommands.o
LOAD c:/NXP/bstudio_nxp/workspace/JN-AN-1171-ZigBee-LightLink-Demo/Light_DimmableLight/Build/AlarmsCommandHandler.o
LOAD c:/NXP/bstudio_nxp/workspace/JN-AN-1171-ZigBee-LightLink-Demo/Light_DimmableLight/Build/AlarmsServerCommands.o
LOAD c:/NXP/bstudio_nxp/workspace/JN-AN-1171-ZigBee-LightLink-Demo/Light_DimmableLight/Build/AlarmsTableManager.o
LOAD c:/NXP/bstudio_nxp/workspace/JN-AN-1171-ZigBee-LightLink-Demo/Light_DimmableLight/Build/AnalogInputBasic.o
LOAD c:/NXP/bstudio_nxp/workspace/JN-AN-1171-ZigBee-LightLink-Demo/Light_DimmableLight/Build/AnalogOutputBasic.o
LOAD c:/NXP/bstudio_nxp/workspace/JN-AN-1171-ZigBee-LightLink-Demo/Light_DimmableLight/Build/Basic.o
LOAD c:/NXP/bstudio_nxp/workspace/JN-AN-1171-ZigBee-LightLink-Demo/Light_DimmableLight/Build/BasicClientCommands.o
LOAD c:/NXP/bstudio_nxp/workspace/JN-AN-1171-ZigBee-LightLink-Demo/Light_DimmableLight/Build/BasicCommandHandler.o
LOAD c:/NXP/bstudio_nxp/workspace/JN-AN-1171-ZigBee-LightLink-Demo/Light_DimmableLight/Build/BinaryInputBasic.o
LOAD c:/NXP/bstudio_nxp/workspace/JN-AN-1171-ZigBee-LightLink-Demo/Light_DimmableLight/Build/BinaryOutputBasic.o
LOAD c:/NXP/bstudio_nxp/workspace/JN-AN-1171-ZigBee-LightLink-Demo/Light_DimmableLight/Build/Commissioning.o
LOAD c:/NXP/bstudio_nxp/workspace/JN-AN-1171-ZigBee-LightLink-Demo/Light_DimmableLight/Build/DeviceTemperatureConfiguration.o
LOAD c:/NXP/bstudio_nxp/workspace/JN-AN-1171-ZigBee-LightLink-Demo/Light_DimmableLight/Build/Diagnostics.o
LOAD c:/NXP/bstudio_nxp/workspace/JN-AN-1171-ZigBee-LightLink-Demo/Light_DimmableLight/Build/DoorLock.o
LOAD c:/NXP/bstudio_nxp/workspace/JN-AN-1171-ZigBee-LightLink-Demo/Light_DimmableLight/Build/DoorLockCommandHandler.o
LOAD c:/NXP/bstudio_nxp/workspace/JN-AN-1171-ZigBee-LightLink-Demo/Light_DimmableLight/Build/DoorLockCommands.o
LOAD c:/NXP/bstudio_nxp/workspace/JN-AN-1171-ZigBee-LightLink-Demo/Light_DimmableLight/Build/ElectricalMeasurement.o
LOAD c:/NXP/bstudio_nxp/workspace/JN-AN-1171-ZigBee-LightLink-Demo/Light_DimmableLight/Build/Groups.o
LOAD c:/NXP/bstudio_nxp/workspace/JN-AN-1171-ZigBee-LightLink-Demo/Light_DimmableLight/Build/GroupsClientCommands.o
LOAD c:/NXP/bstudio_nxp/workspace/JN-AN-1171-ZigBee-LightLink-Demo/Light_DimmableLight/Build/GroupsCommandHandler.o
LOAD c:/NXP/bstudio_nxp/workspace/JN-AN-1171-ZigBee-LightLink-Demo/Light_DimmableLight/Build/GroupsServerCommands.o
LOAD c:/NXP/bstudio_nxp/workspace/JN-AN-1171-ZigBee-LightLink-Demo/Light_DimmableLight/Build/GroupsTableManager.o
LOAD c:/NXP/bstudio_nxp/workspace/JN-AN-1171-ZigBee-LightLink-Demo/Light_DimmableLight/Build/Identify.o
LOAD c:/NXP/bstudio_nxp/workspace/JN-AN-1171-ZigBee-LightLink-Demo/Light_DimmableLight/Build/IdentifyClientCommands.o
LOAD c:/NXP/bstudio_nxp/workspace/JN-AN-1171-ZigBee-LightLink-Demo/Light_DimmableLight/Build/IdentifyCommandHandler.o
LOAD c:/NXP/bstudio_nxp/workspace/JN-AN-1171-ZigBee-LightLink-Demo/Light_DimmableLight/Build/IdentifyServerCommands.o
LOAD c:/NXP/bstudio_nxp/workspace/JN-AN-1171-ZigBee-LightLink-Demo/Light_DimmableLight/Build/LevelControl.o
LOAD c:/NXP/bstudio_nxp/workspace/JN-AN-1171-ZigBee-LightLink-Demo/Light_DimmableLight/Build/LevelControlClientCommands.o
LOAD c:/NXP/bstudio_nxp/workspace/JN-AN-1171-ZigBee-LightLink-Demo/Light_DimmableLight/Build/LevelControlCommandHandler.o
LOAD c:/NXP/bstudio_nxp/workspace/JN-AN-1171-ZigBee-LightLink-Demo/Light_DimmableLight/Build/MultistateInputBasic.o
LOAD c:/NXP/bstudio_nxp/workspace/JN-AN-1171-ZigBee-LightLink-Demo/Light_DimmableLight/Build/MultistateOutputBasic.o
LOAD c:/NXP/bstudio_nxp/workspace/JN-AN-1171-ZigBee-LightLink-Demo/Light_DimmableLight/Build/OOSC.o
LOAD c:/NXP/bstudio_nxp/workspace/JN-AN-1171-ZigBee-LightLink-Demo/Light_DimmableLight/Build/OnOff.o
LOAD c:/NXP/bstudio_nxp/workspace/JN-AN-1171-ZigBee-LightLink-Demo/Light_DimmableLight/Build/OnOffCommandHandler.o
LOAD c:/NXP/bstudio_nxp/workspace/JN-AN-1171-ZigBee-LightLink-Demo/Light_DimmableLight/Build/OnOffCommands.o
LOAD c:/NXP/bstudio_nxp/workspace/JN-AN-1171-ZigBee-LightLink-Demo/Light_DimmableLight/Build/PollControl.o
LOAD c:/NXP/bstudio_nxp/workspace/JN-AN-1171-ZigBee-LightLink-Demo/Light_DimmableLight/Build/PollControlClientCommands.o
LOAD c:/NXP/bstudio_nxp/workspace/JN-AN-1171-ZigBee-LightLink-Demo/Light_DimmableLight/Build/PollControlCommandHandler.o
LOAD c:/NXP/bstudio_nxp/workspace/JN-AN-1171-ZigBee-LightLink-Demo/Light_DimmableLight/Build/PollControlServerCommands.o
LOAD c:/NXP/bstudio_nxp/workspace/JN-AN-1171-ZigBee-LightLink-Demo/Light_DimmableLight/Build/PowerConfiguration.o
LOAD c:/NXP/bstudio_nxp/workspace/JN-AN-1171-ZigBee-LightLink-Demo/Light_DimmableLight/Build/Scenes.o
LOAD c:/NXP/bstudio_nxp/workspace/JN-AN-1171-ZigBee-LightLink-Demo/Light_DimmableLight/Build/ScenesClientCommands.o
LOAD c:/NXP/bstudio_nxp/workspace/JN-AN-1171-ZigBee-LightLink-Demo/Light_DimmableLight/Build/ScenesClusterManagement.o
LOAD c:/NXP/bstudio_nxp/workspace/JN-AN-1171-ZigBee-LightLink-Demo/Light_DimmableLight/Build/ScenesCommandHandler.o
LOAD c:/NXP/bstudio_nxp/workspace/JN-AN-1171-ZigBee-LightLink-Demo/Light_DimmableLight/Build/ScenesServerCommands.o
LOAD c:/NXP/bstudio_nxp/workspace/JN-AN-1171-ZigBee-LightLink-Demo/Light_DimmableLight/Build/ScenesTableManager.o
LOAD c:/NXP/bstudio_nxp/workspace/JN-AN-1171-ZigBee-LightLink-Demo/Light_DimmableLight/Build/TC.o
LOAD c:/NXP/bstudio_nxp/workspace/JN-AN-1171-ZigBee-LightLink-Demo/Light_DimmableLight/Build/Time.o
LOAD c:/NXP/bstudio_nxp/workspace/JN-AN-1171-ZigBee-LightLink-Demo/Light_DimmableLight/Build/zll_CommissionCmdHandler.o
LOAD c:/NXP/bstudio_nxp/workspace/JN-AN-1171-ZigBee-LightLink-Demo/Light_DimmableLight/Build/zll_UtilityCmdHandler.o
LOAD c:/NXP/bstudio_nxp/workspace/JN-AN-1171-ZigBee-LightLink-Demo/Light_DimmableLight/Build/zll_commission.o
LOAD c:/NXP/bstudio_nxp/workspace/JN-AN-1171-ZigBee-LightLink-Demo/Light_DimmableLight/Build/zll_utility.o
LOAD c:/NXP/bstudio_nxp/workspace/JN-AN-1171-ZigBee-LightLink-Demo/Light_DimmableLight/Build/colour_light.o
LOAD c:/NXP/bstudio_nxp/workspace/JN-AN-1171-ZigBee-LightLink-Demo/Light_DimmableLight/Build/colour_remote.o
LOAD c:/NXP/bstudio_nxp/workspace/JN-AN-1171-ZigBee-LightLink-Demo/Light_DimmableLight/Build/colour_scene_remote.o
LOAD c:/NXP/bstudio_nxp/workspace/JN-AN-1171-ZigBee-LightLink-Demo/Light_DimmableLight/Build/colour_temperature_light.o
LOAD c:/NXP/bstudio_nxp/workspace/JN-AN-1171-ZigBee-LightLink-Demo/Light_DimmableLight/Build/commission_endpoint.o
LOAD c:/NXP/bstudio_nxp/workspace/JN-AN-1171-ZigBee-LightLink-Demo/Light_DimmableLight/Build/control_bridge.o
LOAD c:/NXP/bstudio_nxp/workspace/JN-AN-1171-ZigBee-LightLink-Demo/Light_DimmableLight/Build/dimmable_light.o
LOAD c:/NXP/bstudio_nxp/workspace/JN-AN-1171-ZigBee-LightLink-Demo/Light_DimmableLight/Build/dimmable_plug.o
LOAD c:/NXP/bstudio_nxp/workspace/JN-AN-1171-ZigBee-LightLink-Demo/Light_DimmableLight/Build/extended_colour_light.o
LOAD c:/NXP/bstudio_nxp/workspace/JN-AN-1171-ZigBee-LightLink-Demo/Light_DimmableLight/Build/non_colour_remote.o
LOAD c:/NXP/bstudio_nxp/workspace/JN-AN-1171-ZigBee-LightLink-Demo/Light_DimmableLight/Build/non_colour_scene_remote.o
LOAD c:/NXP/bstudio_nxp/workspace/JN-AN-1171-ZigBee-LightLink-Demo/Light_DimmableLight/Build/on_off_light.o
LOAD c:/NXP/bstudio_nxp/workspace/JN-AN-1171-ZigBee-LightLink-Demo/Light_DimmableLight/Build/on_off_plug.o
LOAD c:/NXP/bstudio_nxp/workspace/JN-AN-1171-ZigBee-LightLink-Demo/Light_DimmableLight/Build/on_off_sensor.o
LOAD c:/NXP/bstudio_nxp/workspace/JN-AN-1171-ZigBee-LightLink-Demo/Light_DimmableLight/Build/zll.o
LOAD c:/NXP/bstudio_nxp/workspace/JN-AN-1171-ZigBee-LightLink-Demo/Light_DimmableLight/Build/BallastConfiguration.o
LOAD c:/NXP/bstudio_nxp/workspace/JN-AN-1171-ZigBee-LightLink-Demo/Light_DimmableLight/Build/ColourControl.o
LOAD c:/NXP/bstudio_nxp/workspace/JN-AN-1171-ZigBee-LightLink-Demo/Light_DimmableLight/Build/ColourControlClientCommands.o
LOAD c:/NXP/bstudio_nxp/workspace/JN-AN-1171-ZigBee-LightLink-Demo/Light_DimmableLight/Build/ColourControlCommandHandler.o
LOAD c:/NXP/bstudio_nxp/workspace/JN-AN-1171-ZigBee-LightLink-Demo/Light_DimmableLight/Build/ColourControlConversions.o
LOAD c:/NXP/bstudio_nxp/workspace/JN-AN-1171-ZigBee-LightLink-Demo/Light_DimmableLight/Build/dlist.o
LOAD c:/NXP/bstudio_nxp/workspace/JN-AN-1171-ZigBee-LightLink-Demo/Light_DimmableLight/Build/zcl.o
LOAD c:/NXP/bstudio_nxp/workspace/JN-AN-1171-ZigBee-LightLink-Demo/Light_DimmableLight/Build/zcl_CustomCommandReceive.o
LOAD c:/NXP/bstudio_nxp/workspace/JN-AN-1171-ZigBee-LightLink-Demo/Light_DimmableLight/Build/zcl_CustomCommandSend.o
LOAD c:/NXP/bstudio_nxp/workspace/JN-AN-1171-ZigBee-LightLink-Demo/Light_DimmableLight/Build/zcl_PDUbufferReadWrite.o
LOAD c:/NXP/bstudio_nxp/workspace/JN-AN-1171-ZigBee-LightLink-Demo/Light_DimmableLight/Build/zcl_PDUbufferReadWriteString.o
LOAD c:/NXP/bstudio_nxp/workspace/JN-AN-1171-ZigBee-LightLink-Demo/Light_DimmableLight/Build/zcl_WriteAttributesRequestHandle.o
LOAD c:/NXP/bstudio_nxp/workspace/JN-AN-1171-ZigBee-LightLink-Demo/Light_DimmableLight/Build/zcl_WriteAttributesRequestSend.o
LOAD c:/NXP/bstudio_nxp/workspace/JN-AN-1171-ZigBee-LightLink-Demo/Light_DimmableLight/Build/zcl_WriteAttributesResponseHandle.o
LOAD c:/NXP/bstudio_nxp/workspace/JN-AN-1171-ZigBee-LightLink-Demo/Light_DimmableLight/Build/zcl_attribute.o
LOAD c:/NXP/bstudio_nxp/workspace/JN-AN-1171-ZigBee-LightLink-Demo/Light_DimmableLight/Build/zcl_buffer.o
LOAD c:/NXP/bstudio_nxp/workspace/JN-AN-1171-ZigBee-LightLink-Demo/Light_DimmableLight/Build/zcl_clusterCommand.o
LOAD c:/NXP/bstudio_nxp/workspace/JN-AN-1171-ZigBee-LightLink-Demo/Light_DimmableLight/Build/zcl_command.o
LOAD c:/NXP/bstudio_nxp/workspace/JN-AN-1171-ZigBee-LightLink-Demo/Light_DimmableLight/Build/zcl_configureReportingCommandHandle.o
LOAD c:/NXP/bstudio_nxp/workspace/JN-AN-1171-ZigBee-LightLink-Demo/Light_DimmableLight/Build/zcl_configureReportingCommandSend.o
LOAD c:/NXP/bstudio_nxp/workspace/JN-AN-1171-ZigBee-LightLink-Demo/Light_DimmableLight/Build/zcl_configureReportingResponseHandle.o
LOAD c:/NXP/bstudio_nxp/workspace/JN-AN-1171-ZigBee-LightLink-Demo/Light_DimmableLight/Build/zcl_defaultResponse.o
LOAD c:/NXP/bstudio_nxp/workspace/JN-AN-1171-ZigBee-LightLink-Demo/Light_DimmableLight/Build/zcl_discoverAttributesExtendedRequestHandle.o
LOAD c:/NXP/bstudio_nxp/workspace/JN-AN-1171-ZigBee-LightLink-Demo/Light_DimmableLight/Build/zcl_discoverAttributesExtendedRequestSend.o
LOAD c:/NXP/bstudio_nxp/workspace/JN-AN-1171-ZigBee-LightLink-Demo/Light_DimmableLight/Build/zcl_discoverAttributesExtendedResponseHandle.o
LOAD c:/NXP/bstudio_nxp/workspace/JN-AN-1171-ZigBee-LightLink-Demo/Light_DimmableLight/Build/zcl_discoverAttributesRequestHandle.o
LOAD c:/NXP/bstudio_nxp/workspace/JN-AN-1171-ZigBee-LightLink-Demo/Light_DimmableLight/Build/zcl_discoverAttributesRequestSend.o
LOAD c:/NXP/bstudio_nxp/workspace/JN-AN-1171-ZigBee-LightLink-Demo/Light_DimmableLight/Build/zcl_discoverAttributesResponseHandle.o
LOAD c:/NXP/bstudio_nxp/workspace/JN-AN-1171-ZigBee-LightLink-Demo/Light_DimmableLight/Build/zcl_discoverCommandsRequestHandle.o
LOAD c:/NXP/bstudio_nxp/workspace/JN-AN-1171-ZigBee-LightLink-Demo/Light_DimmableLight/Build/zcl_discoverCommandsRequestSend.o
LOAD c:/NXP/bstudio_nxp/workspace/JN-AN-1171-ZigBee-LightLink-Demo/Light_DimmableLight/Build/zcl_discoverCommandsResponseHandle.o
LOAD c:/NXP/bstudio_nxp/workspace/JN-AN-1171-ZigBee-LightLink-Demo/Light_DimmableLight/Build/zcl_event.o
LOAD c:/NXP/bstudio_nxp/workspace/JN-AN-1171-ZigBee-LightLink-Demo/Light_DimmableLight/Build/zcl_heap.o
LOAD c:/NXP/bstudio_nxp/workspace/JN-AN-1171-ZigBee-LightLink-Demo/Light_DimmableLight/Build/zcl_library_options.o
LOAD c:/NXP/bstudio_nxp/workspace/JN-AN-1171-ZigBee-LightLink-Demo/Light_DimmableLight/Build/zcl_readAttributesRequestHandle.o
LOAD c:/NXP/bstudio_nxp/workspace/JN-AN-1171-ZigBee-LightLink-Demo/Light_DimmableLight/Build/zcl_readAttributesRequestSend.o
LOAD c:/NXP/bstudio_nxp/workspace/JN-AN-1171-ZigBee-LightLink-Demo/Light_DimmableLight/Build/zcl_readAttributesResponseHandle.o
LOAD c:/NXP/bstudio_nxp/workspace/JN-AN-1171-ZigBee-LightLink-Demo/Light_DimmableLight/Build/zcl_readReportingConfigurationCommandHandle.o
LOAD c:/NXP/bstudio_nxp/workspace/JN-AN-1171-ZigBee-LightLink-Demo/Light_DimmableLight/Build/zcl_readReportingConfigurationCommandSend.o
LOAD c:/NXP/bstudio_nxp/workspace/JN-AN-1171-ZigBee-LightLink-Demo/Light_DimmableLight/Build/zcl_readReportingConfigurationResponseHandle.o
LOAD c:/NXP/bstudio_nxp/workspace/JN-AN-1171-ZigBee-LightLink-Demo/Light_DimmableLight/Build/zcl_reportManager.o
LOAD c:/NXP/bstudio_nxp/workspace/JN-AN-1171-ZigBee-LightLink-Demo/Light_DimmableLight/Build/zcl_reportMaths.o
LOAD c:/NXP/bstudio_nxp/workspace/JN-AN-1171-ZigBee-LightLink-Demo/Light_DimmableLight/Build/zcl_reportScheduler.o
LOAD c:/NXP/bstudio_nxp/workspace/JN-AN-1171-ZigBee-LightLink-Demo/Light_DimmableLight/Build/zcl_reportStringHandling.o
LOAD c:/NXP/bstudio_nxp/workspace/JN-AN-1171-ZigBee-LightLink-Demo/Light_DimmableLight/Build/zcl_reportStructure.o
LOAD c:/NXP/bstudio_nxp/workspace/JN-AN-1171-ZigBee-LightLink-Demo/Light_DimmableLight/Build/zcl_search.o
LOAD c:/NXP/bstudio_nxp/workspace/JN-AN-1171-ZigBee-LightLink-Demo/Light_DimmableLight/Build/zcl_timer.o
LOAD c:/NXP/bstudio_nxp/workspace/JN-AN-1171-ZigBee-LightLink-Demo/Light_DimmableLight/Build/zcl_transmit.o
LOAD c:/NXP/bstudio_nxp/workspace/JN-AN-1171-ZigBee-LightLink-Demo/Light_DimmableLight/Build/OTA.o
LOAD c:/NXP/bstudio_nxp/workspace/JN-AN-1171-ZigBee-LightLink-Demo/Light_DimmableLight/Build/OTA_ClientUpgradeManager.o
LOAD c:/NXP/bstudio_nxp/workspace/JN-AN-1171-ZigBee-LightLink-Demo/Light_DimmableLight/Build/OTA_CustomCommandHandler.o
LOAD c:/NXP/bstudio_nxp/workspace/JN-AN-1171-ZigBee-LightLink-Demo/Light_DimmableLight/Build/OTA_CustomReceiveCommands.o
LOAD c:/NXP/bstudio_nxp/workspace/JN-AN-1171-ZigBee-LightLink-Demo/Light_DimmableLight/Build/OTA_ServerUpgradeManager.o
LOAD c:/NXP/bstudio_nxp/workspace/JN-AN-1171-ZigBee-LightLink-Demo/Light_DimmableLight/Build/OTA_client.o
LOAD c:/NXP/bstudio_nxp/workspace/JN-AN-1171-ZigBee-LightLink-Demo/Light_DimmableLight/Build/OTA_common.o
LOAD c:/NXP/bstudio_nxp/workspace/JN-AN-1171-ZigBee-LightLink-Demo/Light_DimmableLight/Build/OTA_server.o
LOAD c:/NXP/bstudio_nxp/sdk/JN-SW-4168/Components/Library\libZPSMAC_Mini_JN516x.a
LOAD c:/NXP/bstudio_nxp/sdk/JN-SW-4168/Components/Library\libOS_JN516x.a
LOAD c:/NXP/bstudio_nxp/sdk/JN-SW-4168/Components/Library\libPWRM_JN516x.a
LOAD c:/NXP/bstudio_nxp/sdk/JN-SW-4168/Components/Library\libZPSTSV_JN516x.a
LOAD c:/NXP/bstudio_nxp/sdk/JN-SW-4168/Components/Library\libAES_SW_JN516x.a
LOAD c:/NXP/bstudio_nxp/sdk/JN-SW-4168/Components/Library\libPDUM_JN516x.a
LOAD c:/NXP/bstudio_nxp/sdk/JN-SW-4168/Components/Library\libZPSAPL_JN516x.a
LOAD c:/NXP/bstudio_nxp/sdk/JN-SW-4168/Components/Library\libRandom_JN516x.a
LOAD c:/NXP/bstudio_nxp/sdk/JN-SW-4168/Components/Library\libPDM_EEPROM_JN516x.a
LOAD c:/NXP/bstudio_nxp/sdk/JN-SW-4168/Components/Library\libDBG_JN516x.a
LOAD c:/NXP/bstudio_nxp/sdk/JN-SW-4168/Components/Library\libZPSZLL_JN516x.a
LOAD c:/NXP/bstudio_nxp/sdk/JN-SW-4168/Components/Library\libZPSNWK_JN516x.a
LOAD c:/NXP/bstudio_nxp/sdk/JN-SW-4168/Components/Library\libRecal_JN516x.a
LOAD c:/NXP/bstudio_nxp/sdk/JN-SW-4168/Components/Library\libMiniMac_JN5169.a
LOAD c:/NXP/bstudio_nxp/sdk/JN-SW-4168/Components/Library\libMiniMacShim_JN516x.a
LOAD c:/NXP/bstudio_nxp/sdk/JN-SW-4168/Components/Library\libMMAC_JN5169.a
LOAD c:/NXP/bstudio_nxp/sdk/JN-SW-4168/Components/Library\libJPT_JN5169.a
LOAD c:/NXP/bstudio_nxp/sdk/JN-SW-4168/Components/Library\libAes_JN516x.a
LOAD c:/NXP/bstudio_nxp/sdk/JN-SW-4168/Components/Library\libHardwareApi_JN5169.a
LOAD c:/NXP/bstudio_nxp/sdk/JN-SW-4168/Components/Library\libMicroSpecific_JN516x.a
LOAD c:/NXP/bstudio_nxp/sdk/JN-SW-4168/Components/Library\libBoot_JN516x.a
LOAD c:/NXP/bstudio_nxp/sdk/JN-SW-4168/Platform/DK4/Library\libBoardLib_JN516x.a
LOAD c:/nxp/bstudio_nxp/sdk/tools/ba-elf-ba2-r36379/bin/../lib/gcc/ba-elf/4.7.4/../../../../ba-elf/lib/mcpu_jn51xx_sizeopt\libm.a
END GROUP
LOAD c:/nxp/bstudio_nxp/sdk/tools/ba-elf-ba2-r36379/bin/../lib/gcc/ba-elf/4.7.4/../../../../ba-elf/lib/mcpu_jn51xx_sizeopt\libc.a
LOAD c:/nxp/bstudio_nxp/sdk/tools/ba-elf-ba2-r36379/bin/../lib/gcc/ba-elf/4.7.4/mcpu_jn51xx_sizeopt\libgcc.a
LOAD c:/nxp/bstudio_nxp/sdk/tools/ba-elf-ba2-r36379/bin/../lib/gcc/ba-elf/4.7.4/../../../../ba-elf/lib/mcpu_jn51xx_sizeopt\libc.a
                0x0000000000080038                exception_vsr_table = 0x80038
                0x0000000004000000                pSPIflashFncTable = 0x4000000
                0x0000000000000044                restore_state = 0x44
                0x000000000000004a                bZSPIWaitWIPClear = 0x4a
                0x0000000000000050                u16ZSPIflashRDID = 0x50
                0x0000000000000056                u8SelectFlashChipType = 0x56
                0x000000000000005c                memcpy = 0x5c
                0x0000000000000066                vBootFlashProg = 0x66
                [0x00000000000007d0]                __minimum_heap_size = DEFINED (__minimum_heap_size)?__minimum_heap_size:0xd16
                [0x0000000000001770]                __stack_size = DEFINED (__stack_size)?__stack_size:0x800
                0x0000000000000000                _SwConfig = (DEFINED (g_bSWConf_Debug) | (DEFINED (g_bSWConf_AltDebugPort) << 0x1))

.version        0x000000000007fffc        0x4
                0x000000000007fffc        0x4 LONG 0xf03000b

.bir            0x0000000000080000       0x10
                0x0000000000080000                _flash_start = ABSOLUTE (.)
                0x0000000000080000                _flash_beg = ABSOLUTE (.)
                0x0000000000080000        0x4 LONG 0x12345678
                0x0000000000080004        0x4 LONG 0x11223344
                0x0000000000080008        0x4 LONG 0x55667788
                0x000000000008000c        0x1 BYTE 0x8
                0x000000000008000d        0x1 BYTE 0x1
                0x000000000008000e        0x2 SHORT 0x0

.flashheader    0x0000000000080010       0x28
                0x0000000000080010        0x4 LONG 0x0
                0x0000000000080014        0x4 LONG 0x0
                0x0000000000080018        0x4 LONG 0x0
                0x000000000008001c        0x2 SHORT 0x0
                0x000000000008001e        0x2 SHORT 0x0 ABSOLUTE (_SwConfig)
                0x0000000000080020                _enc_start = ABSOLUTE (.)
                0x0000000000080020        0x4 LONG 0x266e4 ABSOLUTE (_image_len)
                0x0000000000080024        0x4 LONG 0xa5e80 ABSOLUTE (_flash_data_start)
                0x0000000000080028        0x2 SHORT 0x13 ((ABSOLUTE (_ram_data_start) / 0x4) & 0xffff)
                0x000000000008002a        0x2 SHORT 0x219 ((ABSOLUTE (_ram_data_len) / 0x4) & 0xffff)
                0x000000000008002c        0x2 SHORT 0x22c ((ABSOLUTE (_bss_start) / 0x4) & 0xffff)
                0x000000000008002e        0x2 SHORT 0x106c ((ABSOLUTE (_bss_len) / 0x4) & 0xffff)
                0x0000000000080030        0x4 LONG 0xa48c0 ABSOLUTE (AppWarmStart)
                0x0000000000080034        0x4 LONG 0xa48dc ABSOLUTE (AppColdStart)
                0x0000000000000000                _enc_offset = (_enc_start & 0xf)

.ro_mac_address
                0x0000000000080040       0x10
                0x0000000000080040                _FlsMACAddress = ABSOLUTE (.)
 *(.ro_mac_address)
 .ro_mac_address
                0x0000000000080040        0x8 C:\Users\Gillis\AppData\Local\Temp\ccl7ikA6.ltrans0.ltrans.o
                0x0000000000080050                . = ALIGN (0x10)
 *fill*         0x0000000000080048        0x8 00

.ro_ota_header  0x0000000000080050       0x50
                0x0000000000080050                _FlsOtaHeader = ABSOLUTE (.)
 *(.ro_ota_header)
 .ro_ota_header
                0x0000000000080050       0x45 C:\Users\Gillis\AppData\Local\Temp\ccl7ikA6.ltrans26.ltrans.o
                0x0000000000080050                au8OtaHeader
                0x00000000000800a0                . = ALIGN (0x10)
 *fill*         0x0000000000080095        0xb 00

.ro_se_lnkKey   0x00000000000800a0       0x10
                0x00000000000800a0                _FlsLinkKey = ABSOLUTE (.)
 *(.ro_se_lnkKey)
 .ro_se_lnkKey  0x00000000000800a0       0x10 C:\Users\Gillis\AppData\Local\Temp\ccl7ikA6.ltrans26.ltrans.o
                0x00000000000800a0                s_au8LnkKeyArray
                0x00000000000800b0                . = ALIGN (0x10)

.rodata         0x00000000000800b0      0xe7c
 *(.rodata*)
 .rodata.str1.1
                0x00000000000800b0       0x1c C:\Users\Gillis\AppData\Local\Temp\ccl7ikA6.ltrans0.ltrans.o
 .rodata        0x00000000000800cc       0xb4 C:\Users\Gillis\AppData\Local\Temp\ccl7ikA6.ltrans0.ltrans.o
                0x00000000000800cc                gMAC_u8MaxBuffers
                0x00000000000800d0                g_u32ApsFcSaveCountBitShift
                0x00000000000800d4                u8MaxZpsConfigEp
                0x00000000000800d5                au8EpMapPresent
                0x00000000000800d8                s_groupPdmTable
 .rodata.str1.1
                0x0000000000000000       0x1c C:\Users\Gillis\AppData\Local\Temp\ccl7ikA6.ltrans1.ltrans.o
                                          0x8 (size before relaxing)
 .rodata        0x0000000000080180       0x38 C:\Users\Gillis\AppData\Local\Temp\ccl7ikA6.ltrans1.ltrans.o
 .rodata        0x00000000000801b8       0x10 C:\Users\Gillis\AppData\Local\Temp\ccl7ikA6.ltrans3.ltrans.o
                0x00000000000801c0                au32UartAddrOffset
 .rodata.str1.1
                0x00000000000801c8        0x3 C:\Users\Gillis\AppData\Local\Temp\ccl7ikA6.ltrans3.ltrans.o
 .rodata        0x00000000000801cb       0x24 C:\Users\Gillis\AppData\Local\Temp\ccl7ikA6.ltrans4.ltrans.o
 .rodata.str1.1
                0x00000000000801ef       0xb7 C:\Users\Gillis\AppData\Local\Temp\ccl7ikA6.ltrans4.ltrans.o
 *fill*         0x00000000000802a6        0x2 00
 .rodata        0x00000000000802a8       0x7c C:\Users\Gillis\AppData\Local\Temp\ccl7ikA6.ltrans5.ltrans.o
 .rodata        0x0000000000080324       0x18 C:\Users\Gillis\AppData\Local\Temp\ccl7ikA6.ltrans7.ltrans.o
                0x0000000000080324                au32NwkPdmRecordOffsets
 .rodata.str1.1
                0x000000000008033c        0x4 C:\Users\Gillis\AppData\Local\Temp\ccl7ikA6.ltrans8.ltrans.o
                                         0x13 (size before relaxing)
 .rodata.str1.1
                0x0000000000000000        0x4 C:\Users\Gillis\AppData\Local\Temp\ccl7ikA6.ltrans9.ltrans.o
                                          0x3 (size before relaxing)
 .rodata.str1.1
                0x0000000000000000        0x4 C:\Users\Gillis\AppData\Local\Temp\ccl7ikA6.ltrans10.ltrans.o
                                          0x7 (size before relaxing)
 .rodata        0x0000000000080340        0x6 C:\Users\Gillis\AppData\Local\Temp\ccl7ikA6.ltrans10.ltrans.o
 *fill*         0x0000000000080346        0x2 00
 .rodata        0x0000000000080348      0x1f8 C:\Users\Gillis\AppData\Local\Temp\ccl7ikA6.ltrans11.ltrans.o
                0x0000000000080350                s_apsStSceTbl.134086
                0x0000000000080364                s_aprIdleStHandleCme.144089
                0x0000000000080378                s_aprActvStHandleCme.140222
                0x00000000000803c0                zps_sJoinSceTbl
                0x00000000000803cc                zps_sActvSceTbl
 .rodata.str1.1
                0x0000000000080540       0x11 C:\Users\Gillis\AppData\Local\Temp\ccl7ikA6.ltrans12.ltrans.o
                                         0x20 (size before relaxing)
 .rodata.str1.1
                0x0000000000080551        0x6 C:\Users\Gillis\AppData\Local\Temp\ccl7ikA6.ltrans13.ltrans.o
 .rodata.str1.1
                0x0000000000080557        0x5 C:\Users\Gillis\AppData\Local\Temp\ccl7ikA6.ltrans14.ltrans.o
                                         0x17 (size before relaxing)
 .rodata.str1.1
                0x0000000000000000        0x5 C:\Users\Gillis\AppData\Local\Temp\ccl7ikA6.ltrans15.ltrans.o
                                          0x6 (size before relaxing)
 .rodata.str1.1
                0x000000000008055c       0x2c C:\Users\Gillis\AppData\Local\Temp\ccl7ikA6.ltrans16.ltrans.o
                                         0x4e (size before relaxing)
 .rodata.str1.1
                0x0000000000080588        0x5 C:\Users\Gillis\AppData\Local\Temp\ccl7ikA6.ltrans17.ltrans.o
                                          0x7 (size before relaxing)
 .rodata        0x000000000008058d      0x107 C:\Users\Gillis\AppData\Local\Temp\ccl7ikA6.ltrans17.ltrans.o
                0x000000000008058d                au8ZLLChannelSet
 .rodata.str1.1
                0x0000000000000000        0x5 C:\Users\Gillis\AppData\Local\Temp\ccl7ikA6.ltrans18.ltrans.o
                                          0x6 (size before relaxing)
 .rodata        0x0000000000080694       0x4c C:\Users\Gillis\AppData\Local\Temp\ccl7ikA6.ltrans18.ltrans.o
                0x0000000000080694                g_u32NwkFcSaveCountBitShift
 .rodata.str1.1
                0x00000000000806e0       0x17 C:\Users\Gillis\AppData\Local\Temp\ccl7ikA6.ltrans19.ltrans.o
                                         0x25 (size before relaxing)
 .rodata.str1.1
                0x0000000000000000       0x17 C:\Users\Gillis\AppData\Local\Temp\ccl7ikA6.ltrans20.ltrans.o
                                          0x4 (size before relaxing)
 .rodata        0x00000000000806f7       0x11 C:\Users\Gillis\AppData\Local\Temp\ccl7ikA6.ltrans20.ltrans.o
                0x00000000000806f7                g_bReverToOldParent
 .rodata.str1.1
                0x0000000000000000        0x4 C:\Users\Gillis\AppData\Local\Temp\ccl7ikA6.ltrans21.ltrans.o
 .rodata.str1.1
                0x0000000000080708        0xb C:\Users\Gillis\AppData\Local\Temp\ccl7ikA6.ltrans23.ltrans.o
                                         0x18 (size before relaxing)
 .rodata        0x0000000000080713        0x4 C:\Users\Gillis\AppData\Local\Temp\ccl7ikA6.ltrans23.ltrans.o
 .rodata.str1.1
                0x0000000000080717        0x5 C:\Users\Gillis\AppData\Local\Temp\ccl7ikA6.ltrans24.ltrans.o
                                          0xa (size before relaxing)
 .rodata        0x000000000008071c      0x318 C:\Users\Gillis\AppData\Local\Temp\ccl7ikA6.ltrans25.ltrans.o
                0x000000000008091c                gu32ZCLVersion
                0x0000000000080920                OS_g_u32Version
                0x0000000000080924                PDUM_g_u32Version
                0x0000000000080928                ZPS_g_u32MacVersion
                0x000000000008092c                ZPS_g_u32TsvVersion
 .rodata.str1.1
                0x0000000000080a34       0x54 C:\Users\Gillis\AppData\Local\Temp\ccl7ikA6.ltrans26.ltrans.o
 .rodata        0x0000000000080a88       0x10 C:\Users\Gillis\AppData\Local\Temp\ccl7ikA6.ltrans26.ltrans.o
 .rodata.str1.1
                0x0000000000080a98       0x1f C:\Users\Gillis\AppData\Local\Temp\ccl7ikA6.ltrans28.ltrans.o
                                         0x45 (size before relaxing)
 .rodata.str1.1
                0x0000000000080ab7       0x8e C:\Users\Gillis\AppData\Local\Temp\ccl7ikA6.ltrans30.ltrans.o
 *fill*         0x0000000000080b45        0x3 00
 .rodata        0x0000000000080b48      0x3e4 C:\Users\Gillis\AppData\Local\Temp\ccl7ikA6.ltrans30.ltrans.o
                0x0000000000080b48                zps_g_pvApl
                0x0000000000080b4c                au32TimerBaseAddress
                0x0000000000080b60                pwrm_psWakeupCallbacks

.text           0x0000000000080f30    0x24f4e
 *(.text*)
 .text          0x0000000000080f30     0x1f24 C:\Users\Gillis\AppData\Local\Temp\ccl7ikA6.ltrans0.ltrans.o
                0x0000000000080f30                vInitialiseApp.3308
                0x0000000000080f30                APP_TIMER_Version_1v0
 .text          0x0000000000082e54     0x17d8 C:\Users\Gillis\AppData\Local\Temp\ccl7ikA6.ltrans1.ltrans.o
                0x0000000000082e69                DBG_iUartGetChar
                0x0000000000082f1d                vMMAC_IntHandlerBbc
                0x0000000000082f37                eBasicTxCompleteHandler
                0x0000000000082f3c                vTxRxTimeout.151034
                0x0000000000082f99                eSmeAcScBeaconInd.142185
                0x0000000000082fff                eSmeASFlBeaconInd.142020
                0x0000000000083021                eSmeUDNTScanDcfm.141470
                0x00000000000830a9                zps_eNwkHandleSmePollDcfm
                0x00000000000830d3                eSmeGenlScanDcfm.142012
                0x0000000000083131                eLeaveDataDcfmRemoteLeave.146770
                0x000000000008317a                eSmeEdScScanDcfm.142008
                0x0000000000083321                eSmeAcScBeaconInd.142028
                0x0000000000083429                eSmeUDNTBeaconInd.142004
                0x000000000008344c                vMiniMac_MLME_SetReq_PanId
                0x0000000000083489                vMiniMac_MLME_SetReq_ShortAddr
                0x0000000000083497                psDLISTsearchFromHead
                0x00000000000834c0                eZCL_SetLocalAttributeValue.constprop.137
                0x000000000008357c                bAHI_FlashInit.constprop.134
                0x00000000000836f4                vOtaFlashInitHw
                0x00000000000836f6                eZCL_TimerRegister.part.1.61413.constprop.131
                0x000000000008374c                pvZCL_HeapAlloc.part.0.53784.constprop.115
                0x0000000000083786                vMicroIntEnableOnly.constprop.106
                0x00000000000837b2                vACI_OptimisedCcmStar.constprop.68
                0x000000000008399e                zps_eNwkRtDiscMatch.constprop.65
                0x00000000000839f1                vAHI_SpiReadConfiguration.constprop.51
                0x0000000000083a22                vConfigureSpi
                0x0000000000083a62                vAHI_SpiRestoreConfiguration.constprop.48
                0x0000000000083aa3                bAHI_FullFlashRead
                0x0000000000083ae6                vOtaFlashRead
                0x0000000000083ae8                vMiniMac_ReturnTxBufferCallback
                0x0000000000083afa                bEnableReceive.151036
                0x0000000000083b38                pvHeap_Alloc
                0x0000000000083b3b                vMicroIntRestoreState
                0x0000000000083b47                TSV_eStart
                0x0000000000083b97                bAHI_WriteEEPROMfixSegmentData
                0x0000000000083bf5                bAHI_InitialiseEEPROM
                0x0000000000083c3d                vAHI_ReadDataFromEEPROMregister
                0x0000000000083c6a                vAHI_WriteDataIntoEEPROMregister
                0x0000000000083c9a                iAHI_WriteDataIntoEEPROMsegment.constprop.144
                0x0000000000083ce8                iPDM_WriteSegmentHeaderDataIntoEEPROMsegment
                0x0000000000083d17                u32RaiseDigitalVoltage
                0x0000000000083d37                u8AHI_WakeTimerFiredStatus
                0x0000000000083d4b                vAHI_WakeTimerStop.part.3.153447
                0x0000000000083d6b                vAHI_UartReset.part.4.153201
                0x0000000000083da3                vAHI_ClockXtalPull
                0x0000000000083dc0                vAHI_OptimiseWaitStates
                0x0000000000083e0c                bAHI_GetClkSource
                0x0000000000083e19                bAHI_SetClockRate.part.0.152871.constprop.79
                0x0000000000083e94                vAHI_SwReset
                0x0000000000083ec5                vAHI_DioSetDirection
                0x0000000000083ed9                bAHI_APRegulatorEnabled
                0x0000000000083ee6                vAHI_ApConfigure.part.0.152642.constprop.153
                0x0000000000083f1c                bIssueACIcommand
                0x0000000000083fb2                bACI_ECBencodeStripe.constprop.61
                0x00000000000841ba                vTransformKey.isra.0.74890
                0x00000000000841ea                vOTA_EncodeString
                0x000000000008421f                psSearchForFrameToSend
                0x0000000000084277                eMiniMac_FrameInProgress
                0x00000000000842a2                vRemoveFromTxQueue
                0x00000000000842de                vAddToTxQueue
                0x0000000000084314                u8GetHeaderSize
                0x000000000008433c                vMiniMac_PLME_SetReq_CcaMode
                0x0000000000084350                vMiniMac_MLME_SetReq_MaxCsmaBackoffs
                0x0000000000084370                vMiniMac_MLME_SetReq_MaxBe
                0x0000000000084393                vMiniMac_MLME_SetReq_MinBe
                0x00000000000843b6                zps_psFormatCmdFrameGeneral
                0x0000000000084443                zps_eNwkFormStInit
                0x0000000000084458                vSendDcfm.142706
                0x000000000008447e                bCheckMatchingEntry.142180
                0x00000000000844a4                zps_psNwkSlistRemoveFromHead
                0x00000000000844bb                zps_psNwkSlistRemove
                0x00000000000844f3                zps_bNwkMcpsMgrRemoveDescrFromLists
                0x0000000000084531                zps_vNwkSlistAddToTail
                0x000000000008454b                zps_vNwkSecClearMatSet
                0x0000000000084576                ZPS_vNwkSecResetDevice
                0x00000000000845bb                ZPS_bNwkSecHaveNetworkKey
                0x00000000000845ef                ZPS_bNwkSecFindMatSet
 .text.unlikely
                0x000000000008462c       0x43 C:\Users\Gillis\AppData\Local\Temp\ccl7ikA6.ltrans1.ltrans.o
                0x000000000008462c                vAHI_MemoryHold.152879
 .text          0x000000000008466f     0x1354 C:\Users\Gillis\AppData\Local\Temp\ccl7ikA6.ltrans2.ltrans.o
                0x000000000008466f                os_u32APP_cbGetTickTimer
                0x0000000000084678                os_bAPP_cbSetTickTimerCompare
                0x00000000000846d4                vZdoServersInit.3039
                0x00000000000847fe                boIdValueSearchMatch.126703
                0x0000000000084858                vDispatch.66055
                0x000000000008492a                OS_ePostMessage
                0x0000000000084a90                OS_eExitCriticalSection
                0x0000000000084b75                OS_eActivateTask
                0x0000000000084c10                iPDM_ReadSegmentHeaderDataFromEEPROMsegment
                0x0000000000084c69                iPDM_ReadUserDataFromEEPROMsegment
                0x0000000000084ce3                iPDM_ReCalculateWearCountAndChecksumAndWriteFileSystemHeader
                0x0000000000084d2d                vPDM_SetEEPROMandFileSystemValidState
                0x0000000000084d54                iPDM_ReadUserDataFromFileSystemRecord
                0x0000000000084d74                u16ZCL_APduInstanceWriteNBO
                0x0000000000084dc8                u16ZCL_WriteCommandHeader
                0x0000000000084e40                u16ZCL_APduInstanceWriteStringNBO
                0x0000000000084f07                u16ZCL_APduInstanceReadStringNBO
                0x0000000000084fdc                eZCL_GetAttributeTypeSizeFromBuffer
                0x0000000000085053                u16ZCL_ReadTypeNBO
                0x0000000000085108                u16ZCL_APduInstanceReadNBO
                0x0000000000085159                u16ZCL_ReadCommandHeader.part.0.46423
                0x00000000000851d0                eCLD_BasicCommandHandler
                0x00000000000851fc                PWRM_vWakeInterruptCallback
                0x0000000000085283                vPDM_WriteFileSystemRecordAndSegmentDataIntoEEPROMsegment
                0x00000000000852be                bSMBusWait.154064
                0x00000000000852f8                vStartEffect
                0x000000000008540a                ZPS_bIsMacAddressUsedInApsTable
                0x00000000000854c0                iPDM_FilterDuplicateAppendedSegmentsOnList.127875
                0x0000000000085504                ZPS_vGetDeviceCurrentData.constprop.13
                0x0000000000085583                eCLD_GroupsCheckGroupExists
                0x00000000000855f0                eCLD_ScenesAddScene
                0x00000000000856d0                eCLD_ScenesFindScene
                0x000000000008572c                eCLD_ScenesFindActiveScene
                0x0000000000085761                ZPS_eTsvOpen
                0x000000000008577e                zps_vNwkBttMgrInit
                0x00000000000857ac                ZPS_vNwkNibClearTables
                0x00000000000858cd                PDUM_vInit
                0x0000000000085988                vStartTimer.part.0.152970.constprop.158
                0x00000000000859af                bWhite_LED_Off
 *fill*         0x00000000000859c3        0x1 00
 .text          0x00000000000859c4     0x1154 C:\Users\Gillis\AppData\Local\Temp\ccl7ikA6.ltrans3.ltrans.o
                0x00000000000859c4                os_vAPP_cbDisableTickTimer
                0x0000000000085a08                os_vAPP_cbEnableTickTimer
                0x0000000000085a88                vRetryCcaFailure
                0x0000000000085ad4                eBeaconReqSent.150681
                0x0000000000085afb                DBG_vUartInitHardware
                0x0000000000085c38                eZCL_SearchForClusterEntry
                0x0000000000085cd6                eZCL_FindCluster.constprop.146
                0x0000000000085d23                eCLD_OnOffGetState
                0x0000000000085d52                eCLD_LevelControlClusterIsPresent
                0x0000000000085d69                eCLD_GroupsSetIdentifying
                0x0000000000085d8c                vCLD_IdentifyTimerClickCallback.17569
                0x0000000000085e09                eCLD_OnOffSetGlobalSceneControl.constprop.28
                0x0000000000085e3d                eOtaFindCluster.constprop.138
                0x0000000000085e76                vOtaTimerClickCallback
                0x0000000000085ec7                eOTA_RestoreClientData.part.1.62842
                0x0000000000085f1e                vOtaClientUpgMgrMapStates
                0x0000000000085f9b                eOtaClientReqSeqNoUpdate
                0x0000000000085fb8                eOTA_SetServerAddress.constprop.71
                0x0000000000085ff5                eZCL_CustomCommandReceiveScenes.isra.0.part.1.24464.constprop.24
                0x00000000000860e9                vCLD_ScenesUpdateSceneValid
                0x00000000000861d6                eCLD_LevelControlUpdate
                0x0000000000086455                eCLD_LevelControlSetOnOffState
                0x0000000000086592                eCLD_OnOffSceneEventHandler.20632
                0x00000000000865c9                eZCL_BuildTransmitAddressStructure
                0x0000000000086636                DriverBulb_vInit.part.0.10253
                0x0000000000086728                eCLD_ScenesCountScenes
                0x0000000000086742                ZPS_bSecDecrypt
                0x0000000000086854                boPDM_IsBitmapSaturated.127595
                0x000000000008689d                APP_bButtonInitialise
                0x00000000000868e3                eCLD_ScenesStoreScene
                0x00000000000869bb                vLI_UpdateDriver
                0x00000000000869f8                vLI_Start.constprop.70
                0x0000000000086a40                bWhite_LED_On
                0x0000000000086a57                vSetBulbState
                0x0000000000086a86                APP_vHandleIdentify
                0x0000000000086ae0                eCLD_ScenesSetLastConfiguredBy.isra.2.24480
 .text          0x0000000000086b18     0x14fc C:\Users\Gillis\AppData\Local\Temp\ccl7ikA6.ltrans4.ltrans.o
                0x0000000000086c04                vOtaUpgManClientStateCountDown.63707
                0x0000000000086d39                vOtaFlashWrite
                0x0000000000086d3b                vOtaFlashErase
                0x0000000000086d90                OS_eEnterCriticalSection
                0x0000000000086e58                PDUM_eAPduFreeAPduInstance
                0x0000000000086edb                PDM_eReadDataFromRecord
                0x0000000000086f5d                vLoadAplRecord.78439
                0x0000000000086f8b                vLoadNwkRecord.134787
                0x0000000000086fc3                ZPS_eTsvStart
                0x000000000008701e                zps_eNwkHandleSceNwkUpdate
                0x0000000000087042                vProcessTimedList.133823
                0x0000000000087088                zps_vNwkMcpsMgrPostTimed
                0x000000000008709b                vNwkMcpsSendTimedDfcm
                0x00000000000870df                zps_vAplAfPostTimerEvent
                0x000000000008715b                zps_vExpireOldRoutes
                0x00000000000871e4                zps_vNwkJoinStStartResponseTimer
                0x000000000008721e                ZPS_eTsvStop
                0x00000000000873d2                ZPS_vResetBoundServerContext
                0x00000000000873d5                zps_eAplZdoBdrmRequestSend
                0x0000000000087472                zps_vNwkHandleCmePermitJoinReq
                0x00000000000874da                zps_eNwkBtrMatch
                0x00000000000875d7                zps_vAplApsStopPollTimer.part.3.71824
                0x0000000000087658                eHandleRemoveBroadcastEndpointsFromGroup.73355
                0x00000000000876b2                eZCL_SetReceiveEventAddressStructure
                0x0000000000087731                dbg_vPrintfImplNoneVerbose
                0x0000000000087bb8                vfExtendedStatusCallBack
                0x0000000000087bc3                vUnclaimedInterrupt.3310
                0x0000000000087bd5                vOSError.3312
                0x0000000000087c1d                DBG_vDumpStack
                0x0000000000087c5f                eCLD_ScenesRemoveAllScenes
                0x0000000000087d10                eCLD_ScenesUpdate
                0x0000000000087fd7                eCLD_LevelControlStopTransition
 .text          0x0000000000088014     0x1553 C:\Users\Gillis\AppData\Local\Temp\ccl7ikA6.ltrans5.ltrans.o
                0x0000000000088014                DBG_vUartFlush
                0x0000000000088041                DBG_vUartPutch
                0x0000000000088087                os_vAPP_CommissionTimerTask
                0x000000000008809d                vPostMlmeDcfmInd.85455
                0x0000000000088140                MAC_u64GetExtAddr
                0x000000000008815b                ZPS_u64NwkNibFindExtAddr
                0x0000000000088201                ZPS_u16NwkNibFindNwkAddr
                0x00000000000882a2                iPDM_SearchForBufferIdInList
                0x00000000000882d7                iPDM_SearchForBufferIdInFileSystem
                0x00000000000882ea                iPDM_ReadUserDataFromSegmentWithId
                0x000000000008831f                iPDM_SearchForSpecificSegmentInList
                0x0000000000088351                bPCA9634_WriteRegister
                0x00000000000883cf                psGetTxFrameBuffer
                0x000000000008840e                psGetAndBuildCoordRealignment
                0x0000000000088466                vMMAC_RadioToOffAndWait
                0x0000000000088483                vStartReceive
                0x0000000000088782                vMiniMac_NextTransaction
                0x00000000000887ec                MAC_vPibSetRxOnWhenIdle.constprop.97
                0x00000000000887f4                eTransmit
                0x00000000000888c2                eBuildAndSend.150687
                0x0000000000088974                vMiniMac_TxComplete
                0x0000000000088a65                vTimerFired
                0x0000000000088b34                vMiniMac_Init
                0x0000000000088ef5                vMiniMac_PLME_SetReq_Power
                0x0000000000088f0a                vMiniMac_PLME_SetReq_Channel
                0x0000000000088f13                eCLD_ScenesSaveClusters.constprop.40
                0x00000000000890b5                OS_eStartSWTimer.constprop.155
                0x00000000000891d4                os_vAPP_RadioRecal
                0x0000000000089276                OS_eContinueSWTimer.constprop.39
                0x0000000000089357                os_vAPP_ButtonsScanTask
                0x00000000000893fd                OS_eStopSWTimer
                0x0000000000089520                os_vAPP_DiscoveryTimerTask
 *fill*         0x0000000000089567        0x1 00
 .text          0x0000000000089568     0x15a8 C:\Users\Gillis\AppData\Local\Temp\ccl7ikA6.ltrans6.ltrans.o
                0x0000000000089568                vMcpsMgrExpiry.133795
                0x00000000000896b3                os_vAPP_vManagePowerOnCount
                0x000000000008970b                vMiniMac_MlmeCallback
                0x0000000000089a4b                vSendMlmeCommStatusFromTxFrame
                0x0000000000089aa1                MAC_vHandleMlmeVsReqRsp.constprop.98
                0x000000000008a2cd                vScanBeaconReceived
                0x000000000008a30c                vPostDcfm.150698
                0x000000000008a375                vScanNextChannel.150685
                0x000000000008a597                vRunningRxCallback
                0x000000000008a8fe                iPDM_VerifyDataSequenceWithBufferId
                0x000000000008a9a0                vSaveScenesNVM
                0x000000000008aa43                eCLD_GroupsRemoveAllGroups
                0x000000000008aafd                vRemoveAllGroupsAndScenes
 .text          0x000000000008ab10     0x1290 C:\Users\Gillis\AppData\Local\Temp\ccl7ikA6.ltrans7.ltrans.o
                0x000000000008ab10                zps_vNwkHandleCmeRouteDiscoveryReq
                0x000000000008ab96                vPDM_MoveAllDataFromListToList
                0x000000000008abd4                vPDM_MoveAllDataWithBufferIdAndStateFromListToList
                0x000000000008ac5f                vPDM_MoveAllDataToDeAllocList
                0x000000000008ac87                iPDM_ReconstructReplacedDataTable
                0x000000000008af06                vPDM_ImageBitmapRepair.126618
                0x000000000008af67                vPDM_MoveAllDataWithBufferIdFromListToList
                0x000000000008afec                vPDM_DeleteAppendedSequence
                0x000000000008b091                PDM_eSaveRecordData
                0x000000000008b4c6                ZPS_vNwkSaveRecord
                0x000000000008b4f2                ZPS_vNwkSaveNt
                0x000000000008b505                ZPS_vNwkPurgeMacAddressAndRelatedEntries
                0x000000000008b618                ZPS_vNtSetUsedStatus
                0x000000000008b6be                zps_vBuildSortedActvNTList
                0x000000000008b77c                zps_eNwkHandleSceLeave
                0x000000000008b933                zps_vTidyActvNtAfterJoin
                0x000000000008b9c2                eUnsolicitedRejoinRspDataDcfm.132905
                0x000000000008b9ed                ZPS_vNwkSaveSecMat
                0x000000000008ba3d                vPDM_DeleteSegmentsWithIdFromFileSystem
                0x000000000008ba5e                ZPS_vNwkResetOutgoingFrameCounter
                0x000000000008baa3                ZPS_vNwkHandleNldeReqRsp
                0x000000000008bca0                zps_eAplApsmeCmdMgrSendCommand
                0x000000000008bd77                zps_vAplApsmeCmdMgrRetryTimeout.73328
 .text          0x000000000008bda0     0x12dc C:\Users\Gillis\AppData\Local\Temp\ccl7ikA6.ltrans8.ltrans.o
                0x000000000008bda0                zps_bAplZdoNwkAddrServer
                0x000000000008bfe4                zps_bAplZdoIeeeAddrServer
                0x000000000008c2d9                vPDM_AddFileSystemElementToListInAscendingWearCountOrder
                0x000000000008c3e7                iPDM_WriteSegmentHeaderAndData
                0x000000000008c5e3                PWRM_vManagePower
                0x000000000008c72d                vMiniMac_McpsCallback
                0x000000000008c985                eMcpsTxCompleteHandler.150172
                0x000000000008c9b3                u8PDM_CalculateFileSystemCapacity
                0x000000000008c9d1                zps_vSendJoinDcfm
                0x000000000008ca17                vGiveUp.145336
                0x000000000008ca4f                ZPS_bSecEncrypt
                0x000000000008cc05                eZCL_TransmitInterPanRequest.constprop.37
                0x000000000008cc70                eCLD_ZllCommissionCommandNetworkJoinRouterRspCommandSend.constprop.32
                0x000000000008cc9a                eSendScanResponse.7729.constprop.35
                0x000000000008cdd8                zps_u8AplApsConstructAndPostLoopBackDataInd.71937
                0x000000000008cf11                u8PostUnicastMsgToNHLE.71945
                0x000000000008cf4a                eSendLinkStatusDataDcfm.part.1.131858
 .text          0x000000000008d07c     0x18b7 C:\Users\Gillis\AppData\Local\Temp\ccl7ikA6.ltrans9.ltrans.o
                0x000000000008d07c                vPermitJoinHandleExpiry.137014
                0x000000000008d085                vNwkMcpsTimerCallback
                0x000000000008d09f                zps_eSceGenlIllegal
                0x000000000008d0a6                zps_eSmeGenlIllegal
                0x000000000008d0ad                DBG_vUartFailedAssert
                0x000000000008d0b1                psGetVsMcpsBuf.85459
                0x000000000008d0ba                psGetMlmeBuf.85452
                0x000000000008d0c3                psGetNlmeBuf.69322
                0x000000000008d0cd                psGetNldeBuf.69343
                0x000000000008d0d7                psGetApsmeBuf.69329
                0x000000000008d0e0                psGetApsdeBuf.69336
                0x000000000008d1f9                vLoopbackTimerCallback
                0x000000000008d228                zps_eNwkRctMatchNwkAddr
                0x000000000008d292                ZPS_u8NwkCalcNldeReqOverhead
                0x000000000008d2cd                zps_vRemoveNextHop
                0x000000000008d382                zps_vRemoveRoute
                0x000000000008d419                zps_psNwkRtMatchNwkAddr
                0x000000000008d48f                ZPS_u8NwkNibNtDiscMatch
                0x000000000008d54b                zps_vNwkFreeMcpsHandle
                0x000000000008d575                ZPS_u64NwkNibGetMappedIeeeAddr
                0x000000000008d597                ZPS_bNwkNibNtActvMatch
                0x000000000008d646                bCheckNwkAddr
                0x000000000008d68f                ZPS_vSetExtendedStatus
                0x000000000008d6a1                zps_eNwkRtMatch
                0x000000000008d7ba                zps_psApsApsAllocateDcfmRecord
                0x000000000008d828                zps_u8CalcLinkCost
                0x000000000008d864                zps_u64NwkLibFromPayload
                0x000000000008d8a3                zps_vNwkLibU64ToPayload
                0x000000000008d8d0                zps_vInitBeaconPayload
                0x000000000008d94c                zps_eNwkDcfmIndPost
                0x000000000008d96f                zps_psNwkDcfmIndGetBuf
                0x000000000008d991                eRouteRequestDataDcfm.138190
                0x000000000008d9e5                eNldeDataDcfm.136020
                0x000000000008da15                zps_vSendNwkStatusInd
                0x000000000008da45                DBG_vInit
                0x000000000008da87                vPDM_ReadBitmapHeader.127560
                0x000000000008daa6                psSLISTsearch
                0x000000000008dae6                psSLISTremove
                0x000000000008db64                vSLISTaddToTail
                0x000000000008db83                psSLISTgetNext
                0x000000000008dba7                u8PDM_CalculateLargestDataRecordStored
                0x000000000008dbd8                bPDM_ImageBitmapRepairCheck
                0x000000000008dc00                u8PDM_ReadSequenceNumber
                0x000000000008dc23                boSegmentNumberDeleteSearchMatch.127130
                0x000000000008dc3e                u8PDM_ReadSegmentDataSize
                0x000000000008dc52                u32PDM_ReadFileSystemHeaderWearCount
                0x000000000008dc68                boSearchForWearCountSubstitute.127446
                0x000000000008dc8e                boSearchForWearCountInsertPoint.126699
                0x000000000008dcac                vPDM_WriteFileSystemHeaderWearCount
                0x000000000008dcbe                RND_u32GetRand256
                0x000000000008dcdb                RND_u32GetRand
                0x000000000008dd02                u16CalculateFailedTxCount.103494
                0x000000000008dd2c                vZdoIeeeAddrServerSendExtendResponse.part.0.89291
                0x000000000008dd8d                vZdoNwkAddrServerSendExtendResponse.part.0.88111
                0x000000000008ddee                zps_bAplZdoServerHandleConfirmAcks
                0x000000000008de38                zps_bPerformLeaveActionDecider
                0x000000000008de3d                vHandleUpdateDeviceIndication.78412
                0x000000000008de67                ZPS_vRunningCRC32
                0x000000000008de97                zps_vAplApsInitDuplicateTable
                0x000000000008deba                eHandleRemoveNonBroadcastEndpointsFromGroup.73396
                0x000000000008df32                eHandleAddEntryToGroupTable.73359
                0x000000000008df8e                zps_vAplApsInitFragTransmitPool
                0x000000000008dfaf                zps_vAplApsFillAndPostApsAck
                0x000000000008e019                zps_u8AplApsFreeMsgHandle
                0x000000000008e083                zps_vAplApsInitSyncMsgPool
                0x000000000008e0bb                zps_vAplApsInitFragReceivePool
                0x000000000008e0de                vFillDataIndStruct.69185
                0x000000000008e13c                vFillApduErrorEvent.69178
                0x000000000008e17f                bCheckProfile.69173
                0x000000000008e1c6                ZPS_bIsGroupPresent
                0x000000000008e1fe                pdum_u16ReadNBO
                0x000000000008e35f                PDUM_u16SizeNBO
                0x000000000008e3bd                PDUM_u16APduInstanceWriteStrNBO
                0x000000000008e53c                PDUM_u16APduInstanceReadNBO
                0x000000000008e587                PDUM_u16APduInstanceWriteNBO
                0x000000000008e5f1                PDUM_thAPduInstanceGetApdu
                0x000000000008e60c                PDUM_eAPduInstanceSetPayloadSize
                0x000000000008e634                PDUM_eNPduWriteDataFromBuffer
                0x000000000008e68e                PDUM_eNPduWriteDataToBuffer
                0x000000000008e6ec                PDUM_eNPduWriteFromBuffer
                0x000000000008e715                PDUM_eNPduDescend
                0x000000000008e73b                PDUM_eNPduAscend
                0x000000000008e761                PDUM_eNPduClaimData
                0x000000000008e7ce                PDUM_eNPduAppendDataNBO
                0x000000000008e82b                PDUM_eNPduClaimHeader
                0x000000000008e84e                PDUM_eNPduReadHeaderNBO
                0x000000000008e8a1                PDUM_eNPduPrependHeaderNBO
                0x000000000008e8fc                zps_vInitAPSMECmdHdr
 .text          0x000000000008e933     0x17a0 C:\Users\Gillis\AppData\Local\Temp\ccl7ikA6.ltrans10.ltrans.o
                0x000000000008e933                PDUM_eNPduAllocate
                0x000000000008e9a2                PDUM_eNPduClone
                0x000000000008e9ee                PDUM_eNPduFree
                0x000000000008ea5b                vPostVsMcpsDcfmInd.85462
                0x000000000008eb45                ZPS_vInterceptMcpsDataCallback
                0x000000000008eba7                zps_vNwkMcpsMgrFreeReqDescr
                0x000000000008ebd9                zps_psAllocateAndFormatMacHdr
                0x000000000008eedc                zps_psNwkInitCmdFrame
                0x000000000008ef5b                zps_vNwkRemoveConflictedBroadcast
                0x000000000008efad                vFreePendingReqDescr
                0x000000000008f013                zps_vNwkMcpsMgrTidyBtrReqDescr
                0x000000000008f057                vNwkBttTimerExpiry.140270
                0x000000000008f178                MAC_vHandleMcpsVsReqRsp
                0x000000000008f2f9                PDUM_hAPduAllocateAPduInstance
                0x000000000008f36d                hZCL_AllocateAPduInstance
                0x000000000008f3a9                zps_eAplZdoSendZdpResponse
                0x000000000008f6ae                zps_bAplZdoMatchDescServer
                0x000000000008f6c2                zps_bAplZdoNodeDescServer
                0x000000000008f82e                zps_bAplZdoSimpleDescServer
                0x000000000008fa8f                zps_bAplZdoPowerDescServer
                0x000000000008fbac                zps_bAplZdoActiveEpServer
                0x000000000008fc95                zps_bAplZdoSystemServerDiscoveryServer
                0x000000000008fd1e                zps_bAplZdoMgmtLqiServer
                0x000000000008ff4a                zps_bAplZdoMgmtRtgServer
                0x0000000000090090                bSendResponse.102305
 *fill*         0x00000000000900d3        0x1 00
 .text          0x00000000000900d4     0x11a8 C:\Users\Gillis\AppData\Local\Temp\ccl7ikA6.ltrans11.ltrans.o
                0x00000000000900d4                os_vzps_taskZPS
                0x00000000000902f1                vBbcIntHandler.149732
                0x00000000000905ba                os_vzps_isrMAC
                0x00000000000905f9                eAssocRespSent.150040
                0x00000000000906f7                eRejoinRspDataDcfm.144565
                0x000000000009087a                zps_vCleanUnAuthenHandleExpiry
                0x000000000009090f                zps_vNwkHandleCmeSyncReq
                0x00000000000909a4                zps_vNwkHandleCmeIdleNwkFormReq
                0x0000000000090aaa                zps_vNwkHandleCmeNwkDiscReq
                0x0000000000090b24                zps_vNwkHandleCmeEdScanReq
                0x0000000000090d09                zps_vNwkHandleCmeNwkJoinReq
                0x0000000000090fe0                zps_vNwkHandleCmeNwkActvJoinReq
                0x000000000009107c                vHandleRejoinExpiry.145332
                0x00000000000910c4                zps_eRejoinDataDcfm
                0x00000000000910f7                vSetKeys
                0x000000000009117c                vResetDataStructures
 .text          0x000000000009127c     0x1639 C:\Users\Gillis\AppData\Local\Temp\ccl7ikA6.ltrans12.ltrans.o
                0x000000000009127c                vPDM_MoveFileRecordFromListToList
                0x000000000009129f                vPDM_MoveRecordToDeAllocList
                0x00000000000912bf                vIncrementFrameCounterInPdm.isra.0.135221
                0x000000000009149e                vProcessListsForSubmission.133919
                0x0000000000091758                zps_vNwkMcpsMgrPost
                0x000000000009177c                zps_psNwkInitiateRouteDiscovery
                0x0000000000091911                zps_psNwkSendRejoinReqCmd.constprop.10
                0x000000000009198f                zps_psSendNetworkStatusCmd
                0x0000000000091bfb                zps_eNwkHandleSceRouteRecord
                0x0000000000091cda                zps_eDefaultDataDcfm
                0x0000000000091dc9                zps_psSendFrm
                0x0000000000092133                zps_psSendBroadcastFrm
                0x00000000000921c9                vSendNetworkReport.132893
                0x00000000000922a3                psSendRouteReplyCmd.138168
                0x00000000000923eb                zps_eNwkHandleSceRouteReply
                0x0000000000092696                vHandleRouteDiscoveryExpiry.137746
                0x0000000000092767                zps_psNwkPropagateLocalLeave
                0x000000000009278f                zps_vNwkHandleCmeLeaveReq
                0x0000000000092858                iPDM_SegmentCopyAndAppendData.constprop.154
 .text          0x00000000000928b5     0x1657 C:\Users\Gillis\AppData\Local\Temp\ccl7ikA6.ltrans13.ltrans.o
                0x00000000000928fe                zps_vAplSaveRecord
                0x0000000000092a2e                zps_bNwkFindAddIeeeAddr
                0x0000000000092bac                ZPS_bNwkNibAddrMapAddEntry
                0x0000000000092d73                zps_eNwkHandleSceRouteRequest
                0x0000000000093244                zps_sNwkNibNtCheckJoin
                0x00000000000934f2                zps_vNwkHandleCmeDirectJoinReq
                0x0000000000093571                zps_vJoinInitNtParent
                0x0000000000093710                zps_vCheckActvNtForDuplicate
                0x00000000000937ae                eCheckAddrConflict.isra.4.133130
                0x0000000000093844                vAplSecRemoveLinkKey.78489
                0x00000000000938c1                ZPS_vNwkMacEntriesClear
                0x000000000009396b                ZPS_vNwkSaveAllRecords
                0x0000000000093982                zps_vSaveAllZpsRecords
                0x00000000000939a1                ZPS_vNwkNibSetNwkAddr
                0x00000000000939c0                zps_eNwkHandleSceRejnResponse
                0x0000000000093a1d                ZPS_vNwkNibSetExtPanId
                0x0000000000093a41                vFinish.145773
                0x0000000000093a96                eSmeOrphScanDcfm.145786
                0x0000000000093b0e                ZPS_vNwkNibSetKeySeqNum
                0x0000000000093b23                ZPS_vNwkNibSetDepth
                0x0000000000093b4c                ZPS_vNwkNibSetUpdateId
                0x0000000000093b5c                vSendNetworkUpdate.132897
                0x0000000000093c8b                ZPS_vNwkNibSetPanId
                0x0000000000093caa                ZPS_vNwkNibSetCapabilityInfo
                0x0000000000093cd8                ZPS_vNwkNibSetChannel
                0x0000000000093cf1                zps_u8NwkHandleRejoinReq
                0x0000000000093dba                vContinueRejoin.144561
                0x0000000000093e61                zps_vProcessLocalAddrConflict
 .text          0x0000000000093f0c     0x14c7 C:\Users\Gillis\AppData\Local\Temp\ccl7ikA6.ltrans14.ltrans.o
                0x00000000000940b9                eTryNextParent
                0x00000000000941f8                eSmeAsocAssocDcfm.145940
                0x000000000009427c                eSmeRjPCPollDcfm.145936
                0x00000000000942bd                eSceRjRsRejoinRsp.145904
                0x0000000000094392                vCheckSleepingSendPoll.145776
                0x0000000000094410                vSdeHandleMcpsDataInd.133891
                0x00000000000950b8                ZPS_vNwkNibCheckAndUpdateAddresses
                0x000000000009514f                zps_bAplZdoDeviceAnnceServer
 *fill*         0x00000000000953d3        0x1 00
 .text          0x00000000000953d4     0x12a4 C:\Users\Gillis\AppData\Local\Temp\ccl7ikA6.ltrans15.ltrans.o
                0x000000000009584a                eCLD_ZllCommissionCommandHandler
                0x0000000000095a81                eCLD_LevelControlCommandHandler
                0x0000000000095e18                eCLD_OnOffCommandHandler
                0x00000000000961e5                vZCL_HandleAttributesWriteRequest
 .text          0x0000000000096678     0x12a8 C:\Users\Gillis\AppData\Local\Temp\ccl7ikA6.ltrans16.ltrans.o
                0x0000000000096678                eOrphanNotificationSent.150677
                0x00000000000966c1                vPostNldeDcfmInd.69346
                0x0000000000097198                ZPS_vAplHandleApsdeReqRsp
                0x00000000000975b2                zps_eAplZdpApsdeReqInternal
                0x0000000000097621                zps_bAplZdoDefaultServer
                0x00000000000978dd                zps_eZdpMgmtLeaveResponse
                0x00000000000978fe                zps_eZdpMgmtPermitJoiningResponse
 .text          0x0000000000097920     0x1368 C:\Users\Gillis\AppData\Local\Temp\ccl7ikA6.ltrans17.ltrans.o
                0x0000000000097920                zps_eAplZdpRequestApsdeReq
                0x00000000000979ed                os_vAPP_Commission_Task
                0x0000000000098817                os_vAPP_ZPR_Light_Task
 .text          0x0000000000098c88     0x1100 C:\Users\Gillis\AppData\Local\Temp\ccl7ikA6.ltrans18.ltrans.o
                0x0000000000098cf0                zps_vNwkHandleCmeActvStartRouterReq
                0x0000000000098e2c                vHandleNwkLocalUpdateAfterBcast.132910
                0x0000000000098e80                vHandleNwkRemoteUpdateAfterBcast.132901
                0x0000000000098ed4                eSmeAcScScanDcfm.142717
                0x00000000000991a9                ZPS_pvNwkCtor.constprop.95
                0x000000000009972c                ZPS_vNwkHandleNlmeReqRsp
                0x00000000000997a9                zps_vAplAfPostEvent
                0x0000000000099990                zps_eAplZdoLeaveNetwork.constprop.72
                0x00000000000999bb                zps_bAplZdoMgmtLeaveServer
                0x0000000000099b3b                zps_eAplZdoNlmePermitJoiningWrapper
                0x0000000000099b63                zps_bAplZdoPermitJoiningServer
                0x0000000000099bef                vChangeChannelTimerExpiry.103486
                0x0000000000099c52                eLeaveReset.146765
                0x0000000000099cbd                eLeaveDataDcfmLocalLeave.146775
                0x0000000000099d37                zps_eAplZdoZllStartRouter
 .text          0x0000000000099d88     0x12d3 C:\Users\Gillis\AppData\Local\Temp\ccl7ikA6.ltrans19.ltrans.o
                0x0000000000099d88                zps_eNwkHandleSceLinkStatus
                0x0000000000099ebc                vManagePowerOnCountInit
                0x0000000000099f06                vRestetOTADiscovery.8279
                0x0000000000099f2f                vPickChannel.4583
                0x0000000000099f8d                zps_eAplZdoGroupEndpointRemove
                0x000000000009a025                zps_psFindKeyDescr
                0x000000000009a159                zps_eAplSecEncryptPacket
                0x000000000009a24b                eUnfragmentedUnicastTransmission.71920
                0x000000000009a6f9                vHandleZllDeviceJoin
                0x000000000009a841                zps_eAplApsmeUpdateDeviceReqRsp.part.4.73493
                0x000000000009a98a                vHandleTransportKeyFrame.74723
                0x000000000009ab98                ZPS_vSetDevicePreviousData.constprop.14
                0x000000000009ad86                zps_vAgeRouter
                0x000000000009adc5                zps_eNwkHandleSdeActvDcfmData
                0x000000000009af4a                vMcpsMgrTimeoutExpiry
                0x000000000009afb9                zps_vLinkStatusHandleExpiry
 .text.unlikely
                0x000000000009b05b       0x5f C:\Users\Gillis\AppData\Local\Temp\ccl7ikA6.ltrans19.ltrans.o
                0x000000000009b05b                vInitUnknownNeighbor.133807
 *fill*         0x000000000009b0ba        0x2 00
 .text          0x000000000009b0bc     0x1128 C:\Users\Gillis\AppData\Local\Temp\ccl7ikA6.ltrans20.ltrans.o
                0x000000000009b165                zps_eNwkHandleSmeOrphanInd
                0x000000000009b4d1                zps_eNwkHandleSmeAssocInd
                0x000000000009b4f3                zps_eNwkHandleSceRejnRequest
                0x000000000009b573                vStartScanTimerExpiry.103490
                0x000000000009b5af                zps_vAplApsPollTimer
                0x000000000009b769                vPostNlmeDcfmInd.69325
                0x000000000009be72                zps_vProcessChildAddrConflict
                0x000000000009bf35                zps_eNwkHandleSceNwkStatus
                0x000000000009c0ec                vDiscoverNetworks.4586
                0x000000000009c157                vTryNwkJoin.4590
 .text          0x000000000009c1e4      0xfa4 C:\Users\Gillis\AppData\Local\Temp\ccl7ikA6.ltrans21.ltrans.o
                0x000000000009c1e4                vAplSecAuthPollTimerExpiry.78389
                0x000000000009c236                vAplSecAuthTimerExpiry.78393
                0x000000000009c300                vHandleApsInterPanDcfmData
                0x000000000009c728                vPostApsdeDcfmInd.69339
                0x000000000009c94d                zps_vHandleApsdeDataFragIndNotSupported
                0x000000000009c9b6                vApsInterPanMcpsDataInd
                0x000000000009cb5d                eDiscoverNetworks.78458
                0x000000000009cbb3                zps_eAplZdoDiscoverNetworks
                0x000000000009cbdc                eStartNetworkDiscovery.78464
                0x000000000009cc63                eStartRouter.78690
                0x000000000009cd35                vPostApsmeDcfmInd.69332
 .text          0x000000000009d188      0xef0 C:\Users\Gillis\AppData\Local\Temp\ccl7ikA6.ltrans22.ltrans.o
                0x000000000009d188                eZCL_CustomCommandSend.constprop.52
                0x000000000009d41c                eCLD_GroupsHandleAddGroupRequest.16254
                0x000000000009d690                vZCL_EventHandler
                0x000000000009dff5                os_vZCL_Task
 .text          0x000000000009e078      0xfe0 C:\Users\Gillis\AppData\Local\Temp\ccl7ikA6.ltrans23.ltrans.o
                0x000000000009e32e                zps_eAplZdpMgmtRtgResponse
                0x000000000009e3f5                zps_eZdpMgmtNwkUpdateNotifyResponse
                0x000000000009e4a7                eZCL_TransmitDataRequest
                0x000000000009e805                eZCL_SendDefaultResponse
                0x000000000009e904                eZCL_CustomCommandReceive
                0x000000000009ea72                eCLD_OnOffCommandReceive
                0x000000000009ea7a                eOtaCommandHandler
 .text          0x000000000009f058      0xecc C:\Users\Gillis\AppData\Local\Temp\ccl7ikA6.ltrans24.ltrans.o
                0x000000000009f0a1                eCLD_IdentifyCommandHandler
                0x000000000009f244                eCLD_GroupsCommandHandler
                0x000000000009f721                eOTA_ClientQueryNextImageRequest
                0x000000000009f7e2                os_vTick_Task
 .text          0x000000000009ff24     0x12b5 C:\Users\Gillis\AppData\Local\Temp\ccl7ikA6.ltrans25.ltrans.o
                0x000000000009ff24                os_bDummyMemberCheck.66065
                0x000000000009ff29                os_vDefaultErrorHook.66061
                0x000000000009ff2c                bCLD_ScenesSearchForScene.25087
                0x000000000009ff5f                eCLD_LevelControlSceneEventHandler.19188
                0x000000000009ffa8                DriverBulb_vSetTunableWhiteColourTemperature
                0x000000000009ffab                DriverBulb_vSetColour
                0x000000000009ffae                vOverideProfileId.10009
                0x000000000009ffe8                APP_ZCL_cbGeneralCallback.6773
                0x000000000009ffeb                os_bStrictCheck.1358
                0x00000000000a0330                bCLD_GroupsSearchForGroup.16504
                0x00000000000a0355                PDUM_eNPduInitDescending
                0x00000000000a0370                eExpireSWTimer.66074
                0x00000000000a03db                vEnterErrorHook.66057
                0x00000000000a0402                OS_eCollectMessage
                0x00000000000a04c7                vOtaFlashLockWrite
                0x00000000000a050d                vOtaFlashLockRead
                0x00000000000a0553                eOtaSetEventTypeAndGiveCallBack
                0x00000000000a056e                eOTA_retOtaUseKey
                0x00000000000a05a4                eZCL_BuildClientTransmitAddressStructure
                0x00000000000a05d5                eZCL_GetAttributeTypeSize
                0x00000000000a05f4                vZCL_MarkAttributeInvalid
                0x00000000000a06c3                eZCL_CheckEPstructureIntegrity.42176
                0x00000000000a08ab                u8ZCL_GetAttributeAllignToFourBytesBoundary
                0x00000000000a08c0                pvZCL_GetAttributePointer
                0x00000000000a0936                vReverseMemcpy.part.2.42188
                0x00000000000a096b                vReverseMemcpy
                0x00000000000a0983                sOtaGetHeader
                0x00000000000a0a91                u16ZCL_WriteTypeNBO.part.0.43530
                0x00000000000a0adf                u16ZCL_GetStringStructureSize
                0x00000000000a0b1c                u16ZCL_GetStringAttributeTypeSizeFromBuffer
                0x00000000000a0b8d                u16ZCL_GetStringSizeAndBufferFromStructure
                0x00000000000a0c1c                bZCL_SendCommandResponse
                0x00000000000a0c38                vZCL_GetInternalMutex
                0x00000000000a0c61                eZCL_GetMutex
                0x00000000000a0c99                vZCL_InitializeClusterInstance
                0x00000000000a0cae                u8ZCL_GetEPIdFromIndex
                0x00000000000a0cd0                vZCL_ReleaseInternalMutex
                0x00000000000a0cea                u32ZCL_GetUTCTime
                0x00000000000a0d05                eZCL_SearchForAttributeEntry
                0x00000000000a0dc8                vCLD_ScenesGenerateIndividualAttributeCallback
                0x00000000000a0e22                eZCL_SearchForEPentry
                0x00000000000a0e7d                eZCL_SearchForEPentryAndCheckManufacturerId
                0x00000000000a0ebb                vZCL_PassEventToUser
                0x00000000000a0ee8                u8ZCL_GetNumberOfEndpointsRegistered
                0x00000000000a0f03                eZCL_ReleaseMutex
                0x00000000000a0f32                eZCL_Register.part.1.42185
                0x00000000000a0f60                boDLISTisEmpty
                0x00000000000a0f78                vDLISTaddToTail
                0x00000000000a0fa6                psDLISTremoveFromHead
                0x00000000000a0fcf                psDLISTremove
                0x00000000000a1027                vWriteU64ToPayLoad.27420
                0x00000000000a1054                vWriteU32ToPayLoad.27416
                0x00000000000a106c                vLI_InitVar.8836
                0x00000000000a109d                InvShiftRows
                0x00000000000a1130                InvSubBytes
                0x00000000000a1176                AddRoundKey
                0x00000000000a11b7                getSBoxValue.6123
 .text          0x00000000000a11d9     0x1184 C:\Users\Gillis\AppData\Local\Temp\ccl7ikA6.ltrans26.ltrans.o
                0x00000000000a11d9                vOtaUpgManClientStateWaitForRunCommand.63703
                0x00000000000a12d9                vOtaUpgManClientStateDownloadComplete.63699
                0x00000000000a1485                vOtaUpgManClientStateDownloadInProgress.63695
                0x00000000000a1e8f                APP_ZCL_cbEndpointCallback.6770
 .text          0x00000000000a235d      0xe90 C:\Users\Gillis\AppData\Local\Temp\ccl7ikA6.ltrans27.ltrans.o
                0x00000000000a235d                eCLD_ScenesCommandHandler
 .text          0x00000000000a31ed      0xc08 C:\Users\Gillis\AppData\Local\Temp\ccl7ikA6.ltrans28.ltrans.o
                0x00000000000a31ed                zps_eZdpNodeDescResponse
                0x00000000000a3295                zps_eZdpSimpleDescResponse
                0x00000000000a33a2                zps_bAplZdoMgmtNWKUpdateServer
                0x00000000000a3712                zps_eZdpNwkAddrResponse
                0x00000000000a37f5                zps_eZdpIeeeAddrResponse
                0x00000000000a38d8                zps_eZdpPowerDescResponse
                0x00000000000a3975                zps_eZdpActiveEpResponse
                0x00000000000a3a0b                zps_eZdpMatchDescResponse
                0x00000000000a3aa1                zps_eZdpSystemServerDiscoveryResponse
                0x00000000000a3b10                zps_eAplZdpMgmtLqiResponse
                0x00000000000a3cfb                zps_bAplZdoZdoClient
 .text          0x00000000000a3df5      0xacb C:\Users\Gillis\AppData\Local\Temp\ccl7ikA6.ltrans29.ltrans.o
                0x00000000000a3efa                eOTA_ClientUpgradeEndRequest
                0x00000000000a3fa2                vOtaAbortDownload.63744
                0x00000000000a4019                vOtaHandleTimedBlockRequest.63738
                0x00000000000a40b4                vOtaUpgManClientStateIdle.63686
 .text          0x00000000000a48c0      0x4df C:\Users\Gillis\AppData\Local\Temp\ccl7ikA6.ltrans30.ltrans.o
                0x00000000000a48c0                AppWarmStart
                0x00000000000a48dc                AppColdStart
                0x00000000000a4b6c                os_vUnclaimedInterrupt
                0x00000000000a4b7e                os_vControlledIntCheck
                0x00000000000a4bc3                os_vControlledInterrupt
                0x00000000000a4bfc                os_vvISR_SystemController
                0x00000000000a4c28                os_vvISR_Timer4
                0x00000000000a4c37                os_vvISR_Timer3
                0x00000000000a4c46                os_vAPP_isrIllegalInstruction
                0x00000000000a4c5c                os_vAPP_isrAlignmentException
                0x00000000000a4c72                os_vAPP_isrBusErrorException
                0x00000000000a4c88                os_vAPP_isrUnimplementedModuleException
                0x00000000000a4c9b                os_vAPP_isrStackOverflowException
                0x00000000000a4cae                os_vAPP_isrTickTimer
 .text          0x00000000000a4d9f      0x14d C:\Users\Gillis\AppData\Local\Temp\ccl7ikA6.ltrans31.ltrans.o
                0x00000000000a4d9f                bDuplicateCheck.74768
 .text          0x00000000000a4eec       0x25 c:/nxp/bstudio_nxp/sdk/tools/ba-elf-ba2-r36379/bin/../lib/gcc/ba-elf/4.7.4/../../../../ba-elf/lib/mcpu_jn51xx_sizeopt\libc.a(lib_a-memcmp.o)
                0x00000000000a4eec                memcmp
 .text          0x00000000000a4f11       0x19 c:/nxp/bstudio_nxp/sdk/tools/ba-elf-ba2-r36379/bin/../lib/gcc/ba-elf/4.7.4/../../../../ba-elf/lib/mcpu_jn51xx_sizeopt\libc.a(lib_a-memcpy.o)
 .text          0x00000000000a4f2a       0x12 c:/nxp/bstudio_nxp/sdk/tools/ba-elf-ba2-r36379/bin/../lib/gcc/ba-elf/4.7.4/../../../../ba-elf/lib/mcpu_jn51xx_sizeopt\libc.a(lib_a-memset.o)
                0x00000000000a4f2a                memset
 .text          0x00000000000a4f3c       0x12 c:/nxp/bstudio_nxp/sdk/tools/ba-elf-ba2-r36379/bin/../lib/gcc/ba-elf/4.7.4/../../../../ba-elf/lib/mcpu_jn51xx_sizeopt\libc.a(lib_a-strlen.o)
                0x00000000000a4f3c                strlen
 .text          0x00000000000a4f4e       0x2b c:/nxp/bstudio_nxp/sdk/tools/ba-elf-ba2-r36379/bin/../lib/gcc/ba-elf/4.7.4/../../../../ba-elf/lib/mcpu_jn51xx_sizeopt\libc.a(lib_a-strncpy.o)
                0x00000000000a4f4e                strncpy
 *fill*         0x00000000000a4f79        0x3 00
 .text          0x00000000000a4f7c      0x204 c:/nxp/bstudio_nxp/sdk/tools/ba-elf-ba2-r36379/bin/../lib/gcc/ba-elf/4.7.4/mcpu_jn51xx_sizeopt\libgcc.a(__udivsi3.o)
                0x00000000000a4f7c                __udivsi3
 .text          0x00000000000a5180       0x30 c:/nxp/bstudio_nxp/sdk/tools/ba-elf-ba2-r36379/bin/../lib/gcc/ba-elf/4.7.4/mcpu_jn51xx_sizeopt\libgcc.a(__divsi3.o)
                0x00000000000a5180                __divsi3
 .text          0x00000000000a51b0      0x1b0 c:/nxp/bstudio_nxp/sdk/tools/ba-elf-ba2-r36379/bin/../lib/gcc/ba-elf/4.7.4/mcpu_jn51xx_sizeopt\libgcc.a(__umodsi3.o)
                0x00000000000a51b0                __umodsi3
 .text          0x00000000000a5360       0x24 c:/nxp/bstudio_nxp/sdk/tools/ba-elf-ba2-r36379/bin/../lib/gcc/ba-elf/4.7.4/mcpu_jn51xx_sizeopt\libgcc.a(__modsi3.o)
                0x00000000000a5360                __modsi3
 .text          0x00000000000a5384      0x3bd c:/nxp/bstudio_nxp/sdk/tools/ba-elf-ba2-r36379/bin/../lib/gcc/ba-elf/4.7.4/mcpu_jn51xx_sizeopt\libgcc.a(_divdi3.o)
                0x00000000000a5384                __divdi3
 .text          0x00000000000a5741      0x350 c:/nxp/bstudio_nxp/sdk/tools/ba-elf-ba2-r36379/bin/../lib/gcc/ba-elf/4.7.4/mcpu_jn51xx_sizeopt\libgcc.a(_udivdi3.o)
                0x00000000000a5741                __udivdi3
 *fill*         0x00000000000a5a91        0x7 00
 .text          0x00000000000a5a98      0x1d0 c:/NXP/bstudio_nxp/workspace/JN-AN-1171-ZigBee-LightLink-Demo/Light_DimmableLight/Build/os_irq.o
                0x00000000000a5a98                os_ExternalException_W
                0x00000000000a5adc                os_PIC_ChannelPriorities
                0x00000000000a5aec                os_OSMIUM_HwVectTable
                0x00000000000a5b28                os_PIC_SwVectTable
 .text          0x00000000000a5c68       0x29 c:/NXP/bstudio_nxp/workspace/JN-AN-1171-ZigBee-LightLink-Demo/Light_DimmableLight/Build/os_irq_alignment.o
                0x00000000000a5c68                IRQ_Alignment
 .text          0x00000000000a5c91       0x29 c:/NXP/bstudio_nxp/workspace/JN-AN-1171-ZigBee-LightLink-Demo/Light_DimmableLight/Build/os_irq_buserror.o
                0x00000000000a5c91                IRQ_BusError
 .text          0x00000000000a5cba       0x29 c:/NXP/bstudio_nxp/workspace/JN-AN-1171-ZigBee-LightLink-Demo/Light_DimmableLight/Build/os_irq_illegalinstruction.o
                0x00000000000a5cba                IRQ_IllegalInstruction
 .text          0x00000000000a5ce3       0x29 c:/NXP/bstudio_nxp/workspace/JN-AN-1171-ZigBee-LightLink-Demo/Light_DimmableLight/Build/os_irq_stackoverflowexception.o
                0x00000000000a5ce3                IRQ_StackOverflowException
 .text          0x00000000000a5d0c       0x29 c:/NXP/bstudio_nxp/workspace/JN-AN-1171-ZigBee-LightLink-Demo/Light_DimmableLight/Build/os_irq_unimplementedmodule.o
                0x00000000000a5d0c                IRQ_UnimplementedModule
 *fill*         0x00000000000a5d35        0x3 00
 .text          0x00000000000a5d38       0xc0 c:/NXP/bstudio_nxp/sdk/JN-SW-4168/Components/Library\libOS_JN516x.a(os_contirq_JN516x.o)
                0x00000000000a5d38                os_ExternalException_R
                0x00000000000a5d68                os_CFunc_W
                0x00000000000a5db8                os_UnclaimedException_W
                0x00000000000a5dd8                os_UnclaimedInterrupt_W
 .text          0x00000000000a5df8       0x48 c:/NXP/bstudio_nxp/sdk/JN-SW-4168/Components/Library\libPWRM_JN516x.a(pwrm_setjmp_JN516x.o)
                0x00000000000a5df8                setjmp
                0x00000000000a5e1c                PWRM_longjmp
 .text          0x00000000000a5e40       0x27 c:/NXP/bstudio_nxp/sdk/JN-SW-4168/Components/Library\libHardwareApi_JN5169.a(AHI_Interrupt.o)
                0x00000000000a5e40                vAHI_InterruptSetPriority
                0x00000000000a5e5e                vAHI_InterruptSetActivePriorityLevel
 .text.vMicroSyscall
                0x00000000000a5e67       0x17 c:/NXP/bstudio_nxp/sdk/JN-SW-4168/Components/Library\libMicroSpecific_JN516x.a(MicroSyscall_ba.o)
                0x00000000000a5e67                vMicroSyscall
 .text          0x00000000000a5e7e        0x0 c:/NXP/bstudio_nxp/sdk/JN-SW-4168/Components/Library\libOS_JN516x.a(os_version_lc.o)
                0x00000000000a5e7e                OS_Version_1v2
 .text          0x00000000000a5e7e        0x0 c:/NXP/bstudio_nxp/sdk/JN-SW-4168/Components/Library\libZPSAPL_JN516x.a(zps_apl_version_lc.o)
                0x00000000000a5e7e                ZPS_APL_Version_2v0
 .text          0x00000000000a5e7e        0x0 c:/NXP/bstudio_nxp/sdk/JN-SW-4168/Components/Library\libZPSNWK_JN516x.a(zps_nwk_version_lc.o)
                0x00000000000a5e7e                ZPS_NWK_Version_2v0
                0x00000000000a5e7e                _flash_end = ABSOLUTE (.)

.rela.dyn       0x00000000000a5e80        0x0
 .rela.text     0x0000000000000000        0x0 c:/NXP/bstudio_nxp/workspace/JN-AN-1171-ZigBee-LightLink-Demo/Light_DimmableLight/Build/os_irq.o
 .rela.data     0x0000000000000000        0x0 c:/NXP/bstudio_nxp/workspace/JN-AN-1171-ZigBee-LightLink-Demo/Light_DimmableLight/Build/os_irq.o
 .rela.rodata   0x0000000000000000        0x0 c:/NXP/bstudio_nxp/workspace/JN-AN-1171-ZigBee-LightLink-Demo/Light_DimmableLight/Build/os_irq.o
                0x000000000400004c                . = ORIGIN (ram)

.data           0x000000000400004c      0x864 load address 0x00000000000a5e80
                0x000000000400004c                _ram_data_start = ABSOLUTE (.)
 *(.data*)
 .data          0x000000000400004c       0xd0 C:\Users\Gillis\AppData\Local\Temp\ccl7ikA6.ltrans0.ltrans.o
                0x000000000400004c                u8MiniMacConfig_MaxConcurrentAssocResponses
                0x0000000004000050                psShadowRxBuffer
 .data          0x000000000400011c        0x4 C:\Users\Gillis\AppData\Local\Temp\ccl7ikA6.ltrans1.ltrans.o
                0x000000000400011c                u32HeapStart
 .data          0x0000000004000120        0x1 C:\Users\Gillis\AppData\Local\Temp\ccl7ikA6.ltrans4.ltrans.o
 .data          0x0000000004000121        0x2 C:\Users\Gillis\AppData\Local\Temp\ccl7ikA6.ltrans5.ltrans.o
 *fill*         0x0000000004000123        0x1 00
 .data          0x0000000004000124        0x6 C:\Users\Gillis\AppData\Local\Temp\ccl7ikA6.ltrans8.ltrans.o
 .data          0x000000000400012a        0x1 C:\Users\Gillis\AppData\Local\Temp\ccl7ikA6.ltrans11.ltrans.o
 *fill*         0x000000000400012b        0x5 00
 .data          0x0000000004000130       0x38 C:\Users\Gillis\AppData\Local\Temp\ccl7ikA6.ltrans17.ltrans.o
                0x0000000004000130                sDeviceTable
 .data          0x0000000004000168        0x4 C:\Users\Gillis\AppData\Local\Temp\ccl7ikA6.ltrans19.ltrans.o
                0x0000000004000168                bCanLoopback.72173
 .data          0x000000000400016c        0xc C:\Users\Gillis\AppData\Local\Temp\ccl7ikA6.ltrans24.ltrans.o
 .data          0x0000000004000178       0xa4 C:\Users\Gillis\AppData\Local\Temp\ccl7ikA6.ltrans25.ltrans.o
                0x0000000004000178                s_asapduZCLInstances
                0x00000000040001f0                s_asapduZDPInstances
 *fill*         0x000000000400021c        0x4 00
 .data          0x0000000004000220       0x20 C:\Users\Gillis\AppData\Local\Temp\ccl7ikA6.ltrans26.ltrans.o
                0x0000000004000220                u32OTAQueryTimeinSec.8781
                0x0000000004000228                sZllState