Archive member included because of file (symbol)

c:/NXP/bstudio_nxp/sdk/JN-SW-4168/Components/Library\libOS_JN516x.a(os.o)
                              c:/NXP/bstudio_nxp/workspace/JN-AN-1171-ZigBee-LightLink-Demo/Controller_NonColorController/Build/os_gen.o (symbol from plugin) (os_vStart)
c:/NXP/bstudio_nxp/sdk/JN-SW-4168/Components/Library\libOS_JN516x.a(os_contirq_JN516x.o)
                              c:/NXP/bstudio_nxp/workspace/JN-AN-1171-ZigBee-LightLink-Demo/Controller_NonColorController/Build/os_irq.o (os_UnclaimedException_W)
c:/NXP/bstudio_nxp/sdk/JN-SW-4168/Components/Library\libPWRM_JN516x.a(pwrm.o)
                              c:/NXP/bstudio_nxp/workspace/JN-AN-1171-ZigBee-LightLink-Demo/Controller_NonColorController/Build/app_start_remote.o (symbol from plugin) (PWRM_vInit)
c:/NXP/bstudio_nxp/sdk/JN-SW-4168/Components/Library\libPWRM_JN516x.a(pwrm_setjmp_JN516x.o)
                              pwrm.o (symbol from plugin) (setjmp)
c:/NXP/bstudio_nxp/sdk/JN-SW-4168/Components/Library\libPWRM_JN516x.a(pwrm_cold_start.o)
                              (AppColdStart)
c:/NXP/bstudio_nxp/sdk/JN-SW-4168/Components/Library\libPWRM_JN516x.a(pwrm_warm_start.o)
                              (AppWarmStart)
c:/NXP/bstudio_nxp/sdk/JN-SW-4168/Components/Library\libPDUM_JN516x.a(pdum_nwk.o)
                              c:/NXP/bstudio_nxp/workspace/JN-AN-1171-ZigBee-LightLink-Demo/Controller_NonColorController/Build/pdum_gen.o (symbol from plugin) (pdum_vNPduInit)
c:/NXP/bstudio_nxp/sdk/JN-SW-4168/Components/Library\libPDUM_JN516x.a(pdum_apl.o)
                              c:/NXP/bstudio_nxp/workspace/JN-AN-1171-ZigBee-LightLink-Demo/Controller_NonColorController/Build/zll_CommissionCmdHandler.o (symbol from plugin) (PDUM_u16APduInstanceReadNBO)
c:/NXP/bstudio_nxp/sdk/JN-SW-4168/Components/Library\libPDUM_JN516x.a(pdum.o)
                              pdum_nwk.o (symbol from plugin) (PDUM_u16SizeNBO)
c:/NXP/bstudio_nxp/sdk/JN-SW-4168/Components/Library\libZPSAPL_JN516x.a(zps_apl_af.o)
                              c:/NXP/bstudio_nxp/workspace/JN-AN-1171-ZigBee-LightLink-Demo/Controller_NonColorController/Build/zll_remote_node.o (symbol from plugin) (ZPS_eAplAfInit)
c:/NXP/bstudio_nxp/sdk/JN-SW-4168/Components/Library\libZPSAPL_JN516x.a(zps_apl_af_apsde.o)
                              c:/NXP/bstudio_nxp/workspace/JN-AN-1171-ZigBee-LightLink-Demo/Controller_NonColorController/Build/zps_gen.o (symbol from plugin) (zps_vHandleApsdeDataFragIndNotSupported)
c:/NXP/bstudio_nxp/sdk/JN-SW-4168/Components/Library\libZPSAPL_JN516x.a(zps_apl_task.o)
                              zps_apl_af_apsde.o (symbol from plugin) (zps_vAplAfPostEvent)
c:/NXP/bstudio_nxp/sdk/JN-SW-4168/Components/Library\libZPSAPL_JN516x.a(zps_apl_apsde.o)
                              zps_apl_task.o (symbol from plugin) (ZPS_vAplRegisterApsdeDcfmIndCallbacks)
c:/NXP/bstudio_nxp/sdk/JN-SW-4168/Components/Library\libZPSAPL_JN516x.a(zps_apl_apsme.o)
                              zps_apl_task.o (symbol from plugin) (ZPS_vAplRegisterApsmeDcfmIndCallbacks)
c:/NXP/bstudio_nxp/sdk/JN-SW-4168/Components/Library\libZPSAPL_JN516x.a(zps_apl_aps_nlde.o)
                              zps_apl_task.o (symbol from plugin) (zps_vAplApsHandleNldeDcfmInd)
c:/NXP/bstudio_nxp/sdk/JN-SW-4168/Components/Library\libZPSAPL_JN516x.a(zps_apl_sec.o)
                              zps_apl_task.o (symbol from plugin) (zps_psFindKeyDescr)
c:/NXP/bstudio_nxp/sdk/JN-SW-4168/Components/Library\libZPSAPL_JN516x.a(zps_apl_aib.o)
                              c:/NXP/bstudio_nxp/workspace/JN-AN-1171-ZigBee-LightLink-Demo/Controller_NonColorController/Build/zll_remote_node.o (symbol from plugin) (zps_psAplAibGetAib)
c:/NXP/bstudio_nxp/sdk/JN-SW-4168/Components/Library\libZPSAPL_JN516x.a(zps_apl_zdo_nwkmanager.o)
                              zps_apl_apsme.o (symbol from plugin) (zps_vAplSaveRecord)
c:/NXP/bstudio_nxp/sdk/JN-SW-4168/Components/Library\libZPSAPL_JN516x.a(zps_apl_zdo_handle_zdp_event.o)
                              zps_apl_task.o (symbol from plugin) (zps_bAplZdoHandleZdpEvent)
c:/NXP/bstudio_nxp/sdk/JN-SW-4168/Components/Library\libZPSAPL_JN516x.a(zps_apl_zdo_trust_center.o)
                              zps_apl_sec.o (symbol from plugin) (zps_eAplTrustCenterFindDevice)
c:/NXP/bstudio_nxp/sdk/JN-SW-4168/Components/Library\libZPSAPL_JN516x.a(zps_apl_zdo_common.o)
                              zps_apl_zdo_nwkmanager.o (symbol from plugin) (zps_eAplZdoNlmeleaveWrapper)
c:/NXP/bstudio_nxp/sdk/JN-SW-4168/Components/Library\libZPSAPL_JN516x.a(zps_apl_zdo_group.o)
                              c:/NXP/bstudio_nxp/workspace/JN-AN-1171-ZigBee-LightLink-Demo/Controller_NonColorController/Build/GroupsTableManager.o (symbol from plugin) (zps_eAplZdoGroupEndpointAdd)
c:/NXP/bstudio_nxp/sdk/JN-SW-4168/Components/Library\libZPSAPL_JN516x.a(zps_apl_zdo_default_server.o)
[...]
Memory Configuration

Name             Origin             Length             Attributes
flash            0x0000000000080000 0x0000000000040000
ram              0x000000000400004c 0x0000000000007fb4
*default*        0x0000000000000000 0xffffffffffffffff

Linker script and memory map

                0x0000000000001388                __stack_size = 0x1388
                0x00000000000007d0                __minimum_heap_size = 0x7d0
START GROUP
LOAD c:/NXP/bstudio_nxp/workspace/JN-AN-1171-ZigBee-LightLink-Demo/Controller_NonColorController/Build/os_gen.o
LOAD C:\Users\Gillis\AppData\Local\Temp\ccBeNjTA.ltrans0.ltrans.o
LOAD C:\Users\Gillis\AppData\Local\Temp\ccBeNjTA.ltrans1.ltrans.o
LOAD C:\Users\Gillis\AppData\Local\Temp\ccBeNjTA.ltrans2.ltrans.o
LOAD C:\Users\Gillis\AppData\Local\Temp\ccBeNjTA.ltrans3.ltrans.o
LOAD C:\Users\Gillis\AppData\Local\Temp\ccBeNjTA.ltrans4.ltrans.o
LOAD C:\Users\Gillis\AppData\Local\Temp\ccBeNjTA.ltrans5.ltrans.o
LOAD C:\Users\Gillis\AppData\Local\Temp\ccBeNjTA.ltrans6.ltrans.o
LOAD C:\Users\Gillis\AppData\Local\Temp\ccBeNjTA.ltrans7.ltrans.o
LOAD C:\Users\Gillis\AppData\Local\Temp\ccBeNjTA.ltrans8.ltrans.o
LOAD C:\Users\Gillis\AppData\Local\Temp\ccBeNjTA.ltrans9.ltrans.o
LOAD C:\Users\Gillis\AppData\Local\Temp\ccBeNjTA.ltrans10.ltrans.o
LOAD C:\Users\Gillis\AppData\Local\Temp\ccBeNjTA.ltrans11.ltrans.o
LOAD C:\Users\Gillis\AppData\Local\Temp\ccBeNjTA.ltrans12.ltrans.o
LOAD C:\Users\Gillis\AppData\Local\Temp\ccBeNjTA.ltrans13.ltrans.o
LOAD C:\Users\Gillis\AppData\Local\Temp\ccBeNjTA.ltrans14.ltrans.o
LOAD C:\Users\Gillis\AppData\Local\Temp\ccBeNjTA.ltrans15.ltrans.o
LOAD C:\Users\Gillis\AppData\Local\Temp\ccBeNjTA.ltrans16.ltrans.o
LOAD C:\Users\Gillis\AppData\Local\Temp\ccBeNjTA.ltrans17.ltrans.o
LOAD C:\Users\Gillis\AppData\Local\Temp\ccBeNjTA.ltrans18.ltrans.o
LOAD C:\Users\Gillis\AppData\Local\Temp\ccBeNjTA.ltrans19.ltrans.o
LOAD C:\Users\Gillis\AppData\Local\Temp\ccBeNjTA.ltrans20.ltrans.o
LOAD C:\Users\Gillis\AppData\Local\Temp\ccBeNjTA.ltrans21.ltrans.o
LOAD C:\Users\Gillis\AppData\Local\Temp\ccBeNjTA.ltrans22.ltrans.o
LOAD C:\Users\Gillis\AppData\Local\Temp\ccBeNjTA.ltrans23.ltrans.o
LOAD C:\Users\Gillis\AppData\Local\Temp\ccBeNjTA.ltrans24.ltrans.o
LOAD C:\Users\Gillis\AppData\Local\Temp\ccBeNjTA.ltrans25.ltrans.o
LOAD C:\Users\Gillis\AppData\Local\Temp\ccBeNjTA.ltrans26.ltrans.o
LOAD C:\Users\Gillis\AppData\Local\Temp\ccBeNjTA.ltrans27.ltrans.o
LOAD C:\Users\Gillis\AppData\Local\Temp\ccBeNjTA.ltrans28.ltrans.o
LOAD C:\Users\Gillis\AppData\Local\Temp\ccBeNjTA.ltrans29.ltrans.o
LOAD C:\Users\Gillis\AppData\Local\Temp\ccBeNjTA.ltrans30.ltrans.o
LOAD C:\Users\Gillis\AppData\Local\Temp\ccBeNjTA.ltrans31.ltrans.o
LOAD c:/nxp/bstudio_nxp/sdk/tools/ba-elf-ba2-r36379/bin/../lib/gcc/ba-elf/4.7.4/../../../../ba-elf/lib/mcpu_jn51xx_sizeopt\libc.a
LOAD c:/nxp/bstudio_nxp/sdk/tools/ba-elf-ba2-r36379/bin/../lib/gcc/ba-elf/4.7.4/mcpu_jn51xx_sizeopt\libgcc.a
LOAD c:/nxp/bstudio_nxp/sdk/tools/ba-elf-ba2-r36379/bin/../lib/gcc/ba-elf/4.7.4/../../../../ba-elf/lib/mcpu_jn51xx_sizeopt\libc.a
LOAD c:/NXP/bstudio_nxp/workspace/JN-AN-1171-ZigBee-LightLink-Demo/Controller_NonColorController/Build/os_irq.o
LOAD c:/NXP/bstudio_nxp/workspace/JN-AN-1171-ZigBee-LightLink-Demo/Controller_NonColorController/Build/os_irq_alignment.o
LOAD c:/NXP/bstudio_nxp/workspace/JN-AN-1171-ZigBee-LightLink-Demo/Controller_NonColorController/Build/os_irq_buserror.o
LOAD c:/NXP/bstudio_nxp/workspace/JN-AN-1171-ZigBee-LightLink-Demo/Controller_NonColorController/Build/os_irq_illegalinstruction.o
LOAD c:/NXP/bstudio_nxp/workspace/JN-AN-1171-ZigBee-LightLink-Demo/Controller_NonColorController/Build/os_irq_stackoverflowexception.o
LOAD c:/NXP/bstudio_nxp/workspace/JN-AN-1171-ZigBee-LightLink-Demo/Controller_NonColorController/Build/os_irq_unimplementedmodule.o
LOAD c:/NXP/bstudio_nxp/workspace/JN-AN-1171-ZigBee-LightLink-Demo/Controller_NonColorController/Build/pdum_gen.o
LOAD c:/NXP/bstudio_nxp/workspace/JN-AN-1171-ZigBee-LightLink-Demo/Controller_NonColorController/Build/pdum_apdu.o
LOAD c:/NXP/bstudio_nxp/workspace/JN-AN-1171-ZigBee-LightLink-Demo/Controller_NonColorController/Build/zps_gen.o
LOAD c:/NXP/bstudio_nxp/workspace/JN-AN-1171-ZigBee-LightLink-Demo/Controller_NonColorController/Build/app_timer_driver.o
LOAD c:/NXP/bstudio_nxp/workspace/JN-AN-1171-ZigBee-LightLink-Demo/Controller_NonColorController/Build/app_led_control.o
LOAD c:/NXP/bstudio_nxp/workspace/JN-AN-1171-ZigBee-LightLink-Demo/Controller_NonColorController/Build/app_start_remote.o
LOAD c:/NXP/bstudio_nxp/workspace/JN-AN-1171-ZigBee-LightLink-Demo/Controller_NonColorController/Build/app_captouch_buttons.o
LOAD c:/NXP/bstudio_nxp/workspace/JN-AN-1171-ZigBee-LightLink-Demo/Controller_NonColorController/Build/DriverCapTouch.o
LOAD c:/NXP/bstudio_nxp/workspace/JN-AN-1171-ZigBee-LightLink-Demo/Controller_NonColorController/Build/App_Controller_NonColorController.o
LOAD c:/NXP/bstudio_nxp/workspace/JN-AN-1171-ZigBee-LightLink-Demo/Controller_NonColorController/Build/zll_remote_node.o
LOAD c:/NXP/bstudio_nxp/workspace/JN-AN-1171-ZigBee-LightLink-Demo/Controller_NonColorController/Build/ecb_decrypt.o
LOAD c:/NXP/bstudio_nxp/workspace/JN-AN-1171-ZigBee-LightLink-Demo/Controller_NonColorController/Build/app_zcl_remote_task.o
LOAD c:/NXP/bstudio_nxp/workspace/JN-AN-1171-ZigBee-LightLink-Demo/Controller_NonColorController/Build/app_remote_commission_task.o
LOAD c:/NXP/bstudio_nxp/workspace/JN-AN-1171-ZigBee-LightLink-Demo/Controller_NonColorController/Build/appZpsBeaconHandler.o
LOAD c:/NXP/bstudio_nxp/workspace/JN-AN-1171-ZigBee-LightLink-Demo/Controller_NonColorController/Build/Alarms.o
LOAD c:/NXP/bstudio_nxp/workspace/JN-AN-1171-ZigBee-LightLink-Demo/Controller_NonColorController/Build/AlarmsClientCommands.o
LOAD c:/NXP/bstudio_nxp/workspace/JN-AN-1171-ZigBee-LightLink-Demo/Controller_NonColorController/Build/AlarmsCommandHandler.o
LOAD c:/NXP/bstudio_nxp/workspace/JN-AN-1171-ZigBee-LightLink-Demo/Controller_NonColorController/Build/AlarmsServerCommands.o
LOAD c:/NXP/bstudio_nxp/workspace/JN-AN-1171-ZigBee-LightLink-Demo/Controller_NonColorController/Build/AlarmsTableManager.o
LOAD c:/NXP/bstudio_nxp/workspace/JN-AN-1171-ZigBee-LightLink-Demo/Controller_NonColorController/Build/AnalogInputBasic.o
LOAD c:/NXP/bstudio_nxp/workspace/JN-AN-1171-ZigBee-LightLink-Demo/Controller_NonColorController/Build/AnalogOutputBasic.o
LOAD c:/NXP/bstudio_nxp/workspace/JN-AN-1171-ZigBee-LightLink-Demo/Controller_NonColorController/Build/Basic.o
LOAD c:/NXP/bstudio_nxp/workspace/JN-AN-1171-ZigBee-LightLink-Demo/Controller_NonColorController/Build/BasicClientCommands.o
LOAD c:/NXP/bstudio_nxp/workspace/JN-AN-1171-ZigBee-LightLink-Demo/Controller_NonColorController/Build/BasicCommandHandler.o
LOAD c:/NXP/bstudio_nxp/workspace/JN-AN-1171-ZigBee-LightLink-Demo/Controller_NonColorController/Build/BinaryInputBasic.o
LOAD c:/NXP/bstudio_nxp/workspace/JN-AN-1171-ZigBee-LightLink-Demo/Controller_NonColorController/Build/BinaryOutputBasic.o
LOAD c:/NXP/bstudio_nxp/workspace/JN-AN-1171-ZigBee-LightLink-Demo/Controller_NonColorController/Build/Commissioning.o
LOAD c:/NXP/bstudio_nxp/workspace/JN-AN-1171-ZigBee-LightLink-Demo/Controller_NonColorController/Build/DeviceTemperatureConfiguration.o
LOAD c:/NXP/bstudio_nxp/workspace/JN-AN-1171-ZigBee-LightLink-Demo/Controller_NonColorController/Build/Diagnostics.o
LOAD c:/NXP/bstudio_nxp/workspace/JN-AN-1171-ZigBee-LightLink-Demo/Controller_NonColorController/Build/DoorLock.o
LOAD c:/NXP/bstudio_nxp/workspace/JN-AN-1171-ZigBee-LightLink-Demo/Controller_NonColorController/Build/DoorLockCommandHandler.o
LOAD c:/NXP/bstudio_nxp/workspace/JN-AN-1171-ZigBee-LightLink-Demo/Controller_NonColorController/Build/DoorLockCommands.o
LOAD c:/NXP/bstudio_nxp/workspace/JN-AN-1171-ZigBee-LightLink-Demo/Controller_NonColorController/Build/ElectricalMeasurement.o
LOAD c:/NXP/bstudio_nxp/workspace/JN-AN-1171-ZigBee-LightLink-Demo/Controller_NonColorController/Build/Groups.o
LOAD c:/NXP/bstudio_nxp/workspace/JN-AN-1171-ZigBee-LightLink-Demo/Controller_NonColorController/Build/GroupsClientCommands.o
LOAD c:/NXP/bstudio_nxp/workspace/JN-AN-1171-ZigBee-LightLink-Demo/Controller_NonColorController/Build/GroupsCommandHandler.o
LOAD c:/NXP/bstudio_nxp/workspace/JN-AN-1171-ZigBee-LightLink-Demo/Controller_NonColorController/Build/GroupsServerCommands.o
LOAD c:/NXP/bstudio_nxp/workspace/JN-AN-1171-ZigBee-LightLink-Demo/Controller_NonColorController/Build/GroupsTableManager.o
LOAD c:/NXP/bstudio_nxp/workspace/JN-AN-1171-ZigBee-LightLink-Demo/Controller_NonColorController/Build/Identify.o
LOAD c:/NXP/bstudio_nxp/workspace/JN-AN-1171-ZigBee-LightLink-Demo/Controller_NonColorController/Build/IdentifyClientCommands.o
LOAD c:/NXP/bstudio_nxp/workspace/JN-AN-1171-ZigBee-LightLink-Demo/Controller_NonColorController/Build/IdentifyCommandHandler.o
LOAD c:/NXP/bstudio_nxp/workspace/JN-AN-1171-ZigBee-LightLink-Demo/Controller_NonColorController/Build/IdentifyServerCommands.o
LOAD c:/NXP/bstudio_nxp/workspace/JN-AN-1171-ZigBee-LightLink-Demo/Controller_NonColorController/Build/LevelControl.o
LOAD c:/NXP/bstudio_nxp/workspace/JN-AN-1171-ZigBee-LightLink-Demo/Controller_NonColorController/Build/LevelControlClientCommands.o
LOAD c:/NXP/bstudio_nxp/workspace/JN-AN-1171-ZigBee-LightLink-Demo/Controller_NonColorController/Build/LevelControlCommandHandler.o
LOAD c:/NXP/bstudio_nxp/workspace/JN-AN-1171-ZigBee-LightLink-Demo/Controller_NonColorController/Build/MultistateInputBasic.o
LOAD c:/NXP/bstudio_nxp/workspace/JN-AN-1171-ZigBee-LightLink-Demo/Controller_NonColorController/Build/MultistateOutputBasic.o
LOAD c:/NXP/bstudio_nxp/workspace/JN-AN-1171-ZigBee-LightLink-Demo/Controller_NonColorController/Build/OOSC.o
LOAD c:/NXP/bstudio_nxp/workspace/JN-AN-1171-ZigBee-LightLink-Demo/Controller_NonColorController/Build/OnOff.o
LOAD c:/NXP/bstudio_nxp/workspace/JN-AN-1171-ZigBee-LightLink-Demo/Controller_NonColorController/Build/OnOffCommandHandler.o
LOAD c:/NXP/bstudio_nxp/workspace/JN-AN-1171-ZigBee-LightLink-Demo/Controller_NonColorController/Build/OnOffCommands.o
LOAD c:/NXP/bstudio_nxp/workspace/JN-AN-1171-ZigBee-LightLink-Demo/Controller_NonColorController/Build/PollControl.o
LOAD c:/NXP/bstudio_nxp/workspace/JN-AN-1171-ZigBee-LightLink-Demo/Controller_NonColorController/Build/PollControlClientCommands.o
LOAD c:/NXP/bstudio_nxp/workspace/JN-AN-1171-ZigBee-LightLink-Demo/Controller_NonColorController/Build/PollControlCommandHandler.o
LOAD c:/NXP/bstudio_nxp/workspace/JN-AN-1171-ZigBee-LightLink-Demo/Controller_NonColorController/Build/PollControlServerCommands.o
LOAD c:/NXP/bstudio_nxp/workspace/JN-AN-1171-ZigBee-LightLink-Demo/Controller_NonColorController/Build/PowerConfiguration.o
LOAD c:/NXP/bstudio_nxp/workspace/JN-AN-1171-ZigBee-LightLink-Demo/Controller_NonColorController/Build/Scenes.o
LOAD c:/NXP/bstudio_nxp/workspace/JN-AN-1171-ZigBee-LightLink-Demo/Controller_NonColorController/Build/ScenesClientCommands.o
LOAD c:/NXP/bstudio_nxp/workspace/JN-AN-1171-ZigBee-LightLink-Demo/Controller_NonColorController/Build/ScenesClusterManagement.o
LOAD c:/NXP/bstudio_nxp/workspace/JN-AN-1171-ZigBee-LightLink-Demo/Controller_NonColorController/Build/ScenesCommandHandler.o
LOAD c:/NXP/bstudio_nxp/workspace/JN-AN-1171-ZigBee-LightLink-Demo/Controller_NonColorController/Build/ScenesServerCommands.o
LOAD c:/NXP/bstudio_nxp/workspace/JN-AN-1171-ZigBee-LightLink-Demo/Controller_NonColorController/Build/ScenesTableManager.o
LOAD c:/NXP/bstudio_nxp/workspace/JN-AN-1171-ZigBee-LightLink-Demo/Controller_NonColorController/Build/TC.o
LOAD c:/NXP/bstudio_nxp/workspace/JN-AN-1171-ZigBee-LightLink-Demo/Controller_NonColorController/Build/Time.o
LOAD c:/NXP/bstudio_nxp/workspace/JN-AN-1171-ZigBee-LightLink-Demo/Controller_NonColorController/Build/zll_CommissionCmdHandler.o
LOAD c:/NXP/bstudio_nxp/workspace/JN-AN-1171-ZigBee-LightLink-Demo/Controller_NonColorController/Build/zll_UtilityCmdHandler.o
LOAD c:/NXP/bstudio_nxp/workspace/JN-AN-1171-ZigBee-LightLink-Demo/Controller_NonColorController/Build/zll_commission.o
LOAD c:/NXP/bstudio_nxp/workspace/JN-AN-1171-ZigBee-LightLink-Demo/Controller_NonColorController/Build/zll_utility.o
LOAD c:/NXP/bstudio_nxp/workspace/JN-AN-1171-ZigBee-LightLink-Demo/Controller_NonColorController/Build/colour_light.o
LOAD c:/NXP/bstudio_nxp/workspace/JN-AN-1171-ZigBee-LightLink-Demo/Controller_NonColorController/Build/colour_remote.o
LOAD c:/NXP/bstudio_nxp/workspace/JN-AN-1171-ZigBee-LightLink-Demo/Controller_NonColorController/Build/colour_scene_remote.o
LOAD c:/NXP/bstudio_nxp/workspace/JN-AN-1171-ZigBee-LightLink-Demo/Controller_NonColorController/Build/colour_temperature_light.o
LOAD c:/NXP/bstudio_nxp/workspace/JN-AN-1171-ZigBee-LightLink-Demo/Controller_NonColorController/Build/commission_endpoint.o
LOAD c:/NXP/bstudio_nxp/workspace/JN-AN-1171-ZigBee-LightLink-Demo/Controller_NonColorController/Build/control_bridge.o
LOAD c:/NXP/bstudio_nxp/workspace/JN-AN-1171-ZigBee-LightLink-Demo/Controller_NonColorController/Build/dimmable_light.o
LOAD c:/NXP/bstudio_nxp/workspace/JN-AN-1171-ZigBee-LightLink-Demo/Controller_NonColorController/Build/dimmable_plug.o
LOAD c:/NXP/bstudio_nxp/workspace/JN-AN-1171-ZigBee-LightLink-Demo/Controller_NonColorController/Build/extended_colour_light.o
LOAD c:/NXP/bstudio_nxp/workspace/JN-AN-1171-ZigBee-LightLink-Demo/Controller_NonColorController/Build/non_colour_remote.o
LOAD c:/NXP/bstudio_nxp/workspace/JN-AN-1171-ZigBee-LightLink-Demo/Controller_NonColorController/Build/non_colour_scene_remote.o
LOAD c:/NXP/bstudio_nxp/workspace/JN-AN-1171-ZigBee-LightLink-Demo/Controller_NonColorController/Build/on_off_light.o
LOAD c:/NXP/bstudio_nxp/workspace/JN-AN-1171-ZigBee-LightLink-Demo/Controller_NonColorController/Build/on_off_plug.o
LOAD c:/NXP/bstudio_nxp/workspace/JN-AN-1171-ZigBee-LightLink-Demo/Controller_NonColorController/Build/on_off_sensor.o
LOAD c:/NXP/bstudio_nxp/workspace/JN-AN-1171-ZigBee-LightLink-Demo/Controller_NonColorController/Build/zll.o
LOAD c:/NXP/bstudio_nxp/workspace/JN-AN-1171-ZigBee-LightLink-Demo/Controller_NonColorController/Build/BallastConfiguration.o
LOAD c:/NXP/bstudio_nxp/workspace/JN-AN-1171-ZigBee-LightLink-Demo/Controller_NonColorController/Build/ColourControl.o
LOAD c:/NXP/bstudio_nxp/workspace/JN-AN-1171-ZigBee-LightLink-Demo/Controller_NonColorController/Build/ColourControlClientCommands.o
LOAD c:/NXP/bstudio_nxp/workspace/JN-AN-1171-ZigBee-LightLink-Demo/Controller_NonColorController/Build/ColourControlCommandHandler.o
LOAD c:/NXP/bstudio_nxp/workspace/JN-AN-1171-ZigBee-LightLink-Demo/Controller_NonColorController/Build/ColourControlConversions.o
LOAD c:/NXP/bstudio_nxp/workspace/JN-AN-1171-ZigBee-LightLink-Demo/Controller_NonColorController/Build/dlist.o
LOAD c:/NXP/bstudio_nxp/workspace/JN-AN-1171-ZigBee-LightLink-Demo/Controller_NonColorController/Build/zcl.o
LOAD c:/NXP/bstudio_nxp/workspace/JN-AN-1171-ZigBee-LightLink-Demo/Controller_NonColorController/Build/zcl_CustomCommandReceive.o
LOAD c:/NXP/bstudio_nxp/workspace/JN-AN-1171-ZigBee-LightLink-Demo/Controller_NonColorController/Build/zcl_CustomCommandSend.o
LOAD c:/NXP/bstudio_nxp/workspace/JN-AN-1171-ZigBee-LightLink-Demo/Controller_NonColorController/Build/zcl_PDUbufferReadWrite.o
LOAD c:/NXP/bstudio_nxp/workspace/JN-AN-1171-ZigBee-LightLink-Demo/Controller_NonColorController/Build/zcl_PDUbufferReadWriteString.o
LOAD c:/NXP/bstudio_nxp/workspace/JN-AN-1171-ZigBee-LightLink-Demo/Controller_NonColorController/Build/zcl_WriteAttributesRequestHandle.o
LOAD c:/NXP/bstudio_nxp/workspace/JN-AN-1171-ZigBee-LightLink-Demo/Controller_NonColorController/Build/zcl_WriteAttributesRequestSend.o
LOAD c:/NXP/bstudio_nxp/workspace/JN-AN-1171-ZigBee-LightLink-Demo/Controller_NonColorController/Build/zcl_WriteAttributesResponseHandle.o
LOAD c:/NXP/bstudio_nxp/workspace/JN-AN-1171-ZigBee-LightLink-Demo/Controller_NonColorController/Build/zcl_attribute.o
LOAD c:/NXP/bstudio_nxp/workspace/JN-AN-1171-ZigBee-LightLink-Demo/Controller_NonColorController/Build/zcl_buffer.o
LOAD c:/NXP/bstudio_nxp/workspace/JN-AN-1171-ZigBee-LightLink-Demo/Controller_NonColorController/Build/zcl_clusterCommand.o
LOAD c:/NXP/bstudio_nxp/workspace/JN-AN-1171-ZigBee-LightLink-Demo/Controller_NonColorController/Build/zcl_command.o
LOAD c:/NXP/bstudio_nxp/workspace/JN-AN-1171-ZigBee-LightLink-Demo/Controller_NonColorController/Build/zcl_configureReportingCommandHandle.o
LOAD c:/NXP/bstudio_nxp/workspace/JN-AN-1171-ZigBee-LightLink-Demo/Controller_NonColorController/Build/zcl_configureReportingCommandSend.o
LOAD c:/NXP/bstudio_nxp/workspace/JN-AN-1171-ZigBee-LightLink-Demo/Controller_NonColorController/Build/zcl_configureReportingResponseHandle.o
LOAD c:/NXP/bstudio_nxp/workspace/JN-AN-1171-ZigBee-LightLink-Demo/Controller_NonColorController/Build/zcl_defaultResponse.o
LOAD c:/NXP/bstudio_nxp/workspace/JN-AN-1171-ZigBee-LightLink-Demo/Controller_NonColorController/Build/zcl_discoverAttributesExtendedRequestHandle.o
LOAD c:/NXP/bstudio_nxp/workspace/JN-AN-1171-ZigBee-LightLink-Demo/Controller_NonColorController/Build/zcl_discoverAttributesExtendedRequestSend.o
LOAD c:/NXP/bstudio_nxp/workspace/JN-AN-1171-ZigBee-LightLink-Demo/Controller_NonColorController/Build/zcl_discoverAttributesExtendedResponseHandle.o
LOAD c:/NXP/bstudio_nxp/workspace/JN-AN-1171-ZigBee-LightLink-Demo/Controller_NonColorController/Build/zcl_discoverAttributesRequestHandle.o
LOAD c:/NXP/bstudio_nxp/workspace/JN-AN-1171-ZigBee-LightLink-Demo/Controller_NonColorController/Build/zcl_discoverAttributesRequestSend.o
LOAD c:/NXP/bstudio_nxp/workspace/JN-AN-1171-ZigBee-LightLink-Demo/Controller_NonColorController/Build/zcl_discoverAttributesResponseHandle.o
LOAD c:/NXP/bstudio_nxp/workspace/JN-AN-1171-ZigBee-LightLink-Demo/Controller_NonColorController/Build/zcl_discoverCommandsRequestHandle.o
LOAD c:/NXP/bstudio_nxp/workspace/JN-AN-1171-ZigBee-LightLink-Demo/Controller_NonColorController/Build/zcl_discoverCommandsRequestSend.o
LOAD c:/NXP/bstudio_nxp/workspace/JN-AN-1171-ZigBee-LightLink-Demo/Controller_NonColorController/Build/zcl_discoverCommandsResponseHandle.o
LOAD c:/NXP/bstudio_nxp/workspace/JN-AN-1171-ZigBee-LightLink-Demo/Controller_NonColorController/Build/zcl_event.o
LOAD c:/NXP/bstudio_nxp/workspace/JN-AN-1171-ZigBee-LightLink-Demo/Controller_NonColorController/Build/zcl_heap.o
LOAD c:/NXP/bstudio_nxp/workspace/JN-AN-1171-ZigBee-LightLink-Demo/Controller_NonColorController/Build/zcl_library_options.o
LOAD c:/NXP/bstudio_nxp/workspace/JN-AN-1171-ZigBee-LightLink-Demo/Controller_NonColorController/Build/zcl_readAttributesRequestHandle.o
LOAD c:/NXP/bstudio_nxp/workspace/JN-AN-1171-ZigBee-LightLink-Demo/Controller_NonColorController/Build/zcl_readAttributesRequestSend.o
LOAD c:/NXP/bstudio_nxp/workspace/JN-AN-1171-ZigBee-LightLink-Demo/Controller_NonColorController/Build/zcl_readAttributesResponseHandle.o
LOAD c:/NXP/bstudio_nxp/workspace/JN-AN-1171-ZigBee-LightLink-Demo/Controller_NonColorController/Build/zcl_readReportingConfigurationCommandHandle.o
LOAD c:/NXP/bstudio_nxp/workspace/JN-AN-1171-ZigBee-LightLink-Demo/Controller_NonColorController/Build/zcl_readReportingConfigurationCommandSend.o
LOAD c:/NXP/bstudio_nxp/workspace/JN-AN-1171-ZigBee-LightLink-Demo/Controller_NonColorController/Build/zcl_readReportingConfigurationResponseHandle.o
LOAD c:/NXP/bstudio_nxp/workspace/JN-AN-1171-ZigBee-LightLink-Demo/Controller_NonColorController/Build/zcl_reportManager.o
LOAD c:/NXP/bstudio_nxp/workspace/JN-AN-1171-ZigBee-LightLink-Demo/Controller_NonColorController/Build/zcl_reportMaths.o
LOAD c:/NXP/bstudio_nxp/workspace/JN-AN-1171-ZigBee-LightLink-Demo/Controller_NonColorController/Build/zcl_reportScheduler.o
LOAD c:/NXP/bstudio_nxp/workspace/JN-AN-1171-ZigBee-LightLink-Demo/Controller_NonColorController/Build/zcl_reportStringHandling.o
LOAD c:/NXP/bstudio_nxp/workspace/JN-AN-1171-ZigBee-LightLink-Demo/Controller_NonColorController/Build/zcl_reportStructure.o
LOAD c:/NXP/bstudio_nxp/workspace/JN-AN-1171-ZigBee-LightLink-Demo/Controller_NonColorController/Build/zcl_search.o
LOAD c:/NXP/bstudio_nxp/workspace/JN-AN-1171-ZigBee-LightLink-Demo/Controller_NonColorController/Build/zcl_timer.o
LOAD c:/NXP/bstudio_nxp/workspace/JN-AN-1171-ZigBee-LightLink-Demo/Controller_NonColorController/Build/zcl_transmit.o
LOAD c:/NXP/bstudio_nxp/sdk/JN-SW-4168/Components/Library\libZPSMAC_Mini_JN516x.a
LOAD c:/NXP/bstudio_nxp/sdk/JN-SW-4168/Components/Library\libOS_JN516x.a
LOAD c:/NXP/bstudio_nxp/sdk/JN-SW-4168/Components/Library\libPWRM_JN516x.a
LOAD c:/NXP/bstudio_nxp/sdk/JN-SW-4168/Components/Library\libZPSTSV_JN516x.a
LOAD c:/NXP/bstudio_nxp/sdk/JN-SW-4168/Components/Library\libAES_SW_JN516x.a
LOAD c:/NXP/bstudio_nxp/sdk/JN-SW-4168/Components/Library\libPDUM_JN516x.a
LOAD c:/NXP/bstudio_nxp/sdk/JN-SW-4168/Components/Library\libZPSAPL_JN516x.a
LOAD c:/NXP/bstudio_nxp/sdk/JN-SW-4168/Components/Library\libRandom_JN516x.a
LOAD c:/NXP/bstudio_nxp/sdk/JN-SW-4168/Components/Library\libPDM_EEPROM_JN516x.a
LOAD c:/NXP/bstudio_nxp/sdk/JN-SW-4168/Components/Library\libDBG_JN516x.a
LOAD c:/NXP/bstudio_nxp/sdk/JN-SW-4168/Components/Library\libZPSZLL_ZED_JN516x.a
LOAD c:/NXP/bstudio_nxp/sdk/JN-SW-4168/Components/Library\libZPSNWK_ZED_JN516x.a
LOAD c:/NXP/bstudio_nxp/sdk/JN-SW-4168/Components/Library\libMiniMac_JN516x.a
LOAD c:/NXP/bstudio_nxp/sdk/JN-SW-4168/Components/Library\libMiniMacShim_JN516x.a
LOAD c:/NXP/bstudio_nxp/sdk/JN-SW-4168/Components/Library\libMMAC_JN516x.a
LOAD c:/NXP/bstudio_nxp/sdk/JN-SW-4168/Components/Library\libAes_JN516x.a
LOAD c:/NXP/bstudio_nxp/sdk/JN-SW-4168/Components/Library\libHardwareApi_JN516x.a
LOAD c:/NXP/bstudio_nxp/sdk/JN-SW-4168/Components/Library\libMicroSpecific_JN516x.a
LOAD c:/NXP/bstudio_nxp/sdk/JN-SW-4168/Components/Library\libBoot_JN516x.a
LOAD c:/NXP/bstudio_nxp/sdk/JN-SW-4168/Platform/DK2/Library\libBoardLib_JN516x.a
LOAD c:/nxp/bstudio_nxp/sdk/tools/ba-elf-ba2-r36379/bin/../lib/gcc/ba-elf/4.7.4/../../../../ba-elf/lib/mcpu_jn51xx_sizeopt\libm.a
END GROUP
LOAD c:/nxp/bstudio_nxp/sdk/tools/ba-elf-ba2-r36379/bin/../lib/gcc/ba-elf/4.7.4/../../../../ba-elf/lib/mcpu_jn51xx_sizeopt\libc.a
LOAD c:/nxp/bstudio_nxp/sdk/tools/ba-elf-ba2-r36379/bin/../lib/gcc/ba-elf/4.7.4/mcpu_jn51xx_sizeopt\libgcc.a
LOAD c:/nxp/bstudio_nxp/sdk/tools/ba-elf-ba2-r36379/bin/../lib/gcc/ba-elf/4.7.4/../../../../ba-elf/lib/mcpu_jn51xx_sizeopt\libc.a
                0x0000000000080038                _exception_vsr_table = 0x80038
                0x0000000004000000                pSPIflashFncTable = 0x4000000
                0x0000000000000044                restore_state = 0x44
                0x000000000000004a                bZSPIWaitWIPClear = 0x4a
                0x0000000000000050                u16ZSPIflashRDID = 0x50
                0x0000000000000056                u8SelectFlashChipType = 0x56
                0x000000000000005c                memcpy = 0x5c
                0x0000000000000066                vBootFlashProg = 0x66
                [0x00000000000007d0]                __minimum_heap_size = DEFINED (__minimum_heap_size)?__minimum_heap_size:0xd16
                [0x0000000000001388]                __stack_size = DEFINED (__stack_size)?__stack_size:0x800
                0x0000000000000000                _SwConfig = (DEFINED (g_bSWConf_Debug) | (DEFINED (g_bSWConf_AltDebugPort) << 0x1))

.version        0x000000000007fffc        0x4
                0x000000000007fffc        0x4 LONG 0x7030008

.bir            0x0000000000080000       0x10
                0x0000000000080000                _flash_start = ABSOLUTE (.)
                0x0000000000080000                _flash_beg = ABSOLUTE (.)
                0x0000000000080000        0x4 LONG 0x12345678
                0x0000000000080004        0x4 LONG 0x11223344
                0x0000000000080008        0x4 LONG 0x55667788
                0x000000000008000c        0x1 BYTE 0x8
                0x000000000008000d        0x1 BYTE 0x1
                0x000000000008000e        0x2 SHORT 0x0

.flashheader    0x0000000000080010       0x28
                0x0000000000080010        0x4 LONG 0x0
                0x0000000000080014        0x4 LONG 0x0
                0x0000000000080018        0x4 LONG 0x0
                0x000000000008001c        0x2 SHORT 0x0
                0x000000000008001e        0x2 SHORT 0x0 ABSOLUTE (_SwConfig)
                0x0000000000080020                _enc_start = ABSOLUTE (.)
                0x0000000000080020        0x4 LONG 0x20694 ABSOLUTE (_image_len)
                0x0000000000080024        0x4 LONG 0x9ff38 ABSOLUTE (_flash_data_start)
                0x0000000000080028        0x2 SHORT 0x13 ((ABSOLUTE (_ram_data_start) / 0x4) & 0xffff)
                0x000000000008002a        0x2 SHORT 0x1d7 ((ABSOLUTE (_ram_data_len) / 0x4) & 0xffff)
                0x000000000008002c        0x2 SHORT 0x1ea ((ABSOLUTE (_bss_start) / 0x4) & 0xffff)
                0x000000000008002e        0x2 SHORT 0xd93 ((ABSOLUTE (_bss_len) / 0x4) & 0xffff)
                0x0000000000080030        0x4 LONG 0x9e645 ABSOLUTE (AppWarmStart)
                0x0000000000080034        0x4 LONG 0x9e65f ABSOLUTE (AppColdStart)
                0x0000000000000000                _enc_offset = (_enc_start & 0xf)

.ro_mac_address
                0x0000000000080040        0x0
                0x0000000000080040                _FlsMACAddress = ABSOLUTE (.)
 *(.ro_mac_address)
                0x0000000000080040                . = ALIGN (0x10)

.ro_ota_header  0x0000000000080040        0x0
                0x0000000000080040                _FlsOtaHeader = ABSOLUTE (.)
 *(.ro_ota_header)
                0x0000000000080040                . = ALIGN (0x10)

.ro_se_lnkKey   0x0000000000080040        0x0
                0x0000000000080040                _FlsLinkKey = ABSOLUTE (.)
 *(.ro_se_lnkKey)
                0x0000000000080040                . = ALIGN (0x10)

.rodata         0x0000000000080038     0x1f2b
 *(.rodata*)
 .rodata.str1.1
                0x0000000000080038      0x240 C:\Users\Gillis\AppData\Local\Temp\ccBeNjTA.ltrans0.ltrans.o
 .rodata        0x0000000000080278       0x7c C:\Users\Gillis\AppData\Local\Temp\ccBeNjTA.ltrans0.ltrans.o
                0x0000000000080278                gMAC_u8MaxBuffers
                0x000000000008027c                g_u32ApsFcSaveCountBitShift
                0x0000000000080280                u8MaxZpsConfigEp
                0x0000000000080281                au8EpMapPresent
                0x0000000000080284                s_groupPdmTable
 .rodata.str1.1
                0x00000000000802f4      0x683 C:\Users\Gillis\AppData\Local\Temp\ccBeNjTA.ltrans1.ltrans.o
 .rodata        0x0000000000080977       0xff C:\Users\Gillis\AppData\Local\Temp\ccBeNjTA.ltrans1.ltrans.o
 .rodata.str1.1
                0x0000000000000000      0x683 C:\Users\Gillis\AppData\Local\Temp\ccBeNjTA.ltrans2.ltrans.o
                                          0x3 (size before relaxing)
 .rodata        0x0000000000080a76       0x1b C:\Users\Gillis\AppData\Local\Temp\ccBeNjTA.ltrans2.ltrans.o
 .rodata.str1.1
                0x0000000000080a91        0x5 C:\Users\Gillis\AppData\Local\Temp\ccBeNjTA.ltrans4.ltrans.o
                                          0x8 (size before relaxing)
 *fill*         0x0000000000080a96        0x2 00
 .rodata        0x0000000000080a98       0x2c C:\Users\Gillis\AppData\Local\Temp\ccBeNjTA.ltrans4.ltrans.o
 .rodata.str1.1
                0x0000000000080ac4        0x5 C:\Users\Gillis\AppData\Local\Temp\ccBeNjTA.ltrans5.ltrans.o
 .rodata.str1.1
                0x0000000000080ac9       0x4e C:\Users\Gillis\AppData\Local\Temp\ccBeNjTA.ltrans6.ltrans.o
                                         0x7b (size before relaxing)
 .rodata.str1.1
                0x0000000000080b17      0x257 C:\Users\Gillis\AppData\Local\Temp\ccBeNjTA.ltrans7.ltrans.o
                                        0x28a (size before relaxing)
 *fill*         0x0000000000080d6e        0x2 00
 .rodata        0x0000000000080d70        0x8 C:\Users\Gillis\AppData\Local\Temp\ccBeNjTA.ltrans7.ltrans.o
                0x0000000000080d70                au32UartAddrOffset
 .rodata.str1.1
                0x0000000000000000      0x257 C:\Users\Gillis\AppData\Local\Temp\ccBeNjTA.ltrans8.ltrans.o
                                         0x1a (size before relaxing)
 .rodata        0x0000000000080d78        0x6 C:\Users\Gillis\AppData\Local\Temp\ccBeNjTA.ltrans8.ltrans.o
 *fill*         0x0000000000080d7e        0x2 00
 .rodata        0x0000000000080d80      0x328 C:\Users\Gillis\AppData\Local\Temp\ccBeNjTA.ltrans9.ltrans.o
                0x0000000000080f90                gu32ZCLVersion
                0x0000000000080f94                OS_g_u32Version
                0x0000000000080f98                PDUM_g_u32Version
                0x0000000000080f9c                ZPS_g_u32MacVersion
                0x0000000000080fa0                ZPS_g_u32TsvVersion
 .rodata        0x00000000000810a8       0x18 C:\Users\Gillis\AppData\Local\Temp\ccBeNjTA.ltrans10.ltrans.o
                0x00000000000810a8                au32NwkPdmRecordOffsets
 .rodata        0x00000000000810c0       0x1c C:\Users\Gillis\AppData\Local\Temp\ccBeNjTA.ltrans11.ltrans.o
                0x00000000000810c0                CSWTCH.49.136184.136184
                0x00000000000810c8                au32TimerBaseAddress
 .rodata.str1.1
                0x00000000000810dc       0x1c C:\Users\Gillis\AppData\Local\Temp\ccBeNjTA.ltrans12.ltrans.o
                                         0x34 (size before relaxing)
 .rodata.str1.1
                0x00000000000810f8        0x4 C:\Users\Gillis\AppData\Local\Temp\ccBeNjTA.ltrans13.ltrans.o
                                         0x13 (size before relaxing)
 .rodata        0x00000000000810fc      0x184 C:\Users\Gillis\AppData\Local\Temp\ccBeNjTA.ltrans14.ltrans.o
                0x0000000000081104                s_apsStSceTbl.120092
                0x0000000000081118                s_aprIdleStHandleCme.128112
                0x0000000000081128                s_aprActvStHandleCme.124998
                0x0000000000081140                s_apsStSmeTbl.120155
                0x0000000000081154                bRxOnOptimisationTurnedOff
                0x0000000000081158                zps_sJoinSceTbl
                0x0000000000081164                zps_sActvSceTbl
                0x0000000000081170                zps_sDiscSmeTbl
                0x000000000008117c                zps_sJoinSmeTbl
                0x0000000000081188                zps_sActvSmeTbl
 .rodata.str1.1
                0x0000000000081280       0x96 C:\Users\Gillis\AppData\Local\Temp\ccBeNjTA.ltrans15.ltrans.o
 .rodata.str1.1
                0x0000000000081316       0x40 C:\Users\Gillis\AppData\Local\Temp\ccBeNjTA.ltrans16.ltrans.o
 .rodata.str1.1
                0x0000000000081356        0x5 C:\Users\Gillis\AppData\Local\Temp\ccBeNjTA.ltrans17.ltrans.o
                                         0x17 (size before relaxing)
 .rodata.str1.1
                0x000000000008135b      0x278 C:\Users\Gillis\AppData\Local\Temp\ccBeNjTA.ltrans18.ltrans.o
                                        0x285 (size before relaxing)
 .rodata        0x00000000000815d3       0x11 C:\Users\Gillis\AppData\Local\Temp\ccBeNjTA.ltrans18.ltrans.o
                0x00000000000815d3                g_bReverToOldParent
 .rodata.str1.1
                0x00000000000815e4        0xc C:\Users\Gillis\AppData\Local\Temp\ccBeNjTA.ltrans19.ltrans.o
                                          0xf (size before relaxing)
 .rodata.str1.1
                0x00000000000815f0      0x234 C:\Users\Gillis\AppData\Local\Temp\ccBeNjTA.ltrans21.ltrans.o
                                        0x238 (size before relaxing)
 .rodata        0x0000000000081824        0x8 C:\Users\Gillis\AppData\Local\Temp\ccBeNjTA.ltrans21.ltrans.o
                0x0000000000081824                au8ZLLChannelSet
 .rodata.str1.1
                0x000000000008182c      0x136 C:\Users\Gillis\AppData\Local\Temp\ccBeNjTA.ltrans22.ltrans.o
                                        0x137 (size before relaxing)
 .rodata.str1.1
                0x0000000000081962       0x41 C:\Users\Gillis\AppData\Local\Temp\ccBeNjTA.ltrans23.ltrans.o
                                         0x67 (size before relaxing)
 .rodata.str1.1
                0x0000000000000000        0x7 C:\Users\Gillis\AppData\Local\Temp\ccBeNjTA.ltrans24.ltrans.o
 *fill*         0x00000000000819a3        0x1 00
 .rodata        0x00000000000819a4       0x4c C:\Users\Gillis\AppData\Local\Temp\ccBeNjTA.ltrans24.ltrans.o
                0x00000000000819a4                g_u32NwkFcSaveCountBitShift
 .rodata.str1.1
                0x0000000000000000       0x41 C:\Users\Gillis\AppData\Local\Temp\ccBeNjTA.ltrans25.ltrans.o
                                          0x8 (size before relaxing)
 .rodata        0x00000000000819f0       0x18 C:\Users\Gillis\AppData\Local\Temp\ccBeNjTA.ltrans26.ltrans.o
 .rodata.str1.1
                0x0000000000081a08       0x11 C:\Users\Gillis\AppData\Local\Temp\ccBeNjTA.ltrans27.ltrans.o
                                         0x19 (size before relaxing)
 .rodata.str1.1
                0x0000000000081a19        0x7 C:\Users\Gillis\AppData\Local\Temp\ccBeNjTA.ltrans28.ltrans.o
                                         0x11 (size before relaxing)
 .rodata.str1.1
                0x0000000000081a20      0x14c C:\Users\Gillis\AppData\Local\Temp\ccBeNjTA.ltrans29.ltrans.o
                                        0x14e (size before relaxing)
 .rodata        0x0000000000081b6c      0x3b8 C:\Users\Gillis\AppData\Local\Temp\ccBeNjTA.ltrans29.ltrans.o
                0x0000000000081b6c                zps_g_pvApl
                0x0000000000081b70                u32HeapEnd
 .rodata.str1.1
                0x0000000000081f24       0x3f C:\Users\Gillis\AppData\Local\Temp\ccBeNjTA.ltrans30.ltrans.o
                                         0x6f (size before relaxing)
 .rodata.str1.1
                0x0000000000000000       0x3f C:\Users\Gillis\AppData\Local\Temp\ccBeNjTA.ltrans31.ltrans.o
                                          0x4 (size before relaxing)

.text           0x0000000000081f68    0x1dfce
 *(.text*)
 .text          0x0000000000081f68     0x19cc C:\Users\Gillis\AppData\Local\Temp\ccBeNjTA.ltrans0.ltrans.o
                0x0000000000081f68                vInitialiseApp.3336
                0x0000000000081f68                APP_TIMER_Version_1v0
 .text          0x0000000000083934     0x1c7c C:\Users\Gillis\AppData\Local\Temp\ccBeNjTA.ltrans1.ltrans.o
                0x0000000000083934                os_vAPP_Commission_Task
 .text          0x00000000000855b0     0x17da C:\Users\Gillis\AppData\Local\Temp\ccBeNjTA.ltrans2.ltrans.o
                0x00000000000855b0                vMMAC_IntHandlerBbc
                0x00000000000855ca                eBasicTxCompleteHandler
                0x00000000000855cf                vTxRxTimeout.134282
                0x000000000008562c                zps_eNwkHandleSmeOrphanInd
                0x0000000000085633                eSmeASFlBeaconInd.126762
                0x0000000000085655                eSmeUDNTScanDcfm.126217
                0x0000000000085671                vNwkMcpsTimerCallback
                0x000000000008568b                zps_eSceGenlIllegal
                0x0000000000085692                zps_eSmeGenlIllegal
                0x0000000000085699                DBG_vUartFailedAssert
                0x000000000008569d                psGetVsMcpsBuf.73973
                0x00000000000856a6                psGetMlmeBuf.73966
                0x00000000000856ed                psGetNlmeBuf.57836
                0x00000000000856f7                psGetNldeBuf.57857
                0x0000000000085701                psGetApsmeBuf.57843
                0x000000000008570a                psGetApsdeBuf.57850
                0x0000000000085710                vLoopbackTimerCallback
                0x000000000008573f                bIssueACIcommand
                0x00000000000857d5                vACI_CmdWaitBusy
                0x00000000000857e2                vEcbEncodeStripe.135728
                0x0000000000085839                psSearchForFrameToSend
                0x0000000000085890                eMiniMac_FrameInProgress
                0x00000000000858bb                vRemoveFromTxQueue
                0x00000000000858f7                vAddToTxQueue
                0x000000000008592d                u8GetHeaderSize
                0x0000000000085955                vMiniMac_PLME_SetReq_CcaMode
                0x0000000000085969                vMiniMac_MLME_SetReq_MaxCsmaBackoffs
                0x0000000000085989                vMiniMac_MLME_SetReq_MaxBe
                0x00000000000859ac                vMiniMac_MLME_SetReq_MinBe
                0x00000000000859cf                zps_psNwkSlistRemoveFromHead
                0x00000000000859e6                zps_psNwkSlistRemove
                0x0000000000085a1e                zps_bNwkMcpsMgrRemoveDescrFromLists
                0x0000000000085a5c                zps_vNwkSlistAddToTail
                0x0000000000085a76                zps_vNwkSecClearMatSet
                0x0000000000085aa0                ZPS_bNwkSecHaveNetworkKey
                0x0000000000085ad4                ZPS_bNwkSecFindMatSet
                0x0000000000085b10                ZPS_u8NwkNibNtDiscMatch
                0x0000000000085bcc                zps_vNwkFreeMcpsHandle
                0x0000000000085bf6                ZPS_u64NwkNibGetMappedIeeeAddr
                0x0000000000085c18                ZPS_vNwkSecResetDevice
                0x0000000000085c5d                ZPS_bNwkNibNtActvMatch
                0x0000000000085d0c                bCheckNwkAddr
                0x0000000000085d55                ZPS_vSetExtendedStatus
                0x0000000000085d58                zps_psApsApsAllocateDcfmRecord
                0x0000000000085dbd                zps_u64NwkLibFromPayload
                0x0000000000085f5a                eSmeAcScBeaconInd.126770
                0x0000000000086062                eSmeUDNTBeaconInd.126746
                0x0000000000086085                zps_vNwkLibU64ToPayload
                0x00000000000860b2                zps_vInitBeaconPayload
                0x000000000008612e                zps_eNwkDcfmIndPost
                0x0000000000086150                zps_psNwkDcfmIndGetBuf
                0x0000000000086172                zps_eNwkHandleSmePollDcfm
                0x000000000008619c                eSmeEdScScanDcfm.126750
                0x00000000000861e5                eSmeGenlScanDcfm.126754
                0x0000000000086243                eNldeDataDcfm.121987
                0x0000000000086273                zps_vSendNwkStatusInd
                0x00000000000862a3                DBG_vInit
                0x00000000000862e5                vPDM_ReadBitmapHeader.113689
                0x0000000000086304                psSLISTsearch
                0x0000000000086344                psSLISTremove
                0x00000000000863c2                vSLISTaddToTail
                0x00000000000863e1                psSLISTgetNext
                0x0000000000086405                u8PDM_CalculateLargestDataRecordStored
                0x0000000000086436                bPDM_ImageBitmapRepairCheck
                0x000000000008645e                u8PDM_ReadSequenceNumber
                0x0000000000086481                boSegmentNumberDeleteSearchMatch.113259
                0x000000000008649c                u8PDM_ReadSegmentDataSize
                0x00000000000864b0                u32PDM_ReadFileSystemHeaderWearCount
                0x00000000000864c6                boSearchForWearCountSubstitute.113575
                0x00000000000864ec                boSearchForWearCountInsertPoint.112828
                0x000000000008650a                vPDM_WriteFileSystemHeaderWearCount
                0x000000000008651c                RND_u32GetRand256
                0x0000000000086539                RND_u32GetRand
                0x0000000000086560                u16CalculateFailedTxCount.89685
                0x000000000008658a                vZdoIeeeAddrServerSendExtendResponse.part.0.77805
                0x00000000000865eb                vZdoNwkAddrServerSendExtendResponse.part.0.76625
                0x000000000008664c                zps_bAplZdoServerHandleConfirmAcks
                0x0000000000086696                zps_bPerformLeaveActionDecider
                0x000000000008669b                vHandleUpdateDeviceIndication.66926
                0x00000000000866c5                bDuplicateCheck.63282
                0x00000000000867d2                zps_vAplApsInitDuplicateTable
                0x00000000000867f5                zps_vInitAPSMECmdHdr
                0x000000000008682d                bIsBindTableMatch.61850
                0x000000000008687e                eRemoveEntryInBindingTable.61878
                0x00000000000868fd                zps_vAplApsInitFragTransmitPool
                0x000000000008691e                zps_vAplApsFillAndPostApsAck
                0x0000000000086988                zps_u8AplApsFreeMsgHandle
                0x00000000000869f2                zps_vAplApsInitSyncMsgPool
                0x0000000000086a2a                zps_vAplApsInitFragReceivePool
                0x0000000000086a4d                vFillDataIndStruct.57699
                0x0000000000086aab                vFillApduErrorEvent.57692
                0x0000000000086aee                bCheckProfile.57687
                0x0000000000086b35                ZPS_bIsGroupPresent
                0x0000000000086b6d                PDUM_u16APduInstanceWriteStrNBO
                0x0000000000086cec                PDUM_eNPduReadHeaderNBO
                0x0000000000086d3f                PDUM_u16APduInstanceReadNBO
 .text          0x0000000000086d8a     0x12f5 C:\Users\Gillis\AppData\Local\Temp\ccBeNjTA.ltrans3.ltrans.o
                0x0000000000086d8a                DBG_vUartFlush
                0x0000000000086db7                DBG_vUartPutch
                0x0000000000086dfd                os_u32APP_cbGetTickTimer
                0x0000000000086e06                os_bAPP_cbSetTickTimerCompare
                0x0000000000086f05                vMMAC_RadioToOffAndWait
                0x0000000000086f22                vStartReceive
                0x0000000000086f3e                vSetChannelAndPower
                0x0000000000086fc5                vStartTransmit.134335
                0x0000000000087120                vMiniMac_PLME_SetReq_Power
                0x0000000000087134                vMiniMac_PLME_SetReq_Channel
                0x000000000008713c                vDispatch.54601
                0x000000000008720e                OS_eContinueSWTimer.constprop.45
                0x0000000000087307                OS_eStopSWTimer
                0x000000000008742a                vStopAllTimers
                0x000000000008745c                OS_eStartSWTimer
                0x000000000008757d                OS_ePostMessage
                0x00000000000876e3                os_vAPP_CommissionTimerTask
                0x00000000000876f9                OS_eActivateTask
                0x0000000000087794                vPostMlmeDcfmInd.73969
                0x0000000000087837                iPDM_ReadUserDataFromEEPROMsegment
                0x00000000000878b1                iPDM_ReCalculateWearCountAndChecksumAndWriteFileSystemHeader
                0x00000000000878fb                vPDM_SetEEPROMandFileSystemValidState
                0x0000000000087922                iPDM_ReadUserDataFromFileSystemRecord
                0x0000000000087942                vPDM_WriteFileSystemRecordAndSegmentDataIntoEEPROMsegment
                0x000000000008797d                u32TouchReadCapacitance.3581
                0x0000000000087af3                PWRM_vWakeInterruptCallback
                0x0000000000087b3f                PWRM_vManagePower
                0x0000000000087ca8                PWRM_vInit
                0x0000000000087d3a                u16ZCL_APduInstanceWriteNBO
                0x0000000000087de4                u16ZCL_WriteCommandHeader
                0x0000000000087e5c                u16ZCL_APduInstanceReadNBO
                0x0000000000087f41                u16ZCL_ReadCommandHeader.part.0.38805
                0x0000000000087fb8                u16ZCL_APduInstanceWriteStringNBO
 .text          0x000000000008807f     0x1150 C:\Users\Gillis\AppData\Local\Temp\ccBeNjTA.ltrans4.ltrans.o
                0x000000000008807f                vZdoServersInit.3022
                0x0000000000088100                DBG_iUartGetChar
                0x0000000000088150                boIdValueSearchMatch.112832
                0x0000000000088215                u16ZCL_APduInstanceReadStringNBO
                0x00000000000882ea                eZCL_GetAttributeTypeSizeFromBuffer
                0x0000000000088361                u8ZdoBindUnbindServerUnpackApdu
                0x00000000000883b0                vSetRejoinFilter
                0x00000000000883f9                ZPS_vGetDeviceCurrentData.constprop.15
                0x0000000000088478                iPDM_FilterDuplicateAppendedSegmentsOnList.114101
                0x00000000000884bc                ZPS_bIsMacAddressUsedInApsTable
                0x0000000000088572                ZPS_eTsvOpen
                0x000000000008858f                zps_vNwkBttMgrInit
                0x00000000000885bd                ZPS_vNwkNibClearTables
                0x00000000000886de                PDUM_vInit
                0x0000000000088799                vMicroIntEnableOnly.constprop.148
                0x00000000000887c5                vMiniMac_MLME_SetReq_PanId
                0x0000000000088802                vMiniMac_MLME_SetReq_ShortAddr
                0x0000000000088810                vAHI_TimerEnable.part.1.136049.constprop.128
                0x0000000000088872                pvZCL_HeapAlloc.part.0.46166.constprop.106
                0x00000000000888ab                vAHI_WakeTimerStart.part.1.136502.constprop.79
                0x00000000000888ec                vACI_OptimisedCcmStar.constprop.71
                0x0000000000088ad7                bACI_ECBencodeStripe.constprop.63
                0x0000000000088cdc                vTransformKey.isra.0.63404
                0x0000000000088d0c                vMiniMac_ReturnTxBufferCallback
                0x0000000000088d1e                bEnableReceive.134284
                0x0000000000088d5c                pvHeap_Alloc
                0x0000000000088d5f                vMicroIntRestoreState
                0x0000000000088d6b                TSV_eStart
                0x0000000000088dbb                bAHI_WriteEEPROMfixSegmentData
                0x0000000000088e19                bAHI_InitialiseEEPROM
                0x0000000000088e61                vAHI_ReadDataFromEEPROMregister
                0x0000000000088e8e                iPDM_ReadSegmentHeaderDataFromEEPROMsegment
                0x0000000000088ee7                vAHI_WriteDataIntoEEPROMregister
                0x0000000000088f17                iAHI_WriteDataIntoEEPROMsegment.constprop.132
                0x0000000000088f65                iPDM_WriteSegmentHeaderDataIntoEEPROMsegment
                0x0000000000088f94                u8AHI_WakeTimerFiredStatus
                0x0000000000088fa8                vAHI_WakeTimerStop.part.3.136514
                0x0000000000088fc8                vAHI_UartReset.part.4.136268
                0x0000000000089000                vAHI_OptimiseWaitStates
                0x000000000008904c                bAHI_GetClkSource
                0x0000000000089059                vAHI_CpuDoze
                0x000000000008906c                vAHI_SwReset
                0x000000000008909c                u32AHI_DioWakeStatus
                0x00000000000890ad                vAHI_DioSetPullup
                0x00000000000890cd                vAppSetLedState.part.0.3270
                0x00000000000890fd                vAHI_DioSetOutput
                0x0000000000089111                vAHI_DioSetDirection
                0x0000000000089125                vAHI_Sleep
 .text.unlikely
                0x00000000000891cf      0x150 C:\Users\Gillis\AppData\Local\Temp\ccBeNjTA.ltrans4.ltrans.o
                0x00000000000891e4                eEncryptKey.6823
 .text          0x000000000008931f     0x143b C:\Users\Gillis\AppData\Local\Temp\ccBeNjTA.ltrans5.ltrans.o
                0x0000000000089368                zps_vAplSaveRecord
                0x0000000000089418                zps_eAplAibSetApsUseExtendedPanId
                0x000000000008942e                zps_eAplAibSetApsChannelMask
                0x00000000000894c9                zps_bNwkFindAddIeeeAddr
                0x0000000000089647                zps_psFindKeyDescr
                0x000000000008977b                zps_eAplSecEncryptPacket
                0x000000000008986a                zps_eAplSendApsmeCmdFrame
                0x00000000000899db                ZPS_bNwkNibAddrMapAddEntry
                0x0000000000089ba2                zps_sNwkNibNtCheckJoin
                0x0000000000089e2d                zps_vNwkHandleCmeDirectJoinReq
                0x0000000000089ea7                zps_vJoinInitNtParent
                0x0000000000089ffd                zps_vCheckActvNtForDuplicate
                0x000000000008a095                eCheckAddrConflict.isra.3.119215
                0x000000000008a12b                vAplSecRemoveLinkKey.67003
                0x000000000008a1a8                ZPS_vNwkMacEntriesClear
                0x000000000008a251                ZPS_vNwkSaveAllRecords
                0x000000000008a268                zps_vSaveAllZpsRecords
                0x000000000008a287                ZPS_vSetDevicePreviousData.constprop.16
                0x000000000008a474                ZPS_vNwkNibSetNwkAddr
                0x000000000008a492                zps_u8NwkHandleRejoinReq
                0x000000000008a55b                vContinueRejoin.128579
                0x000000000008a602                zps_vProcessLocalAddrConflict.part.0.119018
                0x000000000008a63c                zps_eNwkHandleSceRejnResponse
                0x000000000008a699                vFinish.129766
                0x000000000008a6e2                eSmeOrphScanDcfm.129779
 .text          0x000000000008a75a      0xbe3 C:\Users\Gillis\AppData\Local\Temp\ccBeNjTA.ltrans6.ltrans.o
                0x000000000008a75a                eBeaconReqSent.133929
                0x000000000008a781                zps_bAplZdoNwkAddrServer
                0x000000000008a905                zps_bAplZdoIeeeAddrServer
                0x000000000008aa5e                vPDM_AddFileSystemElementToListInAscendingWearCountOrder
                0x000000000008ab6c                iPDM_WriteSegmentHeaderAndData
                0x000000000008ad68                eMakeEntryInBindingTable.61896
                0x000000000008ae12                vMiniMac_McpsCallback
                0x000000000008b06a                eMcpsTxCompleteHandler.133420
                0x000000000008b098                boPDM_IsBitmapSaturated.113724
                0x000000000008b0e1                zps_vSendJoinDcfm
                0x000000000008b127                vGiveUp.129334
                0x000000000008b15f                vSendIdentifyRequest.isra.2.7226
                0x000000000008b1a0                vSendDeviceInfoReq.6818
                0x000000000008b1da                vSendScanResponse.7053.constprop.34
 .text.unlikely
                0x000000000008b33d      0x340 C:\Users\Gillis\AppData\Local\Temp\ccBeNjTA.ltrans6.ltrans.o
                0x000000000008b33d                vSendRouterJoinRequest.isra.5.7238.constprop.23
                0x000000000008b565                vHandleDeviceInfoRequest.7072
 *fill*         0x000000000008b67d        0x3 00
 .text          0x000000000008b680      0xfa0 C:\Users\Gillis\AppData\Local\Temp\ccBeNjTA.ltrans7.ltrans.o
                0x000000000008b6b6                os_vAPP_cbDisableTickTimer
                0x000000000008b6fa                os_vAPP_cbEnableTickTimer
                0x000000000008b77a                vRetryCcaFailure
                0x000000000008b7c6                eOrphanNotificationSent.133925
                0x000000000008b80f                dbg_vPrintfImplNoneVerbose
                0x000000000008bc96                vPdmEventHandlerCallback.3332
                0x000000000008bca5                vOSError.3340
                0x000000000008bd59                eTouchProcess
                0x000000000008beb0                bAddToEndpointTable
                0x000000000008bfb4                vStartPolling
                0x000000000008c038                vEndCommissioning.isra.0.7213
                0x000000000008c0ae                APP_ZCL_cbGeneralCallback.6412
                0x000000000008c148                eCLD_OnOffCommandHandler
                0x000000000008c170                DBG_vDumpStack
                0x000000000008c1b2                vUnclaimedInterrupt.3338
                0x000000000008c1c7                eZCL_SearchForClusterEntry
                0x000000000008c265                eZCL_BuildTransmitAddressStructure
                0x000000000008c2d7                APP_vSetLeds
                0x000000000008c328                pwrm_PreSleep.3348
                0x000000000008c418                vHandleIdentifyRequest
                0x000000000008c454                os_vAPP_ID_Task
                0x000000000008c49e                os_vApp_cbBlinkLed
                0x000000000008c4a3                ZPS_bSecDecrypt
                0x000000000008c5b5                vTouchInitHardware.3596
 .text          0x000000000008c620     0x1231 C:\Users\Gillis\AppData\Local\Temp\ccBeNjTA.ltrans8.ltrans.o
                0x000000000008c8dc                zps_bAplZdoMatchDescServer
                0x000000000008c8f0                zps_bAplZdoNodeDescServer
                0x000000000008ca5c                zps_bAplZdoSimpleDescServer
                0x000000000008ccbd                PDUM_eNPduAllocate
                0x000000000008cd2c                zps_u8AplApsConstructAndPostLoopBackDataInd.60451
                0x000000000008ce65                u8PostUnicastMsgToNHLE.60459
                0x000000000008ce9e                PDUM_eNPduClone
                0x000000000008ceea                PDUM_eNPduFree
                0x000000000008cf57                vPostVsMcpsDcfmInd.73976
                0x000000000008d055                ZPS_vInterceptMcpsDataCallback
                0x000000000008d0b7                zps_vNwkMcpsMgrFreeReqDescr
                0x000000000008d0e9                zps_psAllocateAndFormatMacHdr
                0x000000000008d263                zps_psNwkInitCmdFrame
                0x000000000008d330                zps_vNwkRemoveConflictedBroadcast
                0x000000000008d382                zps_vNwkMcpsMgrTidyBtrReqDescr
                0x000000000008d3c6                vNwkBttTimerExpiry.125046
                0x000000000008d44f                MAC_vHandleMcpsVsReqRsp
                0x000000000008d75a                hZCL_AllocateAPduInstance
                0x000000000008d796                eZCL_TransmitInterPanRequest.constprop.38
 .text          0x000000000008d851     0x13c3 C:\Users\Gillis\AppData\Local\Temp\ccBeNjTA.ltrans9.ltrans.o
                0x000000000008d964                os_bDummyMemberCheck.54611
                0x000000000008d969                os_vDefaultErrorHook.54607
                0x000000000008d96c                eCLD_LevelControlCommandHandler
                0x000000000008d971                bAllowInterPanEp.4318
                0x000000000008d981                vOverideProfileId.4321
                0x000000000008d98e                os_bStrictCheck.1358
                0x000000000008dca8                pdum_u16ReadNBO
                0x000000000008de09                PDUM_u16SizeNBO
                0x000000000008de67                PDUM_u16APduInstanceWriteNBO
                0x000000000008ded1                PDUM_thAPduInstanceGetApdu
                0x000000000008deec                PDUM_eAPduInstanceSetPayloadSize
                0x000000000008df14                PDUM_eNPduWriteDataFromBuffer
                0x000000000008df6e                PDUM_eNPduWriteDataToBuffer
                0x000000000008dfcc                PDUM_eNPduWriteFromBuffer
                0x000000000008dff5                PDUM_eNPduDescend
                0x000000000008e01b                PDUM_eNPduAscend
                0x000000000008e041                PDUM_eNPduClaimData
                0x000000000008e0ae                PDUM_eNPduAppendDataNBO
                0x000000000008e10b                PDUM_eNPduClaimHeader
                0x000000000008e12e                PDUM_eNPduPrependHeaderNBO
                0x000000000008e189                PDUM_eNPduInitDescending
                0x000000000008e1a4                OS_eEnterCriticalSection
                0x000000000008e26c                eExpireSWTimer.54620
                0x000000000008e2d7                vEnterErrorHook.54603
                0x000000000008e2fe                OS_eCollectMessage
                0x000000000008e3c3                eZCL_GetAttributeTypeSize
                0x000000000008e3e2                vZCL_MarkAttributeInvalid
                0x000000000008e4b1                eZCL_CheckEPstructureIntegrity.34558
                0x000000000008e699                u8ZCL_GetAttributeAllignToFourBytesBoundary
                0x000000000008e6ae                pvZCL_GetAttributePointer
                0x000000000008e724                u16ZCL_GetStringStructureSize
                0x000000000008e761                u16ZCL_GetStringAttributeTypeSizeFromBuffer
                0x000000000008e7d2                u16ZCL_GetStringSizeAndBufferFromStructure
                0x000000000008e861                vZCL_GetInternalMutex
                0x000000000008e88a                eZCL_GetMutex
                0x000000000008e8c2                vZCL_InitializeClusterInstance
                0x000000000008e8d7                vZCL_ReleaseInternalMutex
                0x000000000008e8f1                eZCL_SearchForAttributeEntry
                0x000000000008e9b4                eZCL_SearchForEPentry
                0x000000000008ea0f                eZCL_SearchForEPentryAndCheckManufacturerId
                0x000000000008ea4d                vZCL_PassEventToUser
                0x000000000008ea7a                u8GetTransactionSequenceNumber
                0x000000000008ea9b                eZCL_ReleaseMutex
                0x000000000008eaca                eZCL_Register.part.1.34567
                0x000000000008eaf8                boDLISTisEmpty
                0x000000000008eb10                vWriteU64ToPayLoad.22123
                0x000000000008eb3d                vWriteU32ToPayLoad.22119
                0x000000000008eb55                vRecoverTempAddresses.6816
                0x000000000008eb88                vSetAddress.4706
                0x000000000008ebd3                vResetSleepAndJoinCounters.4620
                0x000000000008ebf4                eGetKeyCode.3452
 .text.unlikely
                0x000000000008ec14      0x16f C:\Users\Gillis\AppData\Local\Temp\ccBeNjTA.ltrans9.ltrans.o
                0x000000000008ec14                vSaveTempAddresses.6814
                0x000000000008ec47                InvShiftRows
                0x000000000008ecda                InvSubBytes
                0x000000000008ed20                AddRoundKey
                0x000000000008ed61                getSBoxValue.5770
 .text          0x000000000008ed83      0xe17 C:\Users\Gillis\AppData\Local\Temp\ccBeNjTA.ltrans10.ltrans.o
                0x000000000008ed83                vMcpsMgrExpiry.119861
                0x000000000008edab                zps_vAplApsmeCmdMgrRetryTimeout.61842
                0x000000000008edd4                vPDM_MoveAllDataFromListToList
                0x000000000008ee12                vPDM_MoveAllDataWithBufferIdAndStateFromListToList
                0x000000000008ee9d                vPDM_MoveAllDataToDeAllocList
                0x000000000008eec5                iPDM_ReconstructReplacedDataTable
                0x000000000008f144                vPDM_ImageBitmapRepair.112747
                0x000000000008f1a5                vPDM_MoveAllDataWithBufferIdFromListToList
                0x000000000008f22a                vPDM_DeleteAppendedSequence
                0x000000000008f2cf                PDM_eSaveRecordData
                0x000000000008f704                ZPS_vNwkSaveRecord
                0x000000000008f730                ZPS_vNwkNibSetExtPanId
                0x000000000008f755                ZPS_vNwkNibSetKeySeqNum
                0x000000000008f768                ZPS_vNwkNibSetDepth
                0x000000000008f791                ZPS_vNwkNibSetUpdateId
                0x000000000008f79f                ZPS_vNwkNibSetPanId
                0x000000000008f7bc                vHandleNwkRemoteUpdateAfterBcast.119009
                0x000000000008f82b                ZPS_vNwkNibSetCapabilityInfo
                0x000000000008f857                ZPS_vNwkNibSetChannel
                0x000000000008f86e                ZPS_vNwkSaveNt
                0x000000000008f881                ZPS_vNwkPurgeMacAddressAndRelatedEntries
                0x000000000008f994                ZPS_vNtSetUsedStatus
                0x000000000008fa3b                zps_vTidyActvNtAfterJoin
                0x000000000008fac5                eUnsolicitedRejoinRspDataDcfm.119013
                0x000000000008faf0                ZPS_vNwkSaveSecMat
                0x000000000008fb46                ZPS_vNwkResetOutgoingFrameCounter
 .text          0x000000000008fb9a     0x1239 C:\Users\Gillis\AppData\Local\Temp\ccBeNjTA.ltrans11.ltrans.o
                0x000000000008fb9a                os_vAPP_isrKeyScan
                0x000000000008fba9                OS_eExitCriticalSection
                0x000000000008fc8e                PDUM_hAPduAllocateAPduInstance
                0x000000000008fd02                zps_eAplZdoSendZdpResponse
                0x000000000008fd4b                bSendResponse.88496
                0x000000000008fd8e                PDUM_eAPduFreeAPduInstance
                0x000000000008fe11                zps_bAplZdoPowerDescServer
                0x000000000008ff2e                zps_bAplZdoActiveEpServer
                0x0000000000090017                zps_bAplZdoSystemServerDiscoveryServer
                0x00000000000900a0                zps_bAplZdoMgmtLqiServer
                0x00000000000902cc                PDM_eReadDataFromRecord
                0x000000000009034e                vLoadAplRecord.66953
                0x00000000000903b4                ZPS_pvNwkCtor.part.0.118051
                0x0000000000090680                ZPS_eTsvStart
                0x00000000000906db                zps_eNwkHandleSceNwkUpdate
                0x00000000000906ff                vProcessTimedList.119873
                0x0000000000090745                zps_vAplAfPostTimerEvent
                0x0000000000090795                zps_vNwkJoinStStartResponseTimer
                0x00000000000907ce                ZPS_eTsvStop
                0x0000000000090982                ZPS_vResetBoundServerContext
                0x0000000000090985                zps_eAplZdoBdrmRequestSend
                0x0000000000090a22                zps_eNwkBtrMatch
                0x0000000000090aaf                zps_vAplApsStopPollTimer.part.3.60338
                0x0000000000090b30                ZPS_bSecEncrypt
                0x0000000000090ce6                vConfigureScanTimer
                0x0000000000090d32                vWakeCallBack.4618
                0x0000000000090d54                eZCL_SetReceiveEventAddressStructure
 *fill*         0x0000000000090dd3        0x1 00
 .text          0x0000000000090dd4     0x1168 C:\Users\Gillis\AppData\Local\Temp\ccBeNjTA.ltrans12.ltrans.o
                0x0000000000090fe2                vPostNldeDcfmInd.57860
                0x0000000000091ab8                zps_eAplApsmeUpdateDeviceReqRsp.part.4.62007
                0x0000000000091c01                eUnfragmentedUnicastTransmission.60434
 .text          0x0000000000091f3c     0x1138 C:\Users\Gillis\AppData\Local\Temp\ccBeNjTA.ltrans13.ltrans.o
                0x0000000000091f3c                vPDM_MoveFileRecordFromListToList
                0x0000000000091f5f                vPDM_MoveRecordToDeAllocList
                0x0000000000091f7f                vIncrementFrameCounterInPdm.isra.0.121209
                0x000000000009215e                vProcessListsForSubmission.119959
                0x0000000000092451                zps_vNwkMcpsMgrPost
                0x0000000000092475                zps_psSendFrm.constprop.69
                0x00000000000926d0                ZPS_vNwkHandleNldeReqRsp
                0x00000000000928df                zps_eAplApsmeCmdMgrSendCommand
                0x00000000000929b6                zps_psNwkSendRejoinReqCmd.constprop.11
                0x0000000000092aa2                zps_vNwkHandleCmeLeaveReq
                0x0000000000092b0a                zps_eNwkHandleSceLeave
                0x0000000000092c85                zps_psSendNetworkStatusCmd
                0x0000000000092cfd                zps_eDefaultDataDcfm
                0x0000000000092dec                vSendNetworkReport.119005
                0x0000000000092ec6                zps_eNwkHandleSdeActvDcfmData
                0x0000000000092fa8                vMcpsMgrTimeoutExpiry
                0x0000000000093017                iPDM_SegmentCopyAndAppendData.constprop.119
 .text          0x0000000000093074      0xe74 C:\Users\Gillis\AppData\Local\Temp\ccBeNjTA.ltrans14.ltrans.o
                0x0000000000093074                vBbcIntHandler.132979
                0x000000000009332c                os_vzps_isrMAC
                0x000000000009336b                eAssocRespSent.133288
                0x000000000009345c                eRejoinRspDataDcfm.128583
                0x00000000000935dc                zps_vNwkHandleCmeSyncReq
                0x0000000000093671                zps_vNwkHandleCmeNwkDiscReq
                0x00000000000936eb                zps_vNwkHandleCmeEdScanReq
                0x00000000000938ae                zps_vNwkHandleCmeNwkJoinReq
                0x0000000000093b88                zps_vNwkHandleCmeNwkActvJoinReq
                0x0000000000093cd3                vHandleRejoinExpiry.129330
                0x0000000000093d1b                zps_eRejoinDataDcfm
 .text          0x0000000000093ee8      0xc18 C:\Users\Gillis\AppData\Local\Temp\ccBeNjTA.ltrans15.ltrans.o
                0x0000000000093ee8                os_vZCL_Task
 .text          0x0000000000094b00      0xdb0 C:\Users\Gillis\AppData\Local\Temp\ccBeNjTA.ltrans16.ltrans.o
                0x0000000000094b00                vAplSecAuthPollTimerExpiry.66903
                0x0000000000094b52                vAplSecAuthTimerExpiry.66907
                0x0000000000094c1c                vHandleApsInterPanDcfmData
                0x0000000000094df8                vPostApsdeDcfmInd.57853
                0x000000000009501c                zps_vHandleApsdeDataFragIndNotSupported
                0x0000000000095085                eDiscoverNetworks.66972
                0x00000000000950db                eStartNetworkDiscovery.66978
                0x0000000000095162                zps_eAplZdoPoll
                0x00000000000951c8                pwrm_Wakeup.3344
                0x000000000009538a                eStartRouter.67204
                0x000000000009545c                vPostApsmeDcfmInd.57846
 .text          0x00000000000958b0      0xfb3 C:\Users\Gillis\AppData\Local\Temp\ccBeNjTA.ltrans17.ltrans.o
                0x00000000000958b0                zps_eNwkHandleSmeAssocInd
                0x00000000000962ca                os_vzps_taskZPS
                0x00000000000964e7                vCheckSleepingSendPoll.129769
                0x0000000000096565                ZPS_vNwkNibCheckAndUpdateAddresses
                0x0000000000096601                zps_bAplZdoDeviceAnnceServer
 *fill*         0x0000000000096863        0x1 00
 .text          0x0000000000096864      0xe20 C:\Users\Gillis\AppData\Local\Temp\ccBeNjTA.ltrans18.ltrans.o
                0x00000000000969ca                vPostNlmeDcfmInd.57839
                0x00000000000970da                zps_eAplZdoRejoinNetwork
                0x0000000000097155                os_vAPP_SleepAndPollTask
                0x0000000000097461                vDiscoverNetworks.4728
                0x000000000009757a                vTryNwkJoin.4733
 .text          0x0000000000097684      0xdcc C:\Users\Gillis\AppData\Local\Temp\ccBeNjTA.ltrans19.ltrans.o
                0x000000000009793a                zps_bAplZdoBindUnbindServer
                0x0000000000097d63                zps_bAplZdoMgmtNWKUpdateServer
                0x00000000000980cb                eZCL_TransmitDataRequest
 .text          0x0000000000098450      0xe94 C:\Users\Gillis\AppData\Local\Temp\ccBeNjTA.ltrans20.ltrans.o
                0x0000000000098804                vSendMlmeCommStatusFromTxFrame
                0x000000000009885a                MAC_vHandleMlmeVsReqRsp.constprop.141
                0x0000000000098d93                vScanBeaconReceived
                0x0000000000098dd3                vRunningRxCallback
                0x00000000000990d3                vPostDcfm.133946
                0x000000000009913c                vScanNextChannel.133933
 .text          0x00000000000992e4      0xcdc C:\Users\Gillis\AppData\Local\Temp\ccBeNjTA.ltrans21.ltrans.o
                0x00000000000992e4                os_vAPP_ZLL_Remote_Task
 .text          0x0000000000099fc0      0xb62 C:\Users\Gillis\AppData\Local\Temp\ccBeNjTA.ltrans22.ltrans.o
                0x0000000000099fc0                eCLD_GroupsCommandHandler
                0x000000000009a0f0                eCLD_IdentifyCommandHandler
                0x000000000009a386                eCLD_ZllUtilityCommandHandler
                0x000000000009a5c4                APP_ZCL_cbEndpointCallback.6409
                0x000000000009a802                os_vAPP_AddGroupTask
                0x000000000009a8db                vAppOnOff
                0x000000000009aa01                vAppLevelStop
                0x000000000009aa40                vAppLevelMove
                0x000000000009aab9                vAppIdentifyEffect
 .text          0x000000000009ab22      0xc0e C:\Users\Gillis\AppData\Local\Temp\ccBeNjTA.ltrans23.ltrans.o
                0x000000000009ab22                zps_eZdpNwkAddrResponse
                0x000000000009ac05                zps_eZdpIeeeAddrResponse
                0x000000000009ace8                zps_eZdpMgmtNwkUpdateNotifyResponse
                0x000000000009ad9a                zps_eZdpNodeDescResponse
                0x000000000009ae42                zps_eZdpPowerDescResponse
                0x000000000009aedf                zps_eZdpSimpleDescResponse
                0x000000000009afec                zps_eZdpActiveEpResponse
                0x000000000009b082                zps_eZdpMatchDescResponse
                0x000000000009b118                zps_eZdpSystemServerDiscoveryResponse
                0x000000000009b187                zps_eAplZdpMgmtLqiResponse
                0x000000000009b372                zps_bAplZdoZdoClient
                0x000000000009b46c                zps_bAplZdoDefaultServer
                0x000000000009b6cd                zps_eAplZdpBindResponse
                0x000000000009b6ee                zps_eZdpUnbindResponse
                0x000000000009b70f                zps_eZdpMgmtLeaveResponse
 .text          0x000000000009b730      0xb1b C:\Users\Gillis\AppData\Local\Temp\ccBeNjTA.ltrans24.ltrans.o
                0x000000000009b921                ZPS_vNwkHandleNlmeReqRsp
                0x000000000009b99b                zps_vAplAfPostEvent
                0x000000000009bd64                vApsInterPanMcpsDataInd
                0x000000000009bf0b                zps_eAplZdoNlmeleaveWrapper
                0x000000000009bf83                zps_bAplZdoMgmtLeaveServer
                0x000000000009c103                vChangeChannelTimerExpiry.89677
                0x000000000009c166                eLeaveReset.130752
                0x000000000009c1d1                eLeaveDataDcfmLocalLeave.130757
 .text          0x000000000009c24b      0xbd6 C:\Users\Gillis\AppData\Local\Temp\ccBeNjTA.ltrans25.ltrans.o
                0x000000000009c24b                eZCL_SendDefaultResponse
                0x000000000009c34a                vZCL_HandleAttributesWriteRequest
                0x000000000009ca49                eCLD_ZllCommissionCommandHandler
                0x000000000009cccb                eZCL_CustomCommandReceive.part.0.34919
 .text          0x000000000009ce21      0xb2b C:\Users\Gillis\AppData\Local\Temp\ccBeNjTA.ltrans26.ltrans.o
                0x000000000009ce21                DBG_vUartInitHardware
                0x000000000009cf5e                eCLD_BasicCommandHandler
                0x000000000009cf8a                vMiniMac_NextTransaction
                0x000000000009cff4                MAC_u64GetExtAddr
                0x000000000009d00f                ZPS_u64NwkNibFindExtAddr
                0x000000000009d0b5                ZPS_u16NwkNibFindNwkAddr
                0x000000000009d156                iPDM_SearchForBufferIdInList
                0x000000000009d18b                iPDM_SearchForBufferIdInFileSystem
                0x000000000009d19e                iPDM_ReadUserDataFromSegmentWithId
                0x000000000009d1d3                iPDM_SearchForSpecificSegmentInList
                0x000000000009d205                psGetTxFrameBuffer
                0x000000000009d244                psGetAndBuildCoordRealignment
                0x000000000009d29c                eTransmit
                0x000000000009d36a                eBuildAndSend.133935
                0x000000000009d3df                vPostTxActions.134328
                0x000000000009d41c                vMiniMac_TxComplete
                0x000000000009d50d                vTimerFired
                0x000000000009d5dc                vMiniMac_Init
 .text          0x000000000009d94c      0x80c C:\Users\Gillis\AppData\Local\Temp\ccBeNjTA.ltrans27.ltrans.o
                0x000000000009da38                vHandleZllDeviceJoin
                0x000000000009db80                vMiniMac_MlmeCallback
                0x000000000009debf                vPollConfirm.134528
                0x000000000009ded6                PDM_vDeleteAllDataRecords
                0x000000000009df53                iPDM_VerifyDataSequenceWithBufferId
                0x000000000009dff5                vSetGroupAddress.constprop.47
                0x000000000009e038                vFactoryResetRecords
 .text          0x000000000009e158      0x4ed C:\Users\Gillis\AppData\Local\Temp\ccBeNjTA.ltrans28.ltrans.o
                0x000000000009e158                ZPS_vAplHandleApsdeReqRsp
                0x000000000009e57b                zps_eAplZdpApsdeReqInternal
                0x000000000009e5ea                zps_eAplZdpGenStatusOnlyResponse
 .text          0x000000000009e645      0x51f C:\Users\Gillis\AppData\Local\Temp\ccBeNjTA.ltrans29.ltrans.o
                0x000000000009e645                AppWarmStart
                0x000000000009e65f                AppColdStart
                0x000000000009e958                os_vUnclaimedInterrupt
                0x000000000009e96a                os_vControlledIntCheck
                0x000000000009e9af                os_vControlledInterrupt
                0x000000000009e9e8                os_vAPP_isrSystemController
                0x000000000009ea0f                os_vAPP_isrIllegalInstruction
                0x000000000009ea22                os_vAPP_isrAlignmentException
                0x000000000009ea35                os_vAPP_isrBusErrorException
                0x000000000009ea4b                os_vAPP_isrUnimplementedModuleException
                0x000000000009ea61                os_vAPP_isrStackOverflowException
                0x000000000009ea74                os_vAPP_isrTickTimer
 .text          0x000000000009eb64      0x4a4 C:\Users\Gillis\AppData\Local\Temp\ccBeNjTA.ltrans30.ltrans.o
                0x000000000009eb64                eZCL_CustomCommandSend.constprop.58
                0x000000000009ede0                vSelectLight
 .text          0x000000000009f008      0x401 C:\Users\Gillis\AppData\Local\Temp\ccBeNjTA.ltrans31.ltrans.o
                0x000000000009f008                vStartScanTimerExpiry.89681
                0x000000000009f044                zps_vAplApsPollTimer
                0x000000000009f0a0                zps_eNwkSendJoinResponse
                0x000000000009f232                zps_vProcessChildAddrConflict
                0x000000000009f2f5                zps_eNwkHandleSceNwkStatus
 .text          0x000000000009f409       0x25 c:/nxp/bstudio_nxp/sdk/tools/ba-elf-ba2-r36379/bin/../lib/gcc/ba-elf/4.7.4/../../../../ba-elf/lib/mcpu_jn51xx_sizeopt\libc.a(lib_a-memcmp.o)
                0x000000000009f409                memcmp
 .text          0x000000000009f42e       0x19 c:/nxp/bstudio_nxp/sdk/tools/ba-elf-ba2-r36379/bin/../lib/gcc/ba-elf/4.7.4/../../../../ba-elf/lib/mcpu_jn51xx_sizeopt\libc.a(lib_a-memcpy.o)
 .text          0x000000000009f447       0x12 c:/nxp/bstudio_nxp/sdk/tools/ba-elf-ba2-r36379/bin/../lib/gcc/ba-elf/4.7.4/../../../../ba-elf/lib/mcpu_jn51xx_sizeopt\libc.a(lib_a-memset.o)
                0x000000000009f447                memset
 *fill*         0x000000000009f459        0x3 00
 .text          0x000000000009f45c      0x204 c:/nxp/bstudio_nxp/sdk/tools/ba-elf-ba2-r36379/bin/../lib/gcc/ba-elf/4.7.4/mcpu_jn51xx_sizeopt\libgcc.a(__udivsi3.o)
                0x000000000009f45c                __udivsi3
 .text          0x000000000009f660      0x1b0 c:/nxp/bstudio_nxp/sdk/tools/ba-elf-ba2-r36379/bin/../lib/gcc/ba-elf/4.7.4/mcpu_jn51xx_sizeopt\libgcc.a(__umodsi3.o)
                0x000000000009f660                __umodsi3
 .text          0x000000000009f810       0x24 c:/nxp/bstudio_nxp/sdk/tools/ba-elf-ba2-r36379/bin/../lib/gcc/ba-elf/4.7.4/mcpu_jn51xx_sizeopt\libgcc.a(__modsi3.o)
                0x000000000009f810                __modsi3
 .text          0x000000000009f834      0x350 c:/nxp/bstudio_nxp/sdk/tools/ba-elf-ba2-r36379/bin/../lib/gcc/ba-elf/4.7.4/mcpu_jn51xx_sizeopt\libgcc.a(_udivdi3.o)
                0x000000000009f834                __udivdi3
 *fill*         0x000000000009fb84        0x4 00
 .text          0x000000000009fb88      0x198 c:/NXP/bstudio_nxp/workspace/JN-AN-1171-ZigBee-LightLink-Demo/Controller_NonColorController/Build/os_irq.o
                0x000000000009fb88                os_ExternalException_W
                0x000000000009fbcc                os_PIC_ChannelPriorities
                0x000000000009fbdc                os_OSMIUM_HwVectTable
                0x000000000009fc18                os_PIC_SwVectTable
 .text          0x000000000009fd20       0x29 c:/NXP/bstudio_nxp/workspace/JN-AN-1171-ZigBee-LightLink-Demo/Controller_NonColorController/Build/os_irq_alignment.o
                0x000000000009fd20                IRQ_Alignment
 .text          0x000000000009fd49       0x29 c:/NXP/bstudio_nxp/workspace/JN-AN-1171-ZigBee-LightLink-Demo/Controller_NonColorController/Build/os_irq_buserror.o
                0x000000000009fd49                IRQ_BusError
 .text          0x000000000009fd72       0x29 c:/NXP/bstudio_nxp/workspace/JN-AN-1171-ZigBee-LightLink-Demo/Controller_NonColorController/Build/os_irq_illegalinstruction.o
                0x000000000009fd72                IRQ_IllegalInstruction
 .text          0x000000000009fd9b       0x29 c:/NXP/bstudio_nxp/workspace/JN-AN-1171-ZigBee-LightLink-Demo/Controller_NonColorController/Build/os_irq_stackoverflowexception.o
                0x000000000009fd9b                IRQ_StackOverflowException
 .text          0x000000000009fdc4       0x29 c:/NXP/bstudio_nxp/workspace/JN-AN-1171-ZigBee-LightLink-Demo/Controller_NonColorController/Build/os_irq_unimplementedmodule.o
                0x000000000009fdc4                IRQ_UnimplementedModule
 *fill*         0x000000000009fded        0x3 00
 .text          0x000000000009fdf0       0xc0 c:/NXP/bstudio_nxp/sdk/JN-SW-4168/Components/Library\libOS_JN516x.a(os_contirq_JN516x.o)
                0x000000000009fdf0                os_ExternalException_R
                0x000000000009fe20                os_CFunc_W
                0x000000000009fe70                os_UnclaimedException_W
                0x000000000009fe90                os_UnclaimedInterrupt_W
 .text          0x000000000009feb0       0x48 c:/NXP/bstudio_nxp/sdk/JN-SW-4168/Components/Library\libPWRM_JN516x.a(pwrm_setjmp_JN516x.o)
                0x000000000009feb0                setjmp
                0x000000000009fed4                PWRM_longjmp
 .text          0x000000000009fef8       0x27 c:/NXP/bstudio_nxp/sdk/JN-SW-4168/Components/Library\libHardwareApi_JN516x.a(AHI_Interrupt.o)
                0x000000000009fef8                vAHI_InterruptSetPriority
                0x000000000009ff16                vAHI_InterruptSetActivePriorityLevel
 .text.vMicroSyscall
                0x000000000009ff1f       0x17 c:/NXP/bstudio_nxp/sdk/JN-SW-4168/Components/Library\libMicroSpecific_JN516x.a(MicroSyscall_ba.o)
                0x000000000009ff1f                vMicroSyscall
 .text          0x000000000009ff36        0x0 c:/NXP/bstudio_nxp/sdk/JN-SW-4168/Components/Library\libOS_JN516x.a(os_version_lc.o)
                0x000000000009ff36                OS_Version_1v2
 .text          0x000000000009ff36        0x0 c:/NXP/bstudio_nxp/sdk/JN-SW-4168/Components/Library\libZPSAPL_JN516x.a(zps_apl_version_lc.o)
                0x000000000009ff36                ZPS_APL_Version_2v0
 .text          0x000000000009ff36        0x0 c:/NXP/bstudio_nxp/sdk/JN-SW-4168/Components/Library\libZPSNWK_ZED_JN516x.a(zps_nwk_version_lc.o)
                0x000000000009ff36                ZPS_NWK_Version_2v0
                0x000000000009ff36                _flash_end = ABSOLUTE (.)

.rela.dyn       0x000000000009ff38        0x0
 .rela.text     0x0000000000000000        0x0 c:/NXP/bstudio_nxp/workspace/JN-AN-1171-ZigBee-LightLink-Demo/Controller_NonColorController/Build/os_irq.o
 .rela.text.unlikely
                0x0000000000000000        0x0 c:/NXP/bstudio_nxp/workspace/JN-AN-1171-ZigBee-LightLink-Demo/Controller_NonColorController/Build/os_irq.o
 .rela.data     0x0000000000000000        0x0 c:/NXP/bstudio_nxp/workspace/JN-AN-1171-ZigBee-LightLink-Demo/Controller_NonColorController/Build/os_irq.o
 .rela.rodata   0x0000000000000000        0x0 c:/NXP/bstudio_nxp/workspace/JN-AN-1171-ZigBee-LightLink-Demo/Controller_NonColorController/Build/os_irq.o
                0x000000000400004c                . = ORIGIN (ram)

.data           0x000000000400004c      0x75c load address 0x000000000009ff38
                0x000000000400004c                _ram_data_start = ABSOLUTE (.)
 *(.data*)
 .data          0x000000000400004c       0x78 C:\Users\Gillis\AppData\Local\Temp\ccBeNjTA.ltrans0.ltrans.o
                0x000000000400004c                u8MiniMacConfig_MaxConcurrentAssocResponses
                0x0000000004000050                psShadowRxBuffer
 .data          0x00000000040000c4       0x20 C:\Users\Gillis\AppData\Local\Temp\ccBeNjTA.ltrans1.ltrans.o
                0x00000000040000c4                sCertKey.7383
                0x00000000040000d4                sMasterKey.7384
 .data          0x00000000040000e4        0x4 C:\Users\Gillis\AppData\Local\Temp\ccBeNjTA.ltrans5.ltrans.o
                0x00000000040000e4                bCanLoopback.60687
 .data          0x00000000040000e8        0x6 C:\Users\Gillis\AppData\Local\Temp\ccBeNjTA.ltrans6.ltrans.o
 .data          0x00000000040000ee        0x1 C:\Users\Gillis\AppData\Local\Temp\ccBeNjTA.ltrans7.ltrans.o
 *fill*         0x00000000040000ef        0x1 00
 .data          0x00000000040000f0       0xc8 C:\Users\Gillis\AppData\Local\Temp\ccBeNjTA.ltrans9.ltrans.o
                0x00000000040000f0                s_asapduZCLInstances
                0x0000000004000150                s_asapduZDPInstances
 .data          0x00000000040001b8        0x1 C:\Users\Gillis\AppData\Local\Temp\ccBeNjTA.ltrans17.ltrans.o
 *fill*         0x00000000040001b9        0x7 00
 .data          0x00000000040001c0       0x30 C:\Users\Gillis\AppData\Local\Temp\ccBeNjTA.ltrans21.ltrans.o
                0x00000000040001c0                sDeviceTable
                0x00000000040001d8                bAddrMode.5497
                0x00000000040001d9                u8DeepSleepTime.5494
                0x00000000040001da                u8RejoinAttemptsRemaining.5496
                0x00000000040001db                u8KeepAliveTime.5493
                0x00000000040001dc                sZllState
 .data          0x00000000040001f0      0x5a0 C:\Users\Gillis\AppData\Local\Temp\ccBeNjTA.ltrans29.ltrans.o
                0x00000000040001f0                s_keyPairTableStorage.3109
                0x0000000004000250                os_SWTimer_APP_cntrTickTimer_APP_LedBlinkTimer
                0x000000000400026c                os_Mutex_mutexMAC
                0x0000000004000274                os_Mutex_mutexZPS
                0x000000000400027c                s_sApl.3066
                0x00000000040003cc                os_SWTimer_APP_cntrTickTimer_APP_AddGroupTimer
                0x00000000040003e8                os_SWTimer_APP_cntrTickTimer_APP_IdTimer
                0x0000000004000404                os_Message_APP_msgZpsEvents_ZCL
                0x0000000004000428                os_SWTimer_APP_cntrTickTimer_APP_CommissionTimer
                0x0000000004000444                os_Message_APP_msgZpsEvents
                0x0000000004000468                os_Message_APP_msgEvents
                0x000000000400048c                os_Message_APP_CommissionEvents
                0x00000000040004b0                os_Message_zps_msgMlmeDcfmInd
                0x00000000040004d4                os_Message_zps_msgTimeEvents
                0x00000000040004f8                os_Message_zps_msgMcpsDcfmInd
                0x000000000400051c                os_Message_zps_msgMcpsDcfm
                0x0000000004000540                os_SWTimer_APP_cntrTickTimer_APP_PollTimer
                0x000000000400055c                os_Task_APP_AddGroupTask
                0x0000000004000568                os_Task_ZCL_Task
                0x0000000004000574                os_Task_APP_CommissionTimerTask
                0x0000000004000580                os_Task_APP_ZLL_Remote_Task
                0x000000000400058c                os_Task_APP_Commission_Task
                0x0000000004000598                os_Task_zps_taskZPS
                0x00000000040005a4                os_Task_APP_SleepAndPollTask
                0x00000000040005b0                u8AhiBaudRate.114287
                0x00000000040005b4                s_prbMemberCheck.54727
                0x00000000040005b8                s_prvErrorHook.54725
                0x00000000040005bc                u32HeapStart
 .data.s_asAPduPool
                0x0000000004000790       0x18 c:/NXP/bstudio_nxp/workspace/JN-AN-1171-ZigBee-LightLink-Demo/Controller_NonColorController/Build/pdum_apdu.o
                0x0000000004000790                pdum_apduZDP
                0x0000000004000790                s_asAPduPool
                0x000000000400079c                pdum_apduZCL
 *(.data.*)
                0x00000000040007a8                . = ALIGN (0x4)
                0x00000000040007a8                _ram_data_end = ABSOLUTE (.)

.bss            0x00000000040007a8     0x364c load address 0x00000000000a0694
                0x00000000040007a8                _bss_start = ABSOLUTE (.)
 *(.bss*)
 .bss           0x00000000040007a8      0x848 C:\Users\Gillis\AppData\Local\Temp\ccBeNjTA.ltrans0.ltrans.o
                0x00000000040007a8                gu16NumberOfSegments.136874
                0x00000000040007ac                psPDM_Common
                0x00000000040007b0                au32BaseCapacitances.3617
                0x00000000040007f0                u32BaseMeasureSamples.3625
                0x00000000040007f4                psAplDefaultZLLAPSLinkKey
                0x00000000040007f8                s_u32x.111941
                0x00000000040007fc                pfOptionsFilterCallback
                0x0000000004000800                pfnHandleZllDeviceJoin
                0x0000000004000804                s_prExpireFn.137886
                0x0000000004000808                s_hMutex.137885
                0x000000000400080c                pvRxStore
                0x0000000004000810                pvTxStore
                0x0000000004000814                g_pvAplHandle
                0x0000000004000818                s_hMacMutex
                0x000000000400081c                s_sDcfmIndMgr.137650
                0x0000000004000824                prAppMlmeGetBuffer
                0x0000000004000828                prAppMlmeCallback
                0x000000000400082c                u8MiniMac_RunTimeOptions
                0x000000000400082d                gZpsSetByProfile.57816
                0x0000000004000830                pfAllowInterPanToEp
                0x0000000004000834                sReversedMacAddr.135222
                0x000000000400083c                sThisDeviceMacAddr
                0x0000000004000844                sCommission
 .bss           0x0000000004000ff0      0x1e8 C:\Users\Gillis\AppData\Local\Temp\ccBeNjTA.ltrans1.ltrans.o
                0x0000000004000ff0                state
                0x0000000004001000                RoundKey
                0x00000000040010f0                sTarget
                0x0000000004001100                sDstAddr
                0x0000000004001110                sScanTarget
 .bss           0x00000000040011d8       0x40 C:\Users\Gillis\AppData\Local\Temp\ccBeNjTA.ltrans2.ltrans.o
 .bss           0x0000000004001218      0x288 C:\Users\Gillis\AppData\Local\Temp\ccBeNjTA.ltrans3.ltrans.o
 .bss           0x00000000040014a0      0x690 C:\Users\Gillis\AppData\Local\Temp\ccBeNjTA.ltrans4.ltrans.o
 .bss           0x0000000004001b30       0x28 C:\Users\Gillis\AppData\Local\Temp\ccBeNjTA.ltrans5.ltrans.o
                0x0000000004001b30                apvAplPdmRecordsAddress
                0x0000000004001b48                au16AplPdmRecordsSize
 .bss           0x0000000004001b58        0x3 C:\Users\Gillis\AppData\Local\Temp\ccBeNjTA.ltrans6.ltrans.o
                0x0000000004001b58                bIgnoreBroadcast
 *fill*         0x0000000004001b5b        0x1 00
 .bss           0x0000000004001b5c       0x24 C:\Users\Gillis\AppData\Local\Temp\ccBeNjTA.ltrans7.ltrans.o
                0x0000000004001b5c                vFlushFn.114231
                0x0000000004001b60                vPutchFn.114226
                0x0000000004001b64                sStoredMacData.133111
 .bss           0x0000000004001b80       0x48 C:\Users\Gillis\AppData\Local\Temp\ccBeNjTA.ltrans8.ltrans.o
                0x0000000004001b80                s_psNPduPoolEnd.55010
                0x0000000004001b84                s_psNPduPoolStart.55009
                0x0000000004001b88                u8MaxNpdu.55008
                0x0000000004001b89                u8Count.55007
                0x0000000004001b8c                s_psFreeListHead.55006
                0x0000000004001b90                s_hMutex.55005
 .bss           0x0000000004001bc8      0x650 C:\Users\Gillis\AppData\Local\Temp\ccBeNjTA.ltrans9.ltrans.o
 .bss           0x0000000004002218        0xc C:\Users\Gillis\AppData\Local\Temp\ccBeNjTA.ltrans10.ltrans.o
                0x0000000004002218                a16NwkPdmRecordSizes
 .bss           0x0000000004002224       0x1c C:\Users\Gillis\AppData\Local\Temp\ccBeNjTA.ltrans11.ltrans.o
                0x0000000004002224                au16TimerSettings.136183
                0x0000000004002230                s_psCurrentTask.54721
                0x0000000004002234                s_asAPduPool.55124
                0x0000000004002238                s_hMutex.55125
 .bss           0x0000000004002240       0x50 C:\Users\Gillis\AppData\Local\Temp\ccBeNjTA.ltrans12.ltrans.o
                0x0000000004002240                psFreeMsgListHead
                0x0000000004002244                psActiveMsgListHead
 .bss           0x0000000004002290       0xa8 C:\Users\Gillis\AppData\Local\Temp\ccBeNjTA.ltrans14.ltrans.o
                0x0000000004002290                sMiniMacPhyPib
                0x0000000004002294                aprTimerCallback
                0x00000000040022b4                au32TimerCounter
                0x00000000040022d4                sMiniMacInternal
                0x000000000400230c                s_psVsMcpsDcfmInd.75275
                0x0000000004002310                s_psMacDcfmInd.75274
 .bss           0x0000000004002338       0x18 C:\Users\Gillis\AppData\Local\Temp\ccBeNjTA.ltrans15.ltrans.o
                0x0000000004002338                zps_psNwk
 .bss           0x0000000004002350        0x8 C:\Users\Gillis\AppData\Local\Temp\ccBeNjTA.ltrans17.ltrans.o
                0x0000000004002350                u32DataQueueCount
 .bss           0x0000000004002358       0x60 C:\Users\Gillis\AppData\Local\Temp\ccBeNjTA.ltrans18.ltrans.o
                0x0000000004002358                psBeaconFilter
                0x000000000400235c                sBeaconFilter
                0x0000000004002368                sRecoverDevice
                0x0000000004002398                s_bWakeTimerActive.54799
                0x000000000400239c                psNextWake.54798
                0x00000000040023a0                u32CalibrationValue.54797
                0x00000000040023a4                s_ePowerMode.54800
                0x00000000040023a5                bDeepSleep
                0x00000000040023a6                u16FastPoll.5516