Archive member included because of file (symbol)

c:/NXP/bstudio_nxp/sdk/JN-SW-4168/Components/Library\libOS_JN516x.a(os.o)
                              c:/NXP/bstudio_nxp/workspace/JN-AN-1171-ZigBee-LightLink-Demo/Controller_NonColorController/Build/os_gen.o (symbol from plugin) (os_vStart)
c:/NXP/bstudio_nxp/sdk/JN-SW-4168/Components/Library\libOS_JN516x.a(os_contirq_JN516x.o)
                              c:/NXP/bstudio_nxp/workspace/JN-AN-1171-ZigBee-LightLink-Demo/Controller_NonColorController/Build/os_irq.o (os_UnclaimedException_W)
c:/NXP/bstudio_nxp/sdk/JN-SW-4168/Components/Library\libPWRM_JN516x.a(pwrm.o)
                              c:/NXP/bstudio_nxp/workspace/JN-AN-1171-ZigBee-LightLink-Demo/Controller_NonColorController/Build/app_start_remote.o (symbol from plugin) (PWRM_vInit)
c:/NXP/bstudio_nxp/sdk/JN-SW-4168/Components/Library\libPWRM_JN516x.a(pwrm_setjmp_JN516x.o)
                              pwrm.o (symbol from plugin) (setjmp)
c:/NXP/bstudio_nxp/sdk/JN-SW-4168/Components/Library\libPWRM_JN516x.a(pwrm_cold_start.o)
                              (AppColdStart)
c:/NXP/bstudio_nxp/sdk/JN-SW-4168/Components/Library\libPWRM_JN516x.a(pwrm_warm_start.o)
                              (AppWarmStart)
c:/NXP/bstudio_nxp/sdk/JN-SW-4168/Components/Library\libPDUM_JN516x.a(pdum_nwk.o)
                              c:/NXP/bstudio_nxp/workspace/JN-AN-1171-ZigBee-LightLink-Demo/Controller_NonColorController/Build/pdum_gen.o (symbol from plugin) (pdum_vNPduInit)
c:/NXP/bstudio_nxp/sdk/JN-SW-4168/Components/Library\libPDUM_JN516x.a(pdum_apl.o)
                              c:/NXP/bstudio_nxp/workspace/JN-AN-1171-ZigBee-LightLink-Demo/Controller_NonColorController/Build/zll_CommissionCmdHandler.o (symbol from plugin) (PDUM_u16APduInstanceReadNBO)
c:/NXP/bstudio_nxp/sdk/JN-SW-4168/Components/Library\libPDUM_JN516x.a(pdum.o)
                              pdum_nwk.o (symbol from plugin) (PDUM_u16SizeNBO)
c:/NXP/bstudio_nxp/sdk/JN-SW-4168/Components/Library\libZPSAPL_JN516x.a(zps_apl_af.o)
                              c:/NXP/bstudio_nxp/workspace/JN-AN-1171-ZigBee-LightLink-Demo/Controller_NonColorController/Build/zll_remote_node.o (symbol from plugin) (ZPS_eAplAfInit)
c:/NXP/bstudio_nxp/sdk/JN-SW-4168/Components/Library\libZPSAPL_JN516x.a(zps_apl_af_apsde.o)
                              c:/NXP/bstudio_nxp/workspace/JN-AN-1171-ZigBee-LightLink-Demo/Controller_NonColorController/Build/zps_gen.o (symbol from plugin) (zps_vHandleApsdeDataFragIndNotSupported)
c:/NXP/bstudio_nxp/sdk/JN-SW-4168/Components/Library\libZPSAPL_JN516x.a(zps_apl_task.o)
                              zps_apl_af_apsde.o (symbol from plugin) (zps_vAplAfPostEvent)
c:/NXP/bstudio_nxp/sdk/JN-SW-4168/Components/Library\libZPSAPL_JN516x.a(zps_apl_apsde.o)
                              zps_apl_task.o (symbol from plugin) (ZPS_vAplRegisterApsdeDcfmIndCallbacks)
c:/NXP/bstudio_nxp/sdk/JN-SW-4168/Components/Library\libZPSAPL_JN516x.a(zps_apl_apsme.o)
                              zps_apl_task.o (symbol from plugin) (ZPS_vAplRegisterApsmeDcfmIndCallbacks)
c:/NXP/bstudio_nxp/sdk/JN-SW-4168/Components/Library\libZPSAPL_JN516x.a(zps_apl_aps_nlde.o)
                              zps_apl_task.o (symbol from plugin) (zps_vAplApsHandleNldeDcfmInd)
c:/NXP/bstudio_nxp/sdk/JN-SW-4168/Components/Library\libZPSAPL_JN516x.a(zps_apl_sec.o)
                              zps_apl_task.o (symbol from plugin) (zps_psFindKeyDescr)
c:/NXP/bstudio_nxp/sdk/JN-SW-4168/Components/Library\libZPSAPL_JN516x.a(zps_apl_aib.o)
                              c:/NXP/bstudio_nxp/workspace/JN-AN-1171-ZigBee-LightLink-Demo/Controller_NonColorController/Build/zll_remote_node.o (symbol from plugin) (zps_psAplAibGetAib)
c:/NXP/bstudio_nxp/sdk/JN-SW-4168/Components/Library\libZPSAPL_JN516x.a(zps_apl_zdo_nwkmanager.o)
                              zps_apl_apsme.o (symbol from plugin) (zps_vAplSaveRecord)
c:/NXP/bstudio_nxp/sdk/JN-SW-4168/Components/Library\libZPSAPL_JN516x.a(zps_apl_zdo_handle_zdp_event.o)
                              zps_apl_task.o (symbol from plugin) (zps_bAplZdoHandleZdpEvent)
c:/NXP/bstudio_nxp/sdk/JN-SW-4168/Components/Library\libZPSAPL_JN516x.a(zps_apl_zdo_trust_center.o)
                              zps_apl_sec.o (symbol from plugin) (zps_eAplTrustCenterFindDevice)
c:/NXP/bstudio_nxp/sdk/JN-SW-4168/Components/Library\libZPSAPL_JN516x.a(zps_apl_zdo_common.o)
                              zps_apl_zdo_nwkmanager.o (symbol from plugin) (zps_eAplZdoNlmeleaveWrapper)
c:/NXP/bstudio_nxp/sdk/JN-SW-4168/Components/Library\libZPSAPL_JN516x.a(zps_apl_zdo_group.o)
                              c:/NXP/bstudio_nxp/workspace/JN-AN-1171-ZigBee-LightLink-Demo/Controller_NonColorController/Build/GroupsTableManager.o (symbol from plugin) (zps_eAplZdoGroupEndpointAdd)
c:/NXP/bstudio_nxp/sdk/JN-SW-4168/Components/Library\libZPSAPL_JN516x.a(zps_apl_zdo_default_server.o)
[...]
Memory Configuration

Name             Origin             Length             Attributes
flash            0x0000000000080000 0x0000000000040000
ram              0x000000000400004c 0x0000000000007fb4
*default*        0x0000000000000000 0xffffffffffffffff

Linker script and memory map

                0x0000000000001388                __stack_size = 0x1388
                0x00000000000007d0                __minimum_heap_size = 0x7d0
START GROUP
LOAD c:/NXP/bstudio_nxp/workspace/JN-AN-1171-ZigBee-LightLink-Demo/Controller_NonColorController/Build/os_gen.o
LOAD C:\Users\Gillis\AppData\Local\Temp\ccRckreV.ltrans0.ltrans.o
LOAD C:\Users\Gillis\AppData\Local\Temp\ccRckreV.ltrans1.ltrans.o
LOAD C:\Users\Gillis\AppData\Local\Temp\ccRckreV.ltrans2.ltrans.o
LOAD C:\Users\Gillis\AppData\Local\Temp\ccRckreV.ltrans3.ltrans.o
LOAD C:\Users\Gillis\AppData\Local\Temp\ccRckreV.ltrans4.ltrans.o
LOAD C:\Users\Gillis\AppData\Local\Temp\ccRckreV.ltrans5.ltrans.o
LOAD C:\Users\Gillis\AppData\Local\Temp\ccRckreV.ltrans6.ltrans.o
LOAD C:\Users\Gillis\AppData\Local\Temp\ccRckreV.ltrans7.ltrans.o
LOAD C:\Users\Gillis\AppData\Local\Temp\ccRckreV.ltrans8.ltrans.o
LOAD C:\Users\Gillis\AppData\Local\Temp\ccRckreV.ltrans9.ltrans.o
LOAD C:\Users\Gillis\AppData\Local\Temp\ccRckreV.ltrans10.ltrans.o
LOAD C:\Users\Gillis\AppData\Local\Temp\ccRckreV.ltrans11.ltrans.o
LOAD C:\Users\Gillis\AppData\Local\Temp\ccRckreV.ltrans12.ltrans.o
LOAD C:\Users\Gillis\AppData\Local\Temp\ccRckreV.ltrans13.ltrans.o
LOAD C:\Users\Gillis\AppData\Local\Temp\ccRckreV.ltrans14.ltrans.o
LOAD C:\Users\Gillis\AppData\Local\Temp\ccRckreV.ltrans15.ltrans.o
LOAD C:\Users\Gillis\AppData\Local\Temp\ccRckreV.ltrans16.ltrans.o
LOAD C:\Users\Gillis\AppData\Local\Temp\ccRckreV.ltrans17.ltrans.o
LOAD C:\Users\Gillis\AppData\Local\Temp\ccRckreV.ltrans18.ltrans.o
LOAD C:\Users\Gillis\AppData\Local\Temp\ccRckreV.ltrans19.ltrans.o
LOAD C:\Users\Gillis\AppData\Local\Temp\ccRckreV.ltrans20.ltrans.o
LOAD C:\Users\Gillis\AppData\Local\Temp\ccRckreV.ltrans21.ltrans.o
LOAD C:\Users\Gillis\AppData\Local\Temp\ccRckreV.ltrans22.ltrans.o
LOAD C:\Users\Gillis\AppData\Local\Temp\ccRckreV.ltrans23.ltrans.o
LOAD C:\Users\Gillis\AppData\Local\Temp\ccRckreV.ltrans24.ltrans.o
LOAD C:\Users\Gillis\AppData\Local\Temp\ccRckreV.ltrans25.ltrans.o
LOAD C:\Users\Gillis\AppData\Local\Temp\ccRckreV.ltrans26.ltrans.o
LOAD C:\Users\Gillis\AppData\Local\Temp\ccRckreV.ltrans27.ltrans.o
LOAD C:\Users\Gillis\AppData\Local\Temp\ccRckreV.ltrans28.ltrans.o
LOAD C:\Users\Gillis\AppData\Local\Temp\ccRckreV.ltrans29.ltrans.o
LOAD C:\Users\Gillis\AppData\Local\Temp\ccRckreV.ltrans30.ltrans.o
LOAD C:\Users\Gillis\AppData\Local\Temp\ccRckreV.ltrans31.ltrans.o
LOAD c:/nxp/bstudio_nxp/sdk/tools/ba-elf-ba2-r36379/bin/../lib/gcc/ba-elf/4.7.4/../../../../ba-elf/lib/mcpu_jn51xx_sizeopt\libc.a
LOAD c:/nxp/bstudio_nxp/sdk/tools/ba-elf-ba2-r36379/bin/../lib/gcc/ba-elf/4.7.4/mcpu_jn51xx_sizeopt\libgcc.a
LOAD c:/nxp/bstudio_nxp/sdk/tools/ba-elf-ba2-r36379/bin/../lib/gcc/ba-elf/4.7.4/../../../../ba-elf/lib/mcpu_jn51xx_sizeopt\libc.a
LOAD c:/NXP/bstudio_nxp/workspace/JN-AN-1171-ZigBee-LightLink-Demo/Controller_NonColorController/Build/os_irq.o
LOAD c:/NXP/bstudio_nxp/workspace/JN-AN-1171-ZigBee-LightLink-Demo/Controller_NonColorController/Build/os_irq_alignment.o
LOAD c:/NXP/bstudio_nxp/workspace/JN-AN-1171-ZigBee-LightLink-Demo/Controller_NonColorController/Build/os_irq_buserror.o
LOAD c:/NXP/bstudio_nxp/workspace/JN-AN-1171-ZigBee-LightLink-Demo/Controller_NonColorController/Build/os_irq_illegalinstruction.o
LOAD c:/NXP/bstudio_nxp/workspace/JN-AN-1171-ZigBee-LightLink-Demo/Controller_NonColorController/Build/os_irq_stackoverflowexception.o
LOAD c:/NXP/bstudio_nxp/workspace/JN-AN-1171-ZigBee-LightLink-Demo/Controller_NonColorController/Build/os_irq_unimplementedmodule.o
LOAD c:/NXP/bstudio_nxp/workspace/JN-AN-1171-ZigBee-LightLink-Demo/Controller_NonColorController/Build/pdum_gen.o
LOAD c:/NXP/bstudio_nxp/workspace/JN-AN-1171-ZigBee-LightLink-Demo/Controller_NonColorController/Build/pdum_apdu.o
LOAD c:/NXP/bstudio_nxp/workspace/JN-AN-1171-ZigBee-LightLink-Demo/Controller_NonColorController/Build/zps_gen.o
LOAD c:/NXP/bstudio_nxp/workspace/JN-AN-1171-ZigBee-LightLink-Demo/Controller_NonColorController/Build/app_timer_driver.o
LOAD c:/NXP/bstudio_nxp/workspace/JN-AN-1171-ZigBee-LightLink-Demo/Controller_NonColorController/Build/app_led_control.o
LOAD c:/NXP/bstudio_nxp/workspace/JN-AN-1171-ZigBee-LightLink-Demo/Controller_NonColorController/Build/app_start_remote.o
LOAD c:/NXP/bstudio_nxp/workspace/JN-AN-1171-ZigBee-LightLink-Demo/Controller_NonColorController/Build/app_captouch_buttons.o
LOAD c:/NXP/bstudio_nxp/workspace/JN-AN-1171-ZigBee-LightLink-Demo/Controller_NonColorController/Build/DriverCapTouch.o
LOAD c:/NXP/bstudio_nxp/workspace/JN-AN-1171-ZigBee-LightLink-Demo/Controller_NonColorController/Build/App_Controller_NonColorController.o
LOAD c:/NXP/bstudio_nxp/workspace/JN-AN-1171-ZigBee-LightLink-Demo/Controller_NonColorController/Build/zll_remote_node.o
LOAD c:/NXP/bstudio_nxp/workspace/JN-AN-1171-ZigBee-LightLink-Demo/Controller_NonColorController/Build/ecb_decrypt.o
LOAD c:/NXP/bstudio_nxp/workspace/JN-AN-1171-ZigBee-LightLink-Demo/Controller_NonColorController/Build/app_zcl_remote_task.o
LOAD c:/NXP/bstudio_nxp/workspace/JN-AN-1171-ZigBee-LightLink-Demo/Controller_NonColorController/Build/app_remote_commission_task.o
LOAD c:/NXP/bstudio_nxp/workspace/JN-AN-1171-ZigBee-LightLink-Demo/Controller_NonColorController/Build/low_bat_indicator.o
LOAD c:/NXP/bstudio_nxp/workspace/JN-AN-1171-ZigBee-LightLink-Demo/Controller_NonColorController/Build/appZpsBeaconHandler.o
LOAD c:/NXP/bstudio_nxp/workspace/JN-AN-1171-ZigBee-LightLink-Demo/Controller_NonColorController/Build/Alarms.o
LOAD c:/NXP/bstudio_nxp/workspace/JN-AN-1171-ZigBee-LightLink-Demo/Controller_NonColorController/Build/AlarmsClientCommands.o
LOAD c:/NXP/bstudio_nxp/workspace/JN-AN-1171-ZigBee-LightLink-Demo/Controller_NonColorController/Build/AlarmsCommandHandler.o
LOAD c:/NXP/bstudio_nxp/workspace/JN-AN-1171-ZigBee-LightLink-Demo/Controller_NonColorController/Build/AlarmsServerCommands.o
LOAD c:/NXP/bstudio_nxp/workspace/JN-AN-1171-ZigBee-LightLink-Demo/Controller_NonColorController/Build/AlarmsTableManager.o
LOAD c:/NXP/bstudio_nxp/workspace/JN-AN-1171-ZigBee-LightLink-Demo/Controller_NonColorController/Build/AnalogInputBasic.o
LOAD c:/NXP/bstudio_nxp/workspace/JN-AN-1171-ZigBee-LightLink-Demo/Controller_NonColorController/Build/AnalogOutputBasic.o
LOAD c:/NXP/bstudio_nxp/workspace/JN-AN-1171-ZigBee-LightLink-Demo/Controller_NonColorController/Build/Basic.o
LOAD c:/NXP/bstudio_nxp/workspace/JN-AN-1171-ZigBee-LightLink-Demo/Controller_NonColorController/Build/BasicClientCommands.o
LOAD c:/NXP/bstudio_nxp/workspace/JN-AN-1171-ZigBee-LightLink-Demo/Controller_NonColorController/Build/BasicCommandHandler.o
LOAD c:/NXP/bstudio_nxp/workspace/JN-AN-1171-ZigBee-LightLink-Demo/Controller_NonColorController/Build/BinaryInputBasic.o
LOAD c:/NXP/bstudio_nxp/workspace/JN-AN-1171-ZigBee-LightLink-Demo/Controller_NonColorController/Build/BinaryOutputBasic.o
LOAD c:/NXP/bstudio_nxp/workspace/JN-AN-1171-ZigBee-LightLink-Demo/Controller_NonColorController/Build/Commissioning.o
LOAD c:/NXP/bstudio_nxp/workspace/JN-AN-1171-ZigBee-LightLink-Demo/Controller_NonColorController/Build/DeviceTemperatureConfiguration.o
LOAD c:/NXP/bstudio_nxp/workspace/JN-AN-1171-ZigBee-LightLink-Demo/Controller_NonColorController/Build/Diagnostics.o
LOAD c:/NXP/bstudio_nxp/workspace/JN-AN-1171-ZigBee-LightLink-Demo/Controller_NonColorController/Build/DoorLock.o
LOAD c:/NXP/bstudio_nxp/workspace/JN-AN-1171-ZigBee-LightLink-Demo/Controller_NonColorController/Build/DoorLockCommandHandler.o
LOAD c:/NXP/bstudio_nxp/workspace/JN-AN-1171-ZigBee-LightLink-Demo/Controller_NonColorController/Build/DoorLockCommands.o
LOAD c:/NXP/bstudio_nxp/workspace/JN-AN-1171-ZigBee-LightLink-Demo/Controller_NonColorController/Build/ElectricalMeasurement.o
LOAD c:/NXP/bstudio_nxp/workspace/JN-AN-1171-ZigBee-LightLink-Demo/Controller_NonColorController/Build/Groups.o
LOAD c:/NXP/bstudio_nxp/workspace/JN-AN-1171-ZigBee-LightLink-Demo/Controller_NonColorController/Build/GroupsClientCommands.o
LOAD c:/NXP/bstudio_nxp/workspace/JN-AN-1171-ZigBee-LightLink-Demo/Controller_NonColorController/Build/GroupsCommandHandler.o
LOAD c:/NXP/bstudio_nxp/workspace/JN-AN-1171-ZigBee-LightLink-Demo/Controller_NonColorController/Build/GroupsServerCommands.o
LOAD c:/NXP/bstudio_nxp/workspace/JN-AN-1171-ZigBee-LightLink-Demo/Controller_NonColorController/Build/GroupsTableManager.o
LOAD c:/NXP/bstudio_nxp/workspace/JN-AN-1171-ZigBee-LightLink-Demo/Controller_NonColorController/Build/Identify.o
LOAD c:/NXP/bstudio_nxp/workspace/JN-AN-1171-ZigBee-LightLink-Demo/Controller_NonColorController/Build/IdentifyClientCommands.o
LOAD c:/NXP/bstudio_nxp/workspace/JN-AN-1171-ZigBee-LightLink-Demo/Controller_NonColorController/Build/IdentifyCommandHandler.o
LOAD c:/NXP/bstudio_nxp/workspace/JN-AN-1171-ZigBee-LightLink-Demo/Controller_NonColorController/Build/IdentifyServerCommands.o
LOAD c:/NXP/bstudio_nxp/workspace/JN-AN-1171-ZigBee-LightLink-Demo/Controller_NonColorController/Build/LevelControl.o
LOAD c:/NXP/bstudio_nxp/workspace/JN-AN-1171-ZigBee-LightLink-Demo/Controller_NonColorController/Build/LevelControlClientCommands.o
LOAD c:/NXP/bstudio_nxp/workspace/JN-AN-1171-ZigBee-LightLink-Demo/Controller_NonColorController/Build/LevelControlCommandHandler.o
LOAD c:/NXP/bstudio_nxp/workspace/JN-AN-1171-ZigBee-LightLink-Demo/Controller_NonColorController/Build/MultistateInputBasic.o
LOAD c:/NXP/bstudio_nxp/workspace/JN-AN-1171-ZigBee-LightLink-Demo/Controller_NonColorController/Build/MultistateOutputBasic.o
LOAD c:/NXP/bstudio_nxp/workspace/JN-AN-1171-ZigBee-LightLink-Demo/Controller_NonColorController/Build/OOSC.o
LOAD c:/NXP/bstudio_nxp/workspace/JN-AN-1171-ZigBee-LightLink-Demo/Controller_NonColorController/Build/OnOff.o
LOAD c:/NXP/bstudio_nxp/workspace/JN-AN-1171-ZigBee-LightLink-Demo/Controller_NonColorController/Build/OnOffCommandHandler.o
LOAD c:/NXP/bstudio_nxp/workspace/JN-AN-1171-ZigBee-LightLink-Demo/Controller_NonColorController/Build/OnOffCommands.o
LOAD c:/NXP/bstudio_nxp/workspace/JN-AN-1171-ZigBee-LightLink-Demo/Controller_NonColorController/Build/PollControl.o
LOAD c:/NXP/bstudio_nxp/workspace/JN-AN-1171-ZigBee-LightLink-Demo/Controller_NonColorController/Build/PollControlClientCommands.o
LOAD c:/NXP/bstudio_nxp/workspace/JN-AN-1171-ZigBee-LightLink-Demo/Controller_NonColorController/Build/PollControlCommandHandler.o
LOAD c:/NXP/bstudio_nxp/workspace/JN-AN-1171-ZigBee-LightLink-Demo/Controller_NonColorController/Build/PollControlServerCommands.o
LOAD c:/NXP/bstudio_nxp/workspace/JN-AN-1171-ZigBee-LightLink-Demo/Controller_NonColorController/Build/PowerConfiguration.o
LOAD c:/NXP/bstudio_nxp/workspace/JN-AN-1171-ZigBee-LightLink-Demo/Controller_NonColorController/Build/Scenes.o
LOAD c:/NXP/bstudio_nxp/workspace/JN-AN-1171-ZigBee-LightLink-Demo/Controller_NonColorController/Build/ScenesClientCommands.o
LOAD c:/NXP/bstudio_nxp/workspace/JN-AN-1171-ZigBee-LightLink-Demo/Controller_NonColorController/Build/ScenesClusterManagement.o
LOAD c:/NXP/bstudio_nxp/workspace/JN-AN-1171-ZigBee-LightLink-Demo/Controller_NonColorController/Build/ScenesCommandHandler.o
LOAD c:/NXP/bstudio_nxp/workspace/JN-AN-1171-ZigBee-LightLink-Demo/Controller_NonColorController/Build/ScenesServerCommands.o
LOAD c:/NXP/bstudio_nxp/workspace/JN-AN-1171-ZigBee-LightLink-Demo/Controller_NonColorController/Build/ScenesTableManager.o
LOAD c:/NXP/bstudio_nxp/workspace/JN-AN-1171-ZigBee-LightLink-Demo/Controller_NonColorController/Build/TC.o
LOAD c:/NXP/bstudio_nxp/workspace/JN-AN-1171-ZigBee-LightLink-Demo/Controller_NonColorController/Build/Time.o
LOAD c:/NXP/bstudio_nxp/workspace/JN-AN-1171-ZigBee-LightLink-Demo/Controller_NonColorController/Build/zll_CommissionCmdHandler.o
LOAD c:/NXP/bstudio_nxp/workspace/JN-AN-1171-ZigBee-LightLink-Demo/Controller_NonColorController/Build/zll_UtilityCmdHandler.o
LOAD c:/NXP/bstudio_nxp/workspace/JN-AN-1171-ZigBee-LightLink-Demo/Controller_NonColorController/Build/zll_commission.o
LOAD c:/NXP/bstudio_nxp/workspace/JN-AN-1171-ZigBee-LightLink-Demo/Controller_NonColorController/Build/zll_utility.o
LOAD c:/NXP/bstudio_nxp/workspace/JN-AN-1171-ZigBee-LightLink-Demo/Controller_NonColorController/Build/colour_light.o
LOAD c:/NXP/bstudio_nxp/workspace/JN-AN-1171-ZigBee-LightLink-Demo/Controller_NonColorController/Build/colour_remote.o
LOAD c:/NXP/bstudio_nxp/workspace/JN-AN-1171-ZigBee-LightLink-Demo/Controller_NonColorController/Build/colour_scene_remote.o
LOAD c:/NXP/bstudio_nxp/workspace/JN-AN-1171-ZigBee-LightLink-Demo/Controller_NonColorController/Build/colour_temperature_light.o
LOAD c:/NXP/bstudio_nxp/workspace/JN-AN-1171-ZigBee-LightLink-Demo/Controller_NonColorController/Build/commission_endpoint.o
LOAD c:/NXP/bstudio_nxp/workspace/JN-AN-1171-ZigBee-LightLink-Demo/Controller_NonColorController/Build/control_bridge.o
LOAD c:/NXP/bstudio_nxp/workspace/JN-AN-1171-ZigBee-LightLink-Demo/Controller_NonColorController/Build/dimmable_light.o
LOAD c:/NXP/bstudio_nxp/workspace/JN-AN-1171-ZigBee-LightLink-Demo/Controller_NonColorController/Build/dimmable_plug.o
LOAD c:/NXP/bstudio_nxp/workspace/JN-AN-1171-ZigBee-LightLink-Demo/Controller_NonColorController/Build/extended_colour_light.o
LOAD c:/NXP/bstudio_nxp/workspace/JN-AN-1171-ZigBee-LightLink-Demo/Controller_NonColorController/Build/non_colour_remote.o
LOAD c:/NXP/bstudio_nxp/workspace/JN-AN-1171-ZigBee-LightLink-Demo/Controller_NonColorController/Build/non_colour_scene_remote.o
LOAD c:/NXP/bstudio_nxp/workspace/JN-AN-1171-ZigBee-LightLink-Demo/Controller_NonColorController/Build/on_off_light.o
LOAD c:/NXP/bstudio_nxp/workspace/JN-AN-1171-ZigBee-LightLink-Demo/Controller_NonColorController/Build/on_off_plug.o
LOAD c:/NXP/bstudio_nxp/workspace/JN-AN-1171-ZigBee-LightLink-Demo/Controller_NonColorController/Build/on_off_sensor.o
LOAD c:/NXP/bstudio_nxp/workspace/JN-AN-1171-ZigBee-LightLink-Demo/Controller_NonColorController/Build/zll.o
LOAD c:/NXP/bstudio_nxp/workspace/JN-AN-1171-ZigBee-LightLink-Demo/Controller_NonColorController/Build/BallastConfiguration.o
LOAD c:/NXP/bstudio_nxp/workspace/JN-AN-1171-ZigBee-LightLink-Demo/Controller_NonColorController/Build/ColourControl.o
LOAD c:/NXP/bstudio_nxp/workspace/JN-AN-1171-ZigBee-LightLink-Demo/Controller_NonColorController/Build/ColourControlClientCommands.o
LOAD c:/NXP/bstudio_nxp/workspace/JN-AN-1171-ZigBee-LightLink-Demo/Controller_NonColorController/Build/ColourControlCommandHandler.o
LOAD c:/NXP/bstudio_nxp/workspace/JN-AN-1171-ZigBee-LightLink-Demo/Controller_NonColorController/Build/ColourControlConversions.o
LOAD c:/NXP/bstudio_nxp/workspace/JN-AN-1171-ZigBee-LightLink-Demo/Controller_NonColorController/Build/dlist.o
LOAD c:/NXP/bstudio_nxp/workspace/JN-AN-1171-ZigBee-LightLink-Demo/Controller_NonColorController/Build/zcl.o
LOAD c:/NXP/bstudio_nxp/workspace/JN-AN-1171-ZigBee-LightLink-Demo/Controller_NonColorController/Build/zcl_CustomCommandReceive.o
LOAD c:/NXP/bstudio_nxp/workspace/JN-AN-1171-ZigBee-LightLink-Demo/Controller_NonColorController/Build/zcl_CustomCommandSend.o
LOAD c:/NXP/bstudio_nxp/workspace/JN-AN-1171-ZigBee-LightLink-Demo/Controller_NonColorController/Build/zcl_PDUbufferReadWrite.o
LOAD c:/NXP/bstudio_nxp/workspace/JN-AN-1171-ZigBee-LightLink-Demo/Controller_NonColorController/Build/zcl_PDUbufferReadWriteString.o
LOAD c:/NXP/bstudio_nxp/workspace/JN-AN-1171-ZigBee-LightLink-Demo/Controller_NonColorController/Build/zcl_WriteAttributesRequestHandle.o
LOAD c:/NXP/bstudio_nxp/workspace/JN-AN-1171-ZigBee-LightLink-Demo/Controller_NonColorController/Build/zcl_WriteAttributesRequestSend.o
LOAD c:/NXP/bstudio_nxp/workspace/JN-AN-1171-ZigBee-LightLink-Demo/Controller_NonColorController/Build/zcl_WriteAttributesResponseHandle.o
LOAD c:/NXP/bstudio_nxp/workspace/JN-AN-1171-ZigBee-LightLink-Demo/Controller_NonColorController/Build/zcl_attribute.o
LOAD c:/NXP/bstudio_nxp/workspace/JN-AN-1171-ZigBee-LightLink-Demo/Controller_NonColorController/Build/zcl_buffer.o
LOAD c:/NXP/bstudio_nxp/workspace/JN-AN-1171-ZigBee-LightLink-Demo/Controller_NonColorController/Build/zcl_clusterCommand.o
LOAD c:/NXP/bstudio_nxp/workspace/JN-AN-1171-ZigBee-LightLink-Demo/Controller_NonColorController/Build/zcl_command.o
LOAD c:/NXP/bstudio_nxp/workspace/JN-AN-1171-ZigBee-LightLink-Demo/Controller_NonColorController/Build/zcl_configureReportingCommandHandle.o
LOAD c:/NXP/bstudio_nxp/workspace/JN-AN-1171-ZigBee-LightLink-Demo/Controller_NonColorController/Build/zcl_configureReportingCommandSend.o
LOAD c:/NXP/bstudio_nxp/workspace/JN-AN-1171-ZigBee-LightLink-Demo/Controller_NonColorController/Build/zcl_configureReportingResponseHandle.o
LOAD c:/NXP/bstudio_nxp/workspace/JN-AN-1171-ZigBee-LightLink-Demo/Controller_NonColorController/Build/zcl_defaultResponse.o
LOAD c:/NXP/bstudio_nxp/workspace/JN-AN-1171-ZigBee-LightLink-Demo/Controller_NonColorController/Build/zcl_discoverAttributesExtendedRequestHandle.o
LOAD c:/NXP/bstudio_nxp/workspace/JN-AN-1171-ZigBee-LightLink-Demo/Controller_NonColorController/Build/zcl_discoverAttributesExtendedRequestSend.o
LOAD c:/NXP/bstudio_nxp/workspace/JN-AN-1171-ZigBee-LightLink-Demo/Controller_NonColorController/Build/zcl_discoverAttributesExtendedResponseHandle.o
LOAD c:/NXP/bstudio_nxp/workspace/JN-AN-1171-ZigBee-LightLink-Demo/Controller_NonColorController/Build/zcl_discoverAttributesRequestHandle.o
LOAD c:/NXP/bstudio_nxp/workspace/JN-AN-1171-ZigBee-LightLink-Demo/Controller_NonColorController/Build/zcl_discoverAttributesRequestSend.o
LOAD c:/NXP/bstudio_nxp/workspace/JN-AN-1171-ZigBee-LightLink-Demo/Controller_NonColorController/Build/zcl_discoverAttributesResponseHandle.o
LOAD c:/NXP/bstudio_nxp/workspace/JN-AN-1171-ZigBee-LightLink-Demo/Controller_NonColorController/Build/zcl_discoverCommandsRequestHandle.o
LOAD c:/NXP/bstudio_nxp/workspace/JN-AN-1171-ZigBee-LightLink-Demo/Controller_NonColorController/Build/zcl_discoverCommandsRequestSend.o
LOAD c:/NXP/bstudio_nxp/workspace/JN-AN-1171-ZigBee-LightLink-Demo/Controller_NonColorController/Build/zcl_discoverCommandsResponseHandle.o
LOAD c:/NXP/bstudio_nxp/workspace/JN-AN-1171-ZigBee-LightLink-Demo/Controller_NonColorController/Build/zcl_event.o
LOAD c:/NXP/bstudio_nxp/workspace/JN-AN-1171-ZigBee-LightLink-Demo/Controller_NonColorController/Build/zcl_heap.o
LOAD c:/NXP/bstudio_nxp/workspace/JN-AN-1171-ZigBee-LightLink-Demo/Controller_NonColorController/Build/zcl_library_options.o
LOAD c:/NXP/bstudio_nxp/workspace/JN-AN-1171-ZigBee-LightLink-Demo/Controller_NonColorController/Build/zcl_readAttributesRequestHandle.o
LOAD c:/NXP/bstudio_nxp/workspace/JN-AN-1171-ZigBee-LightLink-Demo/Controller_NonColorController/Build/zcl_readAttributesRequestSend.o
LOAD c:/NXP/bstudio_nxp/workspace/JN-AN-1171-ZigBee-LightLink-Demo/Controller_NonColorController/Build/zcl_readAttributesResponseHandle.o
LOAD c:/NXP/bstudio_nxp/workspace/JN-AN-1171-ZigBee-LightLink-Demo/Controller_NonColorController/Build/zcl_readReportingConfigurationCommandHandle.o
LOAD c:/NXP/bstudio_nxp/workspace/JN-AN-1171-ZigBee-LightLink-Demo/Controller_NonColorController/Build/zcl_readReportingConfigurationCommandSend.o
LOAD c:/NXP/bstudio_nxp/workspace/JN-AN-1171-ZigBee-LightLink-Demo/Controller_NonColorController/Build/zcl_readReportingConfigurationResponseHandle.o
LOAD c:/NXP/bstudio_nxp/workspace/JN-AN-1171-ZigBee-LightLink-Demo/Controller_NonColorController/Build/zcl_reportManager.o
LOAD c:/NXP/bstudio_nxp/workspace/JN-AN-1171-ZigBee-LightLink-Demo/Controller_NonColorController/Build/zcl_reportMaths.o
LOAD c:/NXP/bstudio_nxp/workspace/JN-AN-1171-ZigBee-LightLink-Demo/Controller_NonColorController/Build/zcl_reportScheduler.o
LOAD c:/NXP/bstudio_nxp/workspace/JN-AN-1171-ZigBee-LightLink-Demo/Controller_NonColorController/Build/zcl_reportStringHandling.o
LOAD c:/NXP/bstudio_nxp/workspace/JN-AN-1171-ZigBee-LightLink-Demo/Controller_NonColorController/Build/zcl_reportStructure.o
LOAD c:/NXP/bstudio_nxp/workspace/JN-AN-1171-ZigBee-LightLink-Demo/Controller_NonColorController/Build/zcl_search.o
LOAD c:/NXP/bstudio_nxp/workspace/JN-AN-1171-ZigBee-LightLink-Demo/Controller_NonColorController/Build/zcl_timer.o
LOAD c:/NXP/bstudio_nxp/workspace/JN-AN-1171-ZigBee-LightLink-Demo/Controller_NonColorController/Build/zcl_transmit.o
LOAD c:/NXP/bstudio_nxp/sdk/JN-SW-4168/Components/Library\libZPSMAC_Mini_JN516x.a
LOAD c:/NXP/bstudio_nxp/sdk/JN-SW-4168/Components/Library\libOS_JN516x.a
LOAD c:/NXP/bstudio_nxp/sdk/JN-SW-4168/Components/Library\libPWRM_JN516x.a
LOAD c:/NXP/bstudio_nxp/sdk/JN-SW-4168/Components/Library\libZPSTSV_JN516x.a
LOAD c:/NXP/bstudio_nxp/sdk/JN-SW-4168/Components/Library\libAES_SW_JN516x.a
LOAD c:/NXP/bstudio_nxp/sdk/JN-SW-4168/Components/Library\libPDUM_JN516x.a
LOAD c:/NXP/bstudio_nxp/sdk/JN-SW-4168/Components/Library\libZPSAPL_JN516x.a
LOAD c:/NXP/bstudio_nxp/sdk/JN-SW-4168/Components/Library\libRandom_JN516x.a
LOAD c:/NXP/bstudio_nxp/sdk/JN-SW-4168/Components/Library\libPDM_EEPROM_JN516x.a
LOAD c:/NXP/bstudio_nxp/sdk/JN-SW-4168/Components/Library\libDBG_JN516x.a
LOAD c:/NXP/bstudio_nxp/sdk/JN-SW-4168/Components/Library\libZPSZLL_ZED_JN516x.a
LOAD c:/NXP/bstudio_nxp/sdk/JN-SW-4168/Components/Library\libZPSNWK_ZED_JN516x.a
LOAD c:/NXP/bstudio_nxp/sdk/JN-SW-4168/Components/Library\libMiniMac_JN516x.a
LOAD c:/NXP/bstudio_nxp/sdk/JN-SW-4168/Components/Library\libMiniMacShim_JN516x.a
LOAD c:/NXP/bstudio_nxp/sdk/JN-SW-4168/Components/Library\libMMAC_JN516x.a
LOAD c:/NXP/bstudio_nxp/sdk/JN-SW-4168/Components/Library\libAes_JN516x.a
LOAD c:/NXP/bstudio_nxp/sdk/JN-SW-4168/Components/Library\libHardwareApi_JN516x.a
LOAD c:/NXP/bstudio_nxp/sdk/JN-SW-4168/Components/Library\libMicroSpecific_JN516x.a
LOAD c:/NXP/bstudio_nxp/sdk/JN-SW-4168/Components/Library\libBoot_JN516x.a
LOAD c:/NXP/bstudio_nxp/sdk/JN-SW-4168/Platform/DK2/Library\libBoardLib_JN516x.a
LOAD c:/nxp/bstudio_nxp/sdk/tools/ba-elf-ba2-r36379/bin/../lib/gcc/ba-elf/4.7.4/../../../../ba-elf/lib/mcpu_jn51xx_sizeopt\libm.a
END GROUP
LOAD c:/nxp/bstudio_nxp/sdk/tools/ba-elf-ba2-r36379/bin/../lib/gcc/ba-elf/4.7.4/../../../../ba-elf/lib/mcpu_jn51xx_sizeopt\libc.a
LOAD c:/nxp/bstudio_nxp/sdk/tools/ba-elf-ba2-r36379/bin/../lib/gcc/ba-elf/4.7.4/mcpu_jn51xx_sizeopt\libgcc.a
LOAD c:/nxp/bstudio_nxp/sdk/tools/ba-elf-ba2-r36379/bin/../lib/gcc/ba-elf/4.7.4/../../../../ba-elf/lib/mcpu_jn51xx_sizeopt\libc.a
                0x0000000000080038                _exception_vsr_table = 0x80038
                0x0000000004000000                pSPIflashFncTable = 0x4000000
                0x0000000000000044                restore_state = 0x44
                0x000000000000004a                bZSPIWaitWIPClear = 0x4a
                0x0000000000000050                u16ZSPIflashRDID = 0x50
                0x0000000000000056                u8SelectFlashChipType = 0x56
                0x000000000000005c                memcpy = 0x5c
                0x0000000000000066                vBootFlashProg = 0x66
                [0x00000000000007d0]                __minimum_heap_size = DEFINED (__minimum_heap_size)?__minimum_heap_size:0xd16
                [0x0000000000001388]                __stack_size = DEFINED (__stack_size)?__stack_size:0x800
                0x0000000000000000                _SwConfig = (DEFINED (g_bSWConf_Debug) | (DEFINED (g_bSWConf_AltDebugPort) << 0x1))

.version        0x000000000007fffc        0x4
                0x000000000007fffc        0x4 LONG 0x7030008

.bir            0x0000000000080000       0x10
                0x0000000000080000                _flash_start = ABSOLUTE (.)
                0x0000000000080000                _flash_beg = ABSOLUTE (.)
                0x0000000000080000        0x4 LONG 0x12345678
                0x0000000000080004        0x4 LONG 0x11223344
                0x0000000000080008        0x4 LONG 0x55667788
                0x000000000008000c        0x1 BYTE 0x8
                0x000000000008000d        0x1 BYTE 0x1
                0x000000000008000e        0x2 SHORT 0x0

.flashheader    0x0000000000080010       0x28
                0x0000000000080010        0x4 LONG 0x0
                0x0000000000080014        0x4 LONG 0x0
                0x0000000000080018        0x4 LONG 0x0
                0x000000000008001c        0x2 SHORT 0x0
                0x000000000008001e        0x2 SHORT 0x0 ABSOLUTE (_SwConfig)
                0x0000000000080020                _enc_start = ABSOLUTE (.)
                0x0000000000080020        0x4 LONG 0x20714 ABSOLUTE (_image_len)
                0x0000000000080024        0x4 LONG 0x9ffb8 ABSOLUTE (_flash_data_start)
                0x0000000000080028        0x2 SHORT 0x13 ((ABSOLUTE (_ram_data_start) / 0x4) & 0xffff)
                0x000000000008002a        0x2 SHORT 0x1d7 ((ABSOLUTE (_ram_data_len) / 0x4) & 0xffff)
                0x000000000008002c        0x2 SHORT 0x1ea ((ABSOLUTE (_bss_start) / 0x4) & 0xffff)
                0x000000000008002e        0x2 SHORT 0xd93 ((ABSOLUTE (_bss_len) / 0x4) & 0xffff)
                0x0000000000080030        0x4 LONG 0x9e6a9 ABSOLUTE (AppWarmStart)
                0x0000000000080034        0x4 LONG 0x9e6c3 ABSOLUTE (AppColdStart)
                0x0000000000000000                _enc_offset = (_enc_start & 0xf)

.ro_mac_address
                0x0000000000080040        0x0
                0x0000000000080040                _FlsMACAddress = ABSOLUTE (.)
 *(.ro_mac_address)
                0x0000000000080040                . = ALIGN (0x10)

.ro_ota_header  0x0000000000080040        0x0
                0x0000000000080040                _FlsOtaHeader = ABSOLUTE (.)
 *(.ro_ota_header)
                0x0000000000080040                . = ALIGN (0x10)

.ro_se_lnkKey   0x0000000000080040        0x0
                0x0000000000080040                _FlsLinkKey = ABSOLUTE (.)
 *(.ro_se_lnkKey)
                0x0000000000080040                . = ALIGN (0x10)

.rodata         0x0000000000080038     0x1f2f
 *(.rodata*)
 .rodata.str1.1
                0x0000000000080038      0x240 C:\Users\Gillis\AppData\Local\Temp\ccRckreV.ltrans0.ltrans.o
 .rodata        0x0000000000080278       0x7c C:\Users\Gillis\AppData\Local\Temp\ccRckreV.ltrans0.ltrans.o
                0x0000000000080278                gMAC_u8MaxBuffers
                0x000000000008027c                g_u32ApsFcSaveCountBitShift
                0x0000000000080280                u8MaxZpsConfigEp
                0x0000000000080281                au8EpMapPresent
                0x0000000000080284                s_groupPdmTable
 .rodata.str1.1
                0x00000000000802f4      0x683 C:\Users\Gillis\AppData\Local\Temp\ccRckreV.ltrans1.ltrans.o
 .rodata        0x0000000000080977       0xff C:\Users\Gillis\AppData\Local\Temp\ccRckreV.ltrans1.ltrans.o
 *fill*         0x0000000000080a76        0x2 00
 .rodata        0x0000000000080a78       0x48 C:\Users\Gillis\AppData\Local\Temp\ccRckreV.ltrans2.ltrans.o
 .rodata        0x0000000000080ac0       0x18 C:\Users\Gillis\AppData\Local\Temp\ccRckreV.ltrans3.ltrans.o
 .rodata.str1.1
                0x0000000000080ad8        0x5 C:\Users\Gillis\AppData\Local\Temp\ccRckreV.ltrans4.ltrans.o
                                          0xb (size before relaxing)
 .rodata.str1.1
                0x0000000000080add      0x257 C:\Users\Gillis\AppData\Local\Temp\ccRckreV.ltrans5.ltrans.o
                                        0x28a (size before relaxing)
 .rodata        0x0000000000080d34        0x8 C:\Users\Gillis\AppData\Local\Temp\ccRckreV.ltrans5.ltrans.o
                0x0000000000080d34                au32UartAddrOffset
 .rodata.str1.1
                0x0000000000080d3c       0x11 C:\Users\Gillis\AppData\Local\Temp\ccRckreV.ltrans6.ltrans.o
 .rodata.str1.1
                0x0000000000080d4d        0x4 C:\Users\Gillis\AppData\Local\Temp\ccRckreV.ltrans8.ltrans.o
                                         0x13 (size before relaxing)
 .rodata.str1.1
                0x0000000000000000        0x4 C:\Users\Gillis\AppData\Local\Temp\ccRckreV.ltrans9.ltrans.o
                                         0x1a (size before relaxing)
 .rodata        0x0000000000080d51        0x6 C:\Users\Gillis\AppData\Local\Temp\ccRckreV.ltrans9.ltrans.o
 *fill*         0x0000000000080d57        0x1 00
 .rodata        0x0000000000080d58       0x1c C:\Users\Gillis\AppData\Local\Temp\ccRckreV.ltrans10.ltrans.o
                0x0000000000080d58                CSWTCH.49.136249.136249
                0x0000000000080d60                au32TimerBaseAddress
 .rodata.str1.1
                0x0000000000080d74       0x4e C:\Users\Gillis\AppData\Local\Temp\ccRckreV.ltrans11.ltrans.o
                                         0x7b (size before relaxing)
 *fill*         0x0000000000080dc2        0x2 00
 .rodata        0x0000000000080dc4       0x18 C:\Users\Gillis\AppData\Local\Temp\ccRckreV.ltrans12.ltrans.o
                0x0000000000080dc4                au32NwkPdmRecordOffsets
 .rodata.str1.1
                0x0000000000080ddc       0x21 C:\Users\Gillis\AppData\Local\Temp\ccRckreV.ltrans13.ltrans.o
                                         0x39 (size before relaxing)
 .rodata.str1.1
                0x0000000000080dfd       0x1f C:\Users\Gillis\AppData\Local\Temp\ccRckreV.ltrans14.ltrans.o
                                         0x31 (size before relaxing)
 .rodata.str1.1
                0x0000000000080e1c       0x40 C:\Users\Gillis\AppData\Local\Temp\ccRckreV.ltrans15.ltrans.o
 .rodata        0x0000000000080e5c      0x184 C:\Users\Gillis\AppData\Local\Temp\ccRckreV.ltrans16.ltrans.o
                0x0000000000080e64                s_apsStSceTbl.120123
                0x0000000000080e78                s_aprIdleStHandleCme.128143
                0x0000000000080e88                s_aprActvStHandleCme.125029
                0x0000000000080ea0                s_apsStSmeTbl.120186
                0x0000000000080eb4                bRxOnOptimisationTurnedOff
                0x0000000000080eb8                zps_sJoinSceTbl
                0x0000000000080ec4                zps_sActvSceTbl
                0x0000000000080ed0                zps_sDiscSmeTbl
                0x0000000000080edc                zps_sJoinSmeTbl
                0x0000000000080ee8                zps_sActvSmeTbl
 .rodata.str1.1
                0x0000000000080fe0       0x96 C:\Users\Gillis\AppData\Local\Temp\ccRckreV.ltrans17.ltrans.o
 .rodata.str1.1
                0x0000000000081076        0x5 C:\Users\Gillis\AppData\Local\Temp\ccRckreV.ltrans18.ltrans.o
                                         0x17 (size before relaxing)
 .rodata.str1.1
                0x000000000008107b      0x278 C:\Users\Gillis\AppData\Local\Temp\ccRckreV.ltrans19.ltrans.o
                                        0x285 (size before relaxing)
 .rodata        0x00000000000812f3       0x11 C:\Users\Gillis\AppData\Local\Temp\ccRckreV.ltrans19.ltrans.o
                0x00000000000812f3                g_bReverToOldParent
 .rodata        0x0000000000081304      0x328 C:\Users\Gillis\AppData\Local\Temp\ccRckreV.ltrans20.ltrans.o
                0x0000000000081514                gu32ZCLVersion
                0x0000000000081518                OS_g_u32Version
                0x000000000008151c                PDUM_g_u32Version
                0x0000000000081520                ZPS_g_u32MacVersion
                0x0000000000081524                ZPS_g_u32TsvVersion
 .rodata.str1.1
                0x000000000008162c      0x234 C:\Users\Gillis\AppData\Local\Temp\ccRckreV.ltrans22.ltrans.o
                                        0x238 (size before relaxing)
 .rodata        0x0000000000081860        0x8 C:\Users\Gillis\AppData\Local\Temp\ccRckreV.ltrans22.ltrans.o
                0x0000000000081860                au8ZLLChannelSet
 .rodata.str1.1
                0x0000000000081868      0x136 C:\Users\Gillis\AppData\Local\Temp\ccRckreV.ltrans23.ltrans.o
                                        0x137 (size before relaxing)
 .rodata.str1.1
                0x0000000000000000        0x7 C:\Users\Gillis\AppData\Local\Temp\ccRckreV.ltrans24.ltrans.o
 *fill*         0x000000000008199e        0x2 00
 .rodata        0x00000000000819a0       0x4c C:\Users\Gillis\AppData\Local\Temp\ccRckreV.ltrans24.ltrans.o
                0x00000000000819a0                g_u32NwkFcSaveCountBitShift
 .rodata.str1.1
                0x00000000000819ec       0x2e C:\Users\Gillis\AppData\Local\Temp\ccRckreV.ltrans25.ltrans.o
                                         0x50 (size before relaxing)
 .rodata.str1.1
                0x0000000000000000       0x2e C:\Users\Gillis\AppData\Local\Temp\ccRckreV.ltrans26.ltrans.o
                                          0x8 (size before relaxing)
 .rodata.str1.1
                0x0000000000000000        0xf C:\Users\Gillis\AppData\Local\Temp\ccRckreV.ltrans27.ltrans.o
 .rodata.str1.1
                0x0000000000081a1a        0x7 C:\Users\Gillis\AppData\Local\Temp\ccRckreV.ltrans28.ltrans.o
                                         0x11 (size before relaxing)
 .rodata.str1.1
                0x0000000000081a21      0x14c C:\Users\Gillis\AppData\Local\Temp\ccRckreV.ltrans29.ltrans.o
                                        0x14e (size before relaxing)
 *fill*         0x0000000000081b6d        0x3 00
 .rodata        0x0000000000081b70      0x3b8 C:\Users\Gillis\AppData\Local\Temp\ccRckreV.ltrans29.ltrans.o
                0x0000000000081b70                zps_g_pvApl
                0x0000000000081b74                u32HeapEnd
 .rodata.str1.1
                0x0000000000081f28       0x3f C:\Users\Gillis\AppData\Local\Temp\ccRckreV.ltrans30.ltrans.o
                                         0x6f (size before relaxing)
 .rodata.str1.1
                0x0000000000000000       0x3f C:\Users\Gillis\AppData\Local\Temp\ccRckreV.ltrans31.ltrans.o
                                          0x4 (size before relaxing)

.text           0x0000000000081f68    0x1e04e
 *(.text*)
 .text          0x0000000000081f68     0x19cc C:\Users\Gillis\AppData\Local\Temp\ccRckreV.ltrans0.ltrans.o
                0x0000000000081f68                APP_TIMER_Version_1v0
                0x0000000000081f68                vInitialiseApp.3338
 .text          0x0000000000083934     0x1c7c C:\Users\Gillis\AppData\Local\Temp\ccRckreV.ltrans1.ltrans.o
                0x0000000000083934                os_vAPP_Commission_Task
 .text          0x00000000000855b0     0x122f C:\Users\Gillis\AppData\Local\Temp\ccRckreV.ltrans2.ltrans.o
                0x00000000000855b0                vZdoServersInit.3022
                0x0000000000085631                DBG_iUartGetChar
                0x00000000000856e5                vMMAC_IntHandlerBbc
                0x00000000000856ff                eBasicTxCompleteHandler
                0x0000000000085704                vTxRxTimeout.134313
                0x0000000000085761                zps_eNwkHandleSmeOrphanInd
                0x0000000000085768                eSmeASFlBeaconInd.126793
                0x00000000000857f5                zps_eNwkHandleSmePollDcfm
                0x000000000008581f                eSmeGenlScanDcfm.126785
                0x000000000008587d                eSmeEdScScanDcfm.126781
                0x00000000000858c6                eSmeAcScBeaconInd.126801
                0x00000000000859ce                eSmeUDNTBeaconInd.126777
                0x00000000000859f1                vMicroIntEnableOnly.constprop.150
                0x0000000000085a1d                vMiniMac_MLME_SetReq_PanId
                0x0000000000085a5a                vMiniMac_MLME_SetReq_ShortAddr
                0x0000000000085a68                vAHI_TimerEnable.part.1.136114.constprop.130
                0x0000000000085aca                vCbSystemController.constprop.125
                0x0000000000085b02                vLowBatIndicationInit.constprop.124
                0x0000000000085b4d                pvZCL_HeapAlloc.part.0.46197.constprop.106
                0x0000000000085b86                vAHI_WakeTimerStart.part.1.136567.constprop.79
                0x0000000000085bc7                vACI_OptimisedCcmStar.constprop.71
                0x0000000000085db2                vMiniMac_ReturnTxBufferCallback
                0x0000000000085dc4                bEnableReceive.134315
                0x0000000000085e02                pvHeap_Alloc
                0x0000000000085e05                vMicroIntRestoreState
                0x0000000000085e11                TSV_eStart
                0x0000000000085e61                bAHI_WriteEEPROMfixSegmentData
                0x0000000000085ebf                bAHI_InitialiseEEPROM
                0x0000000000085f07                vAHI_ReadDataFromEEPROMregister
                0x0000000000085f34                vAHI_WriteDataIntoEEPROMregister
                0x0000000000085f64                iAHI_WriteDataIntoEEPROMsegment.constprop.134
                0x0000000000085fb2                iPDM_WriteSegmentHeaderDataIntoEEPROMsegment
                0x0000000000085fe1                u8AHI_WakeTimerFiredStatus
                0x0000000000085ff5                vAHI_WakeTimerStop.part.3.136579
                0x0000000000086015                vAHI_UartReset.part.4.136333
                0x000000000008604d                vAHI_OptimiseWaitStates
                0x0000000000086099                bAHI_GetClkSource
                0x00000000000860a6                vAHI_CpuDoze
                0x00000000000860b9                vAHI_SwReset
                0x00000000000860e9                u32AHI_DioWakeStatus
                0x00000000000860fa                vAHI_DioSetPullup
                0x000000000008611a                vAppSetLedState.part.0.3270
                0x000000000008614a                vAHI_DioSetOutput
                0x000000000008615e                vAHI_DioSetDirection
                0x0000000000086172                vAHI_Sleep
                0x000000000008621c                bIssueACIcommand
                0x00000000000862b2                bACI_ECBencodeStripe.constprop.63
                0x00000000000864b7                vTransformKey.isra.0.63435
                0x00000000000864e7                MAC_u64GetExtAddr
                0x0000000000086502                ZPS_u64NwkNibFindExtAddr
                0x00000000000865a8                ZPS_u16NwkNibFindNwkAddr
                0x0000000000086649                psSearchForFrameToSend
                0x00000000000866a0                eMiniMac_FrameInProgress
                0x00000000000866cb                vRemoveFromTxQueue
                0x0000000000086707                vAddToTxQueue
                0x000000000008673d                u8GetHeaderSize
                0x0000000000086765                vMiniMac_PLME_SetReq_CcaMode
                0x0000000000086779                vMiniMac_MLME_SetReq_MaxCsmaBackoffs
                0x0000000000086799                vMiniMac_MLME_SetReq_MaxBe
                0x00000000000867bc                vMiniMac_MLME_SetReq_MinBe
 .text.unlikely
                0x00000000000867df      0x150 C:\Users\Gillis\AppData\Local\Temp\ccRckreV.ltrans2.ltrans.o
                0x00000000000868a7                eEncryptKey.6830
 .text          0x000000000008692f     0x145c C:\Users\Gillis\AppData\Local\Temp\ccRckreV.ltrans3.ltrans.o
                0x000000000008692f                DBG_vUartFlush
                0x000000000008695c                DBG_vUartPutch
                0x00000000000869a2                DBG_vUartInitHardware
                0x0000000000086adf                iPDM_SearchForBufferIdInList
                0x0000000000086b14                iPDM_SearchForBufferIdInFileSystem
                0x0000000000086b27                iPDM_ReadUserDataFromSegmentWithId
                0x0000000000086b5c                iPDM_SearchForSpecificSegmentInList
                0x0000000000086b8e                psGetTxFrameBuffer
                0x0000000000086bcd                psGetAndBuildCoordRealignment
                0x0000000000086c25                vMMAC_RadioToOffAndWait
                0x0000000000086c42                vStartReceive
                0x0000000000086e1a                vMiniMac_NextTransaction
                0x0000000000086e84                eTransmit
                0x0000000000086f52                eBuildAndSend.133966
                0x0000000000087004                vMiniMac_TxComplete
                0x00000000000870f5                vTimerFired
                0x00000000000871c4                vMiniMac_Init
                0x0000000000087534                vMiniMac_PLME_SetReq_Power
                0x0000000000087549                vMiniMac_PLME_SetReq_Channel
                0x0000000000087552                vDispatch.54632
                0x0000000000087624                OS_eContinueSWTimer.constprop.45
                0x000000000008771d                OS_eStopSWTimer
                0x0000000000087840                vStopAllTimers
                0x0000000000087872                OS_eStartSWTimer
                0x0000000000087993                OS_ePostMessage
                0x0000000000087af9                os_vAPP_CommissionTimerTask
                0x0000000000087b0f                OS_eExitCriticalSection
                0x0000000000087bf4                OS_eActivateTask
                0x0000000000087c8f                vPostMlmeDcfmInd.74000
                0x0000000000087d32                iPDM_ReadSegmentHeaderDataFromEEPROMsegment
 .text          0x0000000000087d8b     0x1579 C:\Users\Gillis\AppData\Local\Temp\ccRckreV.ltrans4.ltrans.o
                0x0000000000087d8b                eSmeUDNTScanDcfm.126248
                0x0000000000087da7                vNwkMcpsTimerCallback
                0x0000000000087dc1                zps_eSceGenlIllegal
                0x0000000000087dc8                zps_eSmeGenlIllegal
                0x0000000000087dcf                DBG_vUartFailedAssert
                0x0000000000087dd3                psGetVsMcpsBuf.74004
                0x0000000000087ddc                psGetMlmeBuf.73997
                0x0000000000087e23                psGetNlmeBuf.57867
                0x0000000000087e2d                psGetNldeBuf.57888
                0x0000000000087e37                psGetApsmeBuf.57874
                0x0000000000087e40                psGetApsdeBuf.57881
                0x0000000000087e46                vLoopbackTimerCallback
                0x0000000000087e75                zps_psNwkSlistRemoveFromHead
                0x0000000000087e8c                zps_psNwkSlistRemove
                0x0000000000087ec4                zps_bNwkMcpsMgrRemoveDescrFromLists
                0x0000000000087f02                zps_vNwkSlistAddToTail
                0x0000000000087f1c                zps_vNwkSecClearMatSet
                0x0000000000087f46                ZPS_bNwkSecHaveNetworkKey
                0x0000000000087f7a                ZPS_bNwkSecFindMatSet
                0x0000000000087fb6                ZPS_u8NwkNibNtDiscMatch
                0x0000000000088072                zps_vNwkFreeMcpsHandle
                0x000000000008809c                ZPS_u64NwkNibGetMappedIeeeAddr
                0x00000000000880be                ZPS_vNwkSecResetDevice
                0x0000000000088103                ZPS_bNwkNibNtActvMatch
                0x00000000000881b2                bCheckNwkAddr
                0x00000000000881fb                ZPS_vSetExtendedStatus
                0x00000000000881fe                zps_psApsApsAllocateDcfmRecord
                0x0000000000088263                zps_u64NwkLibFromPayload
                0x00000000000882a2                psAddToDiscNt.126771
                0x0000000000088400                zps_vNwkLibU64ToPayload
                0x000000000008842d                zps_vInitBeaconPayload
                0x00000000000884a9                zps_eNwkDcfmIndPost
                0x00000000000884cb                zps_psNwkDcfmIndGetBuf
                0x00000000000884ed                eNldeDataDcfm.122018
                0x000000000008851d                zps_vSendNwkStatusInd
                0x000000000008854d                DBG_vInit
                0x000000000008858f                vPDM_ReadBitmapHeader.113720
                0x00000000000885ae                psSLISTsearch
                0x00000000000885ee                psSLISTremove
                0x000000000008866c                vSLISTaddToTail
                0x000000000008868b                psSLISTgetNext
                0x00000000000886af                u8PDM_CalculateLargestDataRecordStored
                0x00000000000886e0                bPDM_ImageBitmapRepairCheck
                0x0000000000088708                u8PDM_ReadSequenceNumber
                0x000000000008872b                boSegmentNumberDeleteSearchMatch.113290
                0x0000000000088746                u8PDM_ReadSegmentDataSize
                0x000000000008875a                u32PDM_ReadFileSystemHeaderWearCount
                0x0000000000088770                boSearchForWearCountSubstitute.113606
                0x0000000000088796                boSearchForWearCountInsertPoint.112859
                0x00000000000887b4                vPDM_WriteFileSystemHeaderWearCount
                0x00000000000887c6                RND_u32GetRand256
                0x00000000000887e3                RND_u32GetRand
                0x000000000008880a                u16CalculateFailedTxCount.89716
                0x0000000000088834                vZdoIeeeAddrServerSendExtendResponse.part.0.77836
                0x0000000000088895                vZdoNwkAddrServerSendExtendResponse.part.0.76656
                0x00000000000888f6                zps_bAplZdoServerHandleConfirmAcks
                0x0000000000088940                zps_bPerformLeaveActionDecider
                0x0000000000088945                vHandleUpdateDeviceIndication.66957
                0x000000000008896f                bDuplicateCheck.63313
                0x0000000000088a7c                zps_vAplApsInitDuplicateTable
                0x0000000000088a9f                bIsBindTableMatch.61881
                0x0000000000088af0                eRemoveEntryInBindingTable.61909
                0x0000000000088b6f                zps_vAplApsInitFragTransmitPool
                0x0000000000088b90                zps_vAplApsFillAndPostApsAck
                0x0000000000088bfa                zps_u8AplApsFreeMsgHandle
                0x0000000000088c64                zps_vAplApsInitSyncMsgPool
                0x0000000000088c9c                zps_vAplApsInitFragReceivePool
                0x0000000000088cbf                vFillDataIndStruct.57730
                0x0000000000088d1d                vFillApduErrorEvent.57723
                0x0000000000088d60                bCheckProfile.57718
                0x0000000000088da7                ZPS_bIsGroupPresent
                0x0000000000088ddf                PDUM_u16APduInstanceWriteStrNBO
                0x0000000000088f5e                pdum_u16ReadNBO
                0x00000000000890bf                PDUM_eNPduReadHeaderNBO
                0x0000000000089112                PDUM_u16APduInstanceReadNBO
                0x000000000008915c                u8ZdoBindUnbindServerUnpackApdu
                0x00000000000891ab                PDUM_eNPduPrependHeaderNBO
                0x0000000000089206                zps_vInitAPSMECmdHdr
                0x000000000008923d                PDUM_eNPduAppendDataNBO
                0x000000000008929a                PDUM_u16APduInstanceWriteNBO
 *fill*         0x0000000000089304        0x0 00
 .text          0x0000000000089304      0xfec C:\Users\Gillis\AppData\Local\Temp\ccRckreV.ltrans5.ltrans.o
                0x000000000008933a                os_vAPP_cbDisableTickTimer
                0x000000000008937e                os_vAPP_cbEnableTickTimer
                0x00000000000893fe                vRetryCcaFailure
                0x000000000008944a                eOrphanNotificationSent.133956
                0x0000000000089493                dbg_vPrintfImplNoneVerbose
                0x000000000008991a                vPdmEventHandlerCallback.3334
                0x0000000000089929                vOSError.3342
                0x00000000000899dd                eTouchProcess
                0x0000000000089b34                bAddToEndpointTable
                0x0000000000089c38                vStartPolling
                0x0000000000089cbc                vEndCommissioning.isra.0.7220
                0x0000000000089d32                APP_ZCL_cbGeneralCallback.6419
                0x0000000000089dcc                eCLD_OnOffCommandHandler
                0x0000000000089df4                DBG_vDumpStack
                0x0000000000089e36                vUnclaimedInterrupt.3340
                0x0000000000089e4b                eZCL_SearchForClusterEntry
                0x0000000000089ee9                eZCL_BuildTransmitAddressStructure
                0x0000000000089f5b                APP_vSetLeds
                0x0000000000089fac                pwrm_PreSleep.3350
                0x000000000008a09c                vHandleIdentifyRequest
                0x000000000008a0d8                os_vAPP_ID_Task
                0x000000000008a122                os_vApp_cbBlinkLed
                0x000000000008a127                ZPS_bSecDecrypt
                0x000000000008a239                boPDM_IsBitmapSaturated.113755
                0x000000000008a282                vTouchInitHardware.3603
 .text          0x000000000008a2f0     0x1443 C:\Users\Gillis\AppData\Local\Temp\ccRckreV.ltrans6.ltrans.o
                0x000000000008a425                iPDM_VerifyDataSequenceWithBufferId
                0x000000000008a4c7                vSetGroupAddress.constprop.47
                0x000000000008a509                zps_vAplSaveRecord
                0x000000000008a5b9                zps_eAplAibSetApsUseExtendedPanId
                0x000000000008a5cf                zps_eAplAibSetApsChannelMask
                0x000000000008a66a                zps_bNwkFindAddIeeeAddr
                0x000000000008a7e8                zps_psFindKeyDescr
                0x000000000008a91c                zps_eAplSecEncryptPacket
                0x000000000008aa0b                ZPS_bNwkNibAddrMapAddEntry
                0x000000000008abd2                zps_sNwkNibNtCheckJoin
                0x000000000008ae5d                zps_vNwkHandleCmeDirectJoinReq
                0x000000000008aed7                zps_vJoinInitNtParent
                0x000000000008b02d                zps_vCheckActvNtForDuplicate
                0x000000000008b0c5                eCheckAddrConflict.isra.3.119246
                0x000000000008b15b                vAplSecRemoveLinkKey.67034
                0x000000000008b1d8                ZPS_vNwkMacEntriesClear
                0x000000000008b281                ZPS_vNwkSaveAllRecords
                0x000000000008b298                zps_vSaveAllZpsRecords
                0x000000000008b2b7                vFactoryResetRecords
                0x000000000008b3d3                ZPS_vSetDevicePreviousData.constprop.16
                0x000000000008b5c0                ZPS_vNwkNibSetNwkAddr
                0x000000000008b5de                zps_eNwkHandleSceRejnResponse
                0x000000000008b63b                ZPS_vNwkNibSetExtPanId
                0x000000000008b65f                vFinish.129797
                0x000000000008b6a7                eSmeOrphScanDcfm.129810
                0x000000000008b71f                ZPS_vNwkNibSetKeySeqNum
 .text          0x000000000008b733      0xf0b C:\Users\Gillis\AppData\Local\Temp\ccRckreV.ltrans7.ltrans.o
                0x000000000008b733                os_u32APP_cbGetTickTimer
                0x000000000008b73c                os_bAPP_cbSetTickTimerCompare
                0x000000000008b83b                boIdValueSearchMatch.112863
                0x000000000008b895                iPDM_ReadUserDataFromEEPROMsegment
                0x000000000008b90f                iPDM_ReCalculateWearCountAndChecksumAndWriteFileSystemHeader
                0x000000000008b959                vPDM_SetEEPROMandFileSystemValidState
                0x000000000008b980                iPDM_ReadUserDataFromFileSystemRecord
                0x000000000008b9a0                vPDM_WriteFileSystemRecordAndSegmentDataIntoEEPROMsegment
                0x000000000008b9db                PWRM_vWakeInterruptCallback
                0x000000000008ba27                PWRM_vManagePower
                0x000000000008bb90                PWRM_vInit
                0x000000000008bc22                u32TouchReadCapacitance.3588
                0x000000000008bd98                u16ZCL_APduInstanceWriteNBO
                0x000000000008be42                u16ZCL_WriteCommandHeader
                0x000000000008beba                u16ZCL_APduInstanceReadNBO
                0x000000000008bf9f                u16ZCL_ReadCommandHeader.part.0.38836
                0x000000000008c016                eCLD_BasicCommandHandler
                0x000000000008c042                u16ZCL_APduInstanceWriteStringNBO
                0x000000000008c109                u16ZCL_APduInstanceReadStringNBO
                0x000000000008c1de                eZCL_GetAttributeTypeSizeFromBuffer
                0x000000000008c255                vSetRejoinFilter
                0x000000000008c29e                ZPS_vGetDeviceCurrentData.constprop.15
                0x000000000008c31d                iPDM_FilterDuplicateAppendedSegmentsOnList.114132
                0x000000000008c361                ZPS_bIsMacAddressUsedInApsTable
                0x000000000008c417                ZPS_eTsvOpen
                0x000000000008c434                zps_vNwkBttMgrInit
                0x000000000008c462                ZPS_vNwkNibClearTables
                0x000000000008c583                PDUM_vInit
 .text          0x000000000008c63e     0x11e8 C:\Users\Gillis\AppData\Local\Temp\ccRckreV.ltrans8.ltrans.o
                0x000000000008c63e                vIncrementFrameCounterInPdm.isra.0.121240
                0x000000000008c81d                vProcessListsForSubmission.119990
                0x000000000008cb10                zps_vNwkMcpsMgrPost
                0x000000000008cb34                zps_psSendFrm.constprop.69
                0x000000000008cd8f                ZPS_vNwkHandleNldeReqRsp
                0x000000000008cf9e                zps_psNwkSendRejoinReqCmd.constprop.11
                0x000000000008d00e                zps_u8NwkHandleRejoinReq
                0x000000000008d0d7                zps_vProcessLocalAddrConflict.part.0.119049
                0x000000000008d111                vContinueRejoin.128610
                0x000000000008d234                zps_vNwkHandleCmeLeaveReq
                0x000000000008d29c                zps_eNwkHandleSceLeave
                0x000000000008d417                zps_psSendNetworkStatusCmd
                0x000000000008d48f                zps_eDefaultDataDcfm
                0x000000000008d57e                vSendNetworkReport.119036
                0x000000000008d658                zps_eNwkHandleSdeActvDcfmData
                0x000000000008d73a                vMcpsMgrTimeoutExpiry
                0x000000000008d7a9                PDM_vDeleteAllDataRecords
 .text          0x000000000008d826     0x1231 C:\Users\Gillis\AppData\Local\Temp\ccRckreV.ltrans9.ltrans.o
                0x000000000008dae2                zps_bAplZdoMatchDescServer
                0x000000000008daf6                zps_bAplZdoNodeDescServer
                0x000000000008dc62                zps_bAplZdoSimpleDescServer
                0x000000000008dec3                PDUM_eNPduAllocate
                0x000000000008df32                zps_u8AplApsConstructAndPostLoopBackDataInd.60482
                0x000000000008e06b                u8PostUnicastMsgToNHLE.60490
                0x000000000008e0a4                PDUM_eNPduClone
                0x000000000008e0f0                PDUM_eNPduFree
                0x000000000008e15d                vPostVsMcpsDcfmInd.74007
                0x000000000008e25b                ZPS_vInterceptMcpsDataCallback
                0x000000000008e2bd                zps_vNwkMcpsMgrFreeReqDescr
                0x000000000008e2ef                zps_psAllocateAndFormatMacHdr
                0x000000000008e469                zps_psNwkInitCmdFrame
                0x000000000008e536                zps_vNwkRemoveConflictedBroadcast
                0x000000000008e588                zps_vNwkMcpsMgrTidyBtrReqDescr
                0x000000000008e5cc                vNwkBttTimerExpiry.125077
                0x000000000008e655                MAC_vHandleMcpsVsReqRsp
                0x000000000008e960                hZCL_AllocateAPduInstance
                0x000000000008e99c                eZCL_TransmitInterPanRequest.constprop.38
 .text          0x000000000008ea57     0x1299 C:\Users\Gillis\AppData\Local\Temp\ccRckreV.ltrans10.ltrans.o
                0x000000000008ea57                os_vAPP_isrKeyScan
                0x000000000008ea66                OS_eEnterCriticalSection
                0x000000000008eb2e                PDUM_hAPduAllocateAPduInstance
                0x000000000008eba2                zps_eAplZdoSendZdpResponse
                0x000000000008ebeb                bSendResponse.88527
                0x000000000008ec2e                PDUM_eAPduFreeAPduInstance
                0x000000000008ecb1                zps_bAplZdoPowerDescServer
                0x000000000008edce                zps_bAplZdoActiveEpServer
                0x000000000008eeb7                zps_bAplZdoSystemServerDiscoveryServer
                0x000000000008ef40                zps_bAplZdoMgmtLqiServer
                0x000000000008f16c                PDM_eReadDataFromRecord
                0x000000000008f1ee                vLoadAplRecord.66984
                0x000000000008f254                ZPS_pvNwkCtor.part.0.118082
                0x000000000008f520                ZPS_eTsvStart
                0x000000000008f57b                zps_eNwkHandleSceNwkUpdate
                0x000000000008f59f                vProcessTimedList.119904
                0x000000000008f5e5                zps_vAplAfPostTimerEvent
                0x000000000008f634                zps_vNwkJoinStStartResponseTimer
                0x000000000008f66d                ZPS_eTsvStop
                0x000000000008f821                ZPS_vResetBoundServerContext
                0x000000000008f824                zps_eAplZdoBdrmRequestSend
                0x000000000008f8c1                zps_eNwkBtrMatch
                0x000000000008f94e                zps_vAplApsStopPollTimer.part.3.60369
                0x000000000008f9cf                zps_vSendJoinDcfm
                0x000000000008fa15                vGiveUp.129365
                0x000000000008fa4d                ZPS_bSecEncrypt
                0x000000000008fc03                vConfigureScanTimer
                0x000000000008fc4f                vWakeCallBack.4625
                0x000000000008fc71                eZCL_SetReceiveEventAddressStructure
 .text          0x000000000008fcf0      0xb1c C:\Users\Gillis\AppData\Local\Temp\ccRckreV.ltrans11.ltrans.o
                0x000000000008fcf0                zps_bAplZdoIeeeAddrServer
                0x000000000008fe49                eBeaconReqSent.133960
                0x000000000008fe70                zps_bAplZdoNwkAddrServer
                0x000000000008fff4                vPDM_AddFileSystemElementToListInAscendingWearCountOrder
                0x0000000000090102                iPDM_WriteSegmentHeaderAndData
                0x00000000000902fe                eMakeEntryInBindingTable.61927
                0x00000000000903a8                vMiniMac_McpsCallback
                0x0000000000090600                eMcpsTxCompleteHandler.133451
                0x000000000009062e                vSendIdentifyRequest.isra.2.7233
                0x000000000009066f                vSendDeviceInfoReq.6825
                0x00000000000906a9                vSendScanResponse.7060.constprop.34
 .text.unlikely
                0x000000000009080c      0x340 C:\Users\Gillis\AppData\Local\Temp\ccRckreV.ltrans11.ltrans.o
                0x000000000009080c                vSendRouterJoinRequest.isra.5.7245.constprop.23
                0x0000000000090a34                vHandleDeviceInfoRequest.7079
 .text          0x0000000000090b4c      0xdda C:\Users\Gillis\AppData\Local\Temp\ccRckreV.ltrans12.ltrans.o
                0x0000000000090b4c                vPDM_MoveAllDataFromListToList
                0x0000000000090b8a                vPDM_MoveAllDataWithBufferIdAndStateFromListToList
                0x0000000000090c15                vPDM_MoveAllDataToDeAllocList
                0x0000000000090c3d                vPDM_MoveAllDataWithBufferIdFromListToList
                0x0000000000090cc2                vPDM_DeleteAllSegmentsWithIdFromFileSystemList.constprop.98
                0x0000000000090d04                vPDM_MoveFileRecordFromListToList
                0x0000000000090d27                vPDM_MoveRecordToDeAllocList
                0x0000000000090d47                vPDM_DeleteAppendedSequence
                0x0000000000090dec                iPDM_SegmentCopyAndAppendData.constprop.119
                0x0000000000090e49                iPDM_ReconstructReplacedDataTable
                0x00000000000910c8                PDM_eSaveRecordData
                0x00000000000914fd                ZPS_vNwkSaveRecord
                0x0000000000091529                ZPS_vNwkNibSetDepth
                0x0000000000091552                ZPS_vNwkNibSetUpdateId
                0x0000000000091560                ZPS_vNwkNibSetPanId
                0x000000000009157d                vHandleNwkRemoteUpdateAfterBcast.119040
                0x00000000000915ec                ZPS_vNwkNibSetCapabilityInfo
                0x0000000000091618                ZPS_vNwkNibSetChannel
                0x000000000009162f                ZPS_vNwkSaveNt
                0x0000000000091642                ZPS_vNwkPurgeMacAddressAndRelatedEntries
                0x0000000000091755                ZPS_vNtSetUsedStatus
                0x00000000000917fc                zps_vTidyActvNtAfterJoin
                0x0000000000091886                eUnsolicitedRejoinRspDataDcfm.119044
                0x00000000000918b1                ZPS_vNwkSaveSecMat
                0x00000000000918c5                vPDM_ImageBitmapRepair.112778
 *fill*         0x0000000000091926        0x2 00
 .text          0x0000000000091928     0x10a0 C:\Users\Gillis\AppData\Local\Temp\ccRckreV.ltrans13.ltrans.o
                0x0000000000091a28                zps_eAplSendApsmeCmdFrame
                0x0000000000091d78                vPostNldeDcfmInd.57891
                0x000000000009287f                zps_eAplApsmeUpdateDeviceReqRsp.part.4.62038
 .text          0x00000000000929c8      0xea4 C:\Users\Gillis\AppData\Local\Temp\ccRckreV.ltrans14.ltrans.o
                0x0000000000092c7e                zps_bAplZdoBindUnbindServer
                0x00000000000930a7                zps_eZdpSimpleDescResponse
                0x00000000000931b4                zps_eZdpActiveEpResponse
                0x000000000009324a                zps_eZdpMatchDescResponse
                0x00000000000932e0                zps_eZdpSystemServerDiscoveryResponse
                0x000000000009334f                zps_eAplZdpMgmtLqiResponse
                0x0000000000093437                zps_eZdpMgmtNwkUpdateNotifyResponse
                0x00000000000934e9                eZCL_TransmitDataRequest
 .text          0x000000000009386c      0xdb0 C:\Users\Gillis\AppData\Local\Temp\ccRckreV.ltrans15.ltrans.o
                0x000000000009386c                vAplSecAuthPollTimerExpiry.66934
                0x00000000000938be                vAplSecAuthTimerExpiry.66938
                0x0000000000093988                vHandleApsInterPanDcfmData
                0x0000000000093b64                vPostApsdeDcfmInd.57884
                0x0000000000093d88                zps_vHandleApsdeDataFragIndNotSupported
                0x0000000000093df0                eDiscoverNetworks.67003
                0x0000000000093e46                eStartNetworkDiscovery.67009
                0x0000000000093ecd                zps_eAplZdoPoll
                0x0000000000093f33                pwrm_Wakeup.3346
                0x00000000000940f8                eStartRouter.67235
                0x00000000000941ca                vPostApsmeDcfmInd.57877
 .text          0x000000000009461c      0xe74 C:\Users\Gillis\AppData\Local\Temp\ccRckreV.ltrans16.ltrans.o
                0x000000000009461c                vBbcIntHandler.133010
                0x00000000000948d4                os_vzps_isrMAC
                0x0000000000094913                eAssocRespSent.133319
                0x0000000000094a04                eRejoinRspDataDcfm.128614
                0x0000000000094b84                zps_vNwkHandleCmeSyncReq
                0x0000000000094c19                zps_vNwkHandleCmeNwkDiscReq
                0x0000000000094c93                zps_vNwkHandleCmeEdScanReq
                0x0000000000094e56                zps_vNwkHandleCmeNwkJoinReq
                0x0000000000095130                zps_vNwkHandleCmeNwkActvJoinReq
                0x000000000009527b                vHandleRejoinExpiry.129361
                0x00000000000952c2                zps_eRejoinDataDcfm
 .text          0x0000000000095490      0xc18 C:\Users\Gillis\AppData\Local\Temp\ccRckreV.ltrans17.ltrans.o
                0x0000000000095490                os_vZCL_Task
 .text          0x00000000000960a8      0xfb3 C:\Users\Gillis\AppData\Local\Temp\ccRckreV.ltrans18.ltrans.o
                0x00000000000960a8                zps_eNwkHandleSmeAssocInd
                0x0000000000096ac2                os_vzps_taskZPS
                0x0000000000096cdf                vCheckSleepingSendPoll.129800
                0x0000000000096d5d                ZPS_vNwkNibCheckAndUpdateAddresses
                0x0000000000096df9                zps_bAplZdoDeviceAnnceServer
 *fill*         0x000000000009705b        0x1 00
 .text          0x000000000009705c      0xe20 C:\Users\Gillis\AppData\Local\Temp\ccRckreV.ltrans19.ltrans.o
                0x00000000000971c2                vPostNlmeDcfmInd.57870
                0x00000000000978d2                zps_eAplZdoRejoinNetwork
                0x000000000009794d                os_vAPP_SleepAndPollTask
                0x0000000000097c59                vDiscoverNetworks.4735
                0x0000000000097d72                vTryNwkJoin.4740
 .text          0x0000000000097e7c     0x1078 C:\Users\Gillis\AppData\Local\Temp\ccRckreV.ltrans20.ltrans.o
                0x0000000000097e7c                os_bDummyMemberCheck.54642
                0x0000000000097e81                os_vDefaultErrorHook.54638
                0x0000000000097e84                eCLD_LevelControlCommandHandler
                0x0000000000097e89                bAllowInterPanEp.4325
                0x0000000000097e99                vOverideProfileId.4328
                0x0000000000097ea6                os_bStrictCheck.1358
                0x00000000000981c0                pdum_u16WriteNBO
                0x00000000000982d3                PDUM_u16SizeNBO
                0x0000000000098331                PDUM_thAPduInstanceGetApdu
                0x000000000009834c                PDUM_eAPduInstanceSetPayloadSize
                0x0000000000098374                PDUM_eNPduWriteDataFromBuffer
                0x00000000000983ce                PDUM_eNPduWriteDataToBuffer
                0x000000000009842c                PDUM_eNPduWriteFromBuffer
                0x0000000000098455                PDUM_eNPduDescend
                0x000000000009847b                PDUM_eNPduAscend
                0x00000000000984a1                PDUM_eNPduClaimData
                0x000000000009850e                PDUM_eNPduClaimHeader
                0x0000000000098531                PDUM_eNPduInitDescending
                0x000000000009854c                eExpireSWTimer.54651
                0x00000000000985b7                vEnterErrorHook.54634
                0x00000000000985de                OS_eCollectMessage
                0x00000000000986a3                eZCL_GetAttributeTypeSize
                0x00000000000986c2                vZCL_MarkAttributeInvalid
                0x0000000000098791                eZCL_CheckEPstructureIntegrity.34589
                0x0000000000098979                u8ZCL_GetAttributeAllignToFourBytesBoundary
                0x000000000009898e                pvZCL_GetAttributePointer
                0x0000000000098a04                u16ZCL_GetStringStructureSize
                0x0000000000098a41                u16ZCL_GetStringAttributeTypeSizeFromBuffer
                0x0000000000098ab2                u16ZCL_GetStringSizeAndBufferFromStructure
                0x0000000000098b41                vZCL_GetInternalMutex
                0x0000000000098b6a                eZCL_GetMutex
                0x0000000000098ba2                vZCL_InitializeClusterInstance
                0x0000000000098bb7                vZCL_ReleaseInternalMutex
                0x0000000000098bd1                eZCL_SearchForAttributeEntry
                0x0000000000098c94                eZCL_SearchForEPentry
                0x0000000000098cef                eZCL_SearchForEPentryAndCheckManufacturerId
                0x0000000000098d2d                vZCL_PassEventToUser
                0x0000000000098d5a                u8GetTransactionSequenceNumber
                0x0000000000098d7b                eZCL_ReleaseMutex
                0x0000000000098daa                eZCL_Register.part.1.34598
                0x0000000000098dd8                boDLISTisEmpty
                0x0000000000098df0                vWriteU64ToPayLoad.22154
                0x0000000000098e1d                vWriteU32ToPayLoad.22150
                0x0000000000098e35                vRecoverTempAddresses.6823
                0x0000000000098e68                vSetAddress.4713
                0x0000000000098eb3                vResetSleepAndJoinCounters.4627
                0x0000000000098ed4                eGetKeyCode.3455
 .text.unlikely
                0x0000000000098ef4      0x16f C:\Users\Gillis\AppData\Local\Temp\ccRckreV.ltrans20.ltrans.o
                0x0000000000098ef4                vSaveTempAddresses.6821
                0x0000000000098f27                InvShiftRows
                0x0000000000098fba                InvSubBytes
                0x0000000000099000                AddRoundKey
                0x0000000000099041                getSBoxValue.5777
 *fill*         0x0000000000099063        0x1 00
 .text          0x0000000000099064      0xe98 C:\Users\Gillis\AppData\Local\Temp\ccRckreV.ltrans21.ltrans.o
                0x000000000009941c                vSendMlmeCommStatusFromTxFrame
                0x0000000000099472                MAC_vHandleMlmeVsReqRsp.constprop.143
                0x00000000000999ab                vScanBeaconReceived
                0x00000000000999eb                vRunningRxCallback
                0x0000000000099ceb                vPostDcfm.133977
                0x0000000000099d54                vScanNextChannel.133964
 .text          0x0000000000099efc      0xcdc C:\Users\Gillis\AppData\Local\Temp\ccRckreV.ltrans22.ltrans.o
                0x0000000000099efc                os_vAPP_ZLL_Remote_Task
 .text          0x000000000009abd8      0xb62 C:\Users\Gillis\AppData\Local\Temp\ccRckreV.ltrans23.ltrans.o
                0x000000000009abd8                eCLD_GroupsCommandHandler
                0x000000000009ad08                eCLD_IdentifyCommandHandler
                0x000000000009af9e                eCLD_ZllUtilityCommandHandler
                0x000000000009b1dc                APP_ZCL_cbEndpointCallback.6416
                0x000000000009b41a                os_vAPP_AddGroupTask
                0x000000000009b4f3                vAppOnOff
                0x000000000009b619                vAppLevelStop
                0x000000000009b658                vAppLevelMove
                0x000000000009b6d1                vAppIdentifyEffect
 .text          0x000000000009b73a      0xb1b C:\Users\Gillis\AppData\Local\Temp\ccRckreV.ltrans24.ltrans.o
                0x000000000009b92b                ZPS_vNwkHandleNlmeReqRsp
                0x000000000009b9a5                zps_vAplAfPostEvent
                0x000000000009bd6e                vApsInterPanMcpsDataInd
                0x000000000009bf15                zps_eAplZdoNlmeleaveWrapper
                0x000000000009bf8d                zps_bAplZdoMgmtLeaveServer
                0x000000000009c10d                vChangeChannelTimerExpiry.89708
                0x000000000009c170                eLeaveReset.130783
                0x000000000009c1db                eLeaveDataDcfmLocalLeave.130788
 .text          0x000000000009c255      0xb34 C:\Users\Gillis\AppData\Local\Temp\ccRckreV.ltrans25.ltrans.o
                0x000000000009c255                zps_eZdpNwkAddrResponse
                0x000000000009c338                zps_eZdpIeeeAddrResponse
                0x000000000009c41b                zps_eZdpNodeDescResponse
                0x000000000009c4c3                zps_eZdpPowerDescResponse
                0x000000000009c560                zps_bAplZdoDefaultServer
                0x000000000009c7c1                zps_bAplZdoMgmtNWKUpdateServer
                0x000000000009cc2c                zps_bAplZdoZdoClient
                0x000000000009cd26                zps_eAplZdpBindResponse
                0x000000000009cd47                zps_eZdpUnbindResponse
                0x000000000009cd68                zps_eZdpMgmtLeaveResponse
 .text          0x000000000009cd89      0xbd6 C:\Users\Gillis\AppData\Local\Temp\ccRckreV.ltrans26.ltrans.o
                0x000000000009cd89                eZCL_SendDefaultResponse
                0x000000000009ce88                vZCL_HandleAttributesWriteRequest
                0x000000000009d587                eCLD_ZllCommissionCommandHandler
                0x000000000009d809                eZCL_CustomCommandReceive.part.0.34950
 *fill*         0x000000000009d95f        0x1 00
 .text          0x000000000009d960      0x85c C:\Users\Gillis\AppData\Local\Temp\ccRckreV.ltrans27.ltrans.o
                0x000000000009d960                vMcpsMgrExpiry.119892
                0x000000000009d989                vHandleZllDeviceJoin
                0x000000000009dad1                vMiniMac_MlmeCallback
                0x000000000009de13                vPollConfirm.134559
                0x000000000009de2a                ZPS_vNwkResetOutgoingFrameCounter
                0x000000000009de7e                eUnfragmentedUnicastTransmission.60465
 .text          0x000000000009e1bc      0x4ed C:\Users\Gillis\AppData\Local\Temp\ccRckreV.ltrans28.ltrans.o
                0x000000000009e1bc                ZPS_vAplHandleApsdeReqRsp
                0x000000000009e5df                zps_eAplZdpApsdeReqInternal
                0x000000000009e64e                zps_eAplZdpGenStatusOnlyResponse
 .text          0x000000000009e6a9      0x53c C:\Users\Gillis\AppData\Local\Temp\ccRckreV.ltrans29.ltrans.o
                0x000000000009e6a9                AppWarmStart
                0x000000000009e6c3                AppColdStart
                0x000000000009e9bf                os_vUnclaimedInterrupt
                0x000000000009e9d1                os_vControlledIntCheck
                0x000000000009ea16                os_vControlledInterrupt
                0x000000000009ea4f                os_vAPP_isrSystemController
                0x000000000009ea90                os_vAPP_isrIllegalInstruction
                0x000000000009eaa3                os_vAPP_isrAlignmentException
                0x000000000009eab6                os_vAPP_isrBusErrorException
                0x000000000009eacc                os_vAPP_isrUnimplementedModuleException
                0x000000000009eae2                os_vAPP_isrStackOverflowException
                0x000000000009eaf5                os_vAPP_isrTickTimer
 .text          0x000000000009ebe5      0x4a4 C:\Users\Gillis\AppData\Local\Temp\ccRckreV.ltrans30.ltrans.o
                0x000000000009ebe5                eZCL_CustomCommandSend.constprop.58
                0x000000000009ee61                vSelectLight
 .text          0x000000000009f089      0x401 C:\Users\Gillis\AppData\Local\Temp\ccRckreV.ltrans31.ltrans.o
                0x000000000009f089                vStartScanTimerExpiry.89712
                0x000000000009f0c5                zps_vAplApsPollTimer
                0x000000000009f121                zps_eNwkSendJoinResponse
                0x000000000009f2b3                zps_vProcessChildAddrConflict
                0x000000000009f376                zps_eNwkHandleSceNwkStatus
 .text          0x000000000009f48a       0x25 c:/nxp/bstudio_nxp/sdk/tools/ba-elf-ba2-r36379/bin/../lib/gcc/ba-elf/4.7.4/../../../../ba-elf/lib/mcpu_jn51xx_sizeopt\libc.a(lib_a-memcmp.o)
                0x000000000009f48a                memcmp
 .text          0x000000000009f4af       0x19 c:/nxp/bstudio_nxp/sdk/tools/ba-elf-ba2-r36379/bin/../lib/gcc/ba-elf/4.7.4/../../../../ba-elf/lib/mcpu_jn51xx_sizeopt\libc.a(lib_a-memcpy.o)
 .text          0x000000000009f4c8       0x12 c:/nxp/bstudio_nxp/sdk/tools/ba-elf-ba2-r36379/bin/../lib/gcc/ba-elf/4.7.4/../../../../ba-elf/lib/mcpu_jn51xx_sizeopt\libc.a(lib_a-memset.o)
                0x000000000009f4c8                memset
 *fill*         0x000000000009f4da        0x2 00
 .text          0x000000000009f4dc      0x204 c:/nxp/bstudio_nxp/sdk/tools/ba-elf-ba2-r36379/bin/../lib/gcc/ba-elf/4.7.4/mcpu_jn51xx_sizeopt\libgcc.a(__udivsi3.o)
                0x000000000009f4dc                __udivsi3
 .text          0x000000000009f6e0      0x1b0 c:/nxp/bstudio_nxp/sdk/tools/ba-elf-ba2-r36379/bin/../lib/gcc/ba-elf/4.7.4/mcpu_jn51xx_sizeopt\libgcc.a(__umodsi3.o)
                0x000000000009f6e0                __umodsi3
 .text          0x000000000009f890       0x24 c:/nxp/bstudio_nxp/sdk/tools/ba-elf-ba2-r36379/bin/../lib/gcc/ba-elf/4.7.4/mcpu_jn51xx_sizeopt\libgcc.a(__modsi3.o)
                0x000000000009f890                __modsi3
 .text          0x000000000009f8b4      0x350 c:/nxp/bstudio_nxp/sdk/tools/ba-elf-ba2-r36379/bin/../lib/gcc/ba-elf/4.7.4/mcpu_jn51xx_sizeopt\libgcc.a(_udivdi3.o)
                0x000000000009f8b4                __udivdi3
 *fill*         0x000000000009fc04        0x4 00
 .text          0x000000000009fc08      0x198 c:/NXP/bstudio_nxp/workspace/JN-AN-1171-ZigBee-LightLink-Demo/Controller_NonColorController/Build/os_irq.o
                0x000000000009fc08                os_ExternalException_W
                0x000000000009fc4c                os_PIC_ChannelPriorities
                0x000000000009fc5c                os_OSMIUM_HwVectTable
                0x000000000009fc98                os_PIC_SwVectTable
 .text          0x000000000009fda0       0x29 c:/NXP/bstudio_nxp/workspace/JN-AN-1171-ZigBee-LightLink-Demo/Controller_NonColorController/Build/os_irq_alignment.o
                0x000000000009fda0                IRQ_Alignment
 .text          0x000000000009fdc9       0x29 c:/NXP/bstudio_nxp/workspace/JN-AN-1171-ZigBee-LightLink-Demo/Controller_NonColorController/Build/os_irq_buserror.o
                0x000000000009fdc9                IRQ_BusError
 .text          0x000000000009fdf2       0x29 c:/NXP/bstudio_nxp/workspace/JN-AN-1171-ZigBee-LightLink-Demo/Controller_NonColorController/Build/os_irq_illegalinstruction.o
                0x000000000009fdf2                IRQ_IllegalInstruction
 .text          0x000000000009fe1b       0x29 c:/NXP/bstudio_nxp/workspace/JN-AN-1171-ZigBee-LightLink-Demo/Controller_NonColorController/Build/os_irq_stackoverflowexception.o
                0x000000000009fe1b                IRQ_StackOverflowException
 .text          0x000000000009fe44       0x29 c:/NXP/bstudio_nxp/workspace/JN-AN-1171-ZigBee-LightLink-Demo/Controller_NonColorController/Build/os_irq_unimplementedmodule.o
                0x000000000009fe44                IRQ_UnimplementedModule
 *fill*         0x000000000009fe6d        0x3 00
 .text          0x000000000009fe70       0xc0 c:/NXP/bstudio_nxp/sdk/JN-SW-4168/Components/Library\libOS_JN516x.a(os_contirq_JN516x.o)
                0x000000000009fe70                os_ExternalException_R
                0x000000000009fea0                os_CFunc_W
                0x000000000009fef0                os_UnclaimedException_W
                0x000000000009ff10                os_UnclaimedInterrupt_W
 .text          0x000000000009ff30       0x48 c:/NXP/bstudio_nxp/sdk/JN-SW-4168/Components/Library\libPWRM_JN516x.a(pwrm_setjmp_JN516x.o)
                0x000000000009ff30                setjmp
                0x000000000009ff54                PWRM_longjmp
 .text          0x000000000009ff78       0x27 c:/NXP/bstudio_nxp/sdk/JN-SW-4168/Components/Library\libHardwareApi_JN516x.a(AHI_Interrupt.o)
                0x000000000009ff78                vAHI_InterruptSetPriority
                0x000000000009ff96                vAHI_InterruptSetActivePriorityLevel
 .text.vMicroSyscall
                0x000000000009ff9f       0x17 c:/NXP/bstudio_nxp/sdk/JN-SW-4168/Components/Library\libMicroSpecific_JN516x.a(MicroSyscall_ba.o)
                0x000000000009ff9f                vMicroSyscall
 .text          0x000000000009ffb6        0x0 c:/NXP/bstudio_nxp/sdk/JN-SW-4168/Components/Library\libOS_JN516x.a(os_version_lc.o)
                0x000000000009ffb6                OS_Version_1v2
 .text          0x000000000009ffb6        0x0 c:/NXP/bstudio_nxp/sdk/JN-SW-4168/Components/Library\libZPSAPL_JN516x.a(zps_apl_version_lc.o)
                0x000000000009ffb6                ZPS_APL_Version_2v0
 .text          0x000000000009ffb6        0x0 c:/NXP/bstudio_nxp/sdk/JN-SW-4168/Components/Library\libZPSNWK_ZED_JN516x.a(zps_nwk_version_lc.o)
                0x000000000009ffb6                ZPS_NWK_Version_2v0
                0x000000000009ffb6                _flash_end = ABSOLUTE (.)

.rela.dyn       0x000000000009ffb8        0x0
 .rela.text     0x0000000000000000        0x0 c:/NXP/bstudio_nxp/workspace/JN-AN-1171-ZigBee-LightLink-Demo/Controller_NonColorController/Build/os_irq.o
 .rela.text.unlikely
                0x0000000000000000        0x0 c:/NXP/bstudio_nxp/workspace/JN-AN-1171-ZigBee-LightLink-Demo/Controller_NonColorController/Build/os_irq.o
 .rela.data     0x0000000000000000        0x0 c:/NXP/bstudio_nxp/workspace/JN-AN-1171-ZigBee-LightLink-Demo/Controller_NonColorController/Build/os_irq.o
 .rela.rodata   0x0000000000000000        0x0 c:/NXP/bstudio_nxp/workspace/JN-AN-1171-ZigBee-LightLink-Demo/Controller_NonColorController/Build/os_irq.o
                0x000000000400004c                . = ORIGIN (ram)

.data           0x000000000400004c      0x75c load address 0x000000000009ffb8
                0x000000000400004c                _ram_data_start = ABSOLUTE (.)
 *(.data*)
 .data          0x000000000400004c       0x78 C:\Users\Gillis\AppData\Local\Temp\ccRckreV.ltrans0.ltrans.o
                0x000000000400004c                u8MiniMacConfig_MaxConcurrentAssocResponses
                0x0000000004000050                psShadowRxBuffer
 .data          0x00000000040000c4       0x20 C:\Users\Gillis\AppData\Local\Temp\ccRckreV.ltrans1.ltrans.o
                0x00000000040000c4                sCertKey.7390
                0x00000000040000d4                sMasterKey.7391
 .data          0x00000000040000e4        0x1 C:\Users\Gillis\AppData\Local\Temp\ccRckreV.ltrans5.ltrans.o
 *fill*         0x00000000040000e5        0x3 00
 .data          0x00000000040000e8        0x4 C:\Users\Gillis\AppData\Local\Temp\ccRckreV.ltrans6.ltrans.o
                0x00000000040000e8                bCanLoopback.60718
 .data          0x00000000040000ec        0x6 C:\Users\Gillis\AppData\Local\Temp\ccRckreV.ltrans11.ltrans.o
 .data          0x00000000040000f2        0x1 C:\Users\Gillis\AppData\Local\Temp\ccRckreV.ltrans18.ltrans.o
 *fill*         0x00000000040000f3        0x1 00
 .data          0x00000000040000f4       0xc8 C:\Users\Gillis\AppData\Local\Temp\ccRckreV.ltrans20.ltrans.o
                0x00000000040000f4                s_asapduZCLInstances
                0x0000000004000154                s_asapduZDPInstances
 *fill*         0x00000000040001bc        0x4 00
 .data          0x00000000040001c0       0x30 C:\Users\Gillis\AppData\Local\Temp\ccRckreV.ltrans22.ltrans.o
                0x00000000040001c0                sDeviceTable
                0x00000000040001d8                bAddrMode.5504
                0x00000000040001d9                u8DeepSleepTime.5501
                0x00000000040001da                u8RejoinAttemptsRemaining.5503
                0x00000000040001db                u8KeepAliveTime.5500
                0x00000000040001dc                sZllState
 .data          0x00000000040001f0      0x5a0 C:\Users\Gillis\AppData\Local\Temp\ccRckreV.ltrans29.ltrans.o
                0x00000000040001f0                s_keyPairTableStorage.3109
                0x0000000004000250                os_SWTimer_APP_cntrTickTimer_APP_LedBlinkTimer
                0x000000000400026c                os_Mutex_mutexMAC
                0x0000000004000274                os_Mutex_mutexZPS
                0x000000000400027c                s_sApl.3066
                0x00000000040003cc                os_SWTimer_APP_cntrTickTimer_APP_AddGroupTimer
                0x00000000040003e8                os_SWTimer_APP_cntrTickTimer_APP_IdTimer
                0x0000000004000404                os_Message_APP_msgZpsEvents_ZCL
                0x0000000004000428                os_SWTimer_APP_cntrTickTimer_APP_CommissionTimer
                0x0000000004000444                os_Message_APP_msgZpsEvents
                0x0000000004000468                os_Message_APP_msgEvents
                0x000000000400048c                os_Message_APP_CommissionEvents
                0x00000000040004b0                os_Message_zps_msgMlmeDcfmInd
                0x00000000040004d4                os_Message_zps_msgTimeEvents
                0x00000000040004f8                os_Message_zps_msgMcpsDcfmInd
                0x000000000400051c                os_Message_zps_msgMcpsDcfm
                0x0000000004000540                os_SWTimer_APP_cntrTickTimer_APP_PollTimer
                0x000000000400055c                os_Task_APP_AddGroupTask
                0x0000000004000568                os_Task_ZCL_Task
                0x0000000004000574                os_Task_APP_CommissionTimerTask
                0x0000000004000580                os_Task_APP_ZLL_Remote_Task
                0x000000000400058c                os_Task_APP_Commission_Task
                0x0000000004000598                os_Task_zps_taskZPS
                0x00000000040005a4                os_Task_APP_SleepAndPollTask
                0x00000000040005b0                u8AhiBaudRate.114318
                0x00000000040005b4                s_prbMemberCheck.54758
                0x00000000040005b8                s_prvErrorHook.54756
                0x00000000040005bc                u32HeapStart
 .data.s_asAPduPool
                0x0000000004000790       0x18 c:/NXP/bstudio_nxp/workspace/JN-AN-1171-ZigBee-LightLink-Demo/Controller_NonColorController/Build/pdum_apdu.o
                0x0000000004000790                pdum_apduZDP
                0x0000000004000790                s_asAPduPool
                0x000000000400079c                pdum_apduZCL
 *(.data.*)
                0x00000000040007a8                . = ALIGN (0x4)
                0x00000000040007a8                _ram_data_end = ABSOLUTE (.)

.bss            0x00000000040007a8     0x364c load address 0x00000000000a0714
                0x00000000040007a8                _bss_start = ABSOLUTE (.)
 *(.bss*)
 .bss           0x00000000040007a8      0x848 C:\Users\Gillis\AppData\Local\Temp\ccRckreV.ltrans0.ltrans.o
                0x00000000040007a8                gu16NumberOfSegments.136939
                0x00000000040007ac                psPDM_Common
                0x00000000040007b0                au32BaseCapacitances.3624
                0x00000000040007f0                u32BaseMeasureSamples.3632
                0x00000000040007f4                psAplDefaultZLLAPSLinkKey
                0x00000000040007f8                s_u32x.111972
                0x00000000040007fc                pfOptionsFilterCallback
                0x0000000004000800                pfnHandleZllDeviceJoin
                0x0000000004000804                s_prExpireFn.137951
                0x0000000004000808                s_hMutex.137950
                0x000000000400080c                pvRxStore
                0x0000000004000810                pvTxStore
                0x0000000004000814                g_pvAplHandle
                0x0000000004000818                s_hMacMutex
                0x000000000400081c                s_sDcfmIndMgr.137715
                0x0000000004000824                prAppMlmeGetBuffer
                0x0000000004000828                prAppMlmeCallback
                0x000000000400082c                u8MiniMac_RunTimeOptions
                0x000000000400082d                gZpsSetByProfile.57847
                0x0000000004000830                pfAllowInterPanToEp
                0x0000000004000834                sReversedMacAddr.135253
                0x000000000400083c                sThisDeviceMacAddr
                0x0000000004000844                sCommission
 .bss           0x0000000004000ff0      0x1e8 C:\Users\Gillis\AppData\Local\Temp\ccRckreV.ltrans1.ltrans.o
                0x0000000004000ff0                state
                0x0000000004001000                RoundKey
                0x00000000040010f0                sTarget
                0x0000000004001100                sDstAddr
                0x0000000004001110                sScanTarget
 .bss           0x00000000040011d8        0x8 C:\Users\Gillis\AppData\Local\Temp\ccRckreV.ltrans2.ltrans.o
 .bss           0x00000000040011e0       0x14 C:\Users\Gillis\AppData\Local\Temp\ccRckreV.ltrans3.ltrans.o
                0x00000000040011e0                prIntHandler.135651
                0x00000000040011e4                psTimerServerList
 .bss           0x00000000040011f4       0x40 C:\Users\Gillis\AppData\Local\Temp\ccRckreV.ltrans4.ltrans.o
 .bss           0x0000000004001234       0x24 C:\Users\Gillis\AppData\Local\Temp\ccRckreV.ltrans5.ltrans.o
                0x0000000004001234                vFlushFn.114262
                0x0000000004001238                vPutchFn.114257
                0x000000000400123c                sStoredMacData.133142
 .bss           0x0000000004001258       0x28 C:\Users\Gillis\AppData\Local\Temp\ccRckreV.ltrans6.ltrans.o
                0x0000000004001258                apvAplPdmRecordsAddress
                0x0000000004001270                au16AplPdmRecordsSize
 .bss           0x0000000004001280      0x918 C:\Users\Gillis\AppData\Local\Temp\ccRckreV.ltrans7.ltrans.o
 .bss           0x0000000004001b98       0x48 C:\Users\Gillis\AppData\Local\Temp\ccRckreV.ltrans9.ltrans.o
                0x0000000004001b98                s_psNPduPoolEnd.55041
                0x0000000004001b9c                s_psNPduPoolStart.55040
                0x0000000004001ba0                u8MaxNpdu.55039
                0x0000000004001ba1                u8Count.55038
                0x0000000004001ba4                s_psFreeListHead.55037
                0x0000000004001ba8                s_hMutex.55036
 .bss           0x0000000004001be0       0x1c C:\Users\Gillis\AppData\Local\Temp\ccRckreV.ltrans10.ltrans.o
                0x0000000004001be0                au16TimerSettings.136248
                0x0000000004001bec                s_psCurrentTask.54752
                0x0000000004001bf0                s_asAPduPool.55155
                0x0000000004001bf4                s_hMutex.55156
 .bss           0x0000000004001bfc        0x3 C:\Users\Gillis\AppData\Local\Temp\ccRckreV.ltrans11.ltrans.o
                0x0000000004001bfc                bIgnoreBroadcast
 *fill*         0x0000000004001bff        0x1 00
 .bss           0x0000000004001c00        0xc C:\Users\Gillis\AppData\Local\Temp\ccRckreV.ltrans12.ltrans.o
                0x0000000004001c00                a16NwkPdmRecordSizes
 *fill*         0x0000000004001c0c        0x4 00
 .bss           0x0000000004001c10       0x48 C:\Users\Gillis\AppData\Local\Temp\ccRckreV.ltrans13.ltrans.o
 .bss           0x0000000004001c58        0x8 C:\Users\Gillis\AppData\Local\Temp\ccRckreV.ltrans14.ltrans.o
                0x0000000004001c58                pfOverrideProfile
 .bss           0x0000000004001c60       0xa8 C:\Users\Gillis\AppData\Local\Temp\ccRckreV.ltrans16.ltrans.o
                0x0000000004001c60                sMiniMacPhyPib
                0x0000000004001c64                aprTimerCallback
                0x0000000004001c84                au32TimerCounter
                0x0000000004001ca4                sMiniMacInternal
                0x0000000004001cdc                s_psVsMcpsDcfmInd.75306
                0x0000000004001ce0                s_psMacDcfmInd.75305
 .bss           0x0000000004001d08       0x18 C:\Users\Gillis\AppData\Local\Temp\ccRckreV.ltrans17.ltrans.o
                0x0000000004001d08                zps_psNwk
 .bss           0x0000000004001d20        0x8 C:\Users\Gillis\AppData\Local\Temp\ccRckreV.ltrans18.ltrans.o
                0x0000000004001d20                u32DataQueueCount
 .bss           0x0000000004001d28       0x60 C:\Users\Gillis\AppData\Local\Temp\ccRckreV.ltrans19.ltrans.o
                0x0000000004001d28                psBeaconFilter
                0x0000000004001d2c                sBeaconFilter
                0x0000000004001d38                sRecoverDevice
                0x0000000004001d68                s_bWakeTimerActive.54830
                0x0000000004001d6c                psNextWake.54829
                0x0000000004001d70                u32CalibrationValue.54828
                0x0000000004001d74                s_ePowerMode.54831
                0x0000000004001d75                bDeepSleep
                0x0000000004001d76                u16FastPoll.5523