Archive member included because of file (symbol)

c:/NXP/bstudio_nxp/sdk/JN-SW-4168/Components/Library\libOS_JN516x.a(os.o)
                              c:/NXP/bstudio_nxp/workspace/JN-AN-1171-ZigBee-LightLink-Demo/Controller_NonColorController/Build/os_gen.o (symbol from plugin) (os_vStart)
c:/NXP/bstudio_nxp/sdk/JN-SW-4168/Components/Library\libOS_JN516x.a(os_contirq_JN516x.o)
                              c:/NXP/bstudio_nxp/workspace/JN-AN-1171-ZigBee-LightLink-Demo/Controller_NonColorController/Build/os_irq.o (os_UnclaimedException_W)
c:/NXP/bstudio_nxp/sdk/JN-SW-4168/Components/Library\libPWRM_JN516x.a(pwrm.o)
                              c:/NXP/bstudio_nxp/workspace/JN-AN-1171-ZigBee-LightLink-Demo/Controller_NonColorController/Build/app_start_remote.o (symbol from plugin) (PWRM_vInit)
c:/NXP/bstudio_nxp/sdk/JN-SW-4168/Components/Library\libPWRM_JN516x.a(pwrm_setjmp_JN516x.o)
                              pwrm.o (symbol from plugin) (setjmp)
c:/NXP/bstudio_nxp/sdk/JN-SW-4168/Components/Library\libPWRM_JN516x.a(pwrm_cold_start.o)
                              (AppColdStart)
c:/NXP/bstudio_nxp/sdk/JN-SW-4168/Components/Library\libPWRM_JN516x.a(pwrm_warm_start.o)
                              (AppWarmStart)
c:/NXP/bstudio_nxp/sdk/JN-SW-4168/Components/Library\libPDUM_JN516x.a(pdum_nwk.o)
                              c:/NXP/bstudio_nxp/workspace/JN-AN-1171-ZigBee-LightLink-Demo/Controller_NonColorController/Build/pdum_gen.o (symbol from plugin) (pdum_vNPduInit)
c:/NXP/bstudio_nxp/sdk/JN-SW-4168/Components/Library\libPDUM_JN516x.a(pdum_apl.o)
                              c:/NXP/bstudio_nxp/workspace/JN-AN-1171-ZigBee-LightLink-Demo/Controller_NonColorController/Build/zll_CommissionCmdHandler.o (symbol from plugin) (PDUM_u16APduInstanceReadNBO)
c:/NXP/bstudio_nxp/sdk/JN-SW-4168/Components/Library\libPDUM_JN516x.a(pdum.o)
                              pdum_nwk.o (symbol from plugin) (PDUM_u16SizeNBO)
c:/NXP/bstudio_nxp/sdk/JN-SW-4168/Components/Library\libZPSAPL_JN516x.a(zps_apl_af.o)
                              c:/NXP/bstudio_nxp/workspace/JN-AN-1171-ZigBee-LightLink-Demo/Controller_NonColorController/Build/zll_remote_node.o (symbol from plugin) (ZPS_eAplAfInit)
c:/NXP/bstudio_nxp/sdk/JN-SW-4168/Components/Library\libZPSAPL_JN516x.a(zps_apl_af_apsde.o)
                              c:/NXP/bstudio_nxp/workspace/JN-AN-1171-ZigBee-LightLink-Demo/Controller_NonColorController/Build/zps_gen.o (symbol from plugin) (zps_vHandleApsdeDataFragIndNotSupported)
c:/NXP/bstudio_nxp/sdk/JN-SW-4168/Components/Library\libZPSAPL_JN516x.a(zps_apl_task.o)
                              zps_apl_af_apsde.o (symbol from plugin) (zps_vAplAfPostEvent)
c:/NXP/bstudio_nxp/sdk/JN-SW-4168/Components/Library\libZPSAPL_JN516x.a(zps_apl_apsde.o)
                              zps_apl_task.o (symbol from plugin) (ZPS_vAplRegisterApsdeDcfmIndCallbacks)
c:/NXP/bstudio_nxp/sdk/JN-SW-4168/Components/Library\libZPSAPL_JN516x.a(zps_apl_apsme.o)
                              zps_apl_task.o (symbol from plugin) (ZPS_vAplRegisterApsmeDcfmIndCallbacks)
c:/NXP/bstudio_nxp/sdk/JN-SW-4168/Components/Library\libZPSAPL_JN516x.a(zps_apl_aps_nlde.o)
                              zps_apl_task.o (symbol from plugin) (zps_vAplApsHandleNldeDcfmInd)
c:/NXP/bstudio_nxp/sdk/JN-SW-4168/Components/Library\libZPSAPL_JN516x.a(zps_apl_sec.o)
                              zps_apl_task.o (symbol from plugin) (zps_psFindKeyDescr)
c:/NXP/bstudio_nxp/sdk/JN-SW-4168/Components/Library\libZPSAPL_JN516x.a(zps_apl_aib.o)
                              c:/NXP/bstudio_nxp/workspace/JN-AN-1171-ZigBee-LightLink-Demo/Controller_NonColorController/Build/zll_remote_node.o (symbol from plugin) (zps_psAplAibGetAib)
c:/NXP/bstudio_nxp/sdk/JN-SW-4168/Components/Library\libZPSAPL_JN516x.a(zps_apl_zdo_nwkmanager.o)
                              zps_apl_apsme.o (symbol from plugin) (zps_vAplSaveRecord)
c:/NXP/bstudio_nxp/sdk/JN-SW-4168/Components/Library\libZPSAPL_JN516x.a(zps_apl_zdo_handle_zdp_event.o)
                              zps_apl_task.o (symbol from plugin) (zps_bAplZdoHandleZdpEvent)
c:/NXP/bstudio_nxp/sdk/JN-SW-4168/Components/Library\libZPSAPL_JN516x.a(zps_apl_zdo_trust_center.o)
                              zps_apl_sec.o (symbol from plugin) (zps_eAplTrustCenterFindDevice)
c:/NXP/bstudio_nxp/sdk/JN-SW-4168/Components/Library\libZPSAPL_JN516x.a(zps_apl_zdo_common.o)
                              zps_apl_zdo_nwkmanager.o (symbol from plugin) (zps_eAplZdoNlmeleaveWrapper)
c:/NXP/bstudio_nxp/sdk/JN-SW-4168/Components/Library\libZPSAPL_JN516x.a(zps_apl_zdo_group.o)
                              c:/NXP/bstudio_nxp/workspace/JN-AN-1171-ZigBee-LightLink-Demo/Controller_NonColorController/Build/GroupsTableManager.o (symbol from plugin) (zps_eAplZdoGroupEndpointAdd)
c:/NXP/bstudio_nxp/sdk/JN-SW-4168/Components/Library\libZPSAPL_JN516x.a(zps_apl_zdo_default_server.o)
[...]
Memory Configuration

Name             Origin             Length             Attributes
flash            0x0000000000080000 0x0000000000040000
ram              0x000000000400004c 0x0000000000007fb4
*default*        0x0000000000000000 0xffffffffffffffff

Linker script and memory map

                0x0000000000001388                __stack_size = 0x1388
                0x00000000000007d0                __minimum_heap_size = 0x7d0
START GROUP
LOAD c:/NXP/bstudio_nxp/workspace/JN-AN-1171-ZigBee-LightLink-Demo/Controller_NonColorController/Build/os_gen.o
LOAD C:\Users\Gillis\AppData\Local\Temp\ccf3WSAj.ltrans0.ltrans.o
LOAD C:\Users\Gillis\AppData\Local\Temp\ccf3WSAj.ltrans1.ltrans.o
LOAD C:\Users\Gillis\AppData\Local\Temp\ccf3WSAj.ltrans2.ltrans.o
LOAD C:\Users\Gillis\AppData\Local\Temp\ccf3WSAj.ltrans3.ltrans.o
LOAD C:\Users\Gillis\AppData\Local\Temp\ccf3WSAj.ltrans4.ltrans.o
LOAD C:\Users\Gillis\AppData\Local\Temp\ccf3WSAj.ltrans5.ltrans.o
LOAD C:\Users\Gillis\AppData\Local\Temp\ccf3WSAj.ltrans6.ltrans.o
LOAD C:\Users\Gillis\AppData\Local\Temp\ccf3WSAj.ltrans7.ltrans.o
LOAD C:\Users\Gillis\AppData\Local\Temp\ccf3WSAj.ltrans8.ltrans.o
LOAD C:\Users\Gillis\AppData\Local\Temp\ccf3WSAj.ltrans9.ltrans.o
LOAD C:\Users\Gillis\AppData\Local\Temp\ccf3WSAj.ltrans10.ltrans.o
LOAD C:\Users\Gillis\AppData\Local\Temp\ccf3WSAj.ltrans11.ltrans.o
LOAD C:\Users\Gillis\AppData\Local\Temp\ccf3WSAj.ltrans12.ltrans.o
LOAD C:\Users\Gillis\AppData\Local\Temp\ccf3WSAj.ltrans13.ltrans.o
LOAD C:\Users\Gillis\AppData\Local\Temp\ccf3WSAj.ltrans14.ltrans.o
LOAD C:\Users\Gillis\AppData\Local\Temp\ccf3WSAj.ltrans15.ltrans.o
LOAD C:\Users\Gillis\AppData\Local\Temp\ccf3WSAj.ltrans16.ltrans.o
LOAD C:\Users\Gillis\AppData\Local\Temp\ccf3WSAj.ltrans17.ltrans.o
LOAD C:\Users\Gillis\AppData\Local\Temp\ccf3WSAj.ltrans18.ltrans.o
LOAD C:\Users\Gillis\AppData\Local\Temp\ccf3WSAj.ltrans19.ltrans.o
LOAD C:\Users\Gillis\AppData\Local\Temp\ccf3WSAj.ltrans20.ltrans.o
LOAD C:\Users\Gillis\AppData\Local\Temp\ccf3WSAj.ltrans21.ltrans.o
LOAD C:\Users\Gillis\AppData\Local\Temp\ccf3WSAj.ltrans22.ltrans.o
LOAD C:\Users\Gillis\AppData\Local\Temp\ccf3WSAj.ltrans23.ltrans.o
LOAD C:\Users\Gillis\AppData\Local\Temp\ccf3WSAj.ltrans24.ltrans.o
LOAD C:\Users\Gillis\AppData\Local\Temp\ccf3WSAj.ltrans25.ltrans.o
LOAD C:\Users\Gillis\AppData\Local\Temp\ccf3WSAj.ltrans26.ltrans.o
LOAD C:\Users\Gillis\AppData\Local\Temp\ccf3WSAj.ltrans27.ltrans.o
LOAD C:\Users\Gillis\AppData\Local\Temp\ccf3WSAj.ltrans28.ltrans.o
LOAD C:\Users\Gillis\AppData\Local\Temp\ccf3WSAj.ltrans29.ltrans.o
LOAD C:\Users\Gillis\AppData\Local\Temp\ccf3WSAj.ltrans30.ltrans.o
LOAD C:\Users\Gillis\AppData\Local\Temp\ccf3WSAj.ltrans31.ltrans.o
LOAD c:/nxp/bstudio_nxp/sdk/tools/ba-elf-ba2-r36379/bin/../lib/gcc/ba-elf/4.7.4/../../../../ba-elf/lib/mcpu_jn51xx_sizeopt\libc.a
LOAD c:/nxp/bstudio_nxp/sdk/tools/ba-elf-ba2-r36379/bin/../lib/gcc/ba-elf/4.7.4/mcpu_jn51xx_sizeopt\libgcc.a
LOAD c:/nxp/bstudio_nxp/sdk/tools/ba-elf-ba2-r36379/bin/../lib/gcc/ba-elf/4.7.4/../../../../ba-elf/lib/mcpu_jn51xx_sizeopt\libc.a
LOAD c:/NXP/bstudio_nxp/workspace/JN-AN-1171-ZigBee-LightLink-Demo/Controller_NonColorController/Build/os_irq.o
LOAD c:/NXP/bstudio_nxp/workspace/JN-AN-1171-ZigBee-LightLink-Demo/Controller_NonColorController/Build/os_irq_alignment.o
LOAD c:/NXP/bstudio_nxp/workspace/JN-AN-1171-ZigBee-LightLink-Demo/Controller_NonColorController/Build/os_irq_buserror.o
LOAD c:/NXP/bstudio_nxp/workspace/JN-AN-1171-ZigBee-LightLink-Demo/Controller_NonColorController/Build/os_irq_illegalinstruction.o
LOAD c:/NXP/bstudio_nxp/workspace/JN-AN-1171-ZigBee-LightLink-Demo/Controller_NonColorController/Build/os_irq_stackoverflowexception.o
LOAD c:/NXP/bstudio_nxp/workspace/JN-AN-1171-ZigBee-LightLink-Demo/Controller_NonColorController/Build/os_irq_unimplementedmodule.o
LOAD c:/NXP/bstudio_nxp/workspace/JN-AN-1171-ZigBee-LightLink-Demo/Controller_NonColorController/Build/pdum_gen.o
LOAD c:/NXP/bstudio_nxp/workspace/JN-AN-1171-ZigBee-LightLink-Demo/Controller_NonColorController/Build/pdum_apdu.o
LOAD c:/NXP/bstudio_nxp/workspace/JN-AN-1171-ZigBee-LightLink-Demo/Controller_NonColorController/Build/zps_gen.o
LOAD c:/NXP/bstudio_nxp/workspace/JN-AN-1171-ZigBee-LightLink-Demo/Controller_NonColorController/Build/app_timer_driver.o
LOAD c:/NXP/bstudio_nxp/workspace/JN-AN-1171-ZigBee-LightLink-Demo/Controller_NonColorController/Build/app_start_remote.o
LOAD c:/NXP/bstudio_nxp/workspace/JN-AN-1171-ZigBee-LightLink-Demo/Controller_NonColorController/Build/app_buttons.o
LOAD c:/NXP/bstudio_nxp/workspace/JN-AN-1171-ZigBee-LightLink-Demo/Controller_NonColorController/Build/App_Controller_NonColorController.o
LOAD c:/NXP/bstudio_nxp/workspace/JN-AN-1171-ZigBee-LightLink-Demo/Controller_NonColorController/Build/zll_remote_node.o
LOAD c:/NXP/bstudio_nxp/workspace/JN-AN-1171-ZigBee-LightLink-Demo/Controller_NonColorController/Build/ecb_decrypt.o
LOAD c:/NXP/bstudio_nxp/workspace/JN-AN-1171-ZigBee-LightLink-Demo/Controller_NonColorController/Build/app_zcl_remote_task.o
LOAD c:/NXP/bstudio_nxp/workspace/JN-AN-1171-ZigBee-LightLink-Demo/Controller_NonColorController/Build/app_remote_commission_task.o
LOAD c:/NXP/bstudio_nxp/workspace/JN-AN-1171-ZigBee-LightLink-Demo/Controller_NonColorController/Build/appZpsBeaconHandler.o
LOAD c:/NXP/bstudio_nxp/workspace/JN-AN-1171-ZigBee-LightLink-Demo/Controller_NonColorController/Build/Alarms.o
LOAD c:/NXP/bstudio_nxp/workspace/JN-AN-1171-ZigBee-LightLink-Demo/Controller_NonColorController/Build/AlarmsClientCommands.o
LOAD c:/NXP/bstudio_nxp/workspace/JN-AN-1171-ZigBee-LightLink-Demo/Controller_NonColorController/Build/AlarmsCommandHandler.o
LOAD c:/NXP/bstudio_nxp/workspace/JN-AN-1171-ZigBee-LightLink-Demo/Controller_NonColorController/Build/AlarmsServerCommands.o
LOAD c:/NXP/bstudio_nxp/workspace/JN-AN-1171-ZigBee-LightLink-Demo/Controller_NonColorController/Build/AlarmsTableManager.o
LOAD c:/NXP/bstudio_nxp/workspace/JN-AN-1171-ZigBee-LightLink-Demo/Controller_NonColorController/Build/AnalogInputBasic.o
LOAD c:/NXP/bstudio_nxp/workspace/JN-AN-1171-ZigBee-LightLink-Demo/Controller_NonColorController/Build/AnalogOutputBasic.o
LOAD c:/NXP/bstudio_nxp/workspace/JN-AN-1171-ZigBee-LightLink-Demo/Controller_NonColorController/Build/Basic.o
LOAD c:/NXP/bstudio_nxp/workspace/JN-AN-1171-ZigBee-LightLink-Demo/Controller_NonColorController/Build/BasicClientCommands.o
LOAD c:/NXP/bstudio_nxp/workspace/JN-AN-1171-ZigBee-LightLink-Demo/Controller_NonColorController/Build/BasicCommandHandler.o
LOAD c:/NXP/bstudio_nxp/workspace/JN-AN-1171-ZigBee-LightLink-Demo/Controller_NonColorController/Build/BinaryInputBasic.o
LOAD c:/NXP/bstudio_nxp/workspace/JN-AN-1171-ZigBee-LightLink-Demo/Controller_NonColorController/Build/BinaryOutputBasic.o
LOAD c:/NXP/bstudio_nxp/workspace/JN-AN-1171-ZigBee-LightLink-Demo/Controller_NonColorController/Build/Commissioning.o
LOAD c:/NXP/bstudio_nxp/workspace/JN-AN-1171-ZigBee-LightLink-Demo/Controller_NonColorController/Build/DeviceTemperatureConfiguration.o
LOAD c:/NXP/bstudio_nxp/workspace/JN-AN-1171-ZigBee-LightLink-Demo/Controller_NonColorController/Build/Diagnostics.o
LOAD c:/NXP/bstudio_nxp/workspace/JN-AN-1171-ZigBee-LightLink-Demo/Controller_NonColorController/Build/DoorLock.o
LOAD c:/NXP/bstudio_nxp/workspace/JN-AN-1171-ZigBee-LightLink-Demo/Controller_NonColorController/Build/DoorLockCommandHandler.o
LOAD c:/NXP/bstudio_nxp/workspace/JN-AN-1171-ZigBee-LightLink-Demo/Controller_NonColorController/Build/DoorLockCommands.o
LOAD c:/NXP/bstudio_nxp/workspace/JN-AN-1171-ZigBee-LightLink-Demo/Controller_NonColorController/Build/ElectricalMeasurement.o
LOAD c:/NXP/bstudio_nxp/workspace/JN-AN-1171-ZigBee-LightLink-Demo/Controller_NonColorController/Build/Groups.o
LOAD c:/NXP/bstudio_nxp/workspace/JN-AN-1171-ZigBee-LightLink-Demo/Controller_NonColorController/Build/GroupsClientCommands.o
LOAD c:/NXP/bstudio_nxp/workspace/JN-AN-1171-ZigBee-LightLink-Demo/Controller_NonColorController/Build/GroupsCommandHandler.o
LOAD c:/NXP/bstudio_nxp/workspace/JN-AN-1171-ZigBee-LightLink-Demo/Controller_NonColorController/Build/GroupsServerCommands.o
LOAD c:/NXP/bstudio_nxp/workspace/JN-AN-1171-ZigBee-LightLink-Demo/Controller_NonColorController/Build/GroupsTableManager.o
LOAD c:/NXP/bstudio_nxp/workspace/JN-AN-1171-ZigBee-LightLink-Demo/Controller_NonColorController/Build/Identify.o
LOAD c:/NXP/bstudio_nxp/workspace/JN-AN-1171-ZigBee-LightLink-Demo/Controller_NonColorController/Build/IdentifyClientCommands.o
LOAD c:/NXP/bstudio_nxp/workspace/JN-AN-1171-ZigBee-LightLink-Demo/Controller_NonColorController/Build/IdentifyCommandHandler.o
LOAD c:/NXP/bstudio_nxp/workspace/JN-AN-1171-ZigBee-LightLink-Demo/Controller_NonColorController/Build/IdentifyServerCommands.o
LOAD c:/NXP/bstudio_nxp/workspace/JN-AN-1171-ZigBee-LightLink-Demo/Controller_NonColorController/Build/LevelControl.o
LOAD c:/NXP/bstudio_nxp/workspace/JN-AN-1171-ZigBee-LightLink-Demo/Controller_NonColorController/Build/LevelControlClientCommands.o
LOAD c:/NXP/bstudio_nxp/workspace/JN-AN-1171-ZigBee-LightLink-Demo/Controller_NonColorController/Build/LevelControlCommandHandler.o
LOAD c:/NXP/bstudio_nxp/workspace/JN-AN-1171-ZigBee-LightLink-Demo/Controller_NonColorController/Build/MultistateInputBasic.o
LOAD c:/NXP/bstudio_nxp/workspace/JN-AN-1171-ZigBee-LightLink-Demo/Controller_NonColorController/Build/MultistateOutputBasic.o
LOAD c:/NXP/bstudio_nxp/workspace/JN-AN-1171-ZigBee-LightLink-Demo/Controller_NonColorController/Build/OOSC.o
LOAD c:/NXP/bstudio_nxp/workspace/JN-AN-1171-ZigBee-LightLink-Demo/Controller_NonColorController/Build/OnOff.o
LOAD c:/NXP/bstudio_nxp/workspace/JN-AN-1171-ZigBee-LightLink-Demo/Controller_NonColorController/Build/OnOffCommandHandler.o
LOAD c:/NXP/bstudio_nxp/workspace/JN-AN-1171-ZigBee-LightLink-Demo/Controller_NonColorController/Build/OnOffCommands.o
LOAD c:/NXP/bstudio_nxp/workspace/JN-AN-1171-ZigBee-LightLink-Demo/Controller_NonColorController/Build/PollControl.o
LOAD c:/NXP/bstudio_nxp/workspace/JN-AN-1171-ZigBee-LightLink-Demo/Controller_NonColorController/Build/PollControlClientCommands.o
LOAD c:/NXP/bstudio_nxp/workspace/JN-AN-1171-ZigBee-LightLink-Demo/Controller_NonColorController/Build/PollControlCommandHandler.o
LOAD c:/NXP/bstudio_nxp/workspace/JN-AN-1171-ZigBee-LightLink-Demo/Controller_NonColorController/Build/PollControlServerCommands.o
LOAD c:/NXP/bstudio_nxp/workspace/JN-AN-1171-ZigBee-LightLink-Demo/Controller_NonColorController/Build/PowerConfiguration.o
LOAD c:/NXP/bstudio_nxp/workspace/JN-AN-1171-ZigBee-LightLink-Demo/Controller_NonColorController/Build/Scenes.o
LOAD c:/NXP/bstudio_nxp/workspace/JN-AN-1171-ZigBee-LightLink-Demo/Controller_NonColorController/Build/ScenesClientCommands.o
LOAD c:/NXP/bstudio_nxp/workspace/JN-AN-1171-ZigBee-LightLink-Demo/Controller_NonColorController/Build/ScenesClusterManagement.o
LOAD c:/NXP/bstudio_nxp/workspace/JN-AN-1171-ZigBee-LightLink-Demo/Controller_NonColorController/Build/ScenesCommandHandler.o
LOAD c:/NXP/bstudio_nxp/workspace/JN-AN-1171-ZigBee-LightLink-Demo/Controller_NonColorController/Build/ScenesServerCommands.o
LOAD c:/NXP/bstudio_nxp/workspace/JN-AN-1171-ZigBee-LightLink-Demo/Controller_NonColorController/Build/ScenesTableManager.o
LOAD c:/NXP/bstudio_nxp/workspace/JN-AN-1171-ZigBee-LightLink-Demo/Controller_NonColorController/Build/TC.o
LOAD c:/NXP/bstudio_nxp/workspace/JN-AN-1171-ZigBee-LightLink-Demo/Controller_NonColorController/Build/Time.o
LOAD c:/NXP/bstudio_nxp/workspace/JN-AN-1171-ZigBee-LightLink-Demo/Controller_NonColorController/Build/zll_CommissionCmdHandler.o
LOAD c:/NXP/bstudio_nxp/workspace/JN-AN-1171-ZigBee-LightLink-Demo/Controller_NonColorController/Build/zll_UtilityCmdHandler.o
LOAD c:/NXP/bstudio_nxp/workspace/JN-AN-1171-ZigBee-LightLink-Demo/Controller_NonColorController/Build/zll_commission.o
LOAD c:/NXP/bstudio_nxp/workspace/JN-AN-1171-ZigBee-LightLink-Demo/Controller_NonColorController/Build/zll_utility.o
LOAD c:/NXP/bstudio_nxp/workspace/JN-AN-1171-ZigBee-LightLink-Demo/Controller_NonColorController/Build/colour_light.o
LOAD c:/NXP/bstudio_nxp/workspace/JN-AN-1171-ZigBee-LightLink-Demo/Controller_NonColorController/Build/colour_remote.o
LOAD c:/NXP/bstudio_nxp/workspace/JN-AN-1171-ZigBee-LightLink-Demo/Controller_NonColorController/Build/colour_scene_remote.o
LOAD c:/NXP/bstudio_nxp/workspace/JN-AN-1171-ZigBee-LightLink-Demo/Controller_NonColorController/Build/colour_temperature_light.o
LOAD c:/NXP/bstudio_nxp/workspace/JN-AN-1171-ZigBee-LightLink-Demo/Controller_NonColorController/Build/commission_endpoint.o
LOAD c:/NXP/bstudio_nxp/workspace/JN-AN-1171-ZigBee-LightLink-Demo/Controller_NonColorController/Build/control_bridge.o
LOAD c:/NXP/bstudio_nxp/workspace/JN-AN-1171-ZigBee-LightLink-Demo/Controller_NonColorController/Build/dimmable_light.o
LOAD c:/NXP/bstudio_nxp/workspace/JN-AN-1171-ZigBee-LightLink-Demo/Controller_NonColorController/Build/dimmable_plug.o
LOAD c:/NXP/bstudio_nxp/workspace/JN-AN-1171-ZigBee-LightLink-Demo/Controller_NonColorController/Build/extended_colour_light.o
LOAD c:/NXP/bstudio_nxp/workspace/JN-AN-1171-ZigBee-LightLink-Demo/Controller_NonColorController/Build/non_colour_remote.o
LOAD c:/NXP/bstudio_nxp/workspace/JN-AN-1171-ZigBee-LightLink-Demo/Controller_NonColorController/Build/non_colour_scene_remote.o
LOAD c:/NXP/bstudio_nxp/workspace/JN-AN-1171-ZigBee-LightLink-Demo/Controller_NonColorController/Build/on_off_light.o
LOAD c:/NXP/bstudio_nxp/workspace/JN-AN-1171-ZigBee-LightLink-Demo/Controller_NonColorController/Build/on_off_plug.o
LOAD c:/NXP/bstudio_nxp/workspace/JN-AN-1171-ZigBee-LightLink-Demo/Controller_NonColorController/Build/on_off_sensor.o
LOAD c:/NXP/bstudio_nxp/workspace/JN-AN-1171-ZigBee-LightLink-Demo/Controller_NonColorController/Build/zll.o
LOAD c:/NXP/bstudio_nxp/workspace/JN-AN-1171-ZigBee-LightLink-Demo/Controller_NonColorController/Build/BallastConfiguration.o
LOAD c:/NXP/bstudio_nxp/workspace/JN-AN-1171-ZigBee-LightLink-Demo/Controller_NonColorController/Build/ColourControl.o
LOAD c:/NXP/bstudio_nxp/workspace/JN-AN-1171-ZigBee-LightLink-Demo/Controller_NonColorController/Build/ColourControlClientCommands.o
LOAD c:/NXP/bstudio_nxp/workspace/JN-AN-1171-ZigBee-LightLink-Demo/Controller_NonColorController/Build/ColourControlCommandHandler.o
LOAD c:/NXP/bstudio_nxp/workspace/JN-AN-1171-ZigBee-LightLink-Demo/Controller_NonColorController/Build/ColourControlConversions.o
LOAD c:/NXP/bstudio_nxp/workspace/JN-AN-1171-ZigBee-LightLink-Demo/Controller_NonColorController/Build/dlist.o
LOAD c:/NXP/bstudio_nxp/workspace/JN-AN-1171-ZigBee-LightLink-Demo/Controller_NonColorController/Build/zcl.o
LOAD c:/NXP/bstudio_nxp/workspace/JN-AN-1171-ZigBee-LightLink-Demo/Controller_NonColorController/Build/zcl_CustomCommandReceive.o
LOAD c:/NXP/bstudio_nxp/workspace/JN-AN-1171-ZigBee-LightLink-Demo/Controller_NonColorController/Build/zcl_CustomCommandSend.o
LOAD c:/NXP/bstudio_nxp/workspace/JN-AN-1171-ZigBee-LightLink-Demo/Controller_NonColorController/Build/zcl_PDUbufferReadWrite.o
LOAD c:/NXP/bstudio_nxp/workspace/JN-AN-1171-ZigBee-LightLink-Demo/Controller_NonColorController/Build/zcl_PDUbufferReadWriteString.o
LOAD c:/NXP/bstudio_nxp/workspace/JN-AN-1171-ZigBee-LightLink-Demo/Controller_NonColorController/Build/zcl_WriteAttributesRequestHandle.o
LOAD c:/NXP/bstudio_nxp/workspace/JN-AN-1171-ZigBee-LightLink-Demo/Controller_NonColorController/Build/zcl_WriteAttributesRequestSend.o
LOAD c:/NXP/bstudio_nxp/workspace/JN-AN-1171-ZigBee-LightLink-Demo/Controller_NonColorController/Build/zcl_WriteAttributesResponseHandle.o
LOAD c:/NXP/bstudio_nxp/workspace/JN-AN-1171-ZigBee-LightLink-Demo/Controller_NonColorController/Build/zcl_attribute.o
LOAD c:/NXP/bstudio_nxp/workspace/JN-AN-1171-ZigBee-LightLink-Demo/Controller_NonColorController/Build/zcl_buffer.o
LOAD c:/NXP/bstudio_nxp/workspace/JN-AN-1171-ZigBee-LightLink-Demo/Controller_NonColorController/Build/zcl_clusterCommand.o
LOAD c:/NXP/bstudio_nxp/workspace/JN-AN-1171-ZigBee-LightLink-Demo/Controller_NonColorController/Build/zcl_command.o
LOAD c:/NXP/bstudio_nxp/workspace/JN-AN-1171-ZigBee-LightLink-Demo/Controller_NonColorController/Build/zcl_configureReportingCommandHandle.o
LOAD c:/NXP/bstudio_nxp/workspace/JN-AN-1171-ZigBee-LightLink-Demo/Controller_NonColorController/Build/zcl_configureReportingCommandSend.o
LOAD c:/NXP/bstudio_nxp/workspace/JN-AN-1171-ZigBee-LightLink-Demo/Controller_NonColorController/Build/zcl_configureReportingResponseHandle.o
LOAD c:/NXP/bstudio_nxp/workspace/JN-AN-1171-ZigBee-LightLink-Demo/Controller_NonColorController/Build/zcl_defaultResponse.o
LOAD c:/NXP/bstudio_nxp/workspace/JN-AN-1171-ZigBee-LightLink-Demo/Controller_NonColorController/Build/zcl_discoverAttributesExtendedRequestHandle.o
LOAD c:/NXP/bstudio_nxp/workspace/JN-AN-1171-ZigBee-LightLink-Demo/Controller_NonColorController/Build/zcl_discoverAttributesExtendedRequestSend.o
LOAD c:/NXP/bstudio_nxp/workspace/JN-AN-1171-ZigBee-LightLink-Demo/Controller_NonColorController/Build/zcl_discoverAttributesExtendedResponseHandle.o
LOAD c:/NXP/bstudio_nxp/workspace/JN-AN-1171-ZigBee-LightLink-Demo/Controller_NonColorController/Build/zcl_discoverAttributesRequestHandle.o
LOAD c:/NXP/bstudio_nxp/workspace/JN-AN-1171-ZigBee-LightLink-Demo/Controller_NonColorController/Build/zcl_discoverAttributesRequestSend.o
LOAD c:/NXP/bstudio_nxp/workspace/JN-AN-1171-ZigBee-LightLink-Demo/Controller_NonColorController/Build/zcl_discoverAttributesResponseHandle.o
LOAD c:/NXP/bstudio_nxp/workspace/JN-AN-1171-ZigBee-LightLink-Demo/Controller_NonColorController/Build/zcl_discoverCommandsRequestHandle.o
LOAD c:/NXP/bstudio_nxp/workspace/JN-AN-1171-ZigBee-LightLink-Demo/Controller_NonColorController/Build/zcl_discoverCommandsRequestSend.o
LOAD c:/NXP/bstudio_nxp/workspace/JN-AN-1171-ZigBee-LightLink-Demo/Controller_NonColorController/Build/zcl_discoverCommandsResponseHandle.o
LOAD c:/NXP/bstudio_nxp/workspace/JN-AN-1171-ZigBee-LightLink-Demo/Controller_NonColorController/Build/zcl_event.o
LOAD c:/NXP/bstudio_nxp/workspace/JN-AN-1171-ZigBee-LightLink-Demo/Controller_NonColorController/Build/zcl_heap.o
LOAD c:/NXP/bstudio_nxp/workspace/JN-AN-1171-ZigBee-LightLink-Demo/Controller_NonColorController/Build/zcl_library_options.o
LOAD c:/NXP/bstudio_nxp/workspace/JN-AN-1171-ZigBee-LightLink-Demo/Controller_NonColorController/Build/zcl_readAttributesRequestHandle.o
LOAD c:/NXP/bstudio_nxp/workspace/JN-AN-1171-ZigBee-LightLink-Demo/Controller_NonColorController/Build/zcl_readAttributesRequestSend.o
LOAD c:/NXP/bstudio_nxp/workspace/JN-AN-1171-ZigBee-LightLink-Demo/Controller_NonColorController/Build/zcl_readAttributesResponseHandle.o
LOAD c:/NXP/bstudio_nxp/workspace/JN-AN-1171-ZigBee-LightLink-Demo/Controller_NonColorController/Build/zcl_readReportingConfigurationCommandHandle.o
LOAD c:/NXP/bstudio_nxp/workspace/JN-AN-1171-ZigBee-LightLink-Demo/Controller_NonColorController/Build/zcl_readReportingConfigurationCommandSend.o
LOAD c:/NXP/bstudio_nxp/workspace/JN-AN-1171-ZigBee-LightLink-Demo/Controller_NonColorController/Build/zcl_readReportingConfigurationResponseHandle.o
LOAD c:/NXP/bstudio_nxp/workspace/JN-AN-1171-ZigBee-LightLink-Demo/Controller_NonColorController/Build/zcl_reportManager.o
LOAD c:/NXP/bstudio_nxp/workspace/JN-AN-1171-ZigBee-LightLink-Demo/Controller_NonColorController/Build/zcl_reportMaths.o
LOAD c:/NXP/bstudio_nxp/workspace/JN-AN-1171-ZigBee-LightLink-Demo/Controller_NonColorController/Build/zcl_reportScheduler.o
LOAD c:/NXP/bstudio_nxp/workspace/JN-AN-1171-ZigBee-LightLink-Demo/Controller_NonColorController/Build/zcl_reportStringHandling.o
LOAD c:/NXP/bstudio_nxp/workspace/JN-AN-1171-ZigBee-LightLink-Demo/Controller_NonColorController/Build/zcl_reportStructure.o
LOAD c:/NXP/bstudio_nxp/workspace/JN-AN-1171-ZigBee-LightLink-Demo/Controller_NonColorController/Build/zcl_search.o
LOAD c:/NXP/bstudio_nxp/workspace/JN-AN-1171-ZigBee-LightLink-Demo/Controller_NonColorController/Build/zcl_timer.o
LOAD c:/NXP/bstudio_nxp/workspace/JN-AN-1171-ZigBee-LightLink-Demo/Controller_NonColorController/Build/zcl_transmit.o
LOAD c:/NXP/bstudio_nxp/sdk/JN-SW-4168/Components/Library\libZPSMAC_Mini_JN516x.a
LOAD c:/NXP/bstudio_nxp/sdk/JN-SW-4168/Components/Library\libOS_JN516x.a
LOAD c:/NXP/bstudio_nxp/sdk/JN-SW-4168/Components/Library\libPWRM_JN516x.a
LOAD c:/NXP/bstudio_nxp/sdk/JN-SW-4168/Components/Library\libZPSTSV_JN516x.a
LOAD c:/NXP/bstudio_nxp/sdk/JN-SW-4168/Components/Library\libAES_SW_JN516x.a
LOAD c:/NXP/bstudio_nxp/sdk/JN-SW-4168/Components/Library\libPDUM_JN516x.a
LOAD c:/NXP/bstudio_nxp/sdk/JN-SW-4168/Components/Library\libZPSAPL_JN516x.a
LOAD c:/NXP/bstudio_nxp/sdk/JN-SW-4168/Components/Library\libRandom_JN516x.a
LOAD c:/NXP/bstudio_nxp/sdk/JN-SW-4168/Components/Library\libPDM_EEPROM_JN516x.a
LOAD c:/NXP/bstudio_nxp/sdk/JN-SW-4168/Components/Library\libDBG_JN516x.a
LOAD c:/NXP/bstudio_nxp/sdk/JN-SW-4168/Components/Library\libZPSZLL_ZED_JN516x.a
LOAD c:/NXP/bstudio_nxp/sdk/JN-SW-4168/Components/Library\libZPSNWK_ZED_JN516x.a
LOAD c:/NXP/bstudio_nxp/sdk/JN-SW-4168/Components/Library\libMiniMac_JN516x.a
LOAD c:/NXP/bstudio_nxp/sdk/JN-SW-4168/Components/Library\libMiniMacShim_JN516x.a
LOAD c:/NXP/bstudio_nxp/sdk/JN-SW-4168/Components/Library\libMMAC_JN516x.a
LOAD c:/NXP/bstudio_nxp/sdk/JN-SW-4168/Components/Library\libAes_JN516x.a
LOAD c:/NXP/bstudio_nxp/sdk/JN-SW-4168/Components/Library\libHardwareApi_JN516x.a
LOAD c:/NXP/bstudio_nxp/sdk/JN-SW-4168/Components/Library\libMicroSpecific_JN516x.a
LOAD c:/NXP/bstudio_nxp/sdk/JN-SW-4168/Components/Library\libBoot_JN516x.a
LOAD c:/NXP/bstudio_nxp/sdk/JN-SW-4168/Platform/DK2/Library\libBoardLib_JN516x.a
LOAD c:/nxp/bstudio_nxp/sdk/tools/ba-elf-ba2-r36379/bin/../lib/gcc/ba-elf/4.7.4/../../../../ba-elf/lib/mcpu_jn51xx_sizeopt\libm.a
END GROUP
LOAD c:/nxp/bstudio_nxp/sdk/tools/ba-elf-ba2-r36379/bin/../lib/gcc/ba-elf/4.7.4/../../../../ba-elf/lib/mcpu_jn51xx_sizeopt\libc.a
LOAD c:/nxp/bstudio_nxp/sdk/tools/ba-elf-ba2-r36379/bin/../lib/gcc/ba-elf/4.7.4/mcpu_jn51xx_sizeopt\libgcc.a
LOAD c:/nxp/bstudio_nxp/sdk/tools/ba-elf-ba2-r36379/bin/../lib/gcc/ba-elf/4.7.4/../../../../ba-elf/lib/mcpu_jn51xx_sizeopt\libc.a
                0x0000000000080038                _exception_vsr_table = 0x80038
                0x0000000004000000                pSPIflashFncTable = 0x4000000
                0x0000000000000044                restore_state = 0x44
                0x000000000000004a                bZSPIWaitWIPClear = 0x4a
                0x0000000000000050                u16ZSPIflashRDID = 0x50
                0x0000000000000056                u8SelectFlashChipType = 0x56
                0x000000000000005c                memcpy = 0x5c
                0x0000000000000066                vBootFlashProg = 0x66
                [0x00000000000007d0]                __minimum_heap_size = DEFINED (__minimum_heap_size)?__minimum_heap_size:0xd16
                [0x0000000000001388]                __stack_size = DEFINED (__stack_size)?__stack_size:0x800
                0x0000000000000000                _SwConfig = (DEFINED (g_bSWConf_Debug) | (DEFINED (g_bSWConf_AltDebugPort) << 0x1))

.version        0x000000000007fffc        0x4
                0x000000000007fffc        0x4 LONG 0x7030008

.bir            0x0000000000080000       0x10
                0x0000000000080000                _flash_start = ABSOLUTE (.)
                0x0000000000080000                _flash_beg = ABSOLUTE (.)
                0x0000000000080000        0x4 LONG 0x12345678
                0x0000000000080004        0x4 LONG 0x11223344
                0x0000000000080008        0x4 LONG 0x55667788
                0x000000000008000c        0x1 BYTE 0x8
                0x000000000008000d        0x1 BYTE 0x1
                0x000000000008000e        0x2 SHORT 0x0

.flashheader    0x0000000000080010       0x28
                0x0000000000080010        0x4 LONG 0x0
                0x0000000000080014        0x4 LONG 0x0
                0x0000000000080018        0x4 LONG 0x0
                0x000000000008001c        0x2 SHORT 0x0
                0x000000000008001e        0x2 SHORT 0x0 ABSOLUTE (_SwConfig)
                0x0000000000080020                _enc_start = ABSOLUTE (.)
                0x0000000000080020        0x4 LONG 0x1f710 ABSOLUTE (_image_len)
                0x0000000000080024        0x4 LONG 0x9efa0 ABSOLUTE (_flash_data_start)
                0x0000000000080028        0x2 SHORT 0x13 ((ABSOLUTE (_ram_data_start) / 0x4) & 0xffff)
                0x000000000008002a        0x2 SHORT 0x1dc ((ABSOLUTE (_ram_data_len) / 0x4) & 0xffff)
                0x000000000008002c        0x2 SHORT 0x1ef ((ABSOLUTE (_bss_start) / 0x4) & 0xffff)
                0x000000000008002e        0x2 SHORT 0xce2 ((ABSOLUTE (_bss_len) / 0x4) & 0xffff)
                0x0000000000080030        0x4 LONG 0x98384 ABSOLUTE (AppWarmStart)
                0x0000000000080034        0x4 LONG 0x9839e ABSOLUTE (AppColdStart)
                0x0000000000000000                _enc_offset = (_enc_start & 0xf)

.ro_mac_address
                0x0000000000080040        0x0
                0x0000000000080040                _FlsMACAddress = ABSOLUTE (.)
 *(.ro_mac_address)
                0x0000000000080040                . = ALIGN (0x10)

.ro_ota_header  0x0000000000080040        0x0
                0x0000000000080040                _FlsOtaHeader = ABSOLUTE (.)
 *(.ro_ota_header)
                0x0000000000080040                . = ALIGN (0x10)

.ro_se_lnkKey   0x0000000000080040        0x0
                0x0000000000080040                _FlsLinkKey = ABSOLUTE (.)
 *(.ro_se_lnkKey)
                0x0000000000080040                . = ALIGN (0x10)

.rodata         0x0000000000080038     0x1ebc
 *(.rodata*)
 .rodata.str1.1
                0x0000000000080038      0x20b C:\Users\Gillis\AppData\Local\Temp\ccf3WSAj.ltrans0.ltrans.o
 *fill*         0x0000000000080243        0x1 00
 .rodata        0x0000000000080244       0x84 C:\Users\Gillis\AppData\Local\Temp\ccf3WSAj.ltrans0.ltrans.o
                0x0000000000080244                gMAC_u8MaxBuffers
                0x0000000000080248                g_u32ApsFcSaveCountBitShift
                0x000000000008024c                u8MaxZpsConfigEp
                0x000000000008024d                au8EpMapPresent
                0x0000000000080250                s_groupPdmTable
                0x0000000000080258                au8ZLLChannelSet
 .rodata.str1.1
                0x00000000000802c8      0x683 C:\Users\Gillis\AppData\Local\Temp\ccf3WSAj.ltrans1.ltrans.o
 .rodata        0x000000000008094b       0xff C:\Users\Gillis\AppData\Local\Temp\ccf3WSAj.ltrans1.ltrans.o
 .rodata        0x0000000000080a4a       0x23 C:\Users\Gillis\AppData\Local\Temp\ccf3WSAj.ltrans2.ltrans.o
 .rodata.str1.1
                0x0000000000080a6d        0x5 C:\Users\Gillis\AppData\Local\Temp\ccf3WSAj.ltrans3.ltrans.o
                                          0x8 (size before relaxing)
 .rodata        0x0000000000080a72       0x10 C:\Users\Gillis\AppData\Local\Temp\ccf3WSAj.ltrans3.ltrans.o
                0x0000000000080a72                au8FlashWaitStatesHSRCO.134464
                0x0000000000080a7a                au8FlashWaitStates32MXO.134463
 .rodata.str1.1
                0x0000000000000000        0x5 C:\Users\Gillis\AppData\Local\Temp\ccf3WSAj.ltrans5.ltrans.o
                                          0x3 (size before relaxing)
 .rodata.str1.1
                0x0000000000080a82       0x4e C:\Users\Gillis\AppData\Local\Temp\ccf3WSAj.ltrans6.ltrans.o
                                         0x86 (size before relaxing)
 .rodata        0x0000000000080ad0        0x6 C:\Users\Gillis\AppData\Local\Temp\ccf3WSAj.ltrans6.ltrans.o
 *fill*         0x0000000000080ad6        0x2 00
 .rodata        0x0000000000080ad8       0x18 C:\Users\Gillis\AppData\Local\Temp\ccf3WSAj.ltrans7.ltrans.o
 .rodata.str1.1
                0x0000000000080af0        0x3 C:\Users\Gillis\AppData\Local\Temp\ccf3WSAj.ltrans7.ltrans.o
 .rodata.str1.1
                0x0000000000080af3       0x96 C:\Users\Gillis\AppData\Local\Temp\ccf3WSAj.ltrans8.ltrans.o
 .rodata.str1.1
                0x0000000000080b89       0x21 C:\Users\Gillis\AppData\Local\Temp\ccf3WSAj.ltrans9.ltrans.o
                                         0x39 (size before relaxing)
 .rodata.str1.1
                0x0000000000000000       0x21 C:\Users\Gillis\AppData\Local\Temp\ccf3WSAj.ltrans10.ltrans.o
                                          0x7 (size before relaxing)
 .rodata.str1.1
                0x0000000000000000       0x21 C:\Users\Gillis\AppData\Local\Temp\ccf3WSAj.ltrans11.ltrans.o
                                          0x8 (size before relaxing)
 .rodata.str1.1
                0x0000000000080baa       0x11 C:\Users\Gillis\AppData\Local\Temp\ccf3WSAj.ltrans12.ltrans.o
 *fill*         0x0000000000080bbb        0x1 00
 .rodata        0x0000000000080bbc      0x180 C:\Users\Gillis\AppData\Local\Temp\ccf3WSAj.ltrans13.ltrans.o
                0x0000000000080bc4                s_apsStSceTbl.118536
                0x0000000000080bd8                s_aprIdleStHandleCme.126556
                0x0000000000080be8                s_aprActvStHandleCme.123442
                0x0000000000080c00                s_apsStSmeTbl.118599
                0x0000000000080c14                zps_sJoinSceTbl
                0x0000000000080c20                zps_sActvSceTbl
                0x0000000000080c2c                zps_sDiscSmeTbl
                0x0000000000080c38                zps_sJoinSmeTbl
                0x0000000000080c44                zps_sActvSmeTbl
 .rodata.str1.1
                0x0000000000080d3c       0x86 C:\Users\Gillis\AppData\Local\Temp\ccf3WSAj.ltrans14.ltrans.o
 .rodata        0x0000000000080dc2       0x10 C:\Users\Gillis\AppData\Local\Temp\ccf3WSAj.ltrans14.ltrans.o
 .rodata.str1.1
                0x0000000000080dd2      0x231 C:\Users\Gillis\AppData\Local\Temp\ccf3WSAj.ltrans15.ltrans.o
                                        0x23e (size before relaxing)
 .rodata.str1.1
                0x0000000000081003      0x258 C:\Users\Gillis\AppData\Local\Temp\ccf3WSAj.ltrans16.ltrans.o
                                        0x28b (size before relaxing)
 *fill*         0x000000000008125b        0x1 00
 .rodata        0x000000000008125c        0x8 C:\Users\Gillis\AppData\Local\Temp\ccf3WSAj.ltrans16.ltrans.o
                0x000000000008125c                au32UartAddrOffset
 .rodata        0x0000000000081264       0x18 C:\Users\Gillis\AppData\Local\Temp\ccf3WSAj.ltrans19.ltrans.o
                0x0000000000081264                au32NwkPdmRecordOffsets
 .rodata.str1.1
                0x0000000000000000        0x7 C:\Users\Gillis\AppData\Local\Temp\ccf3WSAj.ltrans20.ltrans.o
 .rodata        0x000000000008127c       0x48 C:\Users\Gillis\AppData\Local\Temp\ccf3WSAj.ltrans20.ltrans.o
 .rodata.str1.1
                0x00000000000812c4      0x3b4 C:\Users\Gillis\AppData\Local\Temp\ccf3WSAj.ltrans21.ltrans.o
                                        0x3b5 (size before relaxing)
 .rodata.str1.1
                0x0000000000081678       0x34 C:\Users\Gillis\AppData\Local\Temp\ccf3WSAj.ltrans22.ltrans.o
                                         0x4b (size before relaxing)
 .rodata.str1.1
                0x00000000000816ac      0x14c C:\Users\Gillis\AppData\Local\Temp\ccf3WSAj.ltrans23.ltrans.o
                                        0x14e (size before relaxing)
 .rodata        0x00000000000817f8      0x3b8 C:\Users\Gillis\AppData\Local\Temp\ccf3WSAj.ltrans23.ltrans.o
                0x00000000000817f8                zps_g_pvApl
                0x00000000000817fc                u32HeapEnd
 .rodata.str1.1
                0x0000000000000000       0x13 C:\Users\Gillis\AppData\Local\Temp\ccf3WSAj.ltrans24.ltrans.o
 .rodata        0x0000000000081bb0      0x318 C:\Users\Gillis\AppData\Local\Temp\ccf3WSAj.ltrans25.ltrans.o
                0x0000000000081db0                gu32ZCLVersion
                0x0000000000081db4                OS_g_u32Version
                0x0000000000081db8                PDUM_g_u32Version
                0x0000000000081dbc                ZPS_g_u32MacVersion
                0x0000000000081dc0                ZPS_g_u32TsvVersion
 .rodata.str1.1
                0x0000000000000000      0x14c C:\Users\Gillis\AppData\Local\Temp\ccf3WSAj.ltrans26.ltrans.o
                                          0x8 (size before relaxing)
 .rodata.str1.1
                0x0000000000081ec8        0x5 C:\Users\Gillis\AppData\Local\Temp\ccf3WSAj.ltrans27.ltrans.o
                                          0xa (size before relaxing)
 .rodata.str1.1
                0x0000000000000000        0xf C:\Users\Gillis\AppData\Local\Temp\ccf3WSAj.ltrans28.ltrans.o
 .rodata.str1.1
                0x0000000000081ecd        0x5 C:\Users\Gillis\AppData\Local\Temp\ccf3WSAj.ltrans29.ltrans.o
                                         0x13 (size before relaxing)
 .rodata.str1.1
                0x0000000000000000        0x5 C:\Users\Gillis\AppData\Local\Temp\ccf3WSAj.ltrans30.ltrans.o
                                          0x8 (size before relaxing)
 .rodata.str1.1
                0x0000000000081ed2       0x22 C:\Users\Gillis\AppData\Local\Temp\ccf3WSAj.ltrans31.ltrans.o
                                         0x39 (size before relaxing)

.text           0x0000000000081ef8    0x1d0a6
 *(.text*)
 .text          0x0000000000081ef8     0x194c C:\Users\Gillis\AppData\Local\Temp\ccf3WSAj.ltrans0.ltrans.o
                0x0000000000081ef8                vInitialiseApp.3290
                0x0000000000081ef8                APP_TIMER_Version_1v0
 .text          0x0000000000083844     0x1cd8 C:\Users\Gillis\AppData\Local\Temp\ccf3WSAj.ltrans1.ltrans.o
                0x0000000000083844                os_vAPP_Commission_Task
 .text          0x000000000008551c     0x11f4 C:\Users\Gillis\AppData\Local\Temp\ccf3WSAj.ltrans2.ltrans.o
                0x000000000008551c                DBG_iUartGetChar
                0x0000000000085579                vMMAC_IntHandlerBbc
                0x0000000000085593                eBasicTxCompleteHandler
                0x0000000000085598                vTxRxTimeout.132726
                0x00000000000855f5                zps_eNwkHandleSmeOrphanInd
                0x00000000000855fc                eSmeASFlBeaconInd.125206
                0x000000000008561e                eSmeUDNTScanDcfm.124661
                0x000000000008563a                vNwkMcpsTimerCallback
                0x00000000000856bf                zps_eNwkHandleSmePollDcfm
                0x00000000000856e9                eSmeGenlScanDcfm.125198
                0x0000000000085747                eNldeDataDcfm.120431
                0x0000000000085777                eSmeEdScScanDcfm.125194
                0x000000000008591e                eSmeAcScBeaconInd.125214
                0x0000000000085a26                eSmeUDNTBeaconInd.125190
                0x0000000000085a49                vMiniMac_ReturnTxBufferCallback
                0x0000000000085a5b                bEnableReceive.132728
                0x0000000000085a99                pvHeap_Alloc
                0x0000000000085a9c                vMicroIntRestoreState
                0x0000000000085aa8                bAHI_WriteEEPROMfixSegmentData
                0x0000000000085b06                bAHI_InitialiseEEPROM
                0x0000000000085b4e                vAHI_ReadDataFromEEPROMregister
                0x0000000000085b7b                vAHI_WriteDataIntoEEPROMregister
                0x0000000000085bab                iPDM_WriteSegmentHeaderDataIntoEEPROMsegment
                0x0000000000085bda                u8AHI_WakeTimerFiredStatus
                0x0000000000085bee                vAHI_WakeTimerStop.part.3.134958
                0x0000000000085c0e                vAHI_UartReset.part.4.134712
                0x0000000000085c46                vAHI_OptimiseWaitStates
                0x0000000000085c92                bAHI_GetClkSource
                0x0000000000085c9f                vAHI_CpuDoze
                0x0000000000085cb2                vAHI_SwReset
                0x0000000000085ce2                u32AHI_DioWakeStatus
                0x0000000000085cf3                vAHI_DioSetDirection
                0x0000000000085d07                vEcbEncodeStripe.134172
                0x0000000000085d5e                bIssueACIcommand
                0x0000000000085df4                bACI_ECBencodeStripe.constprop.59
                0x0000000000085f61                AESSW_vHMAC_MMO.constprop.58
                0x0000000000085ff9                MAC_u64GetExtAddr
                0x0000000000086014                psSearchForFrameToSend
                0x000000000008606b                eMiniMac_FrameInProgress
                0x0000000000086096                vRemoveFromTxQueue
                0x00000000000860d2                vAddToTxQueue
                0x0000000000086108                u8GetHeaderSize
                0x0000000000086130                vMiniMac_PLME_SetReq_CcaMode
                0x0000000000086144                vMiniMac_MLME_SetReq_MaxCsmaBackoffs
                0x0000000000086164                vMiniMac_MLME_SetReq_MaxBe
                0x0000000000086187                vMiniMac_MLME_SetReq_MinBe
                0x00000000000861aa                zps_psNwkSlistRemoveFromHead
                0x00000000000861c1                zps_psNwkSlistRemove
                0x00000000000861f9                zps_bNwkMcpsMgrRemoveDescrFromLists
                0x0000000000086237                zps_vNwkSlistAddToTail
                0x0000000000086251                zps_vNwkSecClearMatSet
                0x000000000008627b                ZPS_bNwkSecHaveNetworkKey
                0x00000000000862af                ZPS_bNwkSecFindMatSet
                0x00000000000862eb                ZPS_u8NwkNibNtDiscMatch
                0x00000000000863a7                zps_vNwkFreeMcpsHandle
                0x00000000000863d1                ZPS_u64NwkNibGetMappedIeeeAddr
                0x00000000000863f3                ZPS_vNwkSecResetDevice
                0x0000000000086438                ZPS_bNwkNibNtActvMatch
                0x00000000000864e7                ZPS_u64NwkNibFindExtAddr
                0x000000000008658d                ZPS_u16NwkNibFindNwkAddr
                0x000000000008662e                bCheckNwkAddr
                0x0000000000086677                zps_vSendNwkStatusInd
                0x00000000000866a8                ZPS_vSetExtendedStatus
                0x00000000000866ab                zps_psApsApsAllocateDcfmRecord
 .text.unlikely
                0x0000000000086710       0x88 C:\Users\Gillis\AppData\Local\Temp\ccf3WSAj.ltrans2.ltrans.o
                0x0000000000086710                eEncryptKey.6410
 .text          0x0000000000086798      0xd8e C:\Users\Gillis\AppData\Local\Temp\ccf3WSAj.ltrans3.ltrans.o
                0x0000000000086798                os_u32APP_cbGetTickTimer
                0x00000000000867a1                os_bAPP_cbSetTickTimerCompare
                0x00000000000867fd                vZdoServersInit.3022
                0x0000000000086921                boIdValueSearchMatch.111276
                0x000000000008697b                u16ZCL_APduInstanceReadStringNBO
                0x0000000000086a50                eZCL_GetAttributeTypeSizeFromBuffer
                0x0000000000086ac7                iPDM_ReadSegmentHeaderDataFromEEPROMsegment
                0x0000000000086b20                iPDM_ReadUserDataFromEEPROMsegment
                0x0000000000086b9a                iPDM_ReCalculateWearCountAndChecksumAndWriteFileSystemHeader
                0x0000000000086be4                vPDM_SetEEPROMandFileSystemValidState
                0x0000000000086c0b                iPDM_ReadUserDataFromFileSystemRecord
                0x0000000000086c2b                vPDM_WriteFileSystemRecordAndSegmentDataIntoEEPROMsegment
                0x0000000000086c66                u8ZdoBindUnbindServerUnpackApdu
                0x0000000000086cb5                PWRM_vInit
                0x0000000000086d47                vSetRejoinFilter
                0x0000000000086d90                iPDM_FilterDuplicateAppendedSegmentsOnList.112545
                0x0000000000086dd4                ZPS_vGetDeviceCurrentData.constprop.15
                0x0000000000086e53                ZPS_bIsMacAddressUsedInApsTable
                0x0000000000086f09                ZPS_eTsvOpen
                0x0000000000086f26                zps_vNwkBttMgrInit
                0x0000000000086f54                ZPS_vNwkNibClearTables
                0x0000000000087075                PDUM_vInit
                0x0000000000087130                vMicroIntEnableOnly.constprop.140
                0x000000000008715c                TSV_eStart
                0x00000000000871ac                vMiniMac_MLME_SetReq_PanId
                0x00000000000871e9                vMiniMac_MLME_SetReq_ShortAddr
                0x00000000000871f7                iAHI_WriteDataIntoEEPROMsegment.constprop.124
                0x0000000000087245                pvZCL_HeapAlloc.part.0.45753.constprop.101
                0x000000000008727e                vAHI_WakeTimerStart.part.1.134946.constprop.74
                0x00000000000872bf                PWRM_vWakeInterruptCallback
                0x000000000008730b                vACI_OptimisedCcmStar.constprop.67
                0x00000000000874f6                vTransformKey.isra.0.62991
 .text.unlikely
                0x0000000000087526       0xc8 C:\Users\Gillis\AppData\Local\Temp\ccf3WSAj.ltrans3.ltrans.o
                0x000000000008753b                vAHI_MemoryHold.134392
 .text          0x00000000000875ee     0x109c C:\Users\Gillis\AppData\Local\Temp\ccf3WSAj.ltrans4.ltrans.o
                0x00000000000875ee                DBG_vUartFlush
                0x000000000008761b                DBG_vUartPutch
                0x0000000000087661                vMMAC_RadioToOffAndWait
                0x000000000008767e                vStartReceive
                0x000000000008769a                vSetChannelAndPower
                0x000000000008787b                vMiniMac_NextTransaction
                0x00000000000878e5                eTransmit
                0x00000000000879f0                vMiniMac_TxComplete
                0x0000000000087ae1                vTimerFired
                0x0000000000087bb0                vMiniMac_PLME_SetReq_Power
                0x0000000000087bc5                vMiniMac_PLME_SetReq_Channel
                0x0000000000087bce                vDispatch.54188
                0x0000000000087ca0                OS_eStartSWTimer.constprop.141
                0x0000000000087dbf                OS_eContinueSWTimer.constprop.69
                0x0000000000087eb8                OS_eStopSWTimer
                0x0000000000087fdb                vHandleIdentifyRequest
                0x000000000008800e                os_vAPP_ID_Task
                0x0000000000088036                vStopAllTimers
                0x000000000008805f                OS_ePostMessage
                0x00000000000881c5                os_vAPP_CommissionTimerTask
                0x00000000000881db                OS_eActivateTask
                0x0000000000088276                vPostMlmeDcfmInd.73556
                0x0000000000088319                u16ZCL_APduInstanceWriteNBO
                0x00000000000883c3                u16ZCL_WriteCommandHeader
                0x000000000008843b                u16ZCL_APduInstanceReadNBO
                0x0000000000088520                u16ZCL_ReadCommandHeader.part.0.38392
                0x0000000000088597                eCLD_BasicCommandHandler
                0x00000000000885c3                u16ZCL_APduInstanceWriteStringNBO
 .text          0x000000000008868a     0x122a C:\Users\Gillis\AppData\Local\Temp\ccf3WSAj.ltrans5.ltrans.o
                0x000000000008868a                zps_eSceGenlIllegal
                0x0000000000088691                zps_eSmeGenlIllegal
                0x0000000000088698                DBG_vUartFailedAssert
                0x000000000008869c                psGetVsMcpsBuf.73560
                0x00000000000886a5                psGetMlmeBuf.73553
                0x00000000000886ec                psGetNlmeBuf.57423
                0x00000000000886f6                psGetNldeBuf.57444
                0x0000000000088700                psGetApsmeBuf.57430
                0x0000000000088709                psGetApsdeBuf.57437
                0x0000000000088822                vLoopbackTimerCallback
                0x0000000000088851                zps_u64NwkLibFromPayload
                0x0000000000088890                zps_vNwkLibU64ToPayload
                0x00000000000888bd                zps_vInitBeaconPayload
                0x0000000000088939                zps_eNwkDcfmIndPost
                0x000000000008895b                zps_psNwkDcfmIndGetBuf
                0x000000000008897d                DBG_vInit
                0x00000000000889bf                vPDM_ReadBitmapHeader.112133
                0x00000000000889de                psSLISTsearch
                0x0000000000088a1e                psSLISTremove
                0x0000000000088a9c                vSLISTaddToTail
                0x0000000000088abb                psSLISTgetNext
                0x0000000000088adf                u8PDM_CalculateLargestDataRecordStored
                0x0000000000088b10                bPDM_ImageBitmapRepairCheck
                0x0000000000088b38                u8PDM_ReadSequenceNumber
                0x0000000000088b5b                boSegmentNumberDeleteSearchMatch.111703
                0x0000000000088b76                u8PDM_ReadSegmentDataSize
                0x0000000000088b8a                u32PDM_ReadFileSystemHeaderWearCount
                0x0000000000088ba0                boSearchForWearCountSubstitute.112019
                0x0000000000088bc6                boSearchForWearCountInsertPoint.111272
                0x0000000000088be4                vPDM_WriteFileSystemHeaderWearCount
                0x0000000000088bf6                RND_u32GetRand256
                0x0000000000088c13                RND_u32GetRand
                0x0000000000088c3a                u16CalculateFailedTxCount.89272
                0x0000000000088c64                vZdoIeeeAddrServerSendExtendResponse.part.0.77392
                0x0000000000088cc5                vZdoNwkAddrServerSendExtendResponse.part.0.76212
                0x0000000000088d26                zps_bAplZdoServerHandleConfirmAcks
                0x0000000000088d70                zps_bPerformLeaveActionDecider
                0x0000000000088d75                vHandleUpdateDeviceIndication.66513
                0x0000000000088d9f                bDuplicateCheck.62869
                0x0000000000088eac                zps_vAplApsInitDuplicateTable
                0x0000000000088ecf                bIsBindTableMatch.61437
                0x0000000000088f20                eRemoveEntryInBindingTable.61465
                0x0000000000088f9f                zps_vAplApsInitFragTransmitPool
                0x0000000000088fc0                zps_vAplApsFillAndPostApsAck
                0x000000000008902a                zps_u8AplApsFreeMsgHandle
                0x0000000000089094                zps_vAplApsInitSyncMsgPool
                0x00000000000890cc                zps_vAplApsInitFragReceivePool
                0x00000000000890ef                vFillDataIndStruct.57286
                0x000000000008914d                vFillApduErrorEvent.57279
                0x0000000000089190                bCheckProfile.57274
                0x00000000000891d7                ZPS_bIsGroupPresent
                0x000000000008920f                pdum_u16ReadNBO
                0x0000000000089370                PDUM_u16SizeNBO
                0x00000000000893ce                PDUM_u16APduInstanceWriteStrNBO
                0x000000000008954d                PDUM_eNPduReadHeaderNBO
                0x00000000000895a0                PDUM_u16APduInstanceReadNBO
                0x00000000000895eb                PDUM_eNPduPrependHeaderNBO
                0x0000000000089646                zps_vInitAPSMECmdHdr
                0x000000000008967d                PDUM_eNPduAppendDataNBO
                0x00000000000896da                PDUM_u16APduInstanceWriteNBO
                0x0000000000089744                PDUM_thAPduInstanceGetApdu
                0x000000000008975f                PDUM_eAPduInstanceSetPayloadSize
                0x0000000000089787                PDUM_eNPduWriteDataFromBuffer
                0x00000000000897e1                PDUM_eNPduWriteDataToBuffer
                0x000000000008983f                PDUM_eNPduWriteFromBuffer
                0x0000000000089868                PDUM_eNPduDescend
                0x000000000008988e                PDUM_eNPduAscend
 .text          0x00000000000898b4      0xc18 C:\Users\Gillis\AppData\Local\Temp\ccf3WSAj.ltrans6.ltrans.o
                0x00000000000898b4                ZPS_vInterceptMcpsDataCallback
                0x0000000000089916                vPostVsMcpsDcfmInd.73563
                0x0000000000089a15                ZPS_bSecEncrypt
                0x0000000000089bcb                PDUM_eNPduAllocate
                0x0000000000089dc4                eZCL_TransmitInterPanRequest.constprop.39
                0x0000000000089e97                vSendIdentifyRequest.isra.2.6813
                0x0000000000089ed8                vSendDeviceInfoReq.6405
                0x0000000000089f12                vSendScanResponse.6640.constprop.35
                0x000000000008a075                zps_u8AplApsConstructAndPostLoopBackDataInd.60038
                0x000000000008a1ae                u8PostUnicastMsgToNHLE.60046
                0x000000000008a1e7                zps_psAllocateAndFormatMacHdr
                0x000000000008a361                zps_psNwkInitCmdFrame
                0x000000000008a42e                PDUM_eNPduClone
                0x000000000008a47a                zps_vNwkRemoveConflictedBroadcast
 .text.unlikely
                0x000000000008a4cc      0x340 C:\Users\Gillis\AppData\Local\Temp\ccf3WSAj.ltrans6.ltrans.o
                0x000000000008a4cc                vSendRouterJoinRequest.isra.5.6825.constprop.24
                0x000000000008a6f4                vHandleDeviceInfoRequest.6659
 .text          0x000000000008a80c      0xee9 C:\Users\Gillis\AppData\Local\Temp\ccf3WSAj.ltrans7.ltrans.o
                0x000000000008a842                os_vAPP_cbDisableTickTimer
                0x000000000008a886                os_vAPP_cbEnableTickTimer
                0x000000000008a906                vRetryCcaFailure
                0x000000000008a952                eOrphanNotificationSent.132369
                0x000000000008a99b                DBG_vUartInitHardware
                0x000000000008aad8                dbg_vPrintfImplNoneVerbose
                0x000000000008af5f                eZCL_SearchForClusterEntry
                0x000000000008affd                eZCL_BuildTransmitAddressStructure
                0x000000000008b06f                ZPS_bSecDecrypt
                0x000000000008b181                boPDM_IsBitmapSaturated.112168
                0x000000000008b1ca                iPDM_SearchForBufferIdInList
                0x000000000008b1ff                iPDM_SearchForBufferIdInFileSystem
                0x000000000008b212                iPDM_ReadUserDataFromSegmentWithId
                0x000000000008b247                iPDM_SearchForSpecificSegmentInList
                0x000000000008b279                psGetTxFrameBuffer
                0x000000000008b2b8                psGetAndBuildCoordRealignment
                0x000000000008b310                eBuildAndSend.132379
                0x000000000008b385                vMiniMac_Init
 *fill*         0x000000000008b6f5        0x3 00
 .text          0x000000000008b6f8      0xc18 C:\Users\Gillis\AppData\Local\Temp\ccf3WSAj.ltrans8.ltrans.o
                0x000000000008b6f8                os_vZCL_Task
 .text          0x000000000008c310      0xfa0 C:\Users\Gillis\AppData\Local\Temp\ccf3WSAj.ltrans9.ltrans.o
                0x000000000008c310                zps_eAplSendApsmeCmdFrame
                0x000000000008c660                vPostNldeDcfmInd.57447
                0x000000000008d167                zps_eAplApsmeUpdateDeviceReqRsp.part.4.61594
 .text          0x000000000008d2b0     0x1194 C:\Users\Gillis\AppData\Local\Temp\ccf3WSAj.ltrans10.ltrans.o
                0x000000000008d2b0                PDUM_eNPduFree
                0x000000000008d31d                zps_vNwkMcpsMgrFreeReqDescr
                0x000000000008d34f                zps_vNwkMcpsMgrTidyBtrReqDescr
                0x000000000008d392                vNwkBttTimerExpiry.123490
                0x000000000008d41b                MAC_vHandleMcpsVsReqRsp
                0x000000000008d59c                PDUM_hAPduAllocateAPduInstance
                0x000000000008d610                hZCL_AllocateAPduInstance
                0x000000000008d64c                zps_eAplZdoSendZdpResponse
                0x000000000008d695                bSendResponse.88083
                0x000000000008d6d8                PDUM_eAPduFreeAPduInstance
                0x000000000008da17                zps_bAplZdoMatchDescServer
                0x000000000008da2b                zps_bAplZdoNodeDescServer
                0x000000000008db97                zps_bAplZdoSimpleDescServer
                0x000000000008ddf8                zps_bAplZdoPowerDescServer
                0x000000000008df15                zps_bAplZdoActiveEpServer
                0x000000000008dffe                zps_bAplZdoSystemServerDiscoveryServer
                0x000000000008e087                zps_bAplZdoMgmtLqiServer
                0x000000000008e2b3                zps_bAplZdoBindRequestServer
                0x000000000008e413                ZPS_vResetBoundServerContext
                0x000000000008e416                vLoadAplRecord.66540
 .text          0x000000000008e444      0xbe5 C:\Users\Gillis\AppData\Local\Temp\ccf3WSAj.ltrans11.ltrans.o
                0x000000000008e444                zps_bAplZdoNwkAddrServer
                0x000000000008e5c8                zps_bAplZdoIeeeAddrServer
                0x000000000008e7e1                eBeaconReqSent.132373
                0x000000000008e808                vPDM_AddFileSystemElementToListInAscendingWearCountOrder
                0x000000000008e916                iPDM_WriteSegmentHeaderAndData
                0x000000000008eb12                eMakeEntryInBindingTable.61483
                0x000000000008ebbc                PWRM_vManagePower
                0x000000000008ed25                vMiniMac_McpsCallback
                0x000000000008ef7d                eMcpsTxCompleteHandler.131864
                0x000000000008efab                zps_vSendJoinDcfm
                0x000000000008eff1                vGiveUp.127778
 .text          0x000000000008f029      0xf1c C:\Users\Gillis\AppData\Local\Temp\ccf3WSAj.ltrans12.ltrans.o
                0x000000000008f115                zps_vNwkHandleCmeDirectJoinReq
                0x000000000008f18f                vIncrementFrameCounterInPdm.isra.0.119653
                0x000000000008f36e                vProcessListsForSubmission.118403
                0x000000000008f661                zps_eNwkHandleSdeActvDcfmData
                0x000000000008f743                iPDM_VerifyDataSequenceWithBufferId
                0x000000000008f7e5                vSetGroupAddress.constprop.46
                0x000000000008f827                zps_psFindKeyDescr
                0x000000000008f95b                zps_eAplSecEncryptPacket
                0x000000000008fa4a                zps_eAplAibSetApsUseExtendedPanId
                0x000000000008fa60                vFactoryResetRecords
                0x000000000008fb7d                zps_eAplAibSetApsChannelMask
                0x000000000008fb90                ZPS_vSetDevicePreviousData.constprop.16
                0x000000000008fd7e                ZPS_bNwkNibAddrMapAddEntry
 *fill*         0x000000000008ff45        0x3 00
 .text          0x000000000008ff48      0xd34 C:\Users\Gillis\AppData\Local\Temp\ccf3WSAj.ltrans13.ltrans.o
                0x000000000008ff48                vBbcIntHandler.131423
                0x0000000000090200                os_vzps_isrMAC
                0x000000000009023f                eAssocRespSent.131732
                0x0000000000090330                eRejoinRspDataDcfm.127027
                0x00000000000904b0                zps_vNwkHandleCmeSyncReq
                0x0000000000090545                zps_vNwkHandleCmeNwkDiscReq
                0x00000000000905bf                zps_vNwkHandleCmeEdScanReq
                0x0000000000090782                zps_vNwkHandleCmeNwkJoinReq
                0x0000000000090a5c                zps_vNwkHandleCmeNwkActvJoinReq
                0x0000000000090a68                vHandleRejoinExpiry.127774
                0x0000000000090aaf                zps_eRejoinDataDcfm
 .text          0x0000000000090c7c      0xd20 C:\Users\Gillis\AppData\Local\Temp\ccf3WSAj.ltrans14.ltrans.o
                0x0000000000090c7c                vAplSecAuthPollTimerExpiry.66490
                0x0000000000090cce                vAplSecAuthTimerExpiry.66494
                0x0000000000090d98                vPostApsdeDcfmInd.57440
                0x0000000000090fbc                eJoinNetwork.66553
                0x0000000000091067                eDiscoverNetworks.66559
                0x00000000000910bd                vDiscoverNetworks.4540
                0x00000000000911d6                eStartNetworkDiscovery.66565
                0x000000000009125d                zps_eAplZdoPoll
                0x00000000000912c3                pwrm_Wakeup.3298
                0x0000000000091477                eStartRouter.66791
                0x0000000000091549                vPostApsmeDcfmInd.57433
 .text          0x000000000009199c      0xc58 C:\Users\Gillis\AppData\Local\Temp\ccf3WSAj.ltrans15.ltrans.o
                0x0000000000091a57                vPostNlmeDcfmInd.57426
                0x0000000000092166                zps_eAplZdoRejoinNetwork
                0x00000000000921e1                os_vAPP_SleepAndPollTask
                0x00000000000924ec                vTryNwkJoin.4542
 .text          0x00000000000925f4      0xd38 C:\Users\Gillis\AppData\Local\Temp\ccf3WSAj.ltrans16.ltrans.o
                0x00000000000925f4                vPdmEventHandlerCallback.3286
                0x0000000000092603                APP_ZCL_cbGeneralCallback.5999
                0x000000000009269c                pwrm_PreSleep.3302
                0x0000000000092773                vOSError.3294
                0x00000000000927ca                os_vAPP_ButtonsScanTask
                0x0000000000092878                eCLD_OnOffCommandHandler
                0x00000000000928a0                OS_eExitCriticalSection
                0x0000000000092985                PDM_eReadDataFromRecord
                0x0000000000092a3f                ZPS_pvNwkCtor.part.0.116495
                0x0000000000092d0b                ZPS_eTsvStart
                0x0000000000092d66                zps_eNwkHandleSceNwkUpdate
                0x0000000000092d8a                vProcessTimedList.118317
                0x0000000000092dd0                zps_vAplAfPostTimerEvent
                0x0000000000092e20                zps_vNwkJoinStStartResponseTimer
                0x0000000000092e59                ZPS_eTsvStop
                0x0000000000092ead                zps_eAplZdoBdrmRequestSend
                0x0000000000092f4a                zps_eNwkBtrMatch
                0x0000000000092fd7                zps_vAplApsStopPollTimer.part.3.59925
                0x0000000000093058                eZCL_SetReceiveEventAddressStructure
                0x00000000000930d7                bAddToEndpointTable
                0x00000000000931db                vStartPolling
                0x000000000009325e                vEndCommissioning.isra.0.6800
                0x00000000000932d2                DBG_vDumpStack
                0x0000000000093314                vUnclaimedInterrupt.3292
 .text          0x000000000009332c      0xe7f C:\Users\Gillis\AppData\Local\Temp\ccf3WSAj.ltrans17.ltrans.o
                0x0000000000093375                zps_vAplSaveRecord
                0x00000000000934ad                zps_bNwkFindAddIeeeAddr
                0x000000000009362b                eCheckAddrConflict.isra.3.117659
                0x00000000000936c1                vAplSecRemoveLinkKey.66590
                0x000000000009373e                ZPS_vNwkMacEntriesClear
                0x00000000000937e7                ZPS_vNwkSaveAllRecords
                0x00000000000937fe                zps_vSaveAllZpsRecords
                0x000000000009381d                ZPS_vNwkNibSetNwkAddr
                0x000000000009383b                zps_eNwkHandleSceRejnResponse
                0x0000000000093898                ZPS_vNwkNibSetExtPanId
                0x00000000000938bd                vFinish.128210
                0x0000000000093905                ZPS_vNwkNibSetKeySeqNum
                0x0000000000093919                ZPS_vNwkNibSetDepth
                0x0000000000093942                ZPS_vNwkNibSetUpdateId
                0x0000000000093951                ZPS_vNwkNibSetPanId
                0x000000000009396f                vHandleNwkRemoteUpdateAfterBcast.117453
                0x00000000000939de                ZPS_vNwkNibSetCapabilityInfo
                0x0000000000093a0b                ZPS_vNwkNibSetChannel
                0x0000000000093a23                ZPS_vNwkSaveNt
                0x0000000000093b4a                ZPS_vNtSetUsedStatus
                0x0000000000093bf1                zps_sNwkNibNtCheckJoin
                0x0000000000093e7c                zps_vJoinInitNtParent
                0x0000000000093fd2                zps_vCheckActvNtForDuplicate
                0x000000000009406a                eSmeOrphScanDcfm.128223
                0x00000000000940e2                zps_vTidyActvNtAfterJoin
                0x000000000009416c                eUnsolicitedRejoinRspDataDcfm.117457
                0x0000000000094197                ZPS_vNwkSaveSecMat
 *fill*         0x00000000000941ab        0x1 00
 .text          0x00000000000941ac      0xc7c C:\Users\Gillis\AppData\Local\Temp\ccf3WSAj.ltrans18.ltrans.o
                0x0000000000094364                vSendMlmeCommStatusFromTxFrame
                0x00000000000943ba                MAC_vHandleMlmeVsReqRsp.constprop.133
                0x00000000000948e5                ZPS_vNwkHandleNlmeReqRsp.part.0.120583
                0x0000000000094ae4                vScanBeaconReceived
                0x0000000000094b24                vRunningRxCallback
 .text          0x0000000000094e28      0xa3e C:\Users\Gillis\AppData\Local\Temp\ccf3WSAj.ltrans19.ltrans.o
                0x0000000000094e28                vPDM_MoveAllDataFromListToList
                0x0000000000094e66                vPDM_MoveAllDataWithBufferIdAndStateFromListToList
                0x0000000000094ef1                vPDM_MoveAllDataToDeAllocList
                0x0000000000094f19                vPDM_MoveAllDataWithBufferIdFromListToList
                0x0000000000094f9e                vPDM_DeleteAllSegmentsWithIdFromFileSystemList.constprop.93
                0x0000000000094fe0                vPDM_MoveFileRecordFromListToList
                0x0000000000095003                vPDM_MoveRecordToDeAllocList
                0x0000000000095023                vPDM_DeleteAppendedSequence
                0x00000000000950c8                iPDM_SegmentCopyAndAppendData.constprop.114
                0x0000000000095125                iPDM_ReconstructReplacedDataTable
                0x00000000000953a4                PDM_eSaveRecordData
                0x00000000000957d9                ZPS_vNwkSaveRecord
                0x0000000000095805                vPDM_ImageBitmapRepair.111191
 .text          0x0000000000095866      0xb6f C:\Users\Gillis\AppData\Local\Temp\ccf3WSAj.ltrans20.ltrans.o
                0x0000000000095866                ZPS_vNwkHandleNlmeReqRsp
                0x00000000000958e0                zps_vAplAfPostEvent
                0x0000000000095a4f                vPostToEndpoint.part.1.57326
                0x0000000000095bcc                zps_vHandleApsdeDataFragIndNotSupported
                0x0000000000095c35                vHandleApsInterPanDcfmData
                0x0000000000095eee                vApsInterPanMcpsDataInd
                0x0000000000096095                zps_eAplZdoNlmeleaveWrapper
                0x000000000009610d                zps_bAplZdoMgmtLeaveServer
                0x000000000009628d                vChangeChannelTimerExpiry.89264
                0x00000000000962f0                eLeaveReset.129196
                0x000000000009635b                eLeaveDataDcfmLocalLeave.129201
 *fill*         0x00000000000963d5        0x3 00
 .text          0x00000000000963d8      0xd8c C:\Users\Gillis\AppData\Local\Temp\ccf3WSAj.ltrans21.ltrans.o
                0x00000000000963d8                eZCL_CustomCommandSend.constprop.54
                0x000000000009666c                os_vAPP_ZLL_Remote_Task
                0x0000000000096e58                APP_ZCL_cbEndpointCallback.5996
                0x0000000000097096                os_vAPP_AddGroupTask
 .text          0x0000000000097164      0xc1c C:\Users\Gillis\AppData\Local\Temp\ccf3WSAj.ltrans22.ltrans.o
                0x0000000000097164                zps_eZdpNodeDescResponse
                0x000000000009720c                zps_eZdpSimpleDescResponse
                0x0000000000097319                zps_bAplZdoMgmtNWKUpdateServer
                0x0000000000097681                zps_eZdpNwkAddrResponse
                0x0000000000097764                zps_eZdpIeeeAddrResponse
                0x0000000000097847                zps_eZdpSystemServerDiscoveryResponse
                0x00000000000978b6                zps_eAplZdpMgmtLqiResponse
                0x0000000000097a50                zps_eZdpPowerDescResponse
                0x0000000000097aed                zps_eZdpMatchDescResponse
                0x0000000000097c86                zps_bAplZdoZdoClient
 .text          0x0000000000097d80      0xb32 C:\Users\Gillis\AppData\Local\Temp\ccf3WSAj.ltrans23.ltrans.o
                0x0000000000097d80                eCLD_GroupsCommandHandler
                0x0000000000097eb0                eCLD_IdentifyCommandHandler
                0x0000000000098146                eCLD_ZllUtilityCommandHandler
                0x0000000000098384                AppWarmStart
                0x000000000009839e                AppColdStart
                0x0000000000098697                os_vUnclaimedInterrupt
                0x00000000000986a9                os_vControlledIntCheck
                0x00000000000986ee                os_vControlledInterrupt
                0x0000000000098727                os_vAPP_isrSystemController
                0x000000000009875d                os_vAPP_isrIllegalInstruction
                0x0000000000098770                os_vAPP_isrAlignmentException
                0x0000000000098783                os_vAPP_isrBusErrorException
                0x0000000000098799                os_vAPP_isrUnimplementedModuleException
                0x00000000000987af                os_vAPP_isrStackOverflowException
                0x00000000000987c2                os_vAPP_isrTickTimer
 .text          0x00000000000988b2      0xcb9 C:\Users\Gillis\AppData\Local\Temp\ccf3WSAj.ltrans24.ltrans.o
                0x00000000000988b2                vMcpsMgrTimeoutExpiry
                0x0000000000098921                zps_vNwkMcpsMgrPost
                0x0000000000098946                zps_psSendFrm.constprop.65
                0x0000000000098ba1                ZPS_vNwkHandleNldeReqRsp
                0x0000000000098db0                zps_eAplApsmeCmdMgrSendCommand
                0x0000000000098e87                zps_vAplApsmeCmdMgrRetryTimeout.61429
                0x0000000000098eb1                zps_psNwkSendRejoinReqCmd.constprop.11
                0x0000000000098f21                zps_u8NwkHandleRejoinReq
                0x0000000000098fea                zps_vProcessLocalAddrConflict.part.0.117462
                0x0000000000099024                vContinueRejoin.127023
                0x0000000000099147                zps_vNwkHandleCmeLeaveReq
                0x00000000000991af                zps_eNwkHandleSceLeave
                0x000000000009932a                zps_psSendNetworkStatusCmd
                0x00000000000993a2                zps_eDefaultDataDcfm
                0x0000000000099491                vSendNetworkReport.117449
 .text          0x000000000009956b      0xdee C:\Users\Gillis\AppData\Local\Temp\ccf3WSAj.ltrans25.ltrans.o
                0x000000000009956b                os_bDummyMemberCheck.54198
                0x0000000000099570                os_vDefaultErrorHook.54194
                0x0000000000099573                eCLD_LevelControlCommandHandler
                0x0000000000099578                vWakeCallBack.4429
                0x0000000000099594                bAllowInterPanEp.4132
                0x00000000000995a4                vOverideProfileId.4135
                0x00000000000995b1                os_bStrictCheck.1358
                0x00000000000998ca                PDUM_eNPduClaimData
                0x0000000000099937                PDUM_eNPduClaimHeader
                0x000000000009995a                PDUM_eNPduInitDescending
                0x0000000000099975                OS_eEnterCriticalSection
                0x0000000000099a3d                eExpireSWTimer.54207
                0x0000000000099aa8                vEnterErrorHook.54190
                0x0000000000099acf                OS_eCollectMessage
                0x0000000000099b94                eZCL_GetAttributeTypeSize
                0x0000000000099bb3                vZCL_MarkAttributeInvalid
                0x0000000000099c82                eZCL_CheckEPstructureIntegrity.34145
                0x0000000000099e6a                u8ZCL_GetAttributeAllignToFourBytesBoundary
                0x0000000000099e7f                pvZCL_GetAttributePointer
                0x0000000000099ef5                u16ZCL_GetStringStructureSize
                0x0000000000099f32                u16ZCL_GetStringAttributeTypeSizeFromBuffer
                0x0000000000099fa3                u16ZCL_GetStringSizeAndBufferFromStructure
                0x000000000009a032                vZCL_GetInternalMutex
                0x000000000009a05b                eZCL_GetMutex
                0x000000000009a093                vZCL_InitializeClusterInstance
                0x000000000009a0a8                vZCL_ReleaseInternalMutex
                0x000000000009a0c2                eZCL_SearchForAttributeEntry
                0x000000000009a185                eZCL_SearchForEPentry
                0x000000000009a1e0                eZCL_SearchForEPentryAndCheckManufacturerId
                0x000000000009a21e                vZCL_PassEventToUser
                0x000000000009a24b                eZCL_ReleaseMutex
                0x000000000009a27a                eZCL_Register.part.1.34154
                0x000000000009a2a8                boDLISTisEmpty
                0x000000000009a2c0                vWriteU64ToPayLoad.21710
                0x000000000009a2ed                vWriteU32ToPayLoad.21706
                0x000000000009a305                vRecoverTempAddresses.6403
                0x000000000009a338                vResetSleepAndJoinCounters.4431
 .text.unlikely
                0x000000000009a359      0x16f C:\Users\Gillis\AppData\Local\Temp\ccf3WSAj.ltrans25.ltrans.o
                0x000000000009a359                vSaveTempAddresses.6401
                0x000000000009a38c                InvShiftRows
                0x000000000009a41f                InvSubBytes
                0x000000000009a465                AddRoundKey
                0x000000000009a4a6                getSBoxValue.5357
 .text          0x000000000009a4c8      0xbd6 C:\Users\Gillis\AppData\Local\Temp\ccf3WSAj.ltrans26.ltrans.o
                0x000000000009a4c8                eZCL_SendDefaultResponse
                0x000000000009a5c7                vZCL_HandleAttributesWriteRequest
                0x000000000009acc6                eCLD_ZllCommissionCommandHandler
                0x000000000009af48                eZCL_CustomCommandReceive.part.0.34506
 *fill*         0x000000000009b09e        0x2 00
 .text          0x000000000009b0a0      0xaf8 C:\Users\Gillis\AppData\Local\Temp\ccf3WSAj.ltrans27.ltrans.o
                0x000000000009b356                zps_bAplZdoBindUnbindServer
                0x000000000009b77f                zps_eZdpActiveEpResponse
                0x000000000009b815                eZCL_TransmitDataRequest
 .text          0x000000000009bb98      0xc6c C:\Users\Gillis\AppData\Local\Temp\ccf3WSAj.ltrans28.ltrans.o
                0x000000000009bb98                vMcpsMgrExpiry.118305
                0x000000000009bbc1                vHandleZllDeviceJoin
                0x000000000009bd09                vMiniMac_MlmeCallback
                0x000000000009c04b                bBeaconNotify.132383
                0x000000000009c188                vPostDcfm.132390
                0x000000000009c1f1                vScanNextChannel.132377
                0x000000000009c3af                vMiniMacPoll_CheckPollResponse
                0x000000000009c419                ePollReqSent.132981
                0x000000000009c472                ZPS_vNwkResetOutgoingFrameCounter
                0x000000000009c4c6                eUnfragmentedUnicastTransmission.60021
 .text          0x000000000009c804      0xc47 C:\Users\Gillis\AppData\Local\Temp\ccf3WSAj.ltrans29.ltrans.o
                0x000000000009c804                zps_eNwkHandleSmeAssocInd
                0x000000000009d071                os_vzps_taskZPS
                0x000000000009d28e                eTryNextParent
                0x000000000009d3cd                vCheckSleepingSendPoll.128213
 .text          0x000000000009d44b      0x8ac C:\Users\Gillis\AppData\Local\Temp\ccf3WSAj.ltrans30.ltrans.o
                0x000000000009d44b                vStartScanTimerExpiry.89268
                0x000000000009d487                zps_vAplApsPollTimer
                0x000000000009d4e3                zps_eNwkSendJoinResponse
                0x000000000009d738                zps_eProcessAddrConflict
                0x000000000009d8e5                ZPS_vNwkNibCheckAndUpdateAddresses
                0x000000000009d981                zps_bAplZdoDeviceAnnceServer
                0x000000000009dbe3                zps_eNwkHandleSceNwkStatus
 .text          0x000000000009dcf7      0x7b1 C:\Users\Gillis\AppData\Local\Temp\ccf3WSAj.ltrans31.ltrans.o
                0x000000000009dcf7                ZPS_vAplHandleApsdeReqRsp
                0x000000000009e11a                zps_eAplZdpApsdeReqInternal
                0x000000000009e189                zps_bAplZdoDefaultServer
                0x000000000009e445                zps_eAplZdpBindResponse
                0x000000000009e466                zps_eZdpUnbindResponse
                0x000000000009e487                zps_eZdpMgmtLeaveResponse
 .text          0x000000000009e4a8       0x25 c:/nxp/bstudio_nxp/sdk/tools/ba-elf-ba2-r36379/bin/../lib/gcc/ba-elf/4.7.4/../../../../ba-elf/lib/mcpu_jn51xx_sizeopt\libc.a(lib_a-memcmp.o)
                0x000000000009e4a8                memcmp
 .text          0x000000000009e4cd       0x19 c:/nxp/bstudio_nxp/sdk/tools/ba-elf-ba2-r36379/bin/../lib/gcc/ba-elf/4.7.4/../../../../ba-elf/lib/mcpu_jn51xx_sizeopt\libc.a(lib_a-memcpy.o)
 .text          0x000000000009e4e6       0x12 c:/nxp/bstudio_nxp/sdk/tools/ba-elf-ba2-r36379/bin/../lib/gcc/ba-elf/4.7.4/../../../../ba-elf/lib/mcpu_jn51xx_sizeopt\libc.a(lib_a-memset.o)
                0x000000000009e4e6                memset
 *fill*         0x000000000009e4f8        0x0 00
 .text          0x000000000009e4f8      0x204 c:/nxp/bstudio_nxp/sdk/tools/ba-elf-ba2-r36379/bin/../lib/gcc/ba-elf/4.7.4/mcpu_jn51xx_sizeopt\libgcc.a(__udivsi3.o)
                0x000000000009e4f8                __udivsi3
 .text          0x000000000009e6fc      0x1b0 c:/nxp/bstudio_nxp/sdk/tools/ba-elf-ba2-r36379/bin/../lib/gcc/ba-elf/4.7.4/mcpu_jn51xx_sizeopt\libgcc.a(__umodsi3.o)
                0x000000000009e6fc                __umodsi3
 .text          0x000000000009e8ac       0x24 c:/nxp/bstudio_nxp/sdk/tools/ba-elf-ba2-r36379/bin/../lib/gcc/ba-elf/4.7.4/mcpu_jn51xx_sizeopt\libgcc.a(__modsi3.o)
                0x000000000009e8ac                __modsi3
 .text          0x000000000009e8d0      0x350 c:/nxp/bstudio_nxp/sdk/tools/ba-elf-ba2-r36379/bin/../lib/gcc/ba-elf/4.7.4/mcpu_jn51xx_sizeopt\libgcc.a(_udivdi3.o)
                0x000000000009e8d0                __udivdi3
 *fill*         0x000000000009ec20        0x0 00
 .text          0x000000000009ec20      0x168 c:/NXP/bstudio_nxp/workspace/JN-AN-1171-ZigBee-LightLink-Demo/Controller_NonColorController/Build/os_irq.o
                0x000000000009ec20                os_ExternalException_W
                0x000000000009ec64                os_PIC_ChannelPriorities
                0x000000000009ec74                os_OSMIUM_HwVectTable
                0x000000000009ecb0                os_PIC_SwVectTable
 .text          0x000000000009ed88       0x29 c:/NXP/bstudio_nxp/workspace/JN-AN-1171-ZigBee-LightLink-Demo/Controller_NonColorController/Build/os_irq_alignment.o
                0x000000000009ed88                IRQ_Alignment
 .text          0x000000000009edb1       0x29 c:/NXP/bstudio_nxp/workspace/JN-AN-1171-ZigBee-LightLink-Demo/Controller_NonColorController/Build/os_irq_buserror.o
                0x000000000009edb1                IRQ_BusError
 .text          0x000000000009edda       0x29 c:/NXP/bstudio_nxp/workspace/JN-AN-1171-ZigBee-LightLink-Demo/Controller_NonColorController/Build/os_irq_illegalinstruction.o
                0x000000000009edda                IRQ_IllegalInstruction
 .text          0x000000000009ee03       0x29 c:/NXP/bstudio_nxp/workspace/JN-AN-1171-ZigBee-LightLink-Demo/Controller_NonColorController/Build/os_irq_stackoverflowexception.o
                0x000000000009ee03                IRQ_StackOverflowException
 .text          0x000000000009ee2c       0x29 c:/NXP/bstudio_nxp/workspace/JN-AN-1171-ZigBee-LightLink-Demo/Controller_NonColorController/Build/os_irq_unimplementedmodule.o
                0x000000000009ee2c                IRQ_UnimplementedModule
 *fill*         0x000000000009ee55        0x3 00
 .text          0x000000000009ee58       0xc0 c:/NXP/bstudio_nxp/sdk/JN-SW-4168/Components/Library\libOS_JN516x.a(os_contirq_JN516x.o)
                0x000000000009ee58                os_ExternalException_R
                0x000000000009ee88                os_CFunc_W
                0x000000000009eed8                os_UnclaimedException_W
                0x000000000009eef8                os_UnclaimedInterrupt_W
 .text          0x000000000009ef18       0x48 c:/NXP/bstudio_nxp/sdk/JN-SW-4168/Components/Library\libPWRM_JN516x.a(pwrm_setjmp_JN516x.o)
                0x000000000009ef18                setjmp
                0x000000000009ef3c                PWRM_longjmp
 .text          0x000000000009ef60       0x27 c:/NXP/bstudio_nxp/sdk/JN-SW-4168/Components/Library\libHardwareApi_JN516x.a(AHI_Interrupt.o)
                0x000000000009ef60                vAHI_InterruptSetPriority
                0x000000000009ef7e                vAHI_InterruptSetActivePriorityLevel
 .text.vMicroSyscall
                0x000000000009ef87       0x17 c:/NXP/bstudio_nxp/sdk/JN-SW-4168/Components/Library\libMicroSpecific_JN516x.a(MicroSyscall_ba.o)
                0x000000000009ef87                vMicroSyscall
 .text          0x000000000009ef9e        0x0 c:/NXP/bstudio_nxp/sdk/JN-SW-4168/Components/Library\libOS_JN516x.a(os_version_lc.o)
                0x000000000009ef9e                OS_Version_1v2
 .text          0x000000000009ef9e        0x0 c:/NXP/bstudio_nxp/sdk/JN-SW-4168/Components/Library\libZPSAPL_JN516x.a(zps_apl_version_lc.o)
                0x000000000009ef9e                ZPS_APL_Version_2v0
 .text          0x000000000009ef9e        0x0 c:/NXP/bstudio_nxp/sdk/JN-SW-4168/Components/Library\libZPSNWK_ZED_JN516x.a(zps_nwk_version_lc.o)
                0x000000000009ef9e                ZPS_NWK_Version_2v0
                0x000000000009ef9e                _flash_end = ABSOLUTE (.)

.rela.dyn       0x000000000009efa0        0x0
 .rela.text     0x0000000000000000        0x0 c:/NXP/bstudio_nxp/workspace/JN-AN-1171-ZigBee-LightLink-Demo/Controller_NonColorController/Build/os_irq.o
 .rela.text.unlikely
                0x0000000000000000        0x0 c:/NXP/bstudio_nxp/workspace/JN-AN-1171-ZigBee-LightLink-Demo/Controller_NonColorController/Build/os_irq.o
 .rela.rodata   0x0000000000000000        0x0 c:/NXP/bstudio_nxp/workspace/JN-AN-1171-ZigBee-LightLink-Demo/Controller_NonColorController/Build/os_irq.o
 .rela.data     0x0000000000000000        0x0 c:/NXP/bstudio_nxp/workspace/JN-AN-1171-ZigBee-LightLink-Demo/Controller_NonColorController/Build/os_irq.o
                0x000000000400004c                . = ORIGIN (ram)

.data           0x000000000400004c      0x770 load address 0x000000000009efa0
                0x000000000400004c                _ram_data_start = ABSOLUTE (.)
 *(.data*)
 .data          0x000000000400004c       0x78 C:\Users\Gillis\AppData\Local\Temp\ccf3WSAj.ltrans0.ltrans.o
                0x000000000400004c                u8MiniMacConfig_MaxConcurrentAssocResponses
                0x0000000004000050                psShadowRxBuffer
 .data          0x00000000040000c4       0x20 C:\Users\Gillis\AppData\Local\Temp\ccf3WSAj.ltrans1.ltrans.o
                0x00000000040000c4                sCertKey.6970
                0x00000000040000d4                sMasterKey.6971
 .data          0x00000000040000e4        0x1 C:\Users\Gillis\AppData\Local\Temp\ccf3WSAj.ltrans7.ltrans.o
 *fill*         0x00000000040000e5        0x1 00
 .data          0x00000000040000e6        0x6 C:\Users\Gillis\AppData\Local\Temp\ccf3WSAj.ltrans11.ltrans.o
 .data          0x00000000040000ec        0x4 C:\Users\Gillis\AppData\Local\Temp\ccf3WSAj.ltrans12.ltrans.o
                0x00000000040000ec                bCanLoopback.60274
 .data          0x00000000040000f0        0x1 C:\Users\Gillis\AppData\Local\Temp\ccf3WSAj.ltrans16.ltrans.o
 *fill*         0x00000000040000f1        0x7 00
 .data          0x00000000040000f8       0x30 C:\Users\Gillis\AppData\Local\Temp\ccf3WSAj.ltrans21.ltrans.o
                0x00000000040000f8                sDeviceTable
                0x0000000004000110                bAddrMode.5282
                0x0000000004000111                u8DeepSleepTime.5281
                0x0000000004000112                u8RejoinAttemptsRemaining.5285
                0x0000000004000113                u8KeepAliveTime.5283
                0x0000000004000114                sZllState
 .data          0x0000000004000128      0x5b0 C:\Users\Gillis\AppData\Local\Temp\ccf3WSAj.ltrans23.ltrans.o
                0x0000000004000128                s_keyPairTableStorage.3109
                0x0000000004000188                os_Mutex_mutexMAC
                0x0000000004000190                os_Mutex_mutexZPS
                0x0000000004000198                s_sApl.3066
                0x00000000040002e8                os_SWTimer_APP_cntrTickTimer_APP_AddGroupTimer
                0x0000000004000304                os_SWTimer_APP_cntrTickTimer_APP_IdTimer
                0x0000000004000320                os_Message_APP_msgZpsEvents_ZCL
                0x0000000004000344                os_SWTimer_APP_cntrTickTimer_APP_CommissionTimer
                0x0000000004000360                os_Message_APP_msgZpsEvents
                0x0000000004000384                os_Message_APP_msgEvents
                0x00000000040003a8                os_Message_APP_CommissionEvents
                0x00000000040003cc                os_Message_zps_msgMlmeDcfmInd
                0x00000000040003f0                os_Message_zps_msgTimeEvents
                0x0000000004000414                os_Message_zps_msgMcpsDcfmInd
                0x0000000004000438                os_Message_zps_msgMcpsDcfm
                0x000000000400045c                os_SWTimer_APP_cntrTickTimer_APP_PollTimer
                0x0000000004000478                os_Task_APP_ButtonsScanTask
                0x0000000004000484                os_Task_APP_AddGroupTask
                0x0000000004000490                os_Task_ZCL_Task
                0x000000000400049c                os_Task_APP_CommissionTimerTask
                0x00000000040004a8                os_Task_APP_ZLL_Remote_Task
                0x00000000040004b4                os_Task_APP_Commission_Task
                0x00000000040004c0                os_Task_zps_taskZPS
                0x00000000040004cc                os_Task_APP_SleepAndPollTask
                0x00000000040004d8                os_SWTimer_APP_cntrTickTimer_APP_ButtonsScanTimer
                0x00000000040004f4                u8AhiBaudRate.112731
                0x00000000040004f8                s_prbMemberCheck.54314
                0x00000000040004fc                s_prvErrorHook.54312
                0x0000000004000500                u32HeapStart
 .data          0x00000000040006d8       0xc8 C:\Users\Gillis\AppData\Local\Temp\ccf3WSAj.ltrans25.ltrans.o
                0x00000000040006d8                s_asapduZCLInstances
                0x0000000004000738                s_asapduZDPInstances
 .data          0x00000000040007a0        0x1 C:\Users\Gillis\AppData\Local\Temp\ccf3WSAj.ltrans29.ltrans.o
 *fill*         0x00000000040007a1        0x3 00
 .data.s_asAPduPool
                0x00000000040007a4       0x18 c:/NXP/bstudio_nxp/workspace/JN-AN-1171-ZigBee-LightLink-Demo/Controller_NonColorController/Build/pdum_apdu.o
                0x00000000040007a4                pdum_apduZDP
                0x00000000040007a4                s_asAPduPool
                0x00000000040007b0                pdum_apduZCL
 *(.data.*)
                0x00000000040007bc                . = ALIGN (0x4)
                0x00000000040007bc                _ram_data_end = ABSOLUTE (.)

.bss            0x00000000040007bc     0x3388 load address 0x000000000009f710
                0x00000000040007bc                _bss_start = ABSOLUTE (.)
 *(.bss*)
 *fill*         0x00000000040007bc        0x4 00
 .bss           0x00000000040007c0      0x800 C:\Users\Gillis\AppData\Local\Temp\ccf3WSAj.ltrans0.ltrans.o
                0x00000000040007c0                gu16NumberOfSegments.135318
                0x00000000040007c4                psPDM_Common
                0x00000000040007c8                psAplDefaultZLLAPSLinkKey
                0x00000000040007cc                s_u32x.110385
                0x00000000040007d0                pfOptionsFilterCallback
                0x00000000040007d4                pfnHandleZllDeviceJoin
                0x00000000040007d8                s_prExpireFn.136330
                0x00000000040007dc                s_hMutex.136329
                0x00000000040007e0                pvRxStore
                0x00000000040007e4                pvTxStore
                0x00000000040007e8                g_pvAplHandle
                0x00000000040007ec                s_hMacMutex
                0x00000000040007f0                s_sDcfmIndMgr.136094
                0x00000000040007f8                prAppMlmeGetBuffer
                0x00000000040007fc                prAppMlmeCallback
                0x0000000004000800                u8MiniMac_RunTimeOptions
                0x0000000004000801                gZpsSetByProfile.57403
                0x0000000004000804                pfAllowInterPanToEp
                0x0000000004000808                sReversedMacAddr.133666
                0x0000000004000810                sThisDeviceMacAddr
                0x0000000004000818                sCommission
 .bss           0x0000000004000fc0      0x1e8 C:\Users\Gillis\AppData\Local\Temp\ccf3WSAj.ltrans1.ltrans.o
                0x0000000004000fc0                state
                0x0000000004000fd0                RoundKey
                0x00000000040010c0                u32OldFrameCtr
                0x00000000040010c4                sTarget
                0x00000000040010d0                sDstAddr
                0x00000000040010e0                sScanTarget
 .bss           0x00000000040011a8        0x2 C:\Users\Gillis\AppData\Local\Temp\ccf3WSAj.ltrans2.ltrans.o
 *fill*         0x00000000040011aa        0x6 00
 .bss           0x00000000040011b0      0x690 C:\Users\Gillis\AppData\Local\Temp\ccf3WSAj.ltrans3.ltrans.o
 .bss           0x0000000004001840        0x2 C:\Users\Gillis\AppData\Local\Temp\ccf3WSAj.ltrans4.ltrans.o
 *fill*         0x0000000004001842        0x2 00
 .bss           0x0000000004001844       0x3c C:\Users\Gillis\AppData\Local\Temp\ccf3WSAj.ltrans5.ltrans.o
 .bss           0x0000000004001880       0x40 C:\Users\Gillis\AppData\Local\Temp\ccf3WSAj.ltrans6.ltrans.o
                0x0000000004001880                u8MaxNpdu.54595
                0x0000000004001881                u8Count.54594
                0x0000000004001884                s_psFreeListHead.54593
                0x0000000004001888                s_hMutex.54592
 .bss           0x00000000040018c0       0x20 C:\Users\Gillis\AppData\Local\Temp\ccf3WSAj.ltrans7.ltrans.o
                0x00000000040018c0                eMMacModuleType
                0x00000000040018c4                prIntHandler.134064
                0x00000000040018c8                psTimerServerList
                0x00000000040018cc                vFlushFn.112675
                0x00000000040018d0                vPutchFn.112670
 .bss           0x00000000040018e0       0x18 C:\Users\Gillis\AppData\Local\Temp\ccf3WSAj.ltrans8.ltrans.o
                0x00000000040018e0                zps_psNwk
 .bss           0x00000000040018f8       0x48 C:\Users\Gillis\AppData\Local\Temp\ccf3WSAj.ltrans9.ltrans.o
 .bss           0x0000000004001940       0x14 C:\Users\Gillis\AppData\Local\Temp\ccf3WSAj.ltrans10.ltrans.o
                0x0000000004001940                s_asAPduPool.54711
                0x0000000004001944                s_hMutex.54712
                0x0000000004001948                s_psNPduPoolEnd.54597
                0x000000000400194c                s_psNPduPoolStart.54596
 .bss           0x0000000004001954       0x10 C:\Users\Gillis\AppData\Local\Temp\ccf3WSAj.ltrans11.ltrans.o
                0x0000000004001954                bIgnoreBroadcast
 .bss           0x0000000004001964        0x1 C:\Users\Gillis\AppData\Local\Temp\ccf3WSAj.ltrans12.ltrans.o
 *fill*         0x0000000004001965        0x3 00
 .bss           0x0000000004001968       0xa8 C:\Users\Gillis\AppData\Local\Temp\ccf3WSAj.ltrans13.ltrans.o
                0x0000000004001968                sMiniMacPhyPib
                0x000000000400196c                aprTimerCallback
                0x000000000400198c                au32TimerCounter
                0x00000000040019ac                sMiniMacInternal
                0x00000000040019e4                s_psVsMcpsDcfmInd.74862
                0x00000000040019e8                s_psMacDcfmInd.74861
 .bss           0x0000000004001a10       0x14 C:\Users\Gillis\AppData\Local\Temp\ccf3WSAj.ltrans14.ltrans.o
                0x0000000004001a10                psBeaconFilter
                0x0000000004001a14                sBeaconFilter
 *fill*         0x0000000004001a24        0x4 00
 .bss           0x0000000004001a28       0x50 C:\Users\Gillis\AppData\Local\Temp\ccf3WSAj.ltrans15.ltrans.o
                0x0000000004001a28                sRecoverDevice
                0x0000000004001a58                s_bWakeTimerActive.54386
                0x0000000004001a5c                psNextWake.54385
                0x0000000004001a60                u32CalibrationValue.54384
                0x0000000004001a64                s_ePowerMode.54387
                0x0000000004001a65                bDeepSleep
                0x0000000004001a66                u16FastPoll.5310
 .bss           0x0000000004001a78       0x10 C:\Users\Gillis\AppData\Local\Temp\ccf3WSAj.ltrans16.ltrans.o
                0x0000000004001a78                sStoredMacData.131555
                0x0000000004001a80                s_psCurrentTask.54308
 .bss           0x0000000004001a88       0x24 C:\Users\Gillis\AppData\Local\Temp\ccf3WSAj.ltrans17.ltrans.o
                0x0000000004001a88                apvAplPdmRecordsAddress
                0x0000000004001aa0                au16AplPdmRecordsSize
 .bss           0x0000000004001aac        0x1 C:\Users\Gillis\AppData\Local\Temp\ccf3WSAj.ltrans18.ltrans.o
                0x0000000004001aac                u8ScanBeaconsSeen.136133
 *fill*         0x0000000004001aad        0x1 00
 .bss           0x0000000004001aae        0xc C:\Users\Gillis\AppData\Local\Temp\ccf3WSAj.ltrans19.ltrans.o
                0x0000000004001aae                a16NwkPdmRecordSizes
 *fill*         0x0000000004001aba        0x2 00
 .bss           0x0000000004001abc       0xb4 C:\Users\Gillis\AppData\Local\Temp\ccf3WSAj.ltrans21.ltrans.o
                0x0000000004001abc                psZCL_Common
                0x0000000004001ac0                sMiniMacPib
                0x0000000004001b5c                psNwkDescTbl
                0x0000000004001b60                u8NwkCount
                0x0000000004001b61                u8NwkIdx
                0x0000000004001b62                bSendFactoryResetOverAir
                0x0000000004001b63                bTLinkInProgress
                0x0000000004001b64                bFailedToJoin
 .bss           0x0000000004001b70        0x1 C:\Users\Gillis\AppData\Local\Temp\ccf3WSAj.ltrans22.ltrans.o
                0x0000000004001b70                bDefaultServerIgnoreHandleMgmtUpdate
 *fill*         0x0000000004001b71        0xf 00
 .bss           0x0000000004001b80     0x1910 C:\Users\Gillis\AppData\Local\Temp\ccf3WSAj.ltrans23.ltrans.o