Archive member included because of file (symbol)

c:/NXP/bstudio_nxp/sdk/JN-SW-4168/Components/Library\libOS_JN516x.a(os.o)
                              c:/NXP/bstudio_nxp/workspace/JN-AN-1171-ZigBee-LightLink-Demo/Light_OnOffLight/Build/os_gen.o (symbol from plugin) (os_vStart)
c:/NXP/bstudio_nxp/sdk/JN-SW-4168/Components/Library\libOS_JN516x.a(os_contirq_JN516x.o)
                              c:/NXP/bstudio_nxp/workspace/JN-AN-1171-ZigBee-LightLink-Demo/Light_OnOffLight/Build/os_irq.o (os_UnclaimedException_W)
c:/NXP/bstudio_nxp/sdk/JN-SW-4168/Components/Library\libPWRM_JN516x.a(pwrm.o)
                              c:/NXP/bstudio_nxp/workspace/JN-AN-1171-ZigBee-LightLink-Demo/Light_OnOffLight/Build/app_start_light.o (symbol from plugin) (PWRM_vInit)
c:/NXP/bstudio_nxp/sdk/JN-SW-4168/Components/Library\libPWRM_JN516x.a(pwrm_setjmp_JN516x.o)
                              pwrm.o (symbol from plugin) (setjmp)
c:/NXP/bstudio_nxp/sdk/JN-SW-4168/Components/Library\libPWRM_JN516x.a(pwrm_cold_start.o)
                              (AppColdStart)
c:/NXP/bstudio_nxp/sdk/JN-SW-4168/Components/Library\libPWRM_JN516x.a(pwrm_warm_start.o)
                              (AppWarmStart)
c:/NXP/bstudio_nxp/sdk/JN-SW-4168/Components/Library\libPDUM_JN516x.a(pdum_nwk.o)
                              c:/NXP/bstudio_nxp/workspace/JN-AN-1171-ZigBee-LightLink-Demo/Light_OnOffLight/Build/pdum_gen.o (symbol from plugin) (pdum_vNPduInit)
c:/NXP/bstudio_nxp/sdk/JN-SW-4168/Components/Library\libPDUM_JN516x.a(pdum_apl.o)
                              c:/NXP/bstudio_nxp/workspace/JN-AN-1171-ZigBee-LightLink-Demo/Light_OnOffLight/Build/zll_CommissionCmdHandler.o (symbol from plugin) (PDUM_u16APduInstanceReadNBO)
c:/NXP/bstudio_nxp/sdk/JN-SW-4168/Components/Library\libPDUM_JN516x.a(pdum.o)
                              pdum_nwk.o (symbol from plugin) (PDUM_u16SizeNBO)
c:/NXP/bstudio_nxp/sdk/JN-SW-4168/Components/Library\libZPSAPL_JN516x.a(zps_apl_af.o)
                              c:/NXP/bstudio_nxp/workspace/JN-AN-1171-ZigBee-LightLink-Demo/Light_OnOffLight/Build/zpr_light_node.o (symbol from plugin) (ZPS_eAplAfInit)
c:/NXP/bstudio_nxp/sdk/JN-SW-4168/Components/Library\libZPSAPL_JN516x.a(zps_apl_af_apsde.o)
                              c:/NXP/bstudio_nxp/workspace/JN-AN-1171-ZigBee-LightLink-Demo/Light_OnOffLight/Build/zps_gen.o (symbol from plugin) (zps_vHandleApsdeDataFragIndNotSupported)
c:/NXP/bstudio_nxp/sdk/JN-SW-4168/Components/Library\libZPSAPL_JN516x.a(zps_apl_task.o)
                              zps_apl_af_apsde.o (symbol from plugin) (zps_vAplAfPostEvent)
c:/NXP/bstudio_nxp/sdk/JN-SW-4168/Components/Library\libZPSAPL_JN516x.a(zps_apl_apsde.o)
                              zps_apl_task.o (symbol from plugin) (ZPS_vAplRegisterApsdeDcfmIndCallbacks)
c:/NXP/bstudio_nxp/sdk/JN-SW-4168/Components/Library\libZPSAPL_JN516x.a(zps_apl_apsme.o)
                              zps_apl_task.o (symbol from plugin) (ZPS_vAplRegisterApsmeDcfmIndCallbacks)
c:/NXP/bstudio_nxp/sdk/JN-SW-4168/Components/Library\libZPSAPL_JN516x.a(zps_apl_aps_nlde.o)
                              zps_apl_task.o (symbol from plugin) (zps_vAplApsHandleNldeDcfmInd)
c:/NXP/bstudio_nxp/sdk/JN-SW-4168/Components/Library\libZPSAPL_JN516x.a(zps_apl_sec.o)
                              zps_apl_task.o (symbol from plugin) (zps_psFindKeyDescr)
c:/NXP/bstudio_nxp/sdk/JN-SW-4168/Components/Library\libZPSAPL_JN516x.a(zps_apl_aib.o)
                              c:/NXP/bstudio_nxp/workspace/JN-AN-1171-ZigBee-LightLink-Demo/Light_OnOffLight/Build/app_light_commission_task.o (symbol from plugin) (zps_psAplAibGetAib)
c:/NXP/bstudio_nxp/sdk/JN-SW-4168/Components/Library\libZPSAPL_JN516x.a(zps_apl_zdo_nwkmanager.o)
                              zps_apl_apsme.o (symbol from plugin) (zps_vAplSaveRecord)
c:/NXP/bstudio_nxp/sdk/JN-SW-4168/Components/Library\libZPSAPL_JN516x.a(zps_apl_zdo_handle_zdp_event.o)
                              zps_apl_task.o (symbol from plugin) (zps_bAplZdoHandleZdpEvent)
c:/NXP/bstudio_nxp/sdk/JN-SW-4168/Components/Library\libZPSAPL_JN516x.a(zps_apl_zdo_trust_center.o)
                              zps_apl_sec.o (symbol from plugin) (zps_eAplTrustCenterFindDevice)
c:/NXP/bstudio_nxp/sdk/JN-SW-4168/Components/Library\libZPSAPL_JN516x.a(zps_apl_zdo_common.o)
                              zps_apl_zdo_nwkmanager.o (symbol from plugin) (zps_eAplZdoNlmeleaveWrapper)
c:/NXP/bstudio_nxp/sdk/JN-SW-4168/Components/Library\libZPSAPL_JN516x.a(zps_apl_zdo_group.o)
                              c:/NXP/bstudio_nxp/workspace/JN-AN-1171-ZigBee-LightLink-Demo/Light_OnOffLight/Build/GroupsTableManager.o (symbol from plugin) (zps_eAplZdoGroupEndpointAdd)
c:/NXP/bstudio_nxp/sdk/JN-SW-4168/Components/Library\libZPSAPL_JN516x.a(zps_apl_zdo_default_server.o)
                              c:/NXP/bstudio_nxp/workspace/JN-AN-1171-ZigBee-LightLink-Demo/Light_OnOffLight/Build/zps_gen.o (symbol from plugin) (zps_vAplZdoDefaultServerInit)
[...]
Memory Configuration

Name             Origin             Length             Attributes
flash            0x0000000000080000 0x0000000000080000
ram              0x000000000400004c 0x0000000000007fb4
*default*        0x0000000000000000 0xffffffffffffffff

Linker script and memory map

                0x0000000000001388                __stack_size = 0x1388
                0x00000000000007d0                __minimum_heap_size = 0x7d0
START GROUP
LOAD c:/NXP/bstudio_nxp/workspace/JN-AN-1171-ZigBee-LightLink-Demo/Light_OnOffLight/Build/os_gen.o
LOAD C:\Users\Gillis\AppData\Local\Temp\ccOh41yS.ltrans0.ltrans.o
LOAD C:\Users\Gillis\AppData\Local\Temp\ccOh41yS.ltrans1.ltrans.o
LOAD C:\Users\Gillis\AppData\Local\Temp\ccOh41yS.ltrans2.ltrans.o
LOAD C:\Users\Gillis\AppData\Local\Temp\ccOh41yS.ltrans3.ltrans.o
LOAD C:\Users\Gillis\AppData\Local\Temp\ccOh41yS.ltrans4.ltrans.o
LOAD C:\Users\Gillis\AppData\Local\Temp\ccOh41yS.ltrans5.ltrans.o
LOAD C:\Users\Gillis\AppData\Local\Temp\ccOh41yS.ltrans6.ltrans.o
LOAD C:\Users\Gillis\AppData\Local\Temp\ccOh41yS.ltrans7.ltrans.o
LOAD C:\Users\Gillis\AppData\Local\Temp\ccOh41yS.ltrans8.ltrans.o
LOAD C:\Users\Gillis\AppData\Local\Temp\ccOh41yS.ltrans9.ltrans.o
LOAD C:\Users\Gillis\AppData\Local\Temp\ccOh41yS.ltrans10.ltrans.o
LOAD C:\Users\Gillis\AppData\Local\Temp\ccOh41yS.ltrans11.ltrans.o
LOAD C:\Users\Gillis\AppData\Local\Temp\ccOh41yS.ltrans12.ltrans.o
LOAD C:\Users\Gillis\AppData\Local\Temp\ccOh41yS.ltrans13.ltrans.o
LOAD C:\Users\Gillis\AppData\Local\Temp\ccOh41yS.ltrans14.ltrans.o
LOAD C:\Users\Gillis\AppData\Local\Temp\ccOh41yS.ltrans15.ltrans.o
LOAD C:\Users\Gillis\AppData\Local\Temp\ccOh41yS.ltrans16.ltrans.o
LOAD C:\Users\Gillis\AppData\Local\Temp\ccOh41yS.ltrans17.ltrans.o
LOAD C:\Users\Gillis\AppData\Local\Temp\ccOh41yS.ltrans18.ltrans.o
LOAD C:\Users\Gillis\AppData\Local\Temp\ccOh41yS.ltrans19.ltrans.o
LOAD C:\Users\Gillis\AppData\Local\Temp\ccOh41yS.ltrans20.ltrans.o
LOAD C:\Users\Gillis\AppData\Local\Temp\ccOh41yS.ltrans21.ltrans.o
LOAD C:\Users\Gillis\AppData\Local\Temp\ccOh41yS.ltrans22.ltrans.o
LOAD C:\Users\Gillis\AppData\Local\Temp\ccOh41yS.ltrans23.ltrans.o
LOAD C:\Users\Gillis\AppData\Local\Temp\ccOh41yS.ltrans24.ltrans.o
LOAD C:\Users\Gillis\AppData\Local\Temp\ccOh41yS.ltrans25.ltrans.o
LOAD C:\Users\Gillis\AppData\Local\Temp\ccOh41yS.ltrans26.ltrans.o
LOAD C:\Users\Gillis\AppData\Local\Temp\ccOh41yS.ltrans27.ltrans.o
LOAD C:\Users\Gillis\AppData\Local\Temp\ccOh41yS.ltrans28.ltrans.o
LOAD C:\Users\Gillis\AppData\Local\Temp\ccOh41yS.ltrans29.ltrans.o
LOAD C:\Users\Gillis\AppData\Local\Temp\ccOh41yS.ltrans30.ltrans.o
LOAD C:\Users\Gillis\AppData\Local\Temp\ccOh41yS.ltrans31.ltrans.o
LOAD c:/nxp/bstudio_nxp/sdk/tools/ba-elf-ba2-r36379/bin/../lib/gcc/ba-elf/4.7.4/../../../../ba-elf/lib/mcpu_jn51xx_sizeopt\libc.a
LOAD c:/nxp/bstudio_nxp/sdk/tools/ba-elf-ba2-r36379/bin/../lib/gcc/ba-elf/4.7.4/mcpu_jn51xx_sizeopt\libgcc.a
LOAD c:/nxp/bstudio_nxp/sdk/tools/ba-elf-ba2-r36379/bin/../lib/gcc/ba-elf/4.7.4/../../../../ba-elf/lib/mcpu_jn51xx_sizeopt\libc.a
LOAD c:/NXP/bstudio_nxp/workspace/JN-AN-1171-ZigBee-LightLink-Demo/Light_OnOffLight/Build/os_irq.o
LOAD c:/NXP/bstudio_nxp/workspace/JN-AN-1171-ZigBee-LightLink-Demo/Light_OnOffLight/Build/os_irq_alignment.o
LOAD c:/NXP/bstudio_nxp/workspace/JN-AN-1171-ZigBee-LightLink-Demo/Light_OnOffLight/Build/os_irq_buserror.o
LOAD c:/NXP/bstudio_nxp/workspace/JN-AN-1171-ZigBee-LightLink-Demo/Light_OnOffLight/Build/os_irq_illegalinstruction.o
LOAD c:/NXP/bstudio_nxp/workspace/JN-AN-1171-ZigBee-LightLink-Demo/Light_OnOffLight/Build/os_irq_stackoverflowexception.o
LOAD c:/NXP/bstudio_nxp/workspace/JN-AN-1171-ZigBee-LightLink-Demo/Light_OnOffLight/Build/os_irq_unimplementedmodule.o
LOAD c:/NXP/bstudio_nxp/workspace/JN-AN-1171-ZigBee-LightLink-Demo/Light_OnOffLight/Build/pdum_gen.o
LOAD c:/NXP/bstudio_nxp/workspace/JN-AN-1171-ZigBee-LightLink-Demo/Light_OnOffLight/Build/pdum_apdu.o
LOAD c:/NXP/bstudio_nxp/workspace/JN-AN-1171-ZigBee-LightLink-Demo/Light_OnOffLight/Build/zps_gen.o
LOAD c:/NXP/bstudio_nxp/workspace/JN-AN-1171-ZigBee-LightLink-Demo/Light_OnOffLight/Build/app_timer_driver.o
LOAD c:/NXP/bstudio_nxp/workspace/JN-AN-1171-ZigBee-LightLink-Demo/Light_OnOffLight/Build/app_start_light.o
LOAD c:/NXP/bstudio_nxp/workspace/JN-AN-1171-ZigBee-LightLink-Demo/Light_OnOffLight/Build/app_scenes.o
LOAD c:/NXP/bstudio_nxp/workspace/JN-AN-1171-ZigBee-LightLink-Demo/Light_OnOffLight/Build/app_power_on_counter.o
LOAD c:/NXP/bstudio_nxp/workspace/JN-AN-1171-ZigBee-LightLink-Demo/Light_OnOffLight/Build/zpr_light_node.o
LOAD c:/NXP/bstudio_nxp/workspace/JN-AN-1171-ZigBee-LightLink-Demo/Light_OnOffLight/Build/ecb_decrypt.o
LOAD c:/NXP/bstudio_nxp/workspace/JN-AN-1171-ZigBee-LightLink-Demo/Light_OnOffLight/Build/app_zcl_light_task.o
LOAD c:/NXP/bstudio_nxp/workspace/JN-AN-1171-ZigBee-LightLink-Demo/Light_OnOffLight/Build/app_light_commission_task.o
LOAD c:/NXP/bstudio_nxp/workspace/JN-AN-1171-ZigBee-LightLink-Demo/Light_OnOffLight/Build/app_manage_temperature.o
LOAD c:/NXP/bstudio_nxp/workspace/JN-AN-1171-ZigBee-LightLink-Demo/Light_OnOffLight/Build/app_light_interpolation.o
LOAD c:/NXP/bstudio_nxp/workspace/JN-AN-1171-ZigBee-LightLink-Demo/Light_OnOffLight/Build/appZpsBeaconHandler.o
LOAD c:/NXP/bstudio_nxp/workspace/JN-AN-1171-ZigBee-LightLink-Demo/Light_OnOffLight/Build/App_Light_OnOffLight.o
LOAD c:/NXP/bstudio_nxp/workspace/JN-AN-1171-ZigBee-LightLink-Demo/Light_OnOffLight/Build/DriverBulb_DR1175.o
LOAD c:/NXP/bstudio_nxp/workspace/JN-AN-1171-ZigBee-LightLink-Demo/Light_OnOffLight/Build/DriverBulb_Shim.o
LOAD c:/NXP/bstudio_nxp/workspace/JN-AN-1171-ZigBee-LightLink-Demo/Light_OnOffLight/Build/app_buttons.o
LOAD c:/NXP/bstudio_nxp/workspace/JN-AN-1171-ZigBee-LightLink-Demo/Light_OnOffLight/Build/Alarms.o
LOAD c:/NXP/bstudio_nxp/workspace/JN-AN-1171-ZigBee-LightLink-Demo/Light_OnOffLight/Build/AlarmsClientCommands.o
LOAD c:/NXP/bstudio_nxp/workspace/JN-AN-1171-ZigBee-LightLink-Demo/Light_OnOffLight/Build/AlarmsCommandHandler.o
LOAD c:/NXP/bstudio_nxp/workspace/JN-AN-1171-ZigBee-LightLink-Demo/Light_OnOffLight/Build/AlarmsServerCommands.o
LOAD c:/NXP/bstudio_nxp/workspace/JN-AN-1171-ZigBee-LightLink-Demo/Light_OnOffLight/Build/AlarmsTableManager.o
LOAD c:/NXP/bstudio_nxp/workspace/JN-AN-1171-ZigBee-LightLink-Demo/Light_OnOffLight/Build/AnalogInputBasic.o
LOAD c:/NXP/bstudio_nxp/workspace/JN-AN-1171-ZigBee-LightLink-Demo/Light_OnOffLight/Build/AnalogOutputBasic.o
LOAD c:/NXP/bstudio_nxp/workspace/JN-AN-1171-ZigBee-LightLink-Demo/Light_OnOffLight/Build/Basic.o
LOAD c:/NXP/bstudio_nxp/workspace/JN-AN-1171-ZigBee-LightLink-Demo/Light_OnOffLight/Build/BasicClientCommands.o
LOAD c:/NXP/bstudio_nxp/workspace/JN-AN-1171-ZigBee-LightLink-Demo/Light_OnOffLight/Build/BasicCommandHandler.o
LOAD c:/NXP/bstudio_nxp/workspace/JN-AN-1171-ZigBee-LightLink-Demo/Light_OnOffLight/Build/BinaryInputBasic.o
LOAD c:/NXP/bstudio_nxp/workspace/JN-AN-1171-ZigBee-LightLink-Demo/Light_OnOffLight/Build/BinaryOutputBasic.o
LOAD c:/NXP/bstudio_nxp/workspace/JN-AN-1171-ZigBee-LightLink-Demo/Light_OnOffLight/Build/Commissioning.o
LOAD c:/NXP/bstudio_nxp/workspace/JN-AN-1171-ZigBee-LightLink-Demo/Light_OnOffLight/Build/DeviceTemperatureConfiguration.o
LOAD c:/NXP/bstudio_nxp/workspace/JN-AN-1171-ZigBee-LightLink-Demo/Light_OnOffLight/Build/Diagnostics.o
LOAD c:/NXP/bstudio_nxp/workspace/JN-AN-1171-ZigBee-LightLink-Demo/Light_OnOffLight/Build/DoorLock.o
LOAD c:/NXP/bstudio_nxp/workspace/JN-AN-1171-ZigBee-LightLink-Demo/Light_OnOffLight/Build/DoorLockCommandHandler.o
LOAD c:/NXP/bstudio_nxp/workspace/JN-AN-1171-ZigBee-LightLink-Demo/Light_OnOffLight/Build/DoorLockCommands.o
LOAD c:/NXP/bstudio_nxp/workspace/JN-AN-1171-ZigBee-LightLink-Demo/Light_OnOffLight/Build/ElectricalMeasurement.o
LOAD c:/NXP/bstudio_nxp/workspace/JN-AN-1171-ZigBee-LightLink-Demo/Light_OnOffLight/Build/Groups.o
LOAD c:/NXP/bstudio_nxp/workspace/JN-AN-1171-ZigBee-LightLink-Demo/Light_OnOffLight/Build/GroupsClientCommands.o
LOAD c:/NXP/bstudio_nxp/workspace/JN-AN-1171-ZigBee-LightLink-Demo/Light_OnOffLight/Build/GroupsCommandHandler.o
LOAD c:/NXP/bstudio_nxp/workspace/JN-AN-1171-ZigBee-LightLink-Demo/Light_OnOffLight/Build/GroupsServerCommands.o
LOAD c:/NXP/bstudio_nxp/workspace/JN-AN-1171-ZigBee-LightLink-Demo/Light_OnOffLight/Build/GroupsTableManager.o
LOAD c:/NXP/bstudio_nxp/workspace/JN-AN-1171-ZigBee-LightLink-Demo/Light_OnOffLight/Build/Identify.o
LOAD c:/NXP/bstudio_nxp/workspace/JN-AN-1171-ZigBee-LightLink-Demo/Light_OnOffLight/Build/IdentifyClientCommands.o
LOAD c:/NXP/bstudio_nxp/workspace/JN-AN-1171-ZigBee-LightLink-Demo/Light_OnOffLight/Build/IdentifyCommandHandler.o
LOAD c:/NXP/bstudio_nxp/workspace/JN-AN-1171-ZigBee-LightLink-Demo/Light_OnOffLight/Build/IdentifyServerCommands.o
LOAD c:/NXP/bstudio_nxp/workspace/JN-AN-1171-ZigBee-LightLink-Demo/Light_OnOffLight/Build/LevelControl.o
LOAD c:/NXP/bstudio_nxp/workspace/JN-AN-1171-ZigBee-LightLink-Demo/Light_OnOffLight/Build/LevelControlClientCommands.o
LOAD c:/NXP/bstudio_nxp/workspace/JN-AN-1171-ZigBee-LightLink-Demo/Light_OnOffLight/Build/LevelControlCommandHandler.o
LOAD c:/NXP/bstudio_nxp/workspace/JN-AN-1171-ZigBee-LightLink-Demo/Light_OnOffLight/Build/MultistateInputBasic.o
LOAD c:/NXP/bstudio_nxp/workspace/JN-AN-1171-ZigBee-LightLink-Demo/Light_OnOffLight/Build/MultistateOutputBasic.o
LOAD c:/NXP/bstudio_nxp/workspace/JN-AN-1171-ZigBee-LightLink-Demo/Light_OnOffLight/Build/OOSC.o
LOAD c:/NXP/bstudio_nxp/workspace/JN-AN-1171-ZigBee-LightLink-Demo/Light_OnOffLight/Build/OnOff.o
LOAD c:/NXP/bstudio_nxp/workspace/JN-AN-1171-ZigBee-LightLink-Demo/Light_OnOffLight/Build/OnOffCommandHandler.o
LOAD c:/NXP/bstudio_nxp/workspace/JN-AN-1171-ZigBee-LightLink-Demo/Light_OnOffLight/Build/OnOffCommands.o
LOAD c:/NXP/bstudio_nxp/workspace/JN-AN-1171-ZigBee-LightLink-Demo/Light_OnOffLight/Build/PollControl.o
LOAD c:/NXP/bstudio_nxp/workspace/JN-AN-1171-ZigBee-LightLink-Demo/Light_OnOffLight/Build/PollControlClientCommands.o
LOAD c:/NXP/bstudio_nxp/workspace/JN-AN-1171-ZigBee-LightLink-Demo/Light_OnOffLight/Build/PollControlCommandHandler.o
LOAD c:/NXP/bstudio_nxp/workspace/JN-AN-1171-ZigBee-LightLink-Demo/Light_OnOffLight/Build/PollControlServerCommands.o
LOAD c:/NXP/bstudio_nxp/workspace/JN-AN-1171-ZigBee-LightLink-Demo/Light_OnOffLight/Build/PowerConfiguration.o
LOAD c:/NXP/bstudio_nxp/workspace/JN-AN-1171-ZigBee-LightLink-Demo/Light_OnOffLight/Build/Scenes.o
LOAD c:/NXP/bstudio_nxp/workspace/JN-AN-1171-ZigBee-LightLink-Demo/Light_OnOffLight/Build/ScenesClientCommands.o
LOAD c:/NXP/bstudio_nxp/workspace/JN-AN-1171-ZigBee-LightLink-Demo/Light_OnOffLight/Build/ScenesClusterManagement.o
LOAD c:/NXP/bstudio_nxp/workspace/JN-AN-1171-ZigBee-LightLink-Demo/Light_OnOffLight/Build/ScenesCommandHandler.o
LOAD c:/NXP/bstudio_nxp/workspace/JN-AN-1171-ZigBee-LightLink-Demo/Light_OnOffLight/Build/ScenesServerCommands.o
LOAD c:/NXP/bstudio_nxp/workspace/JN-AN-1171-ZigBee-LightLink-Demo/Light_OnOffLight/Build/ScenesTableManager.o
LOAD c:/NXP/bstudio_nxp/workspace/JN-AN-1171-ZigBee-LightLink-Demo/Light_OnOffLight/Build/TC.o
LOAD c:/NXP/bstudio_nxp/workspace/JN-AN-1171-ZigBee-LightLink-Demo/Light_OnOffLight/Build/Time.o
LOAD c:/NXP/bstudio_nxp/workspace/JN-AN-1171-ZigBee-LightLink-Demo/Light_OnOffLight/Build/zll_CommissionCmdHandler.o
LOAD c:/NXP/bstudio_nxp/workspace/JN-AN-1171-ZigBee-LightLink-Demo/Light_OnOffLight/Build/zll_UtilityCmdHandler.o
LOAD c:/NXP/bstudio_nxp/workspace/JN-AN-1171-ZigBee-LightLink-Demo/Light_OnOffLight/Build/zll_commission.o
LOAD c:/NXP/bstudio_nxp/workspace/JN-AN-1171-ZigBee-LightLink-Demo/Light_OnOffLight/Build/zll_utility.o
LOAD c:/NXP/bstudio_nxp/workspace/JN-AN-1171-ZigBee-LightLink-Demo/Light_OnOffLight/Build/colour_light.o
LOAD c:/NXP/bstudio_nxp/workspace/JN-AN-1171-ZigBee-LightLink-Demo/Light_OnOffLight/Build/colour_remote.o
LOAD c:/NXP/bstudio_nxp/workspace/JN-AN-1171-ZigBee-LightLink-Demo/Light_OnOffLight/Build/colour_scene_remote.o
LOAD c:/NXP/bstudio_nxp/workspace/JN-AN-1171-ZigBee-LightLink-Demo/Light_OnOffLight/Build/colour_temperature_light.o
LOAD c:/NXP/bstudio_nxp/workspace/JN-AN-1171-ZigBee-LightLink-Demo/Light_OnOffLight/Build/commission_endpoint.o
LOAD c:/NXP/bstudio_nxp/workspace/JN-AN-1171-ZigBee-LightLink-Demo/Light_OnOffLight/Build/control_bridge.o
LOAD c:/NXP/bstudio_nxp/workspace/JN-AN-1171-ZigBee-LightLink-Demo/Light_OnOffLight/Build/dimmable_light.o
LOAD c:/NXP/bstudio_nxp/workspace/JN-AN-1171-ZigBee-LightLink-Demo/Light_OnOffLight/Build/dimmable_plug.o
LOAD c:/NXP/bstudio_nxp/workspace/JN-AN-1171-ZigBee-LightLink-Demo/Light_OnOffLight/Build/extended_colour_light.o
LOAD c:/NXP/bstudio_nxp/workspace/JN-AN-1171-ZigBee-LightLink-Demo/Light_OnOffLight/Build/non_colour_remote.o
LOAD c:/NXP/bstudio_nxp/workspace/JN-AN-1171-ZigBee-LightLink-Demo/Light_OnOffLight/Build/non_colour_scene_remote.o
LOAD c:/NXP/bstudio_nxp/workspace/JN-AN-1171-ZigBee-LightLink-Demo/Light_OnOffLight/Build/on_off_light.o
LOAD c:/NXP/bstudio_nxp/workspace/JN-AN-1171-ZigBee-LightLink-Demo/Light_OnOffLight/Build/on_off_plug.o
LOAD c:/NXP/bstudio_nxp/workspace/JN-AN-1171-ZigBee-LightLink-Demo/Light_OnOffLight/Build/on_off_sensor.o
LOAD c:/NXP/bstudio_nxp/workspace/JN-AN-1171-ZigBee-LightLink-Demo/Light_OnOffLight/Build/zll.o
LOAD c:/NXP/bstudio_nxp/workspace/JN-AN-1171-ZigBee-LightLink-Demo/Light_OnOffLight/Build/BallastConfiguration.o
LOAD c:/NXP/bstudio_nxp/workspace/JN-AN-1171-ZigBee-LightLink-Demo/Light_OnOffLight/Build/ColourControl.o
LOAD c:/NXP/bstudio_nxp/workspace/JN-AN-1171-ZigBee-LightLink-Demo/Light_OnOffLight/Build/ColourControlClientCommands.o
LOAD c:/NXP/bstudio_nxp/workspace/JN-AN-1171-ZigBee-LightLink-Demo/Light_OnOffLight/Build/ColourControlCommandHandler.o
LOAD c:/NXP/bstudio_nxp/workspace/JN-AN-1171-ZigBee-LightLink-Demo/Light_OnOffLight/Build/ColourControlConversions.o
LOAD c:/NXP/bstudio_nxp/workspace/JN-AN-1171-ZigBee-LightLink-Demo/Light_OnOffLight/Build/dlist.o
LOAD c:/NXP/bstudio_nxp/workspace/JN-AN-1171-ZigBee-LightLink-Demo/Light_OnOffLight/Build/zcl.o
LOAD c:/NXP/bstudio_nxp/workspace/JN-AN-1171-ZigBee-LightLink-Demo/Light_OnOffLight/Build/zcl_CustomCommandReceive.o
LOAD c:/NXP/bstudio_nxp/workspace/JN-AN-1171-ZigBee-LightLink-Demo/Light_OnOffLight/Build/zcl_CustomCommandSend.o
LOAD c:/NXP/bstudio_nxp/workspace/JN-AN-1171-ZigBee-LightLink-Demo/Light_OnOffLight/Build/zcl_PDUbufferReadWrite.o
LOAD c:/NXP/bstudio_nxp/workspace/JN-AN-1171-ZigBee-LightLink-Demo/Light_OnOffLight/Build/zcl_PDUbufferReadWriteString.o
LOAD c:/NXP/bstudio_nxp/workspace/JN-AN-1171-ZigBee-LightLink-Demo/Light_OnOffLight/Build/zcl_WriteAttributesRequestHandle.o
LOAD c:/NXP/bstudio_nxp/workspace/JN-AN-1171-ZigBee-LightLink-Demo/Light_OnOffLight/Build/zcl_WriteAttributesRequestSend.o
LOAD c:/NXP/bstudio_nxp/workspace/JN-AN-1171-ZigBee-LightLink-Demo/Light_OnOffLight/Build/zcl_WriteAttributesResponseHandle.o
LOAD c:/NXP/bstudio_nxp/workspace/JN-AN-1171-ZigBee-LightLink-Demo/Light_OnOffLight/Build/zcl_attribute.o
LOAD c:/NXP/bstudio_nxp/workspace/JN-AN-1171-ZigBee-LightLink-Demo/Light_OnOffLight/Build/zcl_buffer.o
LOAD c:/NXP/bstudio_nxp/workspace/JN-AN-1171-ZigBee-LightLink-Demo/Light_OnOffLight/Build/zcl_clusterCommand.o
LOAD c:/NXP/bstudio_nxp/workspace/JN-AN-1171-ZigBee-LightLink-Demo/Light_OnOffLight/Build/zcl_command.o
LOAD c:/NXP/bstudio_nxp/workspace/JN-AN-1171-ZigBee-LightLink-Demo/Light_OnOffLight/Build/zcl_configureReportingCommandHandle.o
LOAD c:/NXP/bstudio_nxp/workspace/JN-AN-1171-ZigBee-LightLink-Demo/Light_OnOffLight/Build/zcl_configureReportingCommandSend.o
LOAD c:/NXP/bstudio_nxp/workspace/JN-AN-1171-ZigBee-LightLink-Demo/Light_OnOffLight/Build/zcl_configureReportingResponseHandle.o
LOAD c:/NXP/bstudio_nxp/workspace/JN-AN-1171-ZigBee-LightLink-Demo/Light_OnOffLight/Build/zcl_defaultResponse.o
LOAD c:/NXP/bstudio_nxp/workspace/JN-AN-1171-ZigBee-LightLink-Demo/Light_OnOffLight/Build/zcl_discoverAttributesExtendedRequestHandle.o
LOAD c:/NXP/bstudio_nxp/workspace/JN-AN-1171-ZigBee-LightLink-Demo/Light_OnOffLight/Build/zcl_discoverAttributesExtendedRequestSend.o
LOAD c:/NXP/bstudio_nxp/workspace/JN-AN-1171-ZigBee-LightLink-Demo/Light_OnOffLight/Build/zcl_discoverAttributesExtendedResponseHandle.o
LOAD c:/NXP/bstudio_nxp/workspace/JN-AN-1171-ZigBee-LightLink-Demo/Light_OnOffLight/Build/zcl_discoverAttributesRequestHandle.o
LOAD c:/NXP/bstudio_nxp/workspace/JN-AN-1171-ZigBee-LightLink-Demo/Light_OnOffLight/Build/zcl_discoverAttributesRequestSend.o
LOAD c:/NXP/bstudio_nxp/workspace/JN-AN-1171-ZigBee-LightLink-Demo/Light_OnOffLight/Build/zcl_discoverAttributesResponseHandle.o
LOAD c:/NXP/bstudio_nxp/workspace/JN-AN-1171-ZigBee-LightLink-Demo/Light_OnOffLight/Build/zcl_discoverCommandsRequestHandle.o
LOAD c:/NXP/bstudio_nxp/workspace/JN-AN-1171-ZigBee-LightLink-Demo/Light_OnOffLight/Build/zcl_discoverCommandsRequestSend.o
LOAD c:/NXP/bstudio_nxp/workspace/JN-AN-1171-ZigBee-LightLink-Demo/Light_OnOffLight/Build/zcl_discoverCommandsResponseHandle.o
LOAD c:/NXP/bstudio_nxp/workspace/JN-AN-1171-ZigBee-LightLink-Demo/Light_OnOffLight/Build/zcl_event.o
LOAD c:/NXP/bstudio_nxp/workspace/JN-AN-1171-ZigBee-LightLink-Demo/Light_OnOffLight/Build/zcl_heap.o
LOAD c:/NXP/bstudio_nxp/workspace/JN-AN-1171-ZigBee-LightLink-Demo/Light_OnOffLight/Build/zcl_library_options.o
LOAD c:/NXP/bstudio_nxp/workspace/JN-AN-1171-ZigBee-LightLink-Demo/Light_OnOffLight/Build/zcl_readAttributesRequestHandle.o
LOAD c:/NXP/bstudio_nxp/workspace/JN-AN-1171-ZigBee-LightLink-Demo/Light_OnOffLight/Build/zcl_readAttributesRequestSend.o
LOAD c:/NXP/bstudio_nxp/workspace/JN-AN-1171-ZigBee-LightLink-Demo/Light_OnOffLight/Build/zcl_readAttributesResponseHandle.o
LOAD c:/NXP/bstudio_nxp/workspace/JN-AN-1171-ZigBee-LightLink-Demo/Light_OnOffLight/Build/zcl_readReportingConfigurationCommandHandle.o
LOAD c:/NXP/bstudio_nxp/workspace/JN-AN-1171-ZigBee-LightLink-Demo/Light_OnOffLight/Build/zcl_readReportingConfigurationCommandSend.o
LOAD c:/NXP/bstudio_nxp/workspace/JN-AN-1171-ZigBee-LightLink-Demo/Light_OnOffLight/Build/zcl_readReportingConfigurationResponseHandle.o
LOAD c:/NXP/bstudio_nxp/workspace/JN-AN-1171-ZigBee-LightLink-Demo/Light_OnOffLight/Build/zcl_reportManager.o
LOAD c:/NXP/bstudio_nxp/workspace/JN-AN-1171-ZigBee-LightLink-Demo/Light_OnOffLight/Build/zcl_reportMaths.o
LOAD c:/NXP/bstudio_nxp/workspace/JN-AN-1171-ZigBee-LightLink-Demo/Light_OnOffLight/Build/zcl_reportScheduler.o
LOAD c:/NXP/bstudio_nxp/workspace/JN-AN-1171-ZigBee-LightLink-Demo/Light_OnOffLight/Build/zcl_reportStringHandling.o
LOAD c:/NXP/bstudio_nxp/workspace/JN-AN-1171-ZigBee-LightLink-Demo/Light_OnOffLight/Build/zcl_reportStructure.o
LOAD c:/NXP/bstudio_nxp/workspace/JN-AN-1171-ZigBee-LightLink-Demo/Light_OnOffLight/Build/zcl_search.o
LOAD c:/NXP/bstudio_nxp/workspace/JN-AN-1171-ZigBee-LightLink-Demo/Light_OnOffLight/Build/zcl_timer.o
LOAD c:/NXP/bstudio_nxp/workspace/JN-AN-1171-ZigBee-LightLink-Demo/Light_OnOffLight/Build/zcl_transmit.o
LOAD c:/NXP/bstudio_nxp/sdk/JN-SW-4168/Components/Library\libZPSMAC_Mini_JN516x.a
LOAD c:/NXP/bstudio_nxp/sdk/JN-SW-4168/Components/Library\libOS_JN516x.a
LOAD c:/NXP/bstudio_nxp/sdk/JN-SW-4168/Components/Library\libPWRM_JN516x.a
LOAD c:/NXP/bstudio_nxp/sdk/JN-SW-4168/Components/Library\libZPSTSV_JN516x.a
LOAD c:/NXP/bstudio_nxp/sdk/JN-SW-4168/Components/Library\libAES_SW_JN516x.a
LOAD c:/NXP/bstudio_nxp/sdk/JN-SW-4168/Components/Library\libPDUM_JN516x.a
LOAD c:/NXP/bstudio_nxp/sdk/JN-SW-4168/Components/Library\libZPSAPL_JN516x.a
LOAD c:/NXP/bstudio_nxp/sdk/JN-SW-4168/Components/Library\libRandom_JN516x.a
LOAD c:/NXP/bstudio_nxp/sdk/JN-SW-4168/Components/Library\libPDM_EEPROM_JN516x.a
LOAD c:/NXP/bstudio_nxp/sdk/JN-SW-4168/Components/Library\libDBG_JN516x.a
LOAD c:/NXP/bstudio_nxp/sdk/JN-SW-4168/Components/Library\libZPSZLL_JN516x.a
LOAD c:/NXP/bstudio_nxp/sdk/JN-SW-4168/Components/Library\libZPSNWK_JN516x.a
LOAD c:/NXP/bstudio_nxp/sdk/JN-SW-4168/Components/Library\libRecal_JN516x.a
LOAD c:/NXP/bstudio_nxp/sdk/JN-SW-4168/Components/Library\libMiniMac_JN5169.a
LOAD c:/NXP/bstudio_nxp/sdk/JN-SW-4168/Components/Library\libMiniMacShim_JN516x.a
LOAD c:/NXP/bstudio_nxp/sdk/JN-SW-4168/Components/Library\libMMAC_JN5169.a
LOAD c:/NXP/bstudio_nxp/sdk/JN-SW-4168/Components/Library\libJPT_JN5169.a
LOAD c:/NXP/bstudio_nxp/sdk/JN-SW-4168/Components/Library\libAes_JN516x.a
LOAD c:/NXP/bstudio_nxp/sdk/JN-SW-4168/Components/Library\libHardwareApi_JN5169.a
LOAD c:/NXP/bstudio_nxp/sdk/JN-SW-4168/Components/Library\libMicroSpecific_JN516x.a
LOAD c:/NXP/bstudio_nxp/sdk/JN-SW-4168/Components/Library\libBoot_JN516x.a
LOAD c:/NXP/bstudio_nxp/sdk/JN-SW-4168/Platform/DK4/Library\libBoardLib_JN516x.a
LOAD c:/nxp/bstudio_nxp/sdk/tools/ba-elf-ba2-r36379/bin/../lib/gcc/ba-elf/4.7.4/../../../../ba-elf/lib/mcpu_jn51xx_sizeopt\libm.a
END GROUP
LOAD c:/nxp/bstudio_nxp/sdk/tools/ba-elf-ba2-r36379/bin/../lib/gcc/ba-elf/4.7.4/../../../../ba-elf/lib/mcpu_jn51xx_sizeopt\libc.a
LOAD c:/nxp/bstudio_nxp/sdk/tools/ba-elf-ba2-r36379/bin/../lib/gcc/ba-elf/4.7.4/mcpu_jn51xx_sizeopt\libgcc.a
LOAD c:/nxp/bstudio_nxp/sdk/tools/ba-elf-ba2-r36379/bin/../lib/gcc/ba-elf/4.7.4/../../../../ba-elf/lib/mcpu_jn51xx_sizeopt\libc.a
                0x0000000000080038                exception_vsr_table = 0x80038
                0x0000000004000000                pSPIflashFncTable = 0x4000000
                0x0000000000000044                restore_state = 0x44
                0x000000000000004a                bZSPIWaitWIPClear = 0x4a
                0x0000000000000050                u16ZSPIflashRDID = 0x50
                0x0000000000000056                u8SelectFlashChipType = 0x56
                0x000000000000005c                memcpy = 0x5c
                0x0000000000000066                vBootFlashProg = 0x66
                [0x00000000000007d0]                __minimum_heap_size = DEFINED (__minimum_heap_size)?__minimum_heap_size:0xd16
                [0x0000000000001388]                __stack_size = DEFINED (__stack_size)?__stack_size:0x800
                0x0000000000000000                _SwConfig = (DEFINED (g_bSWConf_Debug) | (DEFINED (g_bSWConf_AltDebugPort) << 0x1))

.version        0x000000000007fffc        0x4
                0x000000000007fffc        0x4 LONG 0xf03000b

.bir            0x0000000000080000       0x10
                0x0000000000080000                _flash_start = ABSOLUTE (.)
                0x0000000000080000                _flash_beg = ABSOLUTE (.)
                0x0000000000080000        0x4 LONG 0x12345678
                0x0000000000080004        0x4 LONG 0x11223344
                0x0000000000080008        0x4 LONG 0x55667788
                0x000000000008000c        0x1 BYTE 0x8
                0x000000000008000d        0x1 BYTE 0x1
                0x000000000008000e        0x2 SHORT 0x0

.flashheader    0x0000000000080010       0x28
                0x0000000000080010        0x4 LONG 0x0
                0x0000000000080014        0x4 LONG 0x0
                0x0000000000080018        0x4 LONG 0x0
                0x000000000008001c        0x2 SHORT 0x0
                0x000000000008001e        0x2 SHORT 0x0 ABSOLUTE (_SwConfig)
                0x0000000000080020                _enc_start = ABSOLUTE (.)
                0x0000000000080020        0x4 LONG 0x22de4 ABSOLUTE (_image_len)
                0x0000000000080024        0x4 LONG 0xa25f0 ABSOLUTE (_flash_data_start)
                0x0000000000080028        0x2 SHORT 0x13 ((ABSOLUTE (_ram_data_start) / 0x4) & 0xffff)
                0x000000000008002a        0x2 SHORT 0x1fd ((ABSOLUTE (_ram_data_len) / 0x4) & 0xffff)
                0x000000000008002c        0x2 SHORT 0x210 ((ABSOLUTE (_bss_start) / 0x4) & 0xffff)
                0x000000000008002e        0x2 SHORT 0xf1c ((ABSOLUTE (_bss_len) / 0x4) & 0xffff)
                0x0000000000080030        0x4 LONG 0xa11d8 ABSOLUTE (AppWarmStart)
                0x0000000000080034        0x4 LONG 0xa11f2 ABSOLUTE (AppColdStart)
                0x0000000000000000                _enc_offset = (_enc_start & 0xf)

.ro_mac_address
                0x0000000000080040        0x0
                0x0000000000080040                _FlsMACAddress = ABSOLUTE (.)
 *(.ro_mac_address)
                0x0000000000080040                . = ALIGN (0x10)

.ro_ota_header  0x0000000000080040        0x0
                0x0000000000080040                _FlsOtaHeader = ABSOLUTE (.)
 *(.ro_ota_header)
                0x0000000000080040                . = ALIGN (0x10)

.ro_se_lnkKey   0x0000000000080040        0x0
                0x0000000000080040                _FlsLinkKey = ABSOLUTE (.)
 *(.ro_se_lnkKey)
                0x0000000000080040                . = ALIGN (0x10)

.rodata         0x0000000000080038      0xdec
 *(.rodata*)
 .rodata.str1.1
                0x0000000000080038       0x19 C:\Users\Gillis\AppData\Local\Temp\ccOh41yS.ltrans0.ltrans.o
 *fill*         0x0000000000080051        0x3 00
 .rodata        0x0000000000080054       0x9c C:\Users\Gillis\AppData\Local\Temp\ccOh41yS.ltrans0.ltrans.o
                0x0000000000080054                gMAC_u8MaxBuffers
                0x0000000000080058                g_u32ApsFcSaveCountBitShift
                0x000000000008005c                u8MaxZpsConfigEp
                0x000000000008005d                au8EpMapPresent
                0x0000000000080060                s_groupPdmTable
 .rodata.str1.1
                0x0000000000000000       0x19 C:\Users\Gillis\AppData\Local\Temp\ccOh41yS.ltrans1.ltrans.o
                                          0x8 (size before relaxing)
 .rodata        0x00000000000800f0       0x38 C:\Users\Gillis\AppData\Local\Temp\ccOh41yS.ltrans1.ltrans.o
 .rodata.str1.1
                0x0000000000000000       0x19 C:\Users\Gillis\AppData\Local\Temp\ccOh41yS.ltrans2.ltrans.o
                                          0x7 (size before relaxing)
 .rodata        0x0000000000080128       0x7c C:\Users\Gillis\AppData\Local\Temp\ccOh41yS.ltrans4.ltrans.o
 .rodata.str1.1
                0x0000000000000000       0x19 C:\Users\Gillis\AppData\Local\Temp\ccOh41yS.ltrans5.ltrans.o
                                          0xb (size before relaxing)
 .rodata        0x00000000000801a4        0x7 C:\Users\Gillis\AppData\Local\Temp\ccOh41yS.ltrans5.ltrans.o
                0x00000000000801a4                u8MacNwkTriesTimeout
 *fill*         0x00000000000801ab        0x1 00
 .rodata        0x00000000000801ac       0x10 C:\Users\Gillis\AppData\Local\Temp\ccOh41yS.ltrans6.ltrans.o
                0x00000000000801b4                au32UartAddrOffset
 .rodata.str1.1
                0x00000000000801bc        0x3 C:\Users\Gillis\AppData\Local\Temp\ccOh41yS.ltrans6.ltrans.o
 .rodata.str1.1
                0x00000000000801bf        0x6 C:\Users\Gillis\AppData\Local\Temp\ccOh41yS.ltrans7.ltrans.o
 .rodata.str1.1
                0x00000000000801c5       0xb7 C:\Users\Gillis\AppData\Local\Temp\ccOh41yS.ltrans8.ltrans.o
 .rodata        0x000000000008027c        0x8 C:\Users\Gillis\AppData\Local\Temp\ccOh41yS.ltrans8.ltrans.o
 .rodata.str1.1
                0x0000000000000000       0xb7 C:\Users\Gillis\AppData\Local\Temp\ccOh41yS.ltrans9.ltrans.o
                                          0x3 (size before relaxing)
 .rodata.str1.1
                0x0000000000080284        0x5 C:\Users\Gillis\AppData\Local\Temp\ccOh41yS.ltrans11.ltrans.o
                                         0x17 (size before relaxing)
 .rodata.str1.1
                0x0000000000080289       0x17 C:\Users\Gillis\AppData\Local\Temp\ccOh41yS.ltrans12.ltrans.o
                                         0x2c (size before relaxing)
 .rodata.str1.1
                0x0000000000000000       0x17 C:\Users\Gillis\AppData\Local\Temp\ccOh41yS.ltrans13.ltrans.o
                                          0x6 (size before relaxing)
 .rodata        0x00000000000802a0       0x4c C:\Users\Gillis\AppData\Local\Temp\ccOh41yS.ltrans13.ltrans.o
                0x00000000000802a0                g_u32NwkFcSaveCountBitShift
 .rodata.str1.1
                0x00000000000802ec        0xa C:\Users\Gillis\AppData\Local\Temp\ccOh41yS.ltrans14.ltrans.o
                                         0x20 (size before relaxing)
 .rodata.str1.1
                0x00000000000802f6        0x4 C:\Users\Gillis\AppData\Local\Temp\ccOh41yS.ltrans15.ltrans.o
                                          0x8 (size before relaxing)
 *fill*         0x00000000000802fa        0x2 00
 .rodata        0x00000000000802fc       0x18 C:\Users\Gillis\AppData\Local\Temp\ccOh41yS.ltrans16.ltrans.o
                0x00000000000802fc                au32NwkPdmRecordOffsets
 .rodata.str1.1
                0x0000000000000000        0x4 C:\Users\Gillis\AppData\Local\Temp\ccOh41yS.ltrans17.ltrans.o
 .rodata        0x0000000000080314      0x208 C:\Users\Gillis\AppData\Local\Temp\ccOh41yS.ltrans18.ltrans.o
                0x000000000008031c                s_apsStSceTbl.124683
                0x0000000000080330                s_aprIdleStHandleCme.134686
                0x0000000000080344                s_aprActvStHandleCme.130819
                0x0000000000080368                s_apsStSmeTbl.124749
                0x000000000008039c                zps_sJoinSceTbl
                0x00000000000803a8                zps_sActvSceTbl
                0x00000000000803b4                zps_sDiscSmeTbl
                0x00000000000803c0                zps_sFormSmeTbl
                0x00000000000803cc                zps_sJoinSmeTbl
                0x00000000000803d8                zps_sActvSmeTbl
 .rodata.str1.1
                0x000000000008051c        0xd C:\Users\Gillis\AppData\Local\Temp\ccOh41yS.ltrans19.ltrans.o
                                         0x1a (size before relaxing)
 .rodata.str1.1
                0x0000000000080529        0xd C:\Users\Gillis\AppData\Local\Temp\ccOh41yS.ltrans20.ltrans.o
                                         0x20 (size before relaxing)
 .rodata.str1.1
                0x0000000000080536        0x5 C:\Users\Gillis\AppData\Local\Temp\ccOh41yS.ltrans21.ltrans.o
                                          0x9 (size before relaxing)
 .rodata        0x000000000008053b      0x107 C:\Users\Gillis\AppData\Local\Temp\ccOh41yS.ltrans21.ltrans.o
                0x000000000008053b                au8ZLLChannelSet
 .rodata.str1.1
                0x0000000000000000        0x5 C:\Users\Gillis\AppData\Local\Temp\ccOh41yS.ltrans22.ltrans.o
                                          0x4 (size before relaxing)
 .rodata        0x0000000000080642       0x11 C:\Users\Gillis\AppData\Local\Temp\ccOh41yS.ltrans22.ltrans.o
                0x0000000000080642                g_bReverToOldParent
 .rodata.str1.1
                0x0000000000000000        0x5 C:\Users\Gillis\AppData\Local\Temp\ccOh41yS.ltrans25.ltrans.o
                                          0x6 (size before relaxing)
 *fill*         0x0000000000080653        0x1 00
 .rodata        0x0000000000080654      0x318 C:\Users\Gillis\AppData\Local\Temp\ccOh41yS.ltrans26.ltrans.o
                0x0000000000080854                gu32ZCLVersion
                0x0000000000080858                OS_g_u32Version
                0x000000000008085c                PDUM_g_u32Version
                0x0000000000080860                ZPS_g_u32MacVersion
                0x0000000000080864                ZPS_g_u32TsvVersion
 .rodata.str1.1
                0x000000000008096c       0x21 C:\Users\Gillis\AppData\Local\Temp\ccOh41yS.ltrans28.ltrans.o
                                         0x43 (size before relaxing)
 .rodata.str1.1
                0x000000000008098d       0x22 C:\Users\Gillis\AppData\Local\Temp\ccOh41yS.ltrans29.ltrans.o
                                         0x39 (size before relaxing)
 .rodata.str1.1
                0x00000000000809af       0x8e C:\Users\Gillis\AppData\Local\Temp\ccOh41yS.ltrans31.ltrans.o
 *fill*         0x0000000000080a3d        0x3 00
 .rodata        0x0000000000080a40      0x3e4 C:\Users\Gillis\AppData\Local\Temp\ccOh41yS.ltrans31.ltrans.o
                0x0000000000080a40                zps_g_pvApl
                0x0000000000080a44                au32TimerBaseAddress
                0x0000000000080a58                pwrm_psWakeupCallbacks

.text           0x0000000000080e28    0x217c6
 *(.text*)
 .text          0x0000000000080e28     0x1b38 C:\Users\Gillis\AppData\Local\Temp\ccOh41yS.ltrans0.ltrans.o
                0x0000000000080e28                vInitialiseApp.3306
                0x0000000000080e28                APP_TIMER_Version_1v0
 .text          0x0000000000082960     0x1722 C:\Users\Gillis\AppData\Local\Temp\ccOh41yS.ltrans1.ltrans.o
                0x0000000000082975                DBG_iUartGetChar
                0x00000000000829c5                vMMAC_IntHandlerBbc
                0x00000000000829df                eBasicTxCompleteHandler
                0x00000000000829e4                vTxRxTimeout.141631
                0x0000000000082a41                eSmeAcScBeaconInd.132782
                0x0000000000082aa7                eSmeASFlBeaconInd.132617
                0x0000000000082ac9                eSmeUDNTScanDcfm.132067
                0x0000000000082ae5                vPermitJoinHandleExpiry.127611
                0x0000000000082b59                zps_eNwkHandleSmePollDcfm
                0x0000000000082b83                eSmeGenlScanDcfm.132609
                0x0000000000082be1                eRouteRequestDataDcfm.128787
                0x0000000000082c35                eNldeDataDcfm.126617
                0x0000000000082c65                eLeaveDataDcfmRemoteLeave.137367
                0x0000000000082cae                eSmeEdScScanDcfm.132605
                0x0000000000082e55                eSmeAcScBeaconInd.132625
                0x0000000000082f5d                eSmeUDNTBeaconInd.132601
                0x0000000000082f80                vStartTimer.part.0.143567.constprop.138
                0x0000000000082fa7                vMiniMac_MLME_SetReq_PanId
                0x0000000000082fe4                vMiniMac_MLME_SetReq_ShortAddr
                0x0000000000082ff2                psDLISTsearchFromHead
                0x000000000008301b                vZCL_InitializeClusterInstance.constprop.118
                0x000000000008302c                pvZCL_HeapAlloc.part.0.50536.constprop.103
                0x0000000000083065                vMicroIntEnableOnly.constprop.94
                0x0000000000083091                zps_eNwkRtDiscMatch.constprop.54
                0x00000000000830e4                vMiniMac_ReturnTxBufferCallback
                0x00000000000830f6                bEnableReceive.141633
                0x0000000000083134                pvHeap_Alloc
                0x0000000000083137                vMicroIntRestoreState
                0x0000000000083143                TSV_eStart
                0x0000000000083193                bAHI_WriteEEPROMfixSegmentData
                0x00000000000831f1                bAHI_InitialiseEEPROM
                0x0000000000083239                vAHI_ReadDataFromEEPROMregister
                0x0000000000083266                vAHI_WriteDataIntoEEPROMregister
                0x0000000000083296                iAHI_WriteDataIntoEEPROMsegment.constprop.124
                0x00000000000832e4                iPDM_WriteSegmentHeaderDataIntoEEPROMsegment
                0x0000000000083313                u8AHI_WakeTimerFiredStatus
                0x0000000000083327                vAHI_WakeTimerStop.part.3.144044
                0x0000000000083347                vAHI_UartReset.part.4.143798
                0x000000000008337f                vAHI_ClockXtalPull
                0x000000000008339c                vAHI_OptimiseWaitStates
                0x00000000000833e8                bAHI_GetClkSource
                0x00000000000833f5                bAHI_SetClockRate.part.0.143468.constprop.67
                0x0000000000083470                vAHI_SwReset
                0x00000000000834a0                vAHI_DioSetDirection
                0x00000000000834b4                bAHI_APRegulatorEnabled
                0x00000000000834c1                vAHI_ApConfigure.part.0.143239.constprop.133
                0x00000000000834f7                bIssueACIcommand
                0x000000000008358d                vACI_CmdWaitBusy
                0x000000000008359a                bACI_ECBencodeBuffer.part.0.143129.constprop.52
                0x0000000000083651                vACI_OptimisedCcmStar.constprop.57
                0x000000000008383c                psSearchForFrameToSend
                0x0000000000083893                eMiniMac_FrameInProgress
                0x00000000000838be                vRemoveFromTxQueue
                0x00000000000838fa                vAddToTxQueue
                0x0000000000083930                u8GetHeaderSize
                0x0000000000083958                vMiniMac_PLME_SetReq_CcaMode
                0x000000000008396c                vMiniMac_MLME_SetReq_MaxCsmaBackoffs
                0x000000000008398c                vMiniMac_MLME_SetReq_MaxBe
                0x00000000000839af                vMiniMac_MLME_SetReq_MinBe
                0x00000000000839d2                zps_psFormatCmdFrameGeneral
                0x0000000000083a5f                zps_eNwkFormStInit
                0x0000000000083a74                vSendDcfm.133303
                0x0000000000083a9a                bCheckMatchingEntry.132777
                0x0000000000083ac0                zps_psNwkSlistRemoveFromHead
                0x0000000000083ad7                zps_psNwkSlistRemove
                0x0000000000083b0f                zps_bNwkMcpsMgrRemoveDescrFromLists
                0x0000000000083b4d                zps_vNwkSlistAddToTail
                0x0000000000083b67                zps_vNwkSecClearMatSet
                0x0000000000083b91                ZPS_vNwkSecResetDevice
                0x0000000000083bd6                ZPS_bNwkSecHaveNetworkKey
                0x0000000000083c0a                ZPS_bNwkSecFindMatSet
                0x0000000000083c46                zps_eNwkRtMatch
                0x0000000000083d5f                zps_eNwkRctMatchNwkAddr
                0x0000000000083dc9                ZPS_u8NwkCalcNldeReqOverhead
                0x0000000000083e04                zps_vRemoveNextHop
                0x0000000000083eb9                zps_vRemoveRoute
                0x0000000000083f50                zps_psNwkRtMatchNwkAddr
                0x0000000000083fc6                ZPS_u8NwkNibNtDiscMatch
 .text.unlikely
                0x0000000000084082       0x43 C:\Users\Gillis\AppData\Local\Temp\ccOh41yS.ltrans1.ltrans.o
                0x0000000000084082                vAHI_MemoryHold.143476
 .text          0x00000000000840c5     0x1607 C:\Users\Gillis\AppData\Local\Temp\ccOh41yS.ltrans2.ltrans.o
                0x00000000000840c5                zps_eNwkHandleSceNwkUpdate
                0x00000000000840e9                PDUM_eNPduFree
                0x0000000000084156                ZPS_vInterceptMcpsDataCallback
                0x00000000000841b8                zps_vNwkMcpsMgrFreeReqDescr
                0x00000000000841ea                zps_vNwkRemoveConflictedBroadcast
                0x000000000008423c                vFreePendingReqDescr
                0x00000000000842a3                zps_vNwkMcpsMgrTidyBtrReqDescr
                0x00000000000842e6                vNwkBttTimerExpiry.130867
                0x0000000000084406                MAC_vHandleMcpsVsReqRsp
                0x0000000000084587                PDUM_hAPduAllocateAPduInstance
                0x00000000000845fb                hZCL_AllocateAPduInstance
                0x0000000000084637                zps_eAplZdoSendZdpResponse
                0x0000000000084680                bSendResponse.95193
                0x00000000000846c3                PDUM_eAPduFreeAPduInstance
                0x0000000000084a02                zps_bAplZdoMatchDescServer
                0x0000000000084a16                zps_bAplZdoNodeDescServer
                0x0000000000084b82                zps_bAplZdoSimpleDescServer
                0x0000000000084de3                zps_bAplZdoPowerDescServer
                0x0000000000084f00                zps_bAplZdoActiveEpServer
                0x0000000000084fe9                zps_bAplZdoSystemServerDiscoveryServer
                0x0000000000085072                zps_bAplZdoMgmtLqiServer
                0x000000000008529e                zps_bAplZdoMgmtRtgServer
                0x0000000000085544                ZPS_vResetBoundServerContext
                0x0000000000085547                PDM_eReadDataFromRecord
                0x00000000000855c9                vLoadAplRecord.71327
                0x00000000000855f7                vLoadNwkRecord.125384
                0x000000000008562f                zps_eAplZdoBdrmRequestSend
 .text          0x00000000000856cc     0x107b C:\Users\Gillis\AppData\Local\Temp\ccOh41yS.ltrans3.ltrans.o
                0x00000000000856cc                os_u32APP_cbGetTickTimer
                0x00000000000856d5                os_bAPP_cbSetTickTimerCompare
                0x0000000000085731                vZdoServersInit.3039
                0x00000000000857b8                boIdValueSearchMatch.117300
                0x00000000000858b5                vDispatch.58975
                0x0000000000085987                OS_eExitCriticalSection
                0x0000000000085a6c                OS_eActivateTask
                0x0000000000085b07                u16ZCL_APduInstanceWriteNBO
                0x0000000000085b5b                u16ZCL_WriteCommandHeader
                0x0000000000085bd3                u16ZCL_APduInstanceWriteStringNBO
                0x0000000000085c9a                u16ZCL_APduInstanceReadStringNBO
                0x0000000000085d6f                eZCL_GetAttributeTypeSizeFromBuffer
                0x0000000000085de6                u16ZCL_ReadTypeNBO
                0x0000000000085e9b                u16ZCL_APduInstanceReadNBO
                0x0000000000085eec                u16ZCL_ReadCommandHeader.part.0.43175
                0x0000000000085f63                eCLD_BasicCommandHandler
                0x0000000000085f8f                iPDM_ReadUserDataFromEEPROMsegment
                0x0000000000086009                iPDM_ReCalculateWearCountAndChecksumAndWriteFileSystemHeader
                0x0000000000086053                vPDM_SetEEPROMandFileSystemValidState
                0x000000000008607a                iPDM_ReadUserDataFromFileSystemRecord
                0x000000000008609a                vPDM_WriteFileSystemRecordAndSegmentDataIntoEEPROMsegment
                0x00000000000860d5                PWRM_vWakeInterruptCallback
                0x000000000008615c                iPDM_ReadSegmentHeaderDataFromEEPROMsegment
                0x00000000000861b5                ZPS_vGetDeviceCurrentData.constprop.13
                0x0000000000086234                iPDM_FilterDuplicateAppendedSegmentsOnList.118472
                0x0000000000086278                eCLD_ScenesFindActiveScene
                0x00000000000862ad                ZPS_bIsMacAddressUsedInApsTable
                0x0000000000086363                eCLD_GroupsCheckGroupExists
                0x00000000000863d0                eCLD_ScenesAddScene
                0x00000000000864b0                eCLD_ScenesFindScene
                0x000000000008650c                ZPS_eTsvOpen
                0x0000000000086529                zps_vNwkBttMgrInit
                0x0000000000086557                ZPS_vNwkNibClearTables
                0x0000000000086678                PDUM_vInit
                0x0000000000086733                bWhite_LED_Off
 .text          0x0000000000086747     0x144e C:\Users\Gillis\AppData\Local\Temp\ccOh41yS.ltrans4.ltrans.o
                0x0000000000086747                DBG_vUartFlush
                0x0000000000086774                DBG_vUartPutch
                0x00000000000867ba                MAC_u64GetExtAddr
                0x00000000000867d5                iPDM_SearchForBufferIdInList
                0x000000000008680a                iPDM_SearchForBufferIdInFileSystem
                0x000000000008681d                iPDM_ReadUserDataFromSegmentWithId
                0x0000000000086852                iPDM_SearchForSpecificSegmentInList
                0x0000000000086884                psGetTxFrameBuffer
                0x00000000000868c3                psGetAndBuildCoordRealignment
                0x000000000008691b                vMMAC_RadioToOffAndWait
                0x0000000000086938                vStartReceive
                0x0000000000086c37                vMiniMac_NextTransaction
                0x0000000000086ca1                MAC_vPibSetRxOnWhenIdle.constprop.85
                0x0000000000086ca9                eTransmit
                0x0000000000086d77                eBuildAndSend.141284
                0x0000000000086e29                vMiniMac_TxComplete
                0x0000000000086f1a                vTimerFired
                0x0000000000086fe9                vMiniMac_Init
                0x00000000000873aa                vMiniMac_PLME_SetReq_Power
                0x00000000000873bf                vMiniMac_PLME_SetReq_Channel
                0x00000000000873c8                eCLD_ScenesSaveClusters.constprop.39
                0x000000000008756a                OS_eStartSWTimer.constprop.135
                0x0000000000087689                os_vAPP_RadioRecal
                0x000000000008772b                OS_eContinueSWTimer.constprop.38
                0x000000000008780c                OS_eStopSWTimer
                0x000000000008792f                OS_ePostMessage
                0x0000000000087a95                os_vAPP_DiscoveryTimerTask
                0x0000000000087adc                os_vAPP_CommissionTimerTask
                0x0000000000087af2                vPostMlmeDcfmInd.78343
 .text          0x0000000000087b95     0x1250 C:\Users\Gillis\AppData\Local\Temp\ccOh41yS.ltrans5.ltrans.o
                0x0000000000087b95                vPostVsMcpsDcfmInd.78350
                0x0000000000087c7f                AESSW_vMMOBlockUpdate
                0x0000000000087ccf                zps_vSendJoinDcfm
                0x0000000000087d15                vGiveUp.135933
                0x0000000000087d4d                ZPS_bSecEncrypt
                0x0000000000087f03                APP_vHandleIdentify
                0x0000000000087f53                APP_ZCL_cbEndpointCallback.5824
                0x0000000000088110                PDUM_eNPduAllocate
                0x000000000008817f                zps_u8AplApsConstructAndPostLoopBackDataInd.64825
                0x00000000000882b8                u8PostUnicastMsgToNHLE.64833
                0x00000000000882f1                vMiniMac_McpsCallback
                0x0000000000088549                eMcpsTxCompleteHandler.140769
                0x0000000000088713                eZCL_TransmitInterPanRequest.constprop.36
                0x000000000008877d                eCLD_ZllCommissionCommandNetworkJoinRouterRspCommandSend.constprop.31
                0x00000000000887a7                eSendScanResponse.6591.constprop.34
                0x00000000000888e5                zps_psAllocateAndFormatMacHdr
                0x0000000000088be8                zps_psNwkInitCmdFrame
                0x0000000000088c67                eSendLinkStatusDataDcfm.part.1.122455
                0x0000000000088d99                PDUM_eNPduClone
 .text          0x0000000000088de5      0xd26 C:\Users\Gillis\AppData\Local\Temp\ccOh41yS.ltrans6.ltrans.o
                0x0000000000088de5                os_vAPP_cbDisableTickTimer
                0x0000000000088e29                os_vAPP_cbEnableTickTimer
                0x0000000000088f61                vRetryCcaFailure
                0x0000000000088fad                os_vAPP_ButtonsScanTask
                0x0000000000089053                eOrphanNotificationSent.141274
                0x000000000008909c                DBG_vUartInitHardware
                0x00000000000891d9                eZCL_SearchForClusterEntry
                0x0000000000089277                eZCL_FindCluster.constprop.126
                0x00000000000892c4                eCLD_GroupsSetIdentifying
                0x00000000000892e7                vCLD_IdentifyTimerClickCallback.15611
                0x000000000008936e                eCLD_OnOffSetGlobalSceneControl.constprop.26
                0x00000000000893a2                eZCL_CustomCommandReceiveScenes.isra.0.part.1.22504.constprop.22
                0x0000000000089496                vCLD_ScenesUpdateSceneValid
                0x0000000000089512                eCLD_OnOffSceneEventHandler.18672
                0x0000000000089549                eZCL_BuildTransmitAddressStructure
                0x00000000000895b6                DriverBulb_vInit.part.0.8295
                0x00000000000896a8                eCLD_ScenesCountScenes
                0x00000000000896c2                ZPS_bSecDecrypt
                0x00000000000897d4                boPDM_IsBitmapSaturated.118192
                0x000000000008981d                APP_bButtonInitialise
                0x0000000000089863                eCLD_ScenesStoreScene
                0x000000000008993b                bWhite_LED_On
                0x0000000000089952                vSetBulbState.part.0.8054
                0x0000000000089976                vSetBulbState
                0x000000000008998d                ZPS_u64NwkNibFindExtAddr
                0x0000000000089a33                eCLD_ScenesSetLastConfiguredBy.isra.2.22520
                0x0000000000089a6a                ZPS_u16NwkNibFindNwkAddr
 .text          0x0000000000089b0b     0x13f8 C:\Users\Gillis\AppData\Local\Temp\ccOh41yS.ltrans7.ltrans.o
                0x0000000000089b54                zps_eNwkHandleSceLeave
                0x0000000000089d0b                zps_vAplSaveRecord
                0x0000000000089e3c                zps_bNwkFindAddIeeeAddr
                0x0000000000089fba                ZPS_bNwkNibAddrMapAddEntry
                0x000000000008a181                zps_sNwkNibNtCheckJoin
                0x000000000008a42f                zps_vNwkHandleCmeDirectJoinReq
                0x000000000008a4ae                zps_vJoinInitNtParent
                0x000000000008a64d                zps_vCheckActvNtForDuplicate
                0x000000000008a6eb                eCheckAddrConflict.isra.4.123727
                0x000000000008a781                vAplSecRemoveLinkKey.71377
                0x000000000008a7fe                ZPS_vNwkMacEntriesClear
                0x000000000008a8a8                ZPS_vNwkSaveAllRecords
                0x000000000008a8bf                zps_vSaveAllZpsRecords
                0x000000000008a8de                ZPS_vNwkNibSetNwkAddr
                0x000000000008a8fd                zps_eNwkHandleSceRejnResponse
                0x000000000008a95a                ZPS_vNwkNibSetExtPanId
                0x000000000008a97e                vFinish.136370
                0x000000000008a9d3                eSmeOrphScanDcfm.136383
                0x000000000008aa4b                ZPS_vNwkNibSetKeySeqNum
                0x000000000008aa60                ZPS_vNwkNibSetDepth
                0x000000000008aa89                ZPS_vNwkNibSetUpdateId
                0x000000000008aa99                vSendNetworkUpdate.123494
                0x000000000008abc8                ZPS_vNwkNibSetPanId
                0x000000000008abe7                ZPS_vNwkNibSetCapabilityInfo
                0x000000000008ac15                ZPS_vNwkNibSetChannel
                0x000000000008ac2e                zps_u8NwkHandleRejoinReq
                0x000000000008acf7                vContinueRejoin.135158
                0x000000000008ad9e                zps_vProcessLocalAddrConflict
                0x000000000008ae49                zps_vTidyActvNtAfterJoin
                0x000000000008aed8                eUnsolicitedRejoinRspDataDcfm.123502
 *fill*         0x000000000008af03        0x1 00
 .text          0x000000000008af04     0x139c C:\Users\Gillis\AppData\Local\Temp\ccOh41yS.ltrans8.ltrans.o
                0x000000000008afab                OS_eEnterCriticalSection
                0x000000000008b073                ZPS_eTsvStart
                0x000000000008b0ce                vProcessTimedList.124420
                0x000000000008b114                zps_vNwkMcpsMgrPostTimed
                0x000000000008b127                vNwkMcpsSendTimedDfcm
                0x000000000008b16b                zps_vAplAfPostTimerEvent
                0x000000000008b1e7                zps_vExpireOldRoutes
                0x000000000008b26f                zps_vNwkJoinStStartResponseTimer
                0x000000000008b2a9                ZPS_eTsvStop
                0x000000000008b2fd                zps_vNwkHandleCmePermitJoinReq
                0x000000000008b365                zps_eNwkBtrMatch
                0x000000000008b462                zps_vAplApsStopPollTimer.part.3.64712
                0x000000000008b4e3                eHandleRemoveBroadcastEndpointsFromGroup.66243
                0x000000000008b53d                eZCL_SetReceiveEventAddressStructure
                0x000000000008b5bc                dbg_vPrintfImplNoneVerbose
                0x000000000008ba43                vfExtendedStatusCallBack
                0x000000000008ba4e                vUnclaimedInterrupt.3308
                0x000000000008ba61                vOSError.3310
                0x000000000008baa9                DBG_vDumpStack
                0x000000000008baeb                eCLD_ScenesRemoveAllScenes
                0x000000000008bb9c                eCLD_ScenesUpdate
                0x000000000008be63                eCLD_OnOffGetState
                0x000000000008be92                eCLD_LevelControlUpdate
                0x000000000008c111                eCLD_LevelControlStopTransition
                0x000000000008c14e                eCLD_LevelControlSetOnOffState
                0x000000000008c288                eCLD_LevelControlClusterIsPresent
 .text          0x000000000008c2a0     0x1497 C:\Users\Gillis\AppData\Local\Temp\ccOh41yS.ltrans9.ltrans.o
                0x000000000008c2a0                vNwkMcpsTimerCallback
                0x000000000008c2ba                zps_eSceGenlIllegal
                0x000000000008c2c1                zps_eSmeGenlIllegal
                0x000000000008c2c8                DBG_vUartFailedAssert
                0x000000000008c2cc                psGetVsMcpsBuf.78347
                0x000000000008c2d5                psGetMlmeBuf.78340
                0x000000000008c31c                psGetNlmeBuf.62210
                0x000000000008c326                psGetNldeBuf.62231
                0x000000000008c330                psGetApsmeBuf.62217
                0x000000000008c339                psGetApsdeBuf.62224
                0x000000000008c452                vLoopbackTimerCallback
                0x000000000008c481                zps_vNwkFreeMcpsHandle
                0x000000000008c4ab                ZPS_u64NwkNibGetMappedIeeeAddr
                0x000000000008c4cd                ZPS_bNwkNibNtActvMatch
                0x000000000008c57c                bCheckNwkAddr
                0x000000000008c5c5                ZPS_vSetExtendedStatus
                0x000000000008c5d7                zps_psApsApsAllocateDcfmRecord
                0x000000000008c645                zps_u8CalcLinkCost
                0x000000000008c681                zps_u64NwkLibFromPayload
                0x000000000008c6c0                zps_vNwkLibU64ToPayload
                0x000000000008c6ed                zps_vInitBeaconPayload
                0x000000000008c769                zps_eNwkDcfmIndPost
                0x000000000008c78c                zps_psNwkDcfmIndGetBuf
                0x000000000008c7ae                zps_vSendNwkStatusInd
                0x000000000008c7de                DBG_vInit
                0x000000000008c820                vPDM_ReadBitmapHeader.118157
                0x000000000008c83f                psSLISTsearch
                0x000000000008c87f                psSLISTremove
                0x000000000008c8fd                vSLISTaddToTail
                0x000000000008c91c                psSLISTgetNext
                0x000000000008c940                u8PDM_CalculateFileSystemCapacity
                0x000000000008c95e                u8PDM_CalculateLargestDataRecordStored
                0x000000000008c98f                bPDM_ImageBitmapRepairCheck
                0x000000000008c9b7                u8PDM_ReadSequenceNumber
                0x000000000008c9da                boSegmentNumberDeleteSearchMatch.117727
                0x000000000008c9f5                u8PDM_ReadSegmentDataSize
                0x000000000008ca09                u32PDM_ReadFileSystemHeaderWearCount
                0x000000000008ca1f                boSearchForWearCountSubstitute.118043
                0x000000000008ca45                boSearchForWearCountInsertPoint.117296
                0x000000000008ca63                vPDM_WriteFileSystemHeaderWearCount
                0x000000000008ca75                RND_u32GetRand256
                0x000000000008ca92                RND_u32GetRand
                0x000000000008cab9                u16CalculateFailedTxCount.96382
                0x000000000008cae3                vZdoIeeeAddrServerSendExtendResponse.part.0.82179
                0x000000000008cb44                vZdoNwkAddrServerSendExtendResponse.part.0.80999
                0x000000000008cba5                zps_bAplZdoServerHandleConfirmAcks
                0x000000000008cbef                zps_bPerformLeaveActionDecider
                0x000000000008cbf4                vHandleUpdateDeviceIndication.71300
                0x000000000008cc1e                bDuplicateCheck.67656
                0x000000000008cd2b                zps_vAplApsInitDuplicateTable
                0x000000000008cd4e                eHandleRemoveNonBroadcastEndpointsFromGroup.66284
                0x000000000008cdc6                eHandleAddEntryToGroupTable.66247
                0x000000000008ce22                zps_vAplApsInitFragTransmitPool
                0x000000000008ce43                zps_vAplApsFillAndPostApsAck
                0x000000000008cead                zps_u8AplApsFreeMsgHandle
                0x000000000008cf17                zps_vAplApsInitSyncMsgPool
                0x000000000008cf4f                zps_vAplApsInitFragReceivePool
                0x000000000008cf72                vFillDataIndStruct.62073
                0x000000000008cfd0                vFillApduErrorEvent.62066
                0x000000000008d013                bCheckProfile.62061
                0x000000000008d05a                ZPS_bIsGroupPresent
                0x000000000008d092                pdum_u16ReadNBO
                0x000000000008d1f3                PDUM_u16SizeNBO
                0x000000000008d251                PDUM_u16APduInstanceWriteStrNBO
                0x000000000008d3d0                PDUM_eNPduReadHeaderNBO
                0x000000000008d423                PDUM_u16APduInstanceReadNBO
                0x000000000008d46e                PDUM_eNPduPrependHeaderNBO
                0x000000000008d4c9                zps_vInitAPSMECmdHdr
                0x000000000008d500                PDUM_eNPduAppendDataNBO
                0x000000000008d55d                PDUM_u16APduInstanceWriteNBO
                0x000000000008d5c7                PDUM_thAPduInstanceGetApdu
                0x000000000008d5e2                PDUM_eAPduInstanceSetPayloadSize
                0x000000000008d60a                PDUM_eNPduWriteDataFromBuffer
                0x000000000008d664                PDUM_eNPduWriteDataToBuffer
                0x000000000008d6c2                PDUM_eNPduWriteFromBuffer
                0x000000000008d6eb                PDUM_eNPduDescend
                0x000000000008d711                PDUM_eNPduAscend
 *fill*         0x000000000008d737        0x1 00
 .text          0x000000000008d738     0x12f4 C:\Users\Gillis\AppData\Local\Temp\ccOh41yS.ltrans10.ltrans.o
                0x000000000008d738                vMcpsMgrExpiry.124392
                0x000000000008d797                vMiniMac_MlmeCallback
                0x000000000008dad7                vSendMlmeCommStatusFromTxFrame
                0x000000000008db2d                MAC_vHandleMlmeVsReqRsp.constprop.86
                0x000000000008e359                vScanBeaconReceived
                0x000000000008e398                vPostDcfm.141295
                0x000000000008e401                vScanNextChannel.141282
                0x000000000008e623                vRunningRxCallback
                0x000000000008e98a                iPDM_VerifyDataSequenceWithBufferId
 .text          0x000000000008ea2c     0x1328 C:\Users\Gillis\AppData\Local\Temp\ccOh41yS.ltrans11.ltrans.o
                0x000000000008ebd9                zps_eNwkHandleSceNwkStatus
                0x000000000008ed90                vSdeHandleMcpsDataInd.124488
                0x000000000008fa38                ZPS_vNwkNibCheckAndUpdateAddresses
                0x000000000008facf                zps_bAplZdoDeviceAnnceServer
 .text          0x000000000008fd54     0x115c C:\Users\Gillis\AppData\Local\Temp\ccOh41yS.ltrans12.ltrans.o
                0x000000000008fd54                vHandleZllDeviceJoin
                0x000000000008fe9c                vPostNldeDcfmInd.62234
                0x0000000000090974                iPDM_SelectValidFileRecordInstance.117141
                0x0000000000090a60                vSaveScenesNVM
                0x0000000000090b03                eCLD_GroupsRemoveAllGroups
                0x0000000000090bbd                vRemoveAllGroupsAndScenes
                0x0000000000090bcf                vManagePowerOnCountInit
                0x0000000000090c19                os_vAPP_vManagePowerOnCount
                0x0000000000090c71                vPickChannel.4395
                0x0000000000090ccf                zps_eAplZdoGroupEndpointRemove
                0x0000000000090d67                zps_eAplApsmeUpdateDeviceReqRsp.part.4.66381
 .text          0x0000000000090eb0     0x10fe C:\Users\Gillis\AppData\Local\Temp\ccOh41yS.ltrans13.ltrans.o
                0x0000000000090f18                zps_vNwkHandleCmeActvStartRouterReq
                0x0000000000091053                vHandleNwkLocalUpdateAfterBcast.123507
                0x00000000000910a6                vHandleNwkRemoteUpdateAfterBcast.123498
                0x00000000000910fa                eSmeAcScScanDcfm.133314
                0x00000000000913cf                ZPS_pvNwkCtor.constprop.83
                0x0000000000091952                ZPS_vNwkHandleNlmeReqRsp
                0x00000000000919cf                zps_vAplAfPostEvent
                0x0000000000091bb6                zps_eAplZdoLeaveNetwork.constprop.61
                0x0000000000091be1                zps_bAplZdoMgmtLeaveServer
                0x0000000000091d61                zps_eAplZdoNlmePermitJoiningWrapper
                0x0000000000091d89                zps_bAplZdoPermitJoiningServer
                0x0000000000091e15                vChangeChannelTimerExpiry.96374
                0x0000000000091e78                eLeaveReset.137362
                0x0000000000091ee3                eLeaveDataDcfmLocalLeave.137372
                0x0000000000091f5d                zps_eAplZdoZllStartRouter
 .text          0x0000000000091fae     0x13a4 C:\Users\Gillis\AppData\Local\Temp\ccOh41yS.ltrans14.ltrans.o
                0x0000000000091fae                zps_eNwkHandleSceLinkStatus
                0x00000000000920e2                zps_eNwkHandleSceRouteRequest
                0x00000000000925b3                zps_psFindKeyDescr
                0x00000000000926e7                zps_eAplSecEncryptPacket
                0x00000000000927d6                eUnfragmentedUnicastTransmission.64808
                0x0000000000092b11                zps_eAplSendApsmeCmdFrame
                0x0000000000092c82                vHandleTransportKeyFrame.67611
                0x0000000000092e61                vApsmeResendTimeOutHandler
                0x0000000000092e90                ZPS_vSetDevicePreviousData.constprop.14
                0x000000000009307e                zps_vAgeRouter
                0x00000000000930bc                zps_eNwkHandleSdeActvDcfmData
                0x0000000000093241                vMcpsMgrTimeoutExpiry
                0x00000000000932b0                zps_vLinkStatusHandleExpiry
 .text.unlikely
                0x0000000000093352       0x5f C:\Users\Gillis\AppData\Local\Temp\ccOh41yS.ltrans14.ltrans.o
                0x0000000000093352                vInitUnknownNeighbor.124404
 .text          0x00000000000933b1      0xefe C:\Users\Gillis\AppData\Local\Temp\ccOh41yS.ltrans15.ltrans.o
                0x00000000000933b1                zps_bAplZdoIeeeAddrServer
                0x000000000009350a                zps_bAplZdoNwkAddrServer
                0x000000000009368e                eBeaconReqSent.141278
                0x00000000000938cf                vPDM_AddFileSystemElementToListInAscendingWearCountOrder
                0x00000000000939dd                vPDM_MoveFileRecordFromListToList
                0x00000000000939ff                vPDM_MoveRecordToDeAllocList
                0x0000000000093a1f                iPDM_WriteSegmentHeaderAndData
                0x0000000000093c1b                vIncrementFrameCounterInPdm.isra.0.125818
                0x0000000000093dfa                vProcessListsForSubmission.124516
                0x00000000000940b4                zps_vNwkMcpsMgrPost
                0x00000000000940d8                iPDM_SegmentCopyAndAppendData.constprop.134
                0x0000000000094135                PWRM_vManagePower
                0x000000000009427f                vTransformKey.isra.0.67778
 .text          0x00000000000942af      0xe24 C:\Users\Gillis\AppData\Local\Temp\ccOh41yS.ltrans16.ltrans.o
                0x00000000000942af                zps_vNwkHandleCmeRouteDiscoveryReq
                0x0000000000094335                vPDM_MoveAllDataFromListToList
                0x0000000000094373                vPDM_MoveAllDataWithBufferIdAndStateFromListToList
                0x00000000000943fe                vPDM_MoveAllDataToDeAllocList
                0x0000000000094426                iPDM_ReconstructReplacedDataTable
                0x00000000000946a5                vPDM_ImageBitmapRepair.117215
                0x0000000000094706                vPDM_MoveAllDataWithBufferIdFromListToList
                0x000000000009478b                vPDM_DeleteAppendedSequence
                0x0000000000094830                PDM_eSaveRecordData
                0x0000000000094c65                ZPS_vNwkSaveRecord
                0x0000000000094c91                ZPS_vNwkSaveNt
                0x0000000000094ca4                ZPS_vNwkPurgeMacAddressAndRelatedEntries
                0x0000000000094db7                ZPS_vNtSetUsedStatus
                0x0000000000094e5e                zps_vBuildSortedActvNTList
                0x0000000000094f1c                ZPS_vNwkSaveSecMat
                0x0000000000094f6c                vPDM_DeleteSegmentsWithIdFromFileSystem
                0x0000000000094f8d                ZPS_vNwkResetOutgoingFrameCounter
                0x0000000000094fd2                zps_eAplApsmeCmdMgrSendCommand
                0x00000000000950a9                zps_vAplApsmeCmdMgrRetryTimeout.66216
 *fill*         0x00000000000950d3        0x1 00
 .text          0x00000000000950d4      0xfa4 C:\Users\Gillis\AppData\Local\Temp\ccOh41yS.ltrans17.ltrans.o
                0x00000000000950d4                vAplSecAuthPollTimerExpiry.71277
                0x0000000000095126                vAplSecAuthTimerExpiry.71281
                0x00000000000951f0                vHandleApsInterPanDcfmData
                0x0000000000095618                vPostApsdeDcfmInd.62227
                0x000000000009583d                zps_vHandleApsdeDataFragIndNotSupported
                0x00000000000958a6                vApsInterPanMcpsDataInd
                0x0000000000095a4d                eDiscoverNetworks.71346
                0x0000000000095aa3                zps_eAplZdoDiscoverNetworks
                0x0000000000095acc                eStartNetworkDiscovery.71352
                0x0000000000095b53                eStartRouter.71578
                0x0000000000095c25                vPostApsmeDcfmInd.62220
 .text          0x0000000000096078      0xea0 C:\Users\Gillis\AppData\Local\Temp\ccOh41yS.ltrans18.ltrans.o
                0x0000000000096078                vBbcIntHandler.140329
                0x0000000000096341                os_vzps_isrMAC
                0x0000000000096380                eAssocRespSent.140637
                0x000000000009647e                eRejoinRspDataDcfm.135162
                0x0000000000096601                zps_vCleanUnAuthenHandleExpiry
                0x0000000000096696                zps_vNwkHandleCmeSyncReq
                0x00000000000966f2                zps_vNwkHandleCmeIdleNwkFormReq
                0x00000000000967f8                zps_vNwkHandleCmeNwkDiscReq
                0x0000000000096872                zps_vNwkHandleCmeEdScanReq
                0x0000000000096a57                zps_vNwkHandleCmeNwkJoinReq
                0x0000000000096d30                zps_vNwkHandleCmeNwkActvJoinReq
                0x0000000000096dcc                vSetKeys
                0x0000000000096e51                vResetDataStructures
 .text          0x0000000000096f18      0xf48 C:\Users\Gillis\AppData\Local\Temp\ccOh41yS.ltrans19.ltrans.o
                0x00000000000971ce                zps_eZdpNodeDescResponse
                0x0000000000097276                zps_eZdpSimpleDescResponse
                0x0000000000097383                zps_eZdpPowerDescResponse
                0x0000000000097420                zps_eZdpActiveEpResponse
                0x00000000000974b6                eZCL_TransmitDataRequest
                0x000000000009781d                eZCL_SendDefaultResponse
                0x000000000009791c                eZCL_CustomCommandReceive
                0x0000000000097a92                eCLD_OnOffCommandHandler
 .text          0x0000000000097e60     0x12da C:\Users\Gillis\AppData\Local\Temp\ccOh41yS.ltrans20.ltrans.o
                0x0000000000097ec8                vSendNetworkReport.123490
                0x0000000000097fd8                vHandleRouteDiscoveryExpiry.128343
                0x0000000000098041                zps_psNwkInitiateRouteDiscovery
                0x00000000000981d6                zps_psNwkSendRejoinReqCmd.constprop.10
                0x0000000000098254                zps_psSendNetworkStatusCmd
                0x00000000000984c0                zps_eNwkHandleSceRouteRecord
                0x000000000009859f                zps_eDefaultDataDcfm
                0x000000000009868e                zps_psSendFrm
                0x00000000000989f8                zps_psSendBroadcastFrm
                0x0000000000098a8e                ZPS_vNwkHandleNldeReqRsp
                0x0000000000098c8b                psSendRouteReplyCmd.128765
                0x0000000000098d9d                zps_eNwkHandleSceRouteReply
                0x0000000000099048                zps_psNwkPropagateLocalLeave
                0x0000000000099071                zps_vNwkHandleCmeLeaveReq
 *fill*         0x000000000009913a        0x2 00
 .text          0x000000000009913c     0x1104 C:\Users\Gillis\AppData\Local\Temp\ccOh41yS.ltrans21.ltrans.o
                0x00000000000992b8                zps_bAplZdoZdoClient
                0x00000000000993b2                zps_eAplZdpDeviceAnnceRequest.part.0.100216
                0x00000000000993f9                os_vAPP_Commission_Task
 .text          0x000000000009a240      0xf74 C:\Users\Gillis\AppData\Local\Temp\ccOh41yS.ltrans22.ltrans.o
                0x000000000009a59c                zps_eNwkHandleSmeAssocInd
                0x000000000009a5be                zps_eNwkHandleSceRejnRequest
                0x000000000009a6e7                zps_eNwkHandleSmeOrphanInd
                0x000000000009a6f7                vStartScanTimerExpiry.96378
                0x000000000009a733                zps_vAplApsPollTimer
                0x000000000009a8ed                vPostNlmeDcfmInd.62213
                0x000000000009aff6                zps_vProcessChildAddrConflict
                0x000000000009b0b9                vDiscoverNetworks.4398
                0x000000000009b125                vTryNwkJoin.4402
 .text          0x000000000009b1b4      0xe3b C:\Users\Gillis\AppData\Local\Temp\ccOh41yS.ltrans23.ltrans.o
                0x000000000009b1b4                eCLD_ScenesCommandHandler
 *fill*         0x000000000009bfef        0x1 00
 .text          0x000000000009bff0      0xd74 C:\Users\Gillis\AppData\Local\Temp\ccOh41yS.ltrans24.ltrans.o
                0x000000000009c955                os_vTick_Task
                0x000000000009ccdf                os_vZCL_Task
 .text          0x000000000009cd64      0xed0 C:\Users\Gillis\AppData\Local\Temp\ccOh41yS.ltrans25.ltrans.o
                0x000000000009d1da                eCLD_ZllCommissionCommandHandler
                0x000000000009d411                eCLD_LevelControlCommandHandler
                0x000000000009d79f                vZCL_HandleAttributesWriteRequest
 .text          0x000000000009dc34     0x1085 C:\Users\Gillis\AppData\Local\Temp\ccOh41yS.ltrans26.ltrans.o
                0x000000000009dc34                os_bDummyMemberCheck.58985
                0x000000000009dc39                os_vDefaultErrorHook.58981
                0x000000000009dc3c                bCLD_ScenesSearchForScene.23127
                0x000000000009dc6f                eCLD_LevelControlSceneEventHandler.17230
                0x000000000009dcb8                vOverideProfileId.8050
                0x000000000009dcc5                APP_ZCL_cbGeneralCallback.5827
                0x000000000009dcc8                os_bStrictCheck.1358
                0x000000000009e00d                bCLD_GroupsSearchForGroup.14546
                0x000000000009e032                PDUM_eNPduClaimData
                0x000000000009e09f                PDUM_eNPduClaimHeader
                0x000000000009e0c2                PDUM_eNPduInitDescending
                0x000000000009e0dd                eExpireSWTimer.58994
                0x000000000009e148                vEnterErrorHook.58977
                0x000000000009e16f                OS_eCollectMessage
                0x000000000009e234                eZCL_BuildClientTransmitAddressStructure
                0x000000000009e265                eZCL_GetAttributeTypeSize
                0x000000000009e284                vZCL_MarkAttributeInvalid
                0x000000000009e353                eZCL_CheckEPstructureIntegrity.38928
                0x000000000009e53b                u8ZCL_GetAttributeAllignToFourBytesBoundary
                0x000000000009e550                pvZCL_GetAttributePointer
                0x000000000009e5c6                u16ZCL_WriteTypeNBO.part.0.40282
                0x000000000009e63b                u16ZCL_GetStringStructureSize
                0x000000000009e678                u16ZCL_GetStringAttributeTypeSizeFromBuffer
                0x000000000009e6e9                u16ZCL_GetStringSizeAndBufferFromStructure
                0x000000000009e778                bZCL_SendCommandResponse
                0x000000000009e794                vZCL_GetInternalMutex
                0x000000000009e7bd                eZCL_GetMutex
                0x000000000009e7f5                u8ZCL_GetEPIdFromIndex
                0x000000000009e817                vZCL_ReleaseInternalMutex
                0x000000000009e831                eZCL_SearchForAttributeEntry
                0x000000000009e8f4                vCLD_ScenesGenerateIndividualAttributeCallback
                0x000000000009e94e                eZCL_SearchForEPentry
                0x000000000009e9a9                eZCL_SearchForEPentryAndCheckManufacturerId
                0x000000000009e9e7                vZCL_PassEventToUser
                0x000000000009ea14                eZCL_ReleaseMutex
                0x000000000009ea43                eZCL_Register.part.1.38937
                0x000000000009ea71                boDLISTisEmpty
                0x000000000009ea89                vDLISTaddToTail
                0x000000000009eab7                psDLISTremoveFromHead
                0x000000000009eae0                psDLISTremove
                0x000000000009eb38                vWriteU64ToPayLoad.25460
                0x000000000009eb65                vWriteU32ToPayLoad.25456
                0x000000000009eb7d                InvShiftRows
                0x000000000009ec10                InvSubBytes
                0x000000000009ec56                AddRoundKey
                0x000000000009ec97                getSBoxValue.5177
 *fill*         0x000000000009ecb9        0x3 00
 .text          0x000000000009ecbc      0xb88 C:\Users\Gillis\AppData\Local\Temp\ccOh41yS.ltrans27.ltrans.o
                0x000000000009ecbc                eZCL_CustomCommandSend.constprop.27
                0x000000000009ef1e                eCLD_IdentifyCommandHandler
                0x000000000009f372                eCLD_GroupsCommandHandler
 .text          0x000000000009f844      0xbe4 C:\Users\Gillis\AppData\Local\Temp\ccOh41yS.ltrans28.ltrans.o
                0x000000000009f844                zps_eZdpMatchDescResponse
                0x000000000009f8da                zps_eZdpSystemServerDiscoveryResponse
                0x000000000009f949                zps_eAplZdpMgmtLqiResponse
                0x000000000009fa31                zps_eAplZdpMgmtRtgResponse
                0x000000000009faf8                zps_eZdpNwkAddrResponse
                0x000000000009fbdb                zps_eZdpIeeeAddrResponse
                0x000000000009fd70                zps_bAplZdoMgmtNWKUpdateServer
                0x00000000000a00e0                os_vAPP_ZPR_Light_Task
 .text          0x00000000000a0428      0x787 C:\Users\Gillis\AppData\Local\Temp\ccOh41yS.ltrans29.ltrans.o
                0x00000000000a0428                ZPS_vAplHandleApsdeReqRsp
                0x00000000000a0842                zps_eAplZdpApsdeReqInternal
                0x00000000000a08b1                zps_bAplZdoDefaultServer
                0x00000000000a0b6d                zps_eZdpMgmtLeaveResponse
                0x00000000000a0b8e                zps_eZdpMgmtPermitJoiningResponse
 .text          0x00000000000a0baf      0x629 C:\Users\Gillis\AppData\Local\Temp\ccOh41yS.ltrans30.ltrans.o
                0x00000000000a0d6c                vHandleRejoinExpiry.135929
                0x00000000000a0db5                zps_eRejoinDataDcfm
                0x00000000000a0de8                eSmeAsocAssocDcfm.136537
                0x00000000000a0e6c                eSmeRjPCPollDcfm.136533
                0x00000000000a0ead                eSceRjRsRejoinRsp.136501
                0x00000000000a0f82                os_vzps_taskZPS
                0x00000000000a119f                zps_sNwkLibSubmitScan
 .text          0x00000000000a11d8      0x484 C:\Users\Gillis\AppData\Local\Temp\ccOh41yS.ltrans31.ltrans.o
                0x00000000000a11d8                AppWarmStart
                0x00000000000a11f2                AppColdStart
                0x00000000000a142a                os_vUnclaimedInterrupt
                0x00000000000a143c                os_vControlledIntCheck
                0x00000000000a1481                os_vControlledInterrupt
                0x00000000000a14ba                os_vvISR_SystemController
                0x00000000000a14e6                os_vvISR_Timer4
                0x00000000000a14f5                os_vvISR_Timer3
                0x00000000000a1504                os_vAPP_isrIllegalInstruction
                0x00000000000a151a                os_vAPP_isrAlignmentException
                0x00000000000a1530                os_vAPP_isrBusErrorException
                0x00000000000a1546                os_vAPP_isrUnimplementedModuleException
                0x00000000000a1559                os_vAPP_isrStackOverflowException
                0x00000000000a156c                os_vAPP_isrTickTimer
 .text          0x00000000000a165c       0x25 c:/nxp/bstudio_nxp/sdk/tools/ba-elf-ba2-r36379/bin/../lib/gcc/ba-elf/4.7.4/../../../../ba-elf/lib/mcpu_jn51xx_sizeopt\libc.a(lib_a-memcmp.o)
                0x00000000000a165c                memcmp
 .text          0x00000000000a1681       0x19 c:/nxp/bstudio_nxp/sdk/tools/ba-elf-ba2-r36379/bin/../lib/gcc/ba-elf/4.7.4/../../../../ba-elf/lib/mcpu_jn51xx_sizeopt\libc.a(lib_a-memcpy.o)
 .text          0x00000000000a169a       0x12 c:/nxp/bstudio_nxp/sdk/tools/ba-elf-ba2-r36379/bin/../lib/gcc/ba-elf/4.7.4/../../../../ba-elf/lib/mcpu_jn51xx_sizeopt\libc.a(lib_a-memset.o)
                0x00000000000a169a                memset
 .text          0x00000000000a16ac       0x12 c:/nxp/bstudio_nxp/sdk/tools/ba-elf-ba2-r36379/bin/../lib/gcc/ba-elf/4.7.4/../../../../ba-elf/lib/mcpu_jn51xx_sizeopt\libc.a(lib_a-strlen.o)
                0x00000000000a16ac                strlen
 .text          0x00000000000a16be       0x2b c:/nxp/bstudio_nxp/sdk/tools/ba-elf-ba2-r36379/bin/../lib/gcc/ba-elf/4.7.4/../../../../ba-elf/lib/mcpu_jn51xx_sizeopt\libc.a(lib_a-strncpy.o)
                0x00000000000a16be                strncpy
 *fill*         0x00000000000a16e9        0x3 00
 .text          0x00000000000a16ec      0x204 c:/nxp/bstudio_nxp/sdk/tools/ba-elf-ba2-r36379/bin/../lib/gcc/ba-elf/4.7.4/mcpu_jn51xx_sizeopt\libgcc.a(__udivsi3.o)
                0x00000000000a16ec                __udivsi3
 .text          0x00000000000a18f0       0x30 c:/nxp/bstudio_nxp/sdk/tools/ba-elf-ba2-r36379/bin/../lib/gcc/ba-elf/4.7.4/mcpu_jn51xx_sizeopt\libgcc.a(__divsi3.o)
                0x00000000000a18f0                __divsi3
 .text          0x00000000000a1920      0x1b0 c:/nxp/bstudio_nxp/sdk/tools/ba-elf-ba2-r36379/bin/../lib/gcc/ba-elf/4.7.4/mcpu_jn51xx_sizeopt\libgcc.a(__umodsi3.o)
                0x00000000000a1920                __umodsi3
 .text          0x00000000000a1ad0       0x24 c:/nxp/bstudio_nxp/sdk/tools/ba-elf-ba2-r36379/bin/../lib/gcc/ba-elf/4.7.4/mcpu_jn51xx_sizeopt\libgcc.a(__modsi3.o)
                0x00000000000a1ad0                __modsi3
 .text          0x00000000000a1af4      0x3bd c:/nxp/bstudio_nxp/sdk/tools/ba-elf-ba2-r36379/bin/../lib/gcc/ba-elf/4.7.4/mcpu_jn51xx_sizeopt\libgcc.a(_divdi3.o)
                0x00000000000a1af4                __divdi3
 .text          0x00000000000a1eb1      0x350 c:/nxp/bstudio_nxp/sdk/tools/ba-elf-ba2-r36379/bin/../lib/gcc/ba-elf/4.7.4/mcpu_jn51xx_sizeopt\libgcc.a(_udivdi3.o)
                0x00000000000a1eb1                __udivdi3
 *fill*         0x00000000000a2201        0x7 00
 .text          0x00000000000a2208      0x1d0 c:/NXP/bstudio_nxp/workspace/JN-AN-1171-ZigBee-LightLink-Demo/Light_OnOffLight/Build/os_irq.o
                0x00000000000a2208                os_ExternalException_W
                0x00000000000a224c                os_PIC_ChannelPriorities
                0x00000000000a225c                os_OSMIUM_HwVectTable
                0x00000000000a2298                os_PIC_SwVectTable
 .text          0x00000000000a23d8       0x29 c:/NXP/bstudio_nxp/workspace/JN-AN-1171-ZigBee-LightLink-Demo/Light_OnOffLight/Build/os_irq_alignment.o
                0x00000000000a23d8                IRQ_Alignment
 .text          0x00000000000a2401       0x29 c:/NXP/bstudio_nxp/workspace/JN-AN-1171-ZigBee-LightLink-Demo/Light_OnOffLight/Build/os_irq_buserror.o
                0x00000000000a2401                IRQ_BusError
 .text          0x00000000000a242a       0x29 c:/NXP/bstudio_nxp/workspace/JN-AN-1171-ZigBee-LightLink-Demo/Light_OnOffLight/Build/os_irq_illegalinstruction.o
                0x00000000000a242a                IRQ_IllegalInstruction
 .text          0x00000000000a2453       0x29 c:/NXP/bstudio_nxp/workspace/JN-AN-1171-ZigBee-LightLink-Demo/Light_OnOffLight/Build/os_irq_stackoverflowexception.o
                0x00000000000a2453                IRQ_StackOverflowException
 .text          0x00000000000a247c       0x29 c:/NXP/bstudio_nxp/workspace/JN-AN-1171-ZigBee-LightLink-Demo/Light_OnOffLight/Build/os_irq_unimplementedmodule.o
                0x00000000000a247c                IRQ_UnimplementedModule
 *fill*         0x00000000000a24a5        0x3 00
 .text          0x00000000000a24a8       0xc0 c:/NXP/bstudio_nxp/sdk/JN-SW-4168/Components/Library\libOS_JN516x.a(os_contirq_JN516x.o)
                0x00000000000a24a8                os_ExternalException_R
                0x00000000000a24d8                os_CFunc_W
                0x00000000000a2528                os_UnclaimedException_W
                0x00000000000a2548                os_UnclaimedInterrupt_W
 .text          0x00000000000a2568       0x48 c:/NXP/bstudio_nxp/sdk/JN-SW-4168/Components/Library\libPWRM_JN516x.a(pwrm_setjmp_JN516x.o)
                0x00000000000a2568                setjmp
                0x00000000000a258c                PWRM_longjmp
 .text          0x00000000000a25b0       0x27 c:/NXP/bstudio_nxp/sdk/JN-SW-4168/Components/Library\libHardwareApi_JN5169.a(AHI_Interrupt.o)
                0x00000000000a25b0                vAHI_InterruptSetPriority
                0x00000000000a25ce                vAHI_InterruptSetActivePriorityLevel
 .text.vMicroSyscall
                0x00000000000a25d7       0x17 c:/NXP/bstudio_nxp/sdk/JN-SW-4168/Components/Library\libMicroSpecific_JN516x.a(MicroSyscall_ba.o)
                0x00000000000a25d7                vMicroSyscall
 .text          0x00000000000a25ee        0x0 c:/NXP/bstudio_nxp/sdk/JN-SW-4168/Components/Library\libOS_JN516x.a(os_version_lc.o)
                0x00000000000a25ee                OS_Version_1v2
 .text          0x00000000000a25ee        0x0 c:/NXP/bstudio_nxp/sdk/JN-SW-4168/Components/Library\libZPSAPL_JN516x.a(zps_apl_version_lc.o)
                0x00000000000a25ee                ZPS_APL_Version_2v0
 .text          0x00000000000a25ee        0x0 c:/NXP/bstudio_nxp/sdk/JN-SW-4168/Components/Library\libZPSNWK_JN516x.a(zps_nwk_version_lc.o)
                0x00000000000a25ee                ZPS_NWK_Version_2v0
                0x00000000000a25ee                _flash_end = ABSOLUTE (.)

.rela.dyn       0x00000000000a25f0        0x0
 .rela.text     0x0000000000000000        0x0 c:/NXP/bstudio_nxp/workspace/JN-AN-1171-ZigBee-LightLink-Demo/Light_OnOffLight/Build/os_irq.o
 .rela.data     0x0000000000000000        0x0 c:/NXP/bstudio_nxp/workspace/JN-AN-1171-ZigBee-LightLink-Demo/Light_OnOffLight/Build/os_irq.o
 .rela.rodata   0x0000000000000000        0x0 c:/NXP/bstudio_nxp/workspace/JN-AN-1171-ZigBee-LightLink-Demo/Light_OnOffLight/Build/os_irq.o
                0x000000000400004c                . = ORIGIN (ram)

.data           0x000000000400004c      0x7f4 load address 0x00000000000a25f0
                0x000000000400004c                _ram_data_start = ABSOLUTE (.)
 *(.data*)
 .data          0x000000000400004c       0xc0 C:\Users\Gillis\AppData\Local\Temp\ccOh41yS.ltrans0.ltrans.o
                0x000000000400004c                u8MiniMacConfig_MaxConcurrentAssocResponses
                0x0000000004000050                psShadowRxBuffer
 .data          0x000000000400010c        0x4 C:\Users\Gillis\AppData\Local\Temp\ccOh41yS.ltrans1.ltrans.o
                0x000000000400010c                u32HeapStart
 .data          0x0000000004000110        0x1 C:\Users\Gillis\AppData\Local\Temp\ccOh41yS.ltrans4.ltrans.o
 *fill*         0x0000000004000111        0x1 00
 .data          0x0000000004000112        0x6 C:\Users\Gillis\AppData\Local\Temp\ccOh41yS.ltrans5.ltrans.o
 .data          0x0000000004000118        0x1 C:\Users\Gillis\AppData\Local\Temp\ccOh41yS.ltrans6.ltrans.o
 .data          0x0000000004000119        0x1 C:\Users\Gillis\AppData\Local\Temp\ccOh41yS.ltrans8.ltrans.o
 *fill*         0x000000000400011a        0x2 00
 .data          0x000000000400011c        0x4 C:\Users\Gillis\AppData\Local\Temp\ccOh41yS.ltrans14.ltrans.o
                0x000000000400011c                bCanLoopback.65061
 .data          0x0000000004000120       0x38 C:\Users\Gillis\AppData\Local\Temp\ccOh41yS.ltrans21.ltrans.o
                0x0000000004000120                sDeviceTable
 .data          0x0000000004000158        0xc C:\Users\Gillis\AppData\Local\Temp\ccOh41yS.ltrans24.ltrans.o
 .data          0x0000000004000164       0xa4 C:\Users\Gillis\AppData\Local\Temp\ccOh41yS.ltrans26.ltrans.o
                0x0000000004000164                s_asapduZCLInstances
                0x00000000040001dc                s_asapduZDPInstances
 .data          0x0000000004000208        0x4 C:\Users\Gillis\AppData\Local\Temp\ccOh41yS.ltrans28.ltrans.o
                0x0000000004000208                sZllState
 .data          0x000000000400020c        0x1 C:\Users\Gillis\AppData\Local\Temp\ccOh41yS.ltrans30.ltrans.o
 *fill*         0x000000000400020d        0x3 00
 .data          0x0000000004000210      0x618 C:\Users\Gillis\AppData\Local\Temp\ccOh41yS.ltrans31.ltrans.o
                0x0000000004000210                s_keyPairTableStorage.3131
                0x0000000004000270                os_Mutex_mutexMAC
                0x0000000004000278                os_Mutex_mutexZPS
                0x0000000004000280                s_sApl.3086
                0x00000000040003d0                os_Message_APP_msgZpsEvents_ZCL
                0x00000000040003f4                os_SWTimer_APP_cntrTickTimer_APP_DiscoveryTimer
                0x0000000004000410                os_SWTimer_APP_cntrTickTimer_APP_CommissionTimer
                0x000000000400042c                os_SWTimer_APP_cntrTickTimer_APP_TickTimer
                0x0000000004000448                os_Message_APP_msgZpsEvents
                0x000000000400046c                os_Message_APP_msgEvents
                0x0000000004000490                os_Message_APP_msgPOREvents
                0x00000000040004b4                os_Message_APP_DiscoveryEvents
                0x00000000040004d8                os_Message_APP_CommissionEvents
                0x00000000040004fc                os_SWTimer_APP_cntrTickTimer_APP_RadioRecalTimer
                0x0000000004000518                os_Message_zps_msgMlmeDcfmInd
                0x000000000400053c                os_Message_zps_msgTimeEvents
                0x0000000004000560                os_Message_zps_msgMcpsDcfmInd
                0x0000000004000584                os_Message_zps_msgMcpsDcfm
                0x00000000040005a8                os_SWTimer_APP_cntrTickTimer_APP_PowerOnCountTimer
                0x00000000040005c4                os_Task_ZCL_Task
                0x00000000040005d0                os_Task_APP_ButtonsScanTask
                0x00000000040005dc                os_Task_APP_DiscoveryTimerTask
                0x00000000040005e8                os_Task_APP_CommissionTimerTask
                0x00000000040005f4                os_Task_Tick_Task
                0x0000000004000600                os_Task_APP_ZPR_Light_Task
                0x000000000400060c                os_Task_APP_Commission_Task
                0x0000000004000618                os_Task_zps_taskZPS
                0x0000000004000624                os_Task_APP_vManagePowerOnCount
                0x0000000004000630                os_SWTimer_APP_cntrTickTimer_APP_ButtonsScanTimer
                0x000000000400064c                u8AhiBaudRate.118658
                0x000000000400064d                bFirstCalled.3145.8344
                0x0000000004000650                s_prbMemberCheck.59101
                0x0000000004000654                s_prvErrorHook.59099
                0x0000000004000658                g_u8ZpsExpiryMaxCount
 .data.s_asAPduPool
                0x0000000004000828       0x18 c:/NXP/bstudio_nxp/workspace/JN-AN-1171-ZigBee-LightLink-Demo/Light_OnOffLight/Build/pdum_apdu.o
                0x0000000004000828                pdum_apduZDP
                0x0000000004000828                s_asAPduPool
                0x0000000004000834                pdum_apduZCL
 *(.data.*)
                0x0000000004000840                . = ALIGN (0x4)
                0x0000000004000840                _ram_data_end = ABSOLUTE (.)

.bss            0x0000000004000840     0x3c70 load address 0x00000000000a2de4
                0x0000000004000840                _bss_start = ABSOLUTE (.)
 *(.bss*)
 .bss           0x0000000004000840      0x600 C:\Users\Gillis\AppData\Local\Temp\ccOh41yS.ltrans0.ltrans.o
                0x0000000004000840                psNextWake.59172
                0x0000000004000844                s_bWakeTimerActive.59173
                0x0000000004000845                s_ePowerMode.59174
                0x0000000004000846                gu16NumberOfSegments.144407
                0x0000000004000848                pfExtendedStatusCallBack.123017
                0x000000000400084c                sScenesCustomData.4213
                0x0000000004000990                psAplDefaultZLLAPSLinkKey
                0x0000000004000994                s_u32x.116312
                0x0000000004000998                pfOptionsFilterCallback
                0x000000000400099c                pfnHandleZllDeviceJoin
                0x00000000040009a0                s_prExpireFn.145545
                0x00000000040009a4                s_hMutex.145544
                0x00000000040009a8                pvRxStore
                0x00000000040009ac                pvTxStore
                0x00000000040009b0                g_pvAplHandle
                0x00000000040009b4                s_hMacMutex
                0x00000000040009b8                s_sDcfmIndMgr.145309
                0x00000000040009c0                prAppMlmeGetBuffer
                0x00000000040009c4                prAppMlmeCallback
                0x00000000040009c8                u8MiniMac_RunTimeOptions
                0x00000000040009cc                sReversedMacAddr.142571
                0x00000000040009d4                sThisDeviceMacAddr
                0x00000000040009dc                gZpsSetByProfile.62190