Archive member included because of file (symbol)

c:/NXP/bstudio_nxp/sdk/JN-SW-4168/Components/Library\libOS_JN516x.a(os.o)
                              c:/NXP/bstudio_nxp/workspace/JN-AN-1171-ZigBee-LightLink-Demo/Light_ExtendedColorLight/Build/os_gen.o (symbol from plugin) (os_vStart)
c:/NXP/bstudio_nxp/sdk/JN-SW-4168/Components/Library\libOS_JN516x.a(os_contirq_JN516x.o)
                              c:/NXP/bstudio_nxp/workspace/JN-AN-1171-ZigBee-LightLink-Demo/Light_ExtendedColorLight/Build/os_irq.o (os_UnclaimedException_W)
c:/NXP/bstudio_nxp/sdk/JN-SW-4168/Components/Library\libPWRM_JN516x.a(pwrm.o)
                              c:/NXP/bstudio_nxp/workspace/JN-AN-1171-ZigBee-LightLink-Demo/Light_ExtendedColorLight/Build/app_start_light.o (symbol from plugin) (PWRM_vInit)
c:/NXP/bstudio_nxp/sdk/JN-SW-4168/Components/Library\libPWRM_JN516x.a(pwrm_setjmp_JN516x.o)
                              pwrm.o (symbol from plugin) (setjmp)
c:/NXP/bstudio_nxp/sdk/JN-SW-4168/Components/Library\libPWRM_JN516x.a(pwrm_cold_start.o)
                              (AppColdStart)
c:/NXP/bstudio_nxp/sdk/JN-SW-4168/Components/Library\libPWRM_JN516x.a(pwrm_warm_start.o)
                              (AppWarmStart)
c:/NXP/bstudio_nxp/sdk/JN-SW-4168/Components/Library\libAES_SW_JN516x.a(aes_sw_mmo.o)
                              c:/NXP/bstudio_nxp/workspace/JN-AN-1171-ZigBee-LightLink-Demo/Light_ExtendedColorLight/Build/OTA.o (symbol from plugin) (AESSW_vMMOBlockUpdate)
c:/NXP/bstudio_nxp/sdk/JN-SW-4168/Components/Library\libPDUM_JN516x.a(pdum_nwk.o)
                              c:/NXP/bstudio_nxp/workspace/JN-AN-1171-ZigBee-LightLink-Demo/Light_ExtendedColorLight/Build/pdum_gen.o (symbol from plugin) (pdum_vNPduInit)
c:/NXP/bstudio_nxp/sdk/JN-SW-4168/Components/Library\libPDUM_JN516x.a(pdum_apl.o)
                              c:/NXP/bstudio_nxp/workspace/JN-AN-1171-ZigBee-LightLink-Demo/Light_ExtendedColorLight/Build/app_ota_client.o (symbol from plugin) (PDUM_u16APduInstanceReadNBO)
c:/NXP/bstudio_nxp/sdk/JN-SW-4168/Components/Library\libPDUM_JN516x.a(pdum.o)
                              pdum_nwk.o (symbol from plugin) (PDUM_u16SizeNBO)
c:/NXP/bstudio_nxp/sdk/JN-SW-4168/Components/Library\libZPSAPL_JN516x.a(zps_apl_af.o)
                              c:/NXP/bstudio_nxp/workspace/JN-AN-1171-ZigBee-LightLink-Demo/Light_ExtendedColorLight/Build/zpr_light_node.o (symbol from plugin) (ZPS_eAplAfInit)
c:/NXP/bstudio_nxp/sdk/JN-SW-4168/Components/Library\libZPSAPL_JN516x.a(zps_apl_af_apsde.o)
                              c:/NXP/bstudio_nxp/workspace/JN-AN-1171-ZigBee-LightLink-Demo/Light_ExtendedColorLight/Build/zps_gen.o (symbol from plugin) (zps_vHandleApsdeDataFragIndNotSupported)
c:/NXP/bstudio_nxp/sdk/JN-SW-4168/Components/Library\libZPSAPL_JN516x.a(zps_apl_task.o)
                              zps_apl_af_apsde.o (symbol from plugin) (zps_vAplAfPostEvent)
c:/NXP/bstudio_nxp/sdk/JN-SW-4168/Components/Library\libZPSAPL_JN516x.a(zps_apl_apsde.o)
                              zps_apl_task.o (symbol from plugin) (ZPS_vAplRegisterApsdeDcfmIndCallbacks)
c:/NXP/bstudio_nxp/sdk/JN-SW-4168/Components/Library\libZPSAPL_JN516x.a(zps_apl_apsme.o)
                              zps_apl_task.o (symbol from plugin) (ZPS_vAplRegisterApsmeDcfmIndCallbacks)
c:/NXP/bstudio_nxp/sdk/JN-SW-4168/Components/Library\libZPSAPL_JN516x.a(zps_apl_aps_nlde.o)
                              c:/NXP/bstudio_nxp/workspace/JN-AN-1171-ZigBee-LightLink-Demo/Light_ExtendedColorLight/Build/OTA_client.o (symbol from plugin) (ZPS_vRunningCRC32)
c:/NXP/bstudio_nxp/sdk/JN-SW-4168/Components/Library\libZPSAPL_JN516x.a(zps_apl_sec.o)
                              zps_apl_task.o (symbol from plugin) (zps_psFindKeyDescr)
c:/NXP/bstudio_nxp/sdk/JN-SW-4168/Components/Library\libZPSAPL_JN516x.a(zps_apl_aib.o)
                              c:/NXP/bstudio_nxp/workspace/JN-AN-1171-ZigBee-LightLink-Demo/Light_ExtendedColorLight/Build/app_light_commission_task.o (symbol from plugin) (zps_psAplAibGetAib)
c:/NXP/bstudio_nxp/sdk/JN-SW-4168/Components/Library\libZPSAPL_JN516x.a(zps_apl_zdo_nwkmanager.o)
                              zps_apl_apsme.o (symbol from plugin) (zps_vAplSaveRecord)
c:/NXP/bstudio_nxp/sdk/JN-SW-4168/Components/Library\libZPSAPL_JN516x.a(zps_apl_zdo_handle_zdp_event.o)
                              zps_apl_task.o (symbol from plugin) (zps_bAplZdoHandleZdpEvent)
c:/NXP/bstudio_nxp/sdk/JN-SW-4168/Components/Library\libZPSAPL_JN516x.a(zps_apl_zdo_trust_center.o)
                              zps_apl_sec.o (symbol from plugin) (zps_eAplTrustCenterFindDevice)
c:/NXP/bstudio_nxp/sdk/JN-SW-4168/Components/Library\libZPSAPL_JN516x.a(zps_apl_zdo_common.o)
                              zps_apl_zdo_nwkmanager.o (symbol from plugin) (zps_eAplZdoNlmeleaveWrapper)
c:/NXP/bstudio_nxp/sdk/JN-SW-4168/Components/Library\libZPSAPL_JN516x.a(zps_apl_zdo_group.o)
[...]
Memory Configuration

Name             Origin             Length             Attributes
flash            0x0000000000080000 0x0000000000040000
ram              0x000000000400004c 0x0000000000007fb4
*default*        0x0000000000000000 0xffffffffffffffff

Linker script and memory map

                0x0000000000001770                __stack_size = 0x1770
                0x00000000000007d0                __minimum_heap_size = 0x7d0
START GROUP
LOAD c:/NXP/bstudio_nxp/workspace/JN-AN-1171-ZigBee-LightLink-Demo/Light_ExtendedColorLight/Build/os_gen.o
LOAD C:\Users\Gillis\AppData\Local\Temp\cce90qVG.ltrans0.ltrans.o
LOAD C:\Users\Gillis\AppData\Local\Temp\cce90qVG.ltrans1.ltrans.o
LOAD C:\Users\Gillis\AppData\Local\Temp\cce90qVG.ltrans2.ltrans.o
LOAD C:\Users\Gillis\AppData\Local\Temp\cce90qVG.ltrans3.ltrans.o
LOAD C:\Users\Gillis\AppData\Local\Temp\cce90qVG.ltrans4.ltrans.o
LOAD C:\Users\Gillis\AppData\Local\Temp\cce90qVG.ltrans5.ltrans.o
LOAD C:\Users\Gillis\AppData\Local\Temp\cce90qVG.ltrans6.ltrans.o
LOAD C:\Users\Gillis\AppData\Local\Temp\cce90qVG.ltrans7.ltrans.o
LOAD C:\Users\Gillis\AppData\Local\Temp\cce90qVG.ltrans8.ltrans.o
LOAD C:\Users\Gillis\AppData\Local\Temp\cce90qVG.ltrans9.ltrans.o
LOAD C:\Users\Gillis\AppData\Local\Temp\cce90qVG.ltrans10.ltrans.o
LOAD C:\Users\Gillis\AppData\Local\Temp\cce90qVG.ltrans11.ltrans.o
LOAD C:\Users\Gillis\AppData\Local\Temp\cce90qVG.ltrans12.ltrans.o
LOAD C:\Users\Gillis\AppData\Local\Temp\cce90qVG.ltrans13.ltrans.o
LOAD C:\Users\Gillis\AppData\Local\Temp\cce90qVG.ltrans14.ltrans.o
LOAD C:\Users\Gillis\AppData\Local\Temp\cce90qVG.ltrans15.ltrans.o
LOAD C:\Users\Gillis\AppData\Local\Temp\cce90qVG.ltrans16.ltrans.o
LOAD C:\Users\Gillis\AppData\Local\Temp\cce90qVG.ltrans17.ltrans.o
LOAD C:\Users\Gillis\AppData\Local\Temp\cce90qVG.ltrans18.ltrans.o
LOAD C:\Users\Gillis\AppData\Local\Temp\cce90qVG.ltrans19.ltrans.o
LOAD C:\Users\Gillis\AppData\Local\Temp\cce90qVG.ltrans20.ltrans.o
LOAD C:\Users\Gillis\AppData\Local\Temp\cce90qVG.ltrans21.ltrans.o
LOAD C:\Users\Gillis\AppData\Local\Temp\cce90qVG.ltrans22.ltrans.o
LOAD C:\Users\Gillis\AppData\Local\Temp\cce90qVG.ltrans23.ltrans.o
LOAD C:\Users\Gillis\AppData\Local\Temp\cce90qVG.ltrans24.ltrans.o
LOAD C:\Users\Gillis\AppData\Local\Temp\cce90qVG.ltrans25.ltrans.o
LOAD C:\Users\Gillis\AppData\Local\Temp\cce90qVG.ltrans26.ltrans.o
LOAD C:\Users\Gillis\AppData\Local\Temp\cce90qVG.ltrans27.ltrans.o
LOAD C:\Users\Gillis\AppData\Local\Temp\cce90qVG.ltrans28.ltrans.o
LOAD C:\Users\Gillis\AppData\Local\Temp\cce90qVG.ltrans29.ltrans.o
LOAD C:\Users\Gillis\AppData\Local\Temp\cce90qVG.ltrans30.ltrans.o
LOAD C:\Users\Gillis\AppData\Local\Temp\cce90qVG.ltrans31.ltrans.o
LOAD c:/nxp/bstudio_nxp/sdk/tools/ba-elf-ba2-r36379/bin/../lib/gcc/ba-elf/4.7.4/../../../../ba-elf/lib/mcpu_jn51xx_sizeopt\libc.a
LOAD c:/nxp/bstudio_nxp/sdk/tools/ba-elf-ba2-r36379/bin/../lib/gcc/ba-elf/4.7.4/mcpu_jn51xx_sizeopt\libgcc.a
LOAD c:/nxp/bstudio_nxp/sdk/tools/ba-elf-ba2-r36379/bin/../lib/gcc/ba-elf/4.7.4/../../../../ba-elf/lib/mcpu_jn51xx_sizeopt\libc.a
LOAD c:/NXP/bstudio_nxp/workspace/JN-AN-1171-ZigBee-LightLink-Demo/Light_ExtendedColorLight/Build/os_irq.o
LOAD c:/NXP/bstudio_nxp/workspace/JN-AN-1171-ZigBee-LightLink-Demo/Light_ExtendedColorLight/Build/os_irq_alignment.o
LOAD c:/NXP/bstudio_nxp/workspace/JN-AN-1171-ZigBee-LightLink-Demo/Light_ExtendedColorLight/Build/os_irq_buserror.o
LOAD c:/NXP/bstudio_nxp/workspace/JN-AN-1171-ZigBee-LightLink-Demo/Light_ExtendedColorLight/Build/os_irq_illegalinstruction.o
LOAD c:/NXP/bstudio_nxp/workspace/JN-AN-1171-ZigBee-LightLink-Demo/Light_ExtendedColorLight/Build/os_irq_stackoverflowexception.o
LOAD c:/NXP/bstudio_nxp/workspace/JN-AN-1171-ZigBee-LightLink-Demo/Light_ExtendedColorLight/Build/os_irq_unimplementedmodule.o
LOAD c:/NXP/bstudio_nxp/workspace/JN-AN-1171-ZigBee-LightLink-Demo/Light_ExtendedColorLight/Build/pdum_gen.o
LOAD c:/NXP/bstudio_nxp/workspace/JN-AN-1171-ZigBee-LightLink-Demo/Light_ExtendedColorLight/Build/pdum_apdu.o
LOAD c:/NXP/bstudio_nxp/workspace/JN-AN-1171-ZigBee-LightLink-Demo/Light_ExtendedColorLight/Build/zps_gen.o
LOAD c:/NXP/bstudio_nxp/workspace/JN-AN-1171-ZigBee-LightLink-Demo/Light_ExtendedColorLight/Build/app_timer_driver.o
LOAD c:/NXP/bstudio_nxp/workspace/JN-AN-1171-ZigBee-LightLink-Demo/Light_ExtendedColorLight/Build/app_start_light.o
LOAD c:/NXP/bstudio_nxp/workspace/JN-AN-1171-ZigBee-LightLink-Demo/Light_ExtendedColorLight/Build/app_scenes.o
LOAD c:/NXP/bstudio_nxp/workspace/JN-AN-1171-ZigBee-LightLink-Demo/Light_ExtendedColorLight/Build/app_power_on_counter.o
LOAD c:/NXP/bstudio_nxp/workspace/JN-AN-1171-ZigBee-LightLink-Demo/Light_ExtendedColorLight/Build/zpr_light_node.o
LOAD c:/NXP/bstudio_nxp/workspace/JN-AN-1171-ZigBee-LightLink-Demo/Light_ExtendedColorLight/Build/ecb_decrypt.o
LOAD c:/NXP/bstudio_nxp/workspace/JN-AN-1171-ZigBee-LightLink-Demo/Light_ExtendedColorLight/Build/app_zcl_light_task.o
LOAD c:/NXP/bstudio_nxp/workspace/JN-AN-1171-ZigBee-LightLink-Demo/Light_ExtendedColorLight/Build/app_light_commission_task.o
LOAD c:/NXP/bstudio_nxp/workspace/JN-AN-1171-ZigBee-LightLink-Demo/Light_ExtendedColorLight/Build/app_manage_temperature.o
LOAD c:/NXP/bstudio_nxp/workspace/JN-AN-1171-ZigBee-LightLink-Demo/Light_ExtendedColorLight/Build/app_ota_client.o
LOAD c:/NXP/bstudio_nxp/workspace/JN-AN-1171-ZigBee-LightLink-Demo/Light_ExtendedColorLight/Build/app_light_interpolation.o
LOAD c:/NXP/bstudio_nxp/workspace/JN-AN-1171-ZigBee-LightLink-Demo/Light_ExtendedColorLight/Build/appZpsBeaconHandler.o
LOAD c:/NXP/bstudio_nxp/workspace/JN-AN-1171-ZigBee-LightLink-Demo/Light_ExtendedColorLight/Build/App_Light_ExtendedColorLight.o
LOAD c:/NXP/bstudio_nxp/workspace/JN-AN-1171-ZigBee-LightLink-Demo/Light_ExtendedColorLight/Build/DriverBulb_DR1175.o
LOAD c:/NXP/bstudio_nxp/workspace/JN-AN-1171-ZigBee-LightLink-Demo/Light_ExtendedColorLight/Build/DriverBulb_Shim.o
LOAD c:/NXP/bstudio_nxp/workspace/JN-AN-1171-ZigBee-LightLink-Demo/Light_ExtendedColorLight/Build/app_buttons.o
LOAD c:/NXP/bstudio_nxp/workspace/JN-AN-1171-ZigBee-LightLink-Demo/Light_ExtendedColorLight/Build/Alarms.o
LOAD c:/NXP/bstudio_nxp/workspace/JN-AN-1171-ZigBee-LightLink-Demo/Light_ExtendedColorLight/Build/AlarmsClientCommands.o
LOAD c:/NXP/bstudio_nxp/workspace/JN-AN-1171-ZigBee-LightLink-Demo/Light_ExtendedColorLight/Build/AlarmsCommandHandler.o
LOAD c:/NXP/bstudio_nxp/workspace/JN-AN-1171-ZigBee-LightLink-Demo/Light_ExtendedColorLight/Build/AlarmsServerCommands.o
LOAD c:/NXP/bstudio_nxp/workspace/JN-AN-1171-ZigBee-LightLink-Demo/Light_ExtendedColorLight/Build/AlarmsTableManager.o
LOAD c:/NXP/bstudio_nxp/workspace/JN-AN-1171-ZigBee-LightLink-Demo/Light_ExtendedColorLight/Build/AnalogInputBasic.o
LOAD c:/NXP/bstudio_nxp/workspace/JN-AN-1171-ZigBee-LightLink-Demo/Light_ExtendedColorLight/Build/AnalogOutputBasic.o
LOAD c:/NXP/bstudio_nxp/workspace/JN-AN-1171-ZigBee-LightLink-Demo/Light_ExtendedColorLight/Build/Basic.o
LOAD c:/NXP/bstudio_nxp/workspace/JN-AN-1171-ZigBee-LightLink-Demo/Light_ExtendedColorLight/Build/BasicClientCommands.o
LOAD c:/NXP/bstudio_nxp/workspace/JN-AN-1171-ZigBee-LightLink-Demo/Light_ExtendedColorLight/Build/BasicCommandHandler.o
LOAD c:/NXP/bstudio_nxp/workspace/JN-AN-1171-ZigBee-LightLink-Demo/Light_ExtendedColorLight/Build/BinaryInputBasic.o
LOAD c:/NXP/bstudio_nxp/workspace/JN-AN-1171-ZigBee-LightLink-Demo/Light_ExtendedColorLight/Build/BinaryOutputBasic.o
LOAD c:/NXP/bstudio_nxp/workspace/JN-AN-1171-ZigBee-LightLink-Demo/Light_ExtendedColorLight/Build/Commissioning.o
LOAD c:/NXP/bstudio_nxp/workspace/JN-AN-1171-ZigBee-LightLink-Demo/Light_ExtendedColorLight/Build/DeviceTemperatureConfiguration.o
LOAD c:/NXP/bstudio_nxp/workspace/JN-AN-1171-ZigBee-LightLink-Demo/Light_ExtendedColorLight/Build/Diagnostics.o
LOAD c:/NXP/bstudio_nxp/workspace/JN-AN-1171-ZigBee-LightLink-Demo/Light_ExtendedColorLight/Build/DoorLock.o
LOAD c:/NXP/bstudio_nxp/workspace/JN-AN-1171-ZigBee-LightLink-Demo/Light_ExtendedColorLight/Build/DoorLockCommandHandler.o
LOAD c:/NXP/bstudio_nxp/workspace/JN-AN-1171-ZigBee-LightLink-Demo/Light_ExtendedColorLight/Build/DoorLockCommands.o
LOAD c:/NXP/bstudio_nxp/workspace/JN-AN-1171-ZigBee-LightLink-Demo/Light_ExtendedColorLight/Build/ElectricalMeasurement.o
LOAD c:/NXP/bstudio_nxp/workspace/JN-AN-1171-ZigBee-LightLink-Demo/Light_ExtendedColorLight/Build/Groups.o
LOAD c:/NXP/bstudio_nxp/workspace/JN-AN-1171-ZigBee-LightLink-Demo/Light_ExtendedColorLight/Build/GroupsClientCommands.o
LOAD c:/NXP/bstudio_nxp/workspace/JN-AN-1171-ZigBee-LightLink-Demo/Light_ExtendedColorLight/Build/GroupsCommandHandler.o
LOAD c:/NXP/bstudio_nxp/workspace/JN-AN-1171-ZigBee-LightLink-Demo/Light_ExtendedColorLight/Build/GroupsServerCommands.o
LOAD c:/NXP/bstudio_nxp/workspace/JN-AN-1171-ZigBee-LightLink-Demo/Light_ExtendedColorLight/Build/GroupsTableManager.o
LOAD c:/NXP/bstudio_nxp/workspace/JN-AN-1171-ZigBee-LightLink-Demo/Light_ExtendedColorLight/Build/Identify.o
LOAD c:/NXP/bstudio_nxp/workspace/JN-AN-1171-ZigBee-LightLink-Demo/Light_ExtendedColorLight/Build/IdentifyClientCommands.o
LOAD c:/NXP/bstudio_nxp/workspace/JN-AN-1171-ZigBee-LightLink-Demo/Light_ExtendedColorLight/Build/IdentifyCommandHandler.o
LOAD c:/NXP/bstudio_nxp/workspace/JN-AN-1171-ZigBee-LightLink-Demo/Light_ExtendedColorLight/Build/IdentifyServerCommands.o
LOAD c:/NXP/bstudio_nxp/workspace/JN-AN-1171-ZigBee-LightLink-Demo/Light_ExtendedColorLight/Build/LevelControl.o
LOAD c:/NXP/bstudio_nxp/workspace/JN-AN-1171-ZigBee-LightLink-Demo/Light_ExtendedColorLight/Build/LevelControlClientCommands.o
LOAD c:/NXP/bstudio_nxp/workspace/JN-AN-1171-ZigBee-LightLink-Demo/Light_ExtendedColorLight/Build/LevelControlCommandHandler.o
LOAD c:/NXP/bstudio_nxp/workspace/JN-AN-1171-ZigBee-LightLink-Demo/Light_ExtendedColorLight/Build/MultistateInputBasic.o
LOAD c:/NXP/bstudio_nxp/workspace/JN-AN-1171-ZigBee-LightLink-Demo/Light_ExtendedColorLight/Build/MultistateOutputBasic.o
LOAD c:/NXP/bstudio_nxp/workspace/JN-AN-1171-ZigBee-LightLink-Demo/Light_ExtendedColorLight/Build/OOSC.o
LOAD c:/NXP/bstudio_nxp/workspace/JN-AN-1171-ZigBee-LightLink-Demo/Light_ExtendedColorLight/Build/OnOff.o
LOAD c:/NXP/bstudio_nxp/workspace/JN-AN-1171-ZigBee-LightLink-Demo/Light_ExtendedColorLight/Build/OnOffCommandHandler.o
LOAD c:/NXP/bstudio_nxp/workspace/JN-AN-1171-ZigBee-LightLink-Demo/Light_ExtendedColorLight/Build/OnOffCommands.o
LOAD c:/NXP/bstudio_nxp/workspace/JN-AN-1171-ZigBee-LightLink-Demo/Light_ExtendedColorLight/Build/PollControl.o
LOAD c:/NXP/bstudio_nxp/workspace/JN-AN-1171-ZigBee-LightLink-Demo/Light_ExtendedColorLight/Build/PollControlClientCommands.o
LOAD c:/NXP/bstudio_nxp/workspace/JN-AN-1171-ZigBee-LightLink-Demo/Light_ExtendedColorLight/Build/PollControlCommandHandler.o
LOAD c:/NXP/bstudio_nxp/workspace/JN-AN-1171-ZigBee-LightLink-Demo/Light_ExtendedColorLight/Build/PollControlServerCommands.o
LOAD c:/NXP/bstudio_nxp/workspace/JN-AN-1171-ZigBee-LightLink-Demo/Light_ExtendedColorLight/Build/PowerConfiguration.o
LOAD c:/NXP/bstudio_nxp/workspace/JN-AN-1171-ZigBee-LightLink-Demo/Light_ExtendedColorLight/Build/Scenes.o
LOAD c:/NXP/bstudio_nxp/workspace/JN-AN-1171-ZigBee-LightLink-Demo/Light_ExtendedColorLight/Build/ScenesClientCommands.o
LOAD c:/NXP/bstudio_nxp/workspace/JN-AN-1171-ZigBee-LightLink-Demo/Light_ExtendedColorLight/Build/ScenesClusterManagement.o
LOAD c:/NXP/bstudio_nxp/workspace/JN-AN-1171-ZigBee-LightLink-Demo/Light_ExtendedColorLight/Build/ScenesCommandHandler.o
LOAD c:/NXP/bstudio_nxp/workspace/JN-AN-1171-ZigBee-LightLink-Demo/Light_ExtendedColorLight/Build/ScenesServerCommands.o
LOAD c:/NXP/bstudio_nxp/workspace/JN-AN-1171-ZigBee-LightLink-Demo/Light_ExtendedColorLight/Build/ScenesTableManager.o
LOAD c:/NXP/bstudio_nxp/workspace/JN-AN-1171-ZigBee-LightLink-Demo/Light_ExtendedColorLight/Build/TC.o
LOAD c:/NXP/bstudio_nxp/workspace/JN-AN-1171-ZigBee-LightLink-Demo/Light_ExtendedColorLight/Build/Time.o
LOAD c:/NXP/bstudio_nxp/workspace/JN-AN-1171-ZigBee-LightLink-Demo/Light_ExtendedColorLight/Build/zll_CommissionCmdHandler.o
LOAD c:/NXP/bstudio_nxp/workspace/JN-AN-1171-ZigBee-LightLink-Demo/Light_ExtendedColorLight/Build/zll_UtilityCmdHandler.o
LOAD c:/NXP/bstudio_nxp/workspace/JN-AN-1171-ZigBee-LightLink-Demo/Light_ExtendedColorLight/Build/zll_commission.o
LOAD c:/NXP/bstudio_nxp/workspace/JN-AN-1171-ZigBee-LightLink-Demo/Light_ExtendedColorLight/Build/zll_utility.o
LOAD c:/NXP/bstudio_nxp/workspace/JN-AN-1171-ZigBee-LightLink-Demo/Light_ExtendedColorLight/Build/colour_light.o
LOAD c:/NXP/bstudio_nxp/workspace/JN-AN-1171-ZigBee-LightLink-Demo/Light_ExtendedColorLight/Build/colour_remote.o
LOAD c:/NXP/bstudio_nxp/workspace/JN-AN-1171-ZigBee-LightLink-Demo/Light_ExtendedColorLight/Build/colour_scene_remote.o
LOAD c:/NXP/bstudio_nxp/workspace/JN-AN-1171-ZigBee-LightLink-Demo/Light_ExtendedColorLight/Build/colour_temperature_light.o
LOAD c:/NXP/bstudio_nxp/workspace/JN-AN-1171-ZigBee-LightLink-Demo/Light_ExtendedColorLight/Build/commission_endpoint.o
LOAD c:/NXP/bstudio_nxp/workspace/JN-AN-1171-ZigBee-LightLink-Demo/Light_ExtendedColorLight/Build/control_bridge.o
LOAD c:/NXP/bstudio_nxp/workspace/JN-AN-1171-ZigBee-LightLink-Demo/Light_ExtendedColorLight/Build/dimmable_light.o
LOAD c:/NXP/bstudio_nxp/workspace/JN-AN-1171-ZigBee-LightLink-Demo/Light_ExtendedColorLight/Build/dimmable_plug.o
LOAD c:/NXP/bstudio_nxp/workspace/JN-AN-1171-ZigBee-LightLink-Demo/Light_ExtendedColorLight/Build/extended_colour_light.o
LOAD c:/NXP/bstudio_nxp/workspace/JN-AN-1171-ZigBee-LightLink-Demo/Light_ExtendedColorLight/Build/non_colour_remote.o
LOAD c:/NXP/bstudio_nxp/workspace/JN-AN-1171-ZigBee-LightLink-Demo/Light_ExtendedColorLight/Build/non_colour_scene_remote.o
LOAD c:/NXP/bstudio_nxp/workspace/JN-AN-1171-ZigBee-LightLink-Demo/Light_ExtendedColorLight/Build/on_off_light.o
LOAD c:/NXP/bstudio_nxp/workspace/JN-AN-1171-ZigBee-LightLink-Demo/Light_ExtendedColorLight/Build/on_off_plug.o
LOAD c:/NXP/bstudio_nxp/workspace/JN-AN-1171-ZigBee-LightLink-Demo/Light_ExtendedColorLight/Build/on_off_sensor.o
LOAD c:/NXP/bstudio_nxp/workspace/JN-AN-1171-ZigBee-LightLink-Demo/Light_ExtendedColorLight/Build/zll.o
LOAD c:/NXP/bstudio_nxp/workspace/JN-AN-1171-ZigBee-LightLink-Demo/Light_ExtendedColorLight/Build/BallastConfiguration.o
LOAD c:/NXP/bstudio_nxp/workspace/JN-AN-1171-ZigBee-LightLink-Demo/Light_ExtendedColorLight/Build/ColourControl.o
LOAD c:/NXP/bstudio_nxp/workspace/JN-AN-1171-ZigBee-LightLink-Demo/Light_ExtendedColorLight/Build/ColourControlClientCommands.o
LOAD c:/NXP/bstudio_nxp/workspace/JN-AN-1171-ZigBee-LightLink-Demo/Light_ExtendedColorLight/Build/ColourControlCommandHandler.o
LOAD c:/NXP/bstudio_nxp/workspace/JN-AN-1171-ZigBee-LightLink-Demo/Light_ExtendedColorLight/Build/ColourControlConversions.o
LOAD c:/NXP/bstudio_nxp/workspace/JN-AN-1171-ZigBee-LightLink-Demo/Light_ExtendedColorLight/Build/dlist.o
LOAD c:/NXP/bstudio_nxp/workspace/JN-AN-1171-ZigBee-LightLink-Demo/Light_ExtendedColorLight/Build/zcl.o
LOAD c:/NXP/bstudio_nxp/workspace/JN-AN-1171-ZigBee-LightLink-Demo/Light_ExtendedColorLight/Build/zcl_CustomCommandReceive.o
LOAD c:/NXP/bstudio_nxp/workspace/JN-AN-1171-ZigBee-LightLink-Demo/Light_ExtendedColorLight/Build/zcl_CustomCommandSend.o
LOAD c:/NXP/bstudio_nxp/workspace/JN-AN-1171-ZigBee-LightLink-Demo/Light_ExtendedColorLight/Build/zcl_PDUbufferReadWrite.o
LOAD c:/NXP/bstudio_nxp/workspace/JN-AN-1171-ZigBee-LightLink-Demo/Light_ExtendedColorLight/Build/zcl_PDUbufferReadWriteString.o
LOAD c:/NXP/bstudio_nxp/workspace/JN-AN-1171-ZigBee-LightLink-Demo/Light_ExtendedColorLight/Build/zcl_WriteAttributesRequestHandle.o
LOAD c:/NXP/bstudio_nxp/workspace/JN-AN-1171-ZigBee-LightLink-Demo/Light_ExtendedColorLight/Build/zcl_WriteAttributesRequestSend.o
LOAD c:/NXP/bstudio_nxp/workspace/JN-AN-1171-ZigBee-LightLink-Demo/Light_ExtendedColorLight/Build/zcl_WriteAttributesResponseHandle.o
LOAD c:/NXP/bstudio_nxp/workspace/JN-AN-1171-ZigBee-LightLink-Demo/Light_ExtendedColorLight/Build/zcl_attribute.o
LOAD c:/NXP/bstudio_nxp/workspace/JN-AN-1171-ZigBee-LightLink-Demo/Light_ExtendedColorLight/Build/zcl_buffer.o
LOAD c:/NXP/bstudio_nxp/workspace/JN-AN-1171-ZigBee-LightLink-Demo/Light_ExtendedColorLight/Build/zcl_clusterCommand.o
LOAD c:/NXP/bstudio_nxp/workspace/JN-AN-1171-ZigBee-LightLink-Demo/Light_ExtendedColorLight/Build/zcl_command.o
LOAD c:/NXP/bstudio_nxp/workspace/JN-AN-1171-ZigBee-LightLink-Demo/Light_ExtendedColorLight/Build/zcl_configureReportingCommandHandle.o
LOAD c:/NXP/bstudio_nxp/workspace/JN-AN-1171-ZigBee-LightLink-Demo/Light_ExtendedColorLight/Build/zcl_configureReportingCommandSend.o
LOAD c:/NXP/bstudio_nxp/workspace/JN-AN-1171-ZigBee-LightLink-Demo/Light_ExtendedColorLight/Build/zcl_configureReportingResponseHandle.o
LOAD c:/NXP/bstudio_nxp/workspace/JN-AN-1171-ZigBee-LightLink-Demo/Light_ExtendedColorLight/Build/zcl_defaultResponse.o
LOAD c:/NXP/bstudio_nxp/workspace/JN-AN-1171-ZigBee-LightLink-Demo/Light_ExtendedColorLight/Build/zcl_discoverAttributesExtendedRequestHandle.o
LOAD c:/NXP/bstudio_nxp/workspace/JN-AN-1171-ZigBee-LightLink-Demo/Light_ExtendedColorLight/Build/zcl_discoverAttributesExtendedRequestSend.o
LOAD c:/NXP/bstudio_nxp/workspace/JN-AN-1171-ZigBee-LightLink-Demo/Light_ExtendedColorLight/Build/zcl_discoverAttributesExtendedResponseHandle.o
LOAD c:/NXP/bstudio_nxp/workspace/JN-AN-1171-ZigBee-LightLink-Demo/Light_ExtendedColorLight/Build/zcl_discoverAttributesRequestHandle.o
LOAD c:/NXP/bstudio_nxp/workspace/JN-AN-1171-ZigBee-LightLink-Demo/Light_ExtendedColorLight/Build/zcl_discoverAttributesRequestSend.o
LOAD c:/NXP/bstudio_nxp/workspace/JN-AN-1171-ZigBee-LightLink-Demo/Light_ExtendedColorLight/Build/zcl_discoverAttributesResponseHandle.o
LOAD c:/NXP/bstudio_nxp/workspace/JN-AN-1171-ZigBee-LightLink-Demo/Light_ExtendedColorLight/Build/zcl_discoverCommandsRequestHandle.o
LOAD c:/NXP/bstudio_nxp/workspace/JN-AN-1171-ZigBee-LightLink-Demo/Light_ExtendedColorLight/Build/zcl_discoverCommandsRequestSend.o
LOAD c:/NXP/bstudio_nxp/workspace/JN-AN-1171-ZigBee-LightLink-Demo/Light_ExtendedColorLight/Build/zcl_discoverCommandsResponseHandle.o
LOAD c:/NXP/bstudio_nxp/workspace/JN-AN-1171-ZigBee-LightLink-Demo/Light_ExtendedColorLight/Build/zcl_event.o
LOAD c:/NXP/bstudio_nxp/workspace/JN-AN-1171-ZigBee-LightLink-Demo/Light_ExtendedColorLight/Build/zcl_heap.o
LOAD c:/NXP/bstudio_nxp/workspace/JN-AN-1171-ZigBee-LightLink-Demo/Light_ExtendedColorLight/Build/zcl_library_options.o
LOAD c:/NXP/bstudio_nxp/workspace/JN-AN-1171-ZigBee-LightLink-Demo/Light_ExtendedColorLight/Build/zcl_readAttributesRequestHandle.o
LOAD c:/NXP/bstudio_nxp/workspace/JN-AN-1171-ZigBee-LightLink-Demo/Light_ExtendedColorLight/Build/zcl_readAttributesRequestSend.o
LOAD c:/NXP/bstudio_nxp/workspace/JN-AN-1171-ZigBee-LightLink-Demo/Light_ExtendedColorLight/Build/zcl_readAttributesResponseHandle.o
LOAD c:/NXP/bstudio_nxp/workspace/JN-AN-1171-ZigBee-LightLink-Demo/Light_ExtendedColorLight/Build/zcl_readReportingConfigurationCommandHandle.o
LOAD c:/NXP/bstudio_nxp/workspace/JN-AN-1171-ZigBee-LightLink-Demo/Light_ExtendedColorLight/Build/zcl_readReportingConfigurationCommandSend.o
LOAD c:/NXP/bstudio_nxp/workspace/JN-AN-1171-ZigBee-LightLink-Demo/Light_ExtendedColorLight/Build/zcl_readReportingConfigurationResponseHandle.o
LOAD c:/NXP/bstudio_nxp/workspace/JN-AN-1171-ZigBee-LightLink-Demo/Light_ExtendedColorLight/Build/zcl_reportManager.o
LOAD c:/NXP/bstudio_nxp/workspace/JN-AN-1171-ZigBee-LightLink-Demo/Light_ExtendedColorLight/Build/zcl_reportMaths.o
LOAD c:/NXP/bstudio_nxp/workspace/JN-AN-1171-ZigBee-LightLink-Demo/Light_ExtendedColorLight/Build/zcl_reportScheduler.o
LOAD c:/NXP/bstudio_nxp/workspace/JN-AN-1171-ZigBee-LightLink-Demo/Light_ExtendedColorLight/Build/zcl_reportStringHandling.o
LOAD c:/NXP/bstudio_nxp/workspace/JN-AN-1171-ZigBee-LightLink-Demo/Light_ExtendedColorLight/Build/zcl_reportStructure.o
LOAD c:/NXP/bstudio_nxp/workspace/JN-AN-1171-ZigBee-LightLink-Demo/Light_ExtendedColorLight/Build/zcl_search.o
LOAD c:/NXP/bstudio_nxp/workspace/JN-AN-1171-ZigBee-LightLink-Demo/Light_ExtendedColorLight/Build/zcl_timer.o
LOAD c:/NXP/bstudio_nxp/workspace/JN-AN-1171-ZigBee-LightLink-Demo/Light_ExtendedColorLight/Build/zcl_transmit.o
LOAD c:/NXP/bstudio_nxp/workspace/JN-AN-1171-ZigBee-LightLink-Demo/Light_ExtendedColorLight/Build/OTA.o
LOAD c:/NXP/bstudio_nxp/workspace/JN-AN-1171-ZigBee-LightLink-Demo/Light_ExtendedColorLight/Build/OTA_ClientUpgradeManager.o
LOAD c:/NXP/bstudio_nxp/workspace/JN-AN-1171-ZigBee-LightLink-Demo/Light_ExtendedColorLight/Build/OTA_CustomCommandHandler.o
LOAD c:/NXP/bstudio_nxp/workspace/JN-AN-1171-ZigBee-LightLink-Demo/Light_ExtendedColorLight/Build/OTA_CustomReceiveCommands.o
LOAD c:/NXP/bstudio_nxp/workspace/JN-AN-1171-ZigBee-LightLink-Demo/Light_ExtendedColorLight/Build/OTA_ServerUpgradeManager.o
LOAD c:/NXP/bstudio_nxp/workspace/JN-AN-1171-ZigBee-LightLink-Demo/Light_ExtendedColorLight/Build/OTA_client.o
LOAD c:/NXP/bstudio_nxp/workspace/JN-AN-1171-ZigBee-LightLink-Demo/Light_ExtendedColorLight/Build/OTA_common.o
LOAD c:/NXP/bstudio_nxp/workspace/JN-AN-1171-ZigBee-LightLink-Demo/Light_ExtendedColorLight/Build/OTA_server.o
LOAD c:/NXP/bstudio_nxp/sdk/JN-SW-4168/Components/Library\libZPSMAC_Mini_JN516x.a
LOAD c:/NXP/bstudio_nxp/sdk/JN-SW-4168/Components/Library\libOS_JN516x.a
LOAD c:/NXP/bstudio_nxp/sdk/JN-SW-4168/Components/Library\libPWRM_JN516x.a
LOAD c:/NXP/bstudio_nxp/sdk/JN-SW-4168/Components/Library\libZPSTSV_JN516x.a
LOAD c:/NXP/bstudio_nxp/sdk/JN-SW-4168/Components/Library\libAES_SW_JN516x.a
LOAD c:/NXP/bstudio_nxp/sdk/JN-SW-4168/Components/Library\libPDUM_JN516x.a
LOAD c:/NXP/bstudio_nxp/sdk/JN-SW-4168/Components/Library\libZPSAPL_JN516x.a
LOAD c:/NXP/bstudio_nxp/sdk/JN-SW-4168/Components/Library\libRandom_JN516x.a
LOAD c:/NXP/bstudio_nxp/sdk/JN-SW-4168/Components/Library\libPDM_EEPROM_JN516x.a
LOAD c:/NXP/bstudio_nxp/sdk/JN-SW-4168/Components/Library\libDBG_JN516x.a
LOAD c:/NXP/bstudio_nxp/sdk/JN-SW-4168/Components/Library\libZPSZLL_JN516x.a
LOAD c:/NXP/bstudio_nxp/sdk/JN-SW-4168/Components/Library\libZPSNWK_JN516x.a
LOAD c:/NXP/bstudio_nxp/sdk/JN-SW-4168/Components/Library\libRecal_JN516x.a
LOAD c:/NXP/bstudio_nxp/sdk/JN-SW-4168/Components/Library\libMiniMac_JN516x.a
LOAD c:/NXP/bstudio_nxp/sdk/JN-SW-4168/Components/Library\libMiniMacShim_JN516x.a
LOAD c:/NXP/bstudio_nxp/sdk/JN-SW-4168/Components/Library\libMMAC_JN516x.a
LOAD c:/NXP/bstudio_nxp/sdk/JN-SW-4168/Components/Library\libAes_JN516x.a
LOAD c:/NXP/bstudio_nxp/sdk/JN-SW-4168/Components/Library\libHardwareApi_JN516x.a
LOAD c:/NXP/bstudio_nxp/sdk/JN-SW-4168/Components/Library\libMicroSpecific_JN516x.a
LOAD c:/NXP/bstudio_nxp/sdk/JN-SW-4168/Components/Library\libBoot_JN516x.a
LOAD c:/NXP/bstudio_nxp/sdk/JN-SW-4168/Platform/DK4/Library\libBoardLib_JN516x.a
LOAD c:/nxp/bstudio_nxp/sdk/tools/ba-elf-ba2-r36379/bin/../lib/gcc/ba-elf/4.7.4/../../../../ba-elf/lib/mcpu_jn51xx_sizeopt\libm.a
END GROUP
LOAD c:/nxp/bstudio_nxp/sdk/tools/ba-elf-ba2-r36379/bin/../lib/gcc/ba-elf/4.7.4/../../../../ba-elf/lib/mcpu_jn51xx_sizeopt\libc.a
LOAD c:/nxp/bstudio_nxp/sdk/tools/ba-elf-ba2-r36379/bin/../lib/gcc/ba-elf/4.7.4/mcpu_jn51xx_sizeopt\libgcc.a
LOAD c:/nxp/bstudio_nxp/sdk/tools/ba-elf-ba2-r36379/bin/../lib/gcc/ba-elf/4.7.4/../../../../ba-elf/lib/mcpu_jn51xx_sizeopt\libc.a
                0x0000000000080038                _exception_vsr_table = 0x80038
                0x0000000004000000                pSPIflashFncTable = 0x4000000
                0x0000000000000044                restore_state = 0x44
                0x000000000000004a                bZSPIWaitWIPClear = 0x4a
                0x0000000000000050                u16ZSPIflashRDID = 0x50
                0x0000000000000056                u8SelectFlashChipType = 0x56
                0x000000000000005c                memcpy = 0x5c
                0x0000000000000066                vBootFlashProg = 0x66
                [0x00000000000007d0]                __minimum_heap_size = DEFINED (__minimum_heap_size)?__minimum_heap_size:0xd16
                [0x0000000000001770]                __stack_size = DEFINED (__stack_size)?__stack_size:0x800
                0x0000000000000000                _SwConfig = (DEFINED (g_bSWConf_Debug) | (DEFINED (g_bSWConf_AltDebugPort) << 0x1))

.version        0x000000000007fffc        0x4
                0x000000000007fffc        0x4 LONG 0x7030008

.bir            0x0000000000080000       0x10
                0x0000000000080000                _flash_start = ABSOLUTE (.)
                0x0000000000080000                _flash_beg = ABSOLUTE (.)
                0x0000000000080000        0x4 LONG 0x12345678
                0x0000000000080004        0x4 LONG 0x11223344
                0x0000000000080008        0x4 LONG 0x55667788
                0x000000000008000c        0x1 BYTE 0x8
                0x000000000008000d        0x1 BYTE 0x1
                0x000000000008000e        0x2 SHORT 0x0

.flashheader    0x0000000000080010       0x28
                0x0000000000080010        0x4 LONG 0x0
                0x0000000000080014        0x4 LONG 0x0
                0x0000000000080018        0x4 LONG 0x0
                0x000000000008001c        0x2 SHORT 0x0
                0x000000000008001e        0x2 SHORT 0x0 ABSOLUTE (_SwConfig)
                0x0000000000080020                _enc_start = ABSOLUTE (.)
                0x0000000000080020        0x4 LONG 0x2b7a4 ABSOLUTE (_image_len)
                0x0000000000080024        0x4 LONG 0xaadc8 ABSOLUTE (_flash_data_start)
                0x0000000000080028        0x2 SHORT 0x13 ((ABSOLUTE (_ram_data_start) / 0x4) & 0xffff)
                0x000000000008002a        0x2 SHORT 0x277 ((ABSOLUTE (_ram_data_len) / 0x4) & 0xffff)
                0x000000000008002c        0x2 SHORT 0x28a ((ABSOLUTE (_bss_start) / 0x4) & 0xffff)
                0x000000000008002e        0x2 SHORT 0x10a6 ((ABSOLUTE (_bss_len) / 0x4) & 0xffff)
                0x0000000000080030        0x4 LONG 0xa6e2c ABSOLUTE (AppWarmStart)
                0x0000000000080034        0x4 LONG 0xa6e48 ABSOLUTE (AppColdStart)
                0x0000000000000000                _enc_offset = (_enc_start & 0xf)

.ro_mac_address
                0x0000000000080040       0x10
                0x0000000000080040                _FlsMACAddress = ABSOLUTE (.)
 *(.ro_mac_address)
 .ro_mac_address
                0x0000000000080040        0x8 C:\Users\Gillis\AppData\Local\Temp\cce90qVG.ltrans0.ltrans.o
                0x0000000000080050                . = ALIGN (0x10)
 *fill*         0x0000000000080048        0x8 00

.ro_ota_header  0x0000000000080050       0x50
                0x0000000000080050                _FlsOtaHeader = ABSOLUTE (.)
 *(.ro_ota_header)
 .ro_ota_header
                0x0000000000080050       0x45 C:\Users\Gillis\AppData\Local\Temp\cce90qVG.ltrans26.ltrans.o
                0x0000000000080050                au8OtaHeader
                0x00000000000800a0                . = ALIGN (0x10)
 *fill*         0x0000000000080095        0xb 00

.ro_se_lnkKey   0x00000000000800a0       0x10
                0x00000000000800a0                _FlsLinkKey = ABSOLUTE (.)
 *(.ro_se_lnkKey)
 .ro_se_lnkKey  0x00000000000800a0       0x10 C:\Users\Gillis\AppData\Local\Temp\cce90qVG.ltrans26.ltrans.o
                0x00000000000800a0                s_au8LnkKeyArray
                0x00000000000800b0                . = ALIGN (0x10)

.rodata         0x00000000000800b0      0xecc
 *(.rodata*)
 .rodata.str1.1
                0x00000000000800b0       0x1c C:\Users\Gillis\AppData\Local\Temp\cce90qVG.ltrans0.ltrans.o
 .rodata        0x00000000000800cc      0x18c C:\Users\Gillis\AppData\Local\Temp\cce90qVG.ltrans0.ltrans.o
                0x00000000000800cc                gMAC_u8MaxBuffers
                0x00000000000800d0                g_u32ApsFcSaveCountBitShift
                0x00000000000800d4                u8MaxZpsConfigEp
                0x00000000000800d5                au8EpMapPresent
                0x00000000000800d8                s_groupPdmTable
 .rodata.str1.1
                0x0000000000000000       0x1c C:\Users\Gillis\AppData\Local\Temp\cce90qVG.ltrans1.ltrans.o
                                          0x8 (size before relaxing)
 .rodata        0x0000000000080258       0x38 C:\Users\Gillis\AppData\Local\Temp\cce90qVG.ltrans1.ltrans.o
 .rodata        0x0000000000080290        0x8 C:\Users\Gillis\AppData\Local\Temp\cce90qVG.ltrans2.ltrans.o
 .rodata.str1.1
                0x0000000000080298        0x3 C:\Users\Gillis\AppData\Local\Temp\cce90qVG.ltrans2.ltrans.o
 *fill*         0x000000000008029b        0x1 00
 .rodata        0x000000000008029c       0x20 C:\Users\Gillis\AppData\Local\Temp\cce90qVG.ltrans3.ltrans.o
                0x00000000000802a4                au32UartAddrOffset
 .rodata.str1.1
                0x0000000000000000        0x3 C:\Users\Gillis\AppData\Local\Temp\cce90qVG.ltrans5.ltrans.o
 .rodata.str1.1
                0x00000000000802bc        0x4 C:\Users\Gillis\AppData\Local\Temp\cce90qVG.ltrans6.ltrans.o
                                         0x13 (size before relaxing)
 .rodata        0x00000000000802c0        0x7 C:\Users\Gillis\AppData\Local\Temp\cce90qVG.ltrans6.ltrans.o
                0x00000000000802c0                u8MacNwkTriesTimeout
 .rodata.str1.1
                0x0000000000000000        0x4 C:\Users\Gillis\AppData\Local\Temp\cce90qVG.ltrans7.ltrans.o
                                          0x7 (size before relaxing)
 .rodata.str1.1
                0x00000000000802c7        0x7 C:\Users\Gillis\AppData\Local\Temp\cce90qVG.ltrans8.ltrans.o
 .rodata.str1.1
                0x00000000000802ce        0x6 C:\Users\Gillis\AppData\Local\Temp\cce90qVG.ltrans9.ltrans.o
 .rodata.str1.1
                0x00000000000802d4       0x21 C:\Users\Gillis\AppData\Local\Temp\cce90qVG.ltrans10.ltrans.o
                                         0x33 (size before relaxing)
 .rodata.str1.1
                0x00000000000802f5        0x7 C:\Users\Gillis\AppData\Local\Temp\cce90qVG.ltrans11.ltrans.o
                                          0xc (size before relaxing)
 .rodata.str1.1
                0x00000000000802fc       0x20 C:\Users\Gillis\AppData\Local\Temp\cce90qVG.ltrans12.ltrans.o
                                         0x32 (size before relaxing)
 .rodata        0x000000000008031c      0x107 C:\Users\Gillis\AppData\Local\Temp\cce90qVG.ltrans12.ltrans.o
                0x000000000008031c                au8ZLLChannelSet
 *fill*         0x0000000000080423        0x1 00
 .rodata        0x0000000000080424      0x1f8 C:\Users\Gillis\AppData\Local\Temp\cce90qVG.ltrans13.ltrans.o
                0x000000000008042c                s_apsStSceTbl.136448
                0x0000000000080440                s_aprIdleStHandleCme.146451
                0x0000000000080454                s_aprActvStHandleCme.142584
                0x000000000008049c                zps_sJoinSceTbl
                0x00000000000804a8                zps_sActvSceTbl
 .rodata.str1.1
                0x000000000008061c        0x5 C:\Users\Gillis\AppData\Local\Temp\cce90qVG.ltrans14.ltrans.o
                                         0x17 (size before relaxing)
 .rodata.str1.1
                0x0000000000080621        0xf C:\Users\Gillis\AppData\Local\Temp\cce90qVG.ltrans15.ltrans.o
                                         0x18 (size before relaxing)
 .rodata        0x0000000000080630        0x4 C:\Users\Gillis\AppData\Local\Temp\cce90qVG.ltrans15.ltrans.o
 .rodata.str1.1
                0x0000000000000000        0xf C:\Users\Gillis\AppData\Local\Temp\cce90qVG.ltrans16.ltrans.o
                                          0x6 (size before relaxing)
 .rodata.str1.1
                0x0000000000080634        0x5 C:\Users\Gillis\AppData\Local\Temp\cce90qVG.ltrans17.ltrans.o
                                          0xa (size before relaxing)
 *fill*         0x0000000000080639        0x3 00
 .rodata        0x000000000008063c       0x18 C:\Users\Gillis\AppData\Local\Temp\cce90qVG.ltrans19.ltrans.o
                0x000000000008063c                au32NwkPdmRecordOffsets
 .rodata.str1.1
                0x0000000000000000        0x5 C:\Users\Gillis\AppData\Local\Temp\cce90qVG.ltrans20.ltrans.o
                                          0x6 (size before relaxing)
 .rodata        0x0000000000080654       0x4c C:\Users\Gillis\AppData\Local\Temp\cce90qVG.ltrans20.ltrans.o
                0x0000000000080654                g_u32NwkFcSaveCountBitShift
 .rodata        0x00000000000806a0        0xc C:\Users\Gillis\AppData\Local\Temp\cce90qVG.ltrans21.ltrans.o
 .rodata.str1.1
                0x00000000000806ac       0xb7 C:\Users\Gillis\AppData\Local\Temp\cce90qVG.ltrans21.ltrans.o
 *fill*         0x0000000000080763        0x1 00
 .rodata        0x0000000000080764      0x318 C:\Users\Gillis\AppData\Local\Temp\cce90qVG.ltrans23.ltrans.o
                0x0000000000080964                gu32ZCLVersion
                0x0000000000080968                OS_g_u32Version
                0x000000000008096c                PDUM_g_u32Version
                0x0000000000080970                ZPS_g_u32MacVersion
                0x0000000000080974                ZPS_g_u32TsvVersion
 .rodata.str1.1
                0x0000000000080a7c        0xa C:\Users\Gillis\AppData\Local\Temp\cce90qVG.ltrans24.ltrans.o
                                         0x26 (size before relaxing)
 .rodata.str1.1
                0x0000000000000000        0x4 C:\Users\Gillis\AppData\Local\Temp\cce90qVG.ltrans25.ltrans.o
 .rodata.str1.1
                0x0000000000080a86       0x54 C:\Users\Gillis\AppData\Local\Temp\cce90qVG.ltrans26.ltrans.o
 .rodata        0x0000000000080ada       0x10 C:\Users\Gillis\AppData\Local\Temp\cce90qVG.ltrans26.ltrans.o
 .rodata.str1.1
                0x0000000000000000       0x54 C:\Users\Gillis\AppData\Local\Temp\cce90qVG.ltrans27.ltrans.o
                                          0x4 (size before relaxing)
 .rodata        0x0000000000080aea       0x11 C:\Users\Gillis\AppData\Local\Temp\cce90qVG.ltrans27.ltrans.o
                0x0000000000080aea                g_bReverToOldParent
 .rodata.str1.1
                0x0000000000080afb       0x1b C:\Users\Gillis\AppData\Local\Temp\cce90qVG.ltrans30.ltrans.o
                                         0x51 (size before relaxing)
 .rodata.str1.1
                0x0000000000080b16       0x8e C:\Users\Gillis\AppData\Local\Temp\cce90qVG.ltrans31.ltrans.o
 .rodata        0x0000000000080ba4      0x3d8 C:\Users\Gillis\AppData\Local\Temp\cce90qVG.ltrans31.ltrans.o
                0x0000000000080ba4                zps_g_pvApl
                0x0000000000080ba8                pwrm_psWakeupCallbacks

.text           0x0000000000080f80    0x29e48
 *(.text*)
 .text          0x0000000000080f80     0x20e8 C:\Users\Gillis\AppData\Local\Temp\cce90qVG.ltrans0.ltrans.o
                0x0000000000080f80                vInitialiseApp.3308
                0x0000000000080f80                APP_TIMER_Version_1v0
 .text          0x0000000000083068     0x19f0 C:\Users\Gillis\AppData\Local\Temp\cce90qVG.ltrans1.ltrans.o
                0x0000000000083068                vZdoServersInit.3039
                0x0000000000083104                DBG_iUartGetChar
                0x00000000000831b8                vMMAC_IntHandlerBbc
                0x00000000000831d2                eBasicTxCompleteHandler
                0x00000000000831d7                vTxRxTimeout.153397
                0x0000000000083234                eSmeAcScBeaconInd.144547
                0x000000000008329a                eSmeASFlBeaconInd.144382
                0x00000000000832bc                eSmeUDNTScanDcfm.143832
                0x0000000000083344                zps_eNwkHandleSmePollDcfm
                0x000000000008336e                eSmeGenlScanDcfm.144374
                0x00000000000833cc                eLeaveDataDcfmRemoteLeave.149132
                0x0000000000083415                eSmeEdScScanDcfm.144370
                0x00000000000835bc                eSmeAcScBeaconInd.144390
                0x00000000000836c4                eSmeUDNTBeaconInd.144366
                0x00000000000836e7                vMiniMac_MLME_SetReq_PanId
                0x0000000000083724                vMiniMac_MLME_SetReq_ShortAddr
                0x0000000000083732                psDLISTsearchFromHead
                0x000000000008375b                eZCL_SetLocalAttributeValue.constprop.157
                0x0000000000083817                bAHI_FlashInit.constprop.154
                0x0000000000083990                vOtaFlashInitHw
                0x0000000000083992                eZCL_TimerRegister.part.1.63782.constprop.151
                0x00000000000839e8                pvZCL_HeapAlloc.part.0.56153.constprop.133
                0x0000000000083a22                vMicroIntEnableOnly.constprop.124
                0x0000000000083a4e                vACI_OptimisedCcmStar.constprop.71
                0x0000000000083c3a                zps_eNwkRtDiscMatch.constprop.68
                0x0000000000083c8d                vAHI_SpiReadConfiguration.constprop.54
                0x0000000000083cbe                vConfigureSpi
                0x0000000000083cfe                vAHI_SpiRestoreConfiguration.constprop.51
                0x0000000000083d3f                bAHI_FullFlashRead
                0x0000000000083d82                vOtaFlashRead
                0x0000000000083d84                eCLD_ColourControl_xyY2HSV.constprop.42
                0x0000000000083f4a                vCLD_ColourControl_xyY2CCT.constprop.41
                0x0000000000083ffb                vMiniMac_ReturnTxBufferCallback
                0x000000000008400d                bEnableReceive.153399
                0x000000000008404b                pvHeap_Alloc
                0x000000000008404e                vMicroIntRestoreState
                0x000000000008405a                TSV_eStart
                0x00000000000840aa                bAHI_WriteEEPROMfixSegmentData
                0x0000000000084108                bAHI_InitialiseEEPROM
                0x0000000000084150                vAHI_ReadDataFromEEPROMregister
                0x000000000008417d                vAHI_WriteDataIntoEEPROMregister
                0x00000000000841ad                iAHI_WriteDataIntoEEPROMsegment.constprop.164
                0x00000000000841fb                iPDM_WriteSegmentHeaderDataIntoEEPROMsegment
                0x000000000008422a                u32RaiseDigitalVoltage
                0x000000000008424a                u8AHI_WakeTimerFiredStatus
                0x000000000008425e                vAHI_WakeTimerStop.part.3.155717
                0x000000000008427e                vAHI_UartReset.part.4.155471
                0x00000000000842b6                vAHI_ClockXtalPull
                0x00000000000842d3                vAHI_OptimiseWaitStates
                0x000000000008431f                bAHI_GetClkSource
                0x000000000008432c                bAHI_SetClockRate.part.0.155143.constprop.99
                0x00000000000843a7                vAHI_CpuDoze
                0x00000000000843ba                vAHI_SwReset
                0x00000000000843eb                vAHI_DioSetDirection
                0x00000000000843ff                bAHI_APRegulatorEnabled
                0x000000000008440c                vAHI_ApConfigure.part.0.154917.constprop.173
                0x0000000000084442                bIssueACIcommand
                0x00000000000844d8                bACI_ECBencodeStripe.constprop.64
                0x00000000000846e0                vTransformKey.isra.0.77252
                0x0000000000084710                vOTA_EncodeString
                0x0000000000084745                psSearchForFrameToSend
                0x000000000008479d                eMiniMac_FrameInProgress
                0x00000000000847c8                vRemoveFromTxQueue
                0x0000000000084804                vAddToTxQueue
                0x000000000008483a                u8GetHeaderSize
                0x0000000000084862                vMiniMac_PLME_SetReq_CcaMode
                0x0000000000084876                vMiniMac_MLME_SetReq_MaxCsmaBackoffs
                0x0000000000084896                vMiniMac_MLME_SetReq_MaxBe
                0x00000000000848b9                vMiniMac_MLME_SetReq_MinBe
                0x00000000000848dc                zps_psFormatCmdFrameGeneral
                0x0000000000084968                zps_eNwkFormStInit
                0x000000000008497d                vSendDcfm.145068
                0x00000000000849a2                bCheckMatchingEntry.144542
                0x00000000000849c8                zps_psNwkSlistRemoveFromHead
                0x00000000000849df                zps_psNwkSlistRemove
                0x0000000000084a17                zps_bNwkMcpsMgrRemoveDescrFromLists
 .text.unlikely
                0x0000000000084a58       0x43 C:\Users\Gillis\AppData\Local\Temp\cce90qVG.ltrans1.ltrans.o
                0x0000000000084a58                vAHI_MemoryHold.155151
 *fill*         0x0000000000084a9b        0x1 00
 .text          0x0000000000084a9c     0x16f4 C:\Users\Gillis\AppData\Local\Temp\cce90qVG.ltrans2.ltrans.o
                0x0000000000084a9c                os_vAPP_cbDisableTickTimer
                0x0000000000084ae0                vRetryCcaFailure
                0x0000000000084b2c                os_vAPP_ButtonsScanTask
                0x0000000000084bd2                eZCL_SearchForClusterEntry
                0x0000000000084c70                eZCL_FindCluster.constprop.166
                0x0000000000084cbd                eCLD_ScenesRemoveAllScenes
                0x0000000000084d6e                eCLD_ScenesUpdate
                0x0000000000085039                eCLD_OnOffGetState
                0x0000000000085068                eCLD_LevelControlClusterIsPresent
                0x000000000008507f                eCLD_GroupsSetIdentifying
                0x00000000000850a2                vCLD_IdentifyTimerClickCallback.18313
                0x000000000008511f                eCLD_OnOffSetGlobalSceneControl.constprop.28
                0x0000000000085153                eCLD_ColourControl_HSV2xyY.constprop.40
                0x0000000000085467                eCLD_ColourControl_GetRGB.constprop.73
                0x000000000008553d                APP_vHandleIdentify
                0x0000000000085587                vStartEffect
                0x00000000000856cb                eOtaFindCluster.constprop.158
                0x0000000000085704                vOtaTimerClickCallback
                0x0000000000085755                eOTA_RestoreClientData.part.1.65210
                0x00000000000857ac                vOtaClientUpgMgrMapStates
                0x0000000000085827                eOtaClientReqSeqNoUpdate
                0x0000000000085844                eOTA_SetServerAddress.constprop.75
                0x0000000000085881                eZCL_CustomCommandReceiveScenes.isra.0.part.1.25243.constprop.24
                0x0000000000085975                vCLD_ScenesUpdateSceneValid
                0x00000000000859f2                eCLD_ColourControlUpdate
                0x0000000000085ebf                eCLD_OnOffSetState
                0x0000000000085f30                eCLD_OnOffSceneEventHandler.21377
                0x0000000000085f67                eZCL_BuildTransmitAddressStructure
                0x0000000000085fd4                eCLD_ScenesCountScenes
                0x0000000000085fee                ZPS_bSecDecrypt
                0x0000000000086100                boPDM_IsBitmapSaturated.129957
                0x0000000000086149                APP_bButtonInitialise
 .text          0x0000000000086190     0x13be C:\Users\Gillis\AppData\Local\Temp\cce90qVG.ltrans3.ltrans.o
                0x0000000000086190                os_vAPP_cbEnableTickTimer
                0x000000000008624a                DBG_vUartInitHardware
                0x0000000000086387                eCLD_BasicCommandHandler
                0x00000000000863b3                eCLD_ScenesStoreScene
                0x000000000008648c                bPCA9634_WriteRegister
                0x000000000008650a                bRGB_LED_SetLevel
                0x0000000000086557                vLI_UpdateDriver
                0x00000000000865a8                bRGB_LED_Off
                0x00000000000865dd                vRGBLight_SetLevels
                0x0000000000086666                MAC_u64GetExtAddr
                0x0000000000086681                ZPS_u64NwkNibFindExtAddr
                0x0000000000086727                eCLD_ScenesSetLastConfiguredBy.isra.2.25259
                0x000000000008675e                ZPS_u16NwkNibFindNwkAddr
                0x00000000000867ff                iPDM_SearchForBufferIdInList
                0x0000000000086834                iPDM_SearchForBufferIdInFileSystem
                0x0000000000086847                iPDM_ReadUserDataFromSegmentWithId
                0x000000000008687c                iPDM_SearchForSpecificSegmentInList
                0x00000000000868ae                psGetTxFrameBuffer
                0x00000000000868ed                psGetAndBuildCoordRealignment
                0x0000000000086945                vMMAC_RadioToOffAndWait
                0x0000000000086962                vStartReceive
                0x000000000008697e                eOrphanNotificationSent.153040
                0x0000000000086b84                vMiniMac_NextTransaction
                0x0000000000086bee                MAC_vPibSetRxOnWhenIdle.constprop.117
                0x0000000000086bf6                eTransmit
                0x0000000000086cc4                eBuildAndSend.153050
                0x0000000000086d76                vMiniMac_TxComplete
                0x0000000000086e67                vTimerFired
                0x0000000000086f36                vMiniMac_Init
                0x00000000000872a1                vMiniMac_PLME_SetReq_Power
                0x00000000000872b6                vMiniMac_PLME_SetReq_Channel
                0x00000000000872bf                eCLD_ScenesSaveClusters.constprop.43
 .text          0x000000000008754e     0x156d C:\Users\Gillis\AppData\Local\Temp\cce90qVG.ltrans4.ltrans.o
                0x000000000008754e                DBG_vUartFlush
                0x000000000008757b                DBG_vUartPutch
                0x00000000000875c1                os_u32APP_cbGetTickTimer
                0x00000000000875ca                os_bAPP_cbSetTickTimerCompare
                0x00000000000876c9                boIdValueSearchMatch.129065
                0x0000000000087723                vDispatch.68417
                0x00000000000877f5                OS_eStartSWTimer.constprop.175
                0x0000000000087914                os_vAPP_RadioRecal
                0x00000000000879b6                OS_eContinueSWTimer.constprop.39
                0x0000000000087a97                OS_eStopSWTimer
                0x0000000000087bba                OS_ePostMessage
                0x0000000000087d20                os_vAPP_DiscoveryTimerTask
                0x0000000000087d67                os_vAPP_CommissionTimerTask
                0x0000000000087d7d                OS_eActivateTask
                0x0000000000087e18                vPostMlmeDcfmInd.87817
                0x0000000000087ebb                iPDM_ReadSegmentHeaderDataFromEEPROMsegment
                0x0000000000087f14                iPDM_ReadUserDataFromEEPROMsegment
                0x0000000000087f8e                iPDM_ReCalculateWearCountAndChecksumAndWriteFileSystemHeader
                0x0000000000087fd8                vPDM_SetEEPROMandFileSystemValidState
                0x0000000000087fff                iPDM_ReadUserDataFromFileSystemRecord
                0x000000000008801f                vPDM_WriteFileSystemRecordAndSegmentDataIntoEEPROMsegment
                0x000000000008805a                u16ZCL_APduInstanceWriteNBO
                0x00000000000880ae                u16ZCL_WriteCommandHeader
                0x0000000000088126                u16ZCL_APduInstanceWriteStringNBO
                0x00000000000881ed                u16ZCL_APduInstanceReadStringNBO
                0x00000000000882c2                eZCL_GetAttributeTypeSizeFromBuffer
                0x0000000000088339                u16ZCL_ReadTypeNBO
                0x00000000000883ee                u16ZCL_APduInstanceReadNBO
                0x000000000008843f                u16ZCL_ReadCommandHeader.part.0.48792
                0x00000000000884b6                PWRM_vWakeInterruptCallback
                0x000000000008853d                eCLD_ScenesFindActiveScene
                0x0000000000088572                ZPS_vGetDeviceCurrentData.constprop.13
                0x00000000000885f1                iPDM_FilterDuplicateAppendedSegmentsOnList.130237
                0x0000000000088635                ZPS_bIsMacAddressUsedInApsTable
                0x00000000000886eb                eCLD_GroupsCheckGroupExists
                0x0000000000088758                eCLD_ScenesAddScene
                0x0000000000088838                eCLD_ScenesFindScene
                0x0000000000088894                ZPS_eTsvOpen
                0x00000000000888b1                zps_vNwkBttMgrInit
                0x00000000000888df                ZPS_vNwkNibClearTables
                0x0000000000088a00                PDUM_vInit
 .text          0x0000000000088abb     0x1aae C:\Users\Gillis\AppData\Local\Temp\cce90qVG.ltrans5.ltrans.o
                0x0000000000088abb                vPermitJoinHandleExpiry.139376
                0x0000000000088ac4                vNwkMcpsTimerCallback
                0x0000000000088ade                zps_eSceGenlIllegal
                0x0000000000088ae5                zps_eSmeGenlIllegal
                0x0000000000088aec                DBG_vUartFailedAssert
                0x0000000000088af0                psGetVsMcpsBuf.87821
                0x0000000000088af9                psGetMlmeBuf.87814
                0x0000000000088b02                psGetNlmeBuf.71684
                0x0000000000088b0c                psGetNldeBuf.71705
                0x0000000000088b16                psGetApsmeBuf.71691
                0x0000000000088b1f                psGetApsdeBuf.71698
                0x0000000000088c38                vLoopbackTimerCallback
                0x0000000000088c67                zps_vNwkSlistAddToTail
                0x0000000000088c81                zps_vNwkSecClearMatSet
                0x0000000000088cab                ZPS_bNwkSecHaveNetworkKey
                0x0000000000088cdf                ZPS_bNwkSecFindMatSet
                0x0000000000088d1b                zps_eNwkRctMatchNwkAddr
                0x0000000000088d85                ZPS_u8NwkCalcNldeReqOverhead
                0x0000000000088dc0                zps_vRemoveNextHop
                0x0000000000088e75                zps_vRemoveRoute
                0x0000000000088f0c                zps_psNwkRtMatchNwkAddr
                0x0000000000088f82                ZPS_u8NwkNibNtDiscMatch
                0x000000000008903e                zps_vNwkFreeMcpsHandle
                0x0000000000089068                ZPS_u64NwkNibGetMappedIeeeAddr
                0x000000000008908a                ZPS_vNwkSecResetDevice
                0x00000000000890cf                ZPS_bNwkNibNtActvMatch
                0x000000000008917e                bCheckNwkAddr
                0x00000000000891c7                ZPS_vSetExtendedStatus
                0x00000000000891d9                zps_eNwkRtMatch
                0x00000000000892f2                zps_psApsApsAllocateDcfmRecord
                0x0000000000089360                zps_u8CalcLinkCost
                0x000000000008939c                zps_u64NwkLibFromPayload
                0x00000000000893db                zps_vNwkLibU64ToPayload
                0x0000000000089408                zps_vInitBeaconPayload
                0x0000000000089484                zps_eNwkDcfmIndPost
                0x00000000000894a7                zps_psNwkDcfmIndGetBuf
                0x00000000000894c9                eRouteRequestDataDcfm.140552
                0x000000000008951d                eNldeDataDcfm.138382
                0x000000000008954d                zps_vSendNwkStatusInd
                0x000000000008957d                DBG_vInit
                0x00000000000895bf                vPDM_ReadBitmapHeader.129922
                0x00000000000895de                psSLISTsearch
                0x000000000008961e                psSLISTremove
                0x000000000008969c                vSLISTaddToTail
                0x00000000000896bb                psSLISTgetNext
                0x00000000000896df                u8PDM_CalculateFileSystemCapacity
                0x00000000000896fd                u8PDM_CalculateLargestDataRecordStored
                0x000000000008972e                bPDM_ImageBitmapRepairCheck
                0x0000000000089756                u8PDM_ReadSequenceNumber
                0x0000000000089779                boSegmentNumberDeleteSearchMatch.129492
                0x0000000000089794                u8PDM_ReadSegmentDataSize
                0x00000000000897a8                u32PDM_ReadFileSystemHeaderWearCount
                0x00000000000897be                boSearchForWearCountSubstitute.129808
                0x00000000000897e4                boSearchForWearCountInsertPoint.129061
                0x0000000000089802                vPDM_WriteFileSystemHeaderWearCount
                0x0000000000089814                RND_u32GetRand256
                0x0000000000089831                RND_u32GetRand
                0x0000000000089858                u16CalculateFailedTxCount.105856
                0x0000000000089882                vZdoIeeeAddrServerSendExtendResponse.part.0.91653
                0x00000000000898e3                vZdoNwkAddrServerSendExtendResponse.part.0.90473
                0x0000000000089944                zps_bAplZdoServerHandleConfirmAcks
                0x000000000008998e                zps_bPerformLeaveActionDecider
                0x0000000000089993                vHandleUpdateDeviceIndication.80774
                0x00000000000899bd                ZPS_vRunningCRC32
                0x00000000000899ed                zps_vAplApsInitDuplicateTable
                0x0000000000089a10                eHandleRemoveNonBroadcastEndpointsFromGroup.75758
                0x0000000000089a88                eHandleAddEntryToGroupTable.75721
                0x0000000000089ae4                zps_vAplApsInitFragTransmitPool
                0x0000000000089b05                zps_vAplApsFillAndPostApsAck
                0x0000000000089b6f                zps_u8AplApsFreeMsgHandle
                0x0000000000089bd9                zps_vAplApsInitSyncMsgPool
                0x0000000000089c11                zps_vAplApsInitFragReceivePool
                0x0000000000089c34                vFillDataIndStruct.71547
                0x0000000000089c92                vFillApduErrorEvent.71540
                0x0000000000089cd5                bCheckProfile.71535
                0x0000000000089d1c                ZPS_bIsGroupPresent
                0x0000000000089d54                pdum_u16ReadNBO
                0x0000000000089eb5                PDUM_u16SizeNBO
                0x0000000000089f13                PDUM_u16APduInstanceWriteStrNBO
                0x000000000008a092                PDUM_u16APduInstanceReadNBO
                0x000000000008a0dd                PDUM_u16APduInstanceWriteNBO
                0x000000000008a147                PDUM_thAPduInstanceGetApdu
                0x000000000008a162                PDUM_eAPduInstanceSetPayloadSize
                0x000000000008a18a                PDUM_eNPduWriteDataFromBuffer
                0x000000000008a1e4                PDUM_eNPduWriteDataToBuffer
                0x000000000008a242                PDUM_eNPduWriteFromBuffer
                0x000000000008a26b                PDUM_eNPduDescend
                0x000000000008a291                PDUM_eNPduAscend
                0x000000000008a2b7                PDUM_eNPduClaimData
                0x000000000008a324                PDUM_eNPduAppendDataNBO
                0x000000000008a381                PDUM_eNPduClaimHeader
                0x000000000008a3a4                PDUM_eNPduReadHeaderNBO
                0x000000000008a3f7                PDUM_eNPduPrependHeaderNBO
                0x000000000008a452                PDUM_eNPduInitDescending
                0x000000000008a46d                zps_vInitAPSMECmdHdr
                0x000000000008a4a4                OS_eCollectMessage
 .text          0x000000000008a569     0x1519 C:\Users\Gillis\AppData\Local\Temp\cce90qVG.ltrans6.ltrans.o
                0x000000000008a569                zps_bAplZdoIeeeAddrServer
                0x000000000008a6c2                zps_bAplZdoNwkAddrServer
                0x000000000008a906                eBeaconReqSent.153044
                0x000000000008a92d                vPDM_AddFileSystemElementToListInAscendingWearCountOrder
                0x000000000008aa3b                PWRM_vManagePower
                0x000000000008ab79                zps_vSendJoinDcfm
                0x000000000008abbf                vGiveUp.147698
                0x000000000008abf7                ZPS_bSecEncrypt
                0x000000000008adad                PDUM_eNPduAllocate
                0x000000000008ae1c                vMiniMac_McpsCallback
                0x000000000008b074                eMcpsTxCompleteHandler.152535
                0x000000000008b23e                eZCL_TransmitInterPanRequest.constprop.37
                0x000000000008b2a8                eCLD_ZllCommissionCommandNetworkJoinRouterRspCommandSend.constprop.32
                0x000000000008b2d2                eSendScanResponse.8278.constprop.35
                0x000000000008b410                zps_u8AplApsConstructAndPostLoopBackDataInd.74299
                0x000000000008b549                u8PostUnicastMsgToNHLE.74307
                0x000000000008b582                zps_psAllocateAndFormatMacHdr
                0x000000000008b885                zps_psNwkInitCmdFrame
                0x000000000008b904                eSendLinkStatusDataDcfm.part.1.134220
                0x000000000008ba36                PDUM_eNPduClone
 .text          0x000000000008ba82     0x18ff C:\Users\Gillis\AppData\Local\Temp\cce90qVG.ltrans7.ltrans.o
                0x000000000008ba82                zps_vExpireOldRoutes
                0x000000000008bb0c                zps_vNwkHandleCmePermitJoinReq
                0x000000000008bb74                zps_eNwkHandleSceNwkUpdate
                0x000000000008bb98                zps_vAplAfPostTimerEvent
                0x000000000008bc14                PDUM_eNPduFree
                0x000000000008bc81                vPostVsMcpsDcfmInd.87824
                0x000000000008bd6a                ZPS_vInterceptMcpsDataCallback
                0x000000000008bdcc                zps_vNwkMcpsMgrFreeReqDescr
                0x000000000008bdfe                zps_vNwkRemoveConflictedBroadcast
                0x000000000008be50                vFreePendingReqDescr
                0x000000000008beb6                zps_vNwkMcpsMgrTidyBtrReqDescr
                0x000000000008bef9                MAC_vHandleMcpsVsReqRsp
                0x000000000008c07a                PDUM_hAPduAllocateAPduInstance
                0x000000000008c0ee                hZCL_AllocateAPduInstance
                0x000000000008c12a                zps_eAplZdoSendZdpResponse
                0x000000000008c173                bSendResponse.104667
                0x000000000008c1b6                PDUM_eAPduFreeAPduInstance
                0x000000000008c4f5                zps_bAplZdoMatchDescServer
                0x000000000008c509                zps_bAplZdoNodeDescServer
                0x000000000008c675                zps_bAplZdoSimpleDescServer
                0x000000000008c8d6                zps_bAplZdoPowerDescServer
                0x000000000008c9f3                zps_bAplZdoActiveEpServer
                0x000000000008cadc                zps_bAplZdoSystemServerDiscoveryServer
                0x000000000008cb65                zps_bAplZdoMgmtLqiServer
                0x000000000008cd91                zps_bAplZdoMgmtRtgServer
                0x000000000008d037                ZPS_vResetBoundServerContext
                0x000000000008d03a                PDM_eReadDataFromRecord
                0x000000000008d0bc                vLoadAplRecord.80801
                0x000000000008d0ea                vLoadNwkRecord.137149
                0x000000000008d122                zps_eAplZdoBdrmRequestSend
                0x000000000008d1bf                vProcessTimedList.136185
                0x000000000008d207                zps_vNwkMcpsMgrPostTimed
                0x000000000008d21a                vNwkBttTimerExpiry.142632
                0x000000000008d33b                vNwkMcpsSendTimedDfcm
 *fill*         0x000000000008d381        0x3 00
 .text          0x000000000008d384     0x1654 C:\Users\Gillis\AppData\Local\Temp\cce90qVG.ltrans8.ltrans.o
                0x000000000008d384                vMcpsMgrExpiry.136157
                0x000000000008d3e3                zps_vNwkHandleCmeRouteDiscoveryReq
                0x000000000008d469                vMiniMac_MlmeCallback
                0x000000000008d7ab                vSendMlmeCommStatusFromTxFrame
                0x000000000008d801                MAC_vHandleMlmeVsReqRsp.constprop.118
                0x000000000008e02d                vScanBeaconReceived
                0x000000000008e06c                vPostDcfm.153061
                0x000000000008e0d5                vScanNextChannel.153048
                0x000000000008e2ec                vRunningRxCallback
                0x000000000008e656                ZPS_vNwkResetOutgoingFrameCounter
                0x000000000008e69b                eUnfragmentedUnicastTransmission.74282
 .text          0x000000000008e9d8     0x16e5 C:\Users\Gillis\AppData\Local\Temp\cce90qVG.ltrans9.ltrans.o
                0x000000000008ea21                zps_vAplSaveRecord
                0x000000000008eaca                zps_eAplZdoGroupEndpointRemove
                0x000000000008ebea                zps_bNwkFindAddIeeeAddr
                0x000000000008ed68                zps_psFindKeyDescr
                0x000000000008ee9c                zps_eAplSecEncryptPacket
                0x000000000008ef8e                zps_eNwkHandleSceLinkStatus
                0x000000000008f0c2                ZPS_bNwkNibAddrMapAddEntry
                0x000000000008f289                zps_vAgeRouter
                0x000000000008f2c8                zps_vLinkStatusHandleExpiry
                0x000000000008f369                zps_sNwkNibNtCheckJoin
                0x000000000008f617                zps_vNwkHandleCmeDirectJoinReq
                0x000000000008f696                zps_vJoinInitNtParent
                0x000000000008f835                zps_vCheckActvNtForDuplicate
                0x000000000008f8d3                eCheckAddrConflict.isra.4.135492
                0x000000000008f969                vAplSecRemoveLinkKey.80851
                0x000000000008f9e6                ZPS_vNwkMacEntriesClear
                0x000000000008fa90                ZPS_vNwkSaveAllRecords
                0x000000000008faa7                zps_vSaveAllZpsRecords
                0x000000000008fac6                ZPS_vSetDevicePreviousData.constprop.14
                0x000000000008fcb3                ZPS_vNwkNibSetNwkAddr
                0x000000000008fcd2                zps_eNwkHandleSceRejnResponse
                0x000000000008fd2f                ZPS_vNwkNibSetExtPanId
                0x000000000008fd53                vFinish.148135
                0x000000000008fda8                eSmeOrphScanDcfm.148148
                0x000000000008fe20                ZPS_vNwkNibSetKeySeqNum
                0x000000000008fe35                ZPS_vNwkNibSetDepth
                0x000000000008fe5e                ZPS_vNwkNibSetUpdateId
                0x000000000008fe6e                vSendNetworkUpdate.135259
                0x000000000008ff9d                ZPS_vNwkNibSetPanId
                0x000000000008ffbc                ZPS_vNwkNibSetCapabilityInfo
                0x000000000008ffea                ZPS_vNwkNibSetChannel
                0x0000000000090003                zps_vTidyActvNtAfterJoin
                0x0000000000090092                eUnsolicitedRejoinRspDataDcfm.135267
 .text.unlikely
                0x00000000000900bd       0x5f C:\Users\Gillis\AppData\Local\Temp\cce90qVG.ltrans9.ltrans.o
                0x00000000000900bd                vInitUnknownNeighbor.136169
 .text          0x000000000009011c     0x164f C:\Users\Gillis\AppData\Local\Temp\cce90qVG.ltrans10.ltrans.o
                0x000000000009011c                vSendNetworkReport.135255
                0x00000000000901f6                zps_psNwkInitiateRouteDiscovery
                0x000000000009038b                zps_psNwkSendRejoinReqCmd.constprop.10
                0x0000000000090409                zps_u8NwkHandleRejoinReq
                0x00000000000904d2                vContinueRejoin.146923
                0x0000000000090579                zps_psSendNetworkStatusCmd
                0x00000000000905e6                zps_vProcessLocalAddrConflict
                0x0000000000090890                zps_eNwkHandleSceRouteRecord
                0x000000000009096f                zps_eDefaultDataDcfm
                0x0000000000090a5e                zps_psSendFrm
                0x0000000000090dc8                zps_psSendBroadcastFrm
                0x0000000000090e5e                ZPS_vNwkHandleNldeReqRsp
                0x00000000000912a3                vHandleZllDeviceJoin
                0x00000000000913eb                vHandleTransportKeyFrame.77085
                0x00000000000915f9                zps_eAplApsmeUpdateDeviceReqRsp.part.4.75855
                0x0000000000091742                zps_vAplApsmeCmdMgrRetryTimeout.75690
 .text          0x000000000009176b     0x1715 C:\Users\Gillis\AppData\Local\Temp\cce90qVG.ltrans11.ltrans.o
                0x0000000000091857                vIncrementFrameCounterInPdm.isra.0.137583
                0x0000000000091a36                vProcessListsForSubmission.136281
                0x0000000000091cf0                zps_vNwkMcpsMgrPost
                0x0000000000091e26                zps_eNwkHandleSceRouteRequest
                0x000000000009232d                zps_eNwkHandleSceRouteReply
                0x00000000000925d8                vHandleRouteDiscoveryExpiry.140108
                0x00000000000926d1                zps_vNwkHandleCmeLeaveReq
                0x000000000009279a                zps_eNwkHandleSceLeave
                0x0000000000092951                zps_eNwkHandleSdeActvDcfmData
                0x0000000000092ad6                vMcpsMgrTimeoutExpiry
                0x0000000000092b45                iPDM_VerifyDataSequenceWithBufferId
                0x0000000000092be7                vSaveScenesNVM
                0x0000000000092c8b                eCLD_GroupsRemoveAllGroups
                0x0000000000092d45                vRemoveAllGroupsAndScenes
                0x0000000000092d57                vManagePowerOnCountInit
                0x0000000000092da1                os_vAPP_vManagePowerOnCount
                0x0000000000092df9                vRestetOTADiscovery.8826
                0x0000000000092e22                vPickChannel.4766
 .text          0x0000000000092e80     0x1608 C:\Users\Gillis\AppData\Local\Temp\cce90qVG.ltrans12.ltrans.o
                0x0000000000092e80                zps_bAplZdoDefaultServer
                0x00000000000930e1                zps_eZdpMgmtLeaveResponse
                0x0000000000093102                zps_eZdpMgmtPermitJoiningResponse
                0x0000000000093123                zps_eAplZdpRequestApsdeReq
                0x00000000000931f0                os_vAPP_Commission_Task
                0x0000000000094019                os_vAPP_ZPR_Light_Task
 .text          0x0000000000094488     0x121c C:\Users\Gillis\AppData\Local\Temp\cce90qVG.ltrans13.ltrans.o
                0x0000000000094488                os_vzps_taskZPS
                0x00000000000946a5                vBbcIntHandler.152094
                0x000000000009495d                os_vzps_isrMAC
                0x000000000009499c                eAssocRespSent.152403
                0x0000000000094a9a                eRejoinRspDataDcfm.146927
                0x0000000000094c1d                zps_vCleanUnAuthenHandleExpiry
                0x0000000000094cb2                zps_vNwkHandleCmeSyncReq
                0x0000000000094d47                zps_vNwkHandleCmeIdleNwkFormReq
                0x0000000000094e4d                zps_vNwkHandleCmeNwkDiscReq
                0x0000000000094ec7                zps_vNwkHandleCmeEdScanReq
                0x00000000000950ac                zps_vNwkHandleCmeNwkJoinReq
                0x0000000000095384                zps_vNwkHandleCmeNwkActvJoinReq
                0x0000000000095420                vHandleRejoinExpiry.147694
                0x0000000000095469                zps_eRejoinDataDcfm
                0x0000000000095520                vSetKeys
                0x00000000000955a5                vResetDataStructures
 .text          0x00000000000956a4     0x15fc C:\Users\Gillis\AppData\Local\Temp\cce90qVG.ltrans14.ltrans.o
                0x0000000000095851                zps_eNwkHandleSceNwkStatus
                0x0000000000095a08                eTryNextParent
                0x0000000000095b47                eSmeRjPCPollDcfm.148298
                0x0000000000095b88                eSceRjRsRejoinRsp.148266
                0x0000000000095c5d                vCheckSleepingSendPoll.148138
                0x0000000000095cdb                vSdeHandleMcpsDataInd.136253
                0x0000000000096983                ZPS_vNwkNibCheckAndUpdateAddresses
                0x0000000000096a1a                zps_bAplZdoDeviceAnnceServer
 .text          0x0000000000096ca0     0x12b4 C:\Users\Gillis\AppData\Local\Temp\cce90qVG.ltrans15.ltrans.o
                0x0000000000096f56                zps_bAplZdoMgmtNWKUpdateServer
                0x00000000000972c6                zps_eZdpNwkAddrResponse
                0x00000000000973a9                eZCL_TransmitDataRequest
                0x0000000000097709                eZCL_SendDefaultResponse
                0x0000000000097808                eZCL_CustomCommandReceive
                0x0000000000097976                eOtaCommandHandler
 .text          0x0000000000097f54     0x1268 C:\Users\Gillis\AppData\Local\Temp\cce90qVG.ltrans16.ltrans.o
                0x000000000009861f                eCLD_ZllCommissionCommandHandler
                0x0000000000098855                vZCL_EventHandler
 .text          0x00000000000991bc     0x123c C:\Users\Gillis\AppData\Local\Temp\cce90qVG.ltrans17.ltrans.o
                0x0000000000099381                os_vTick_Task
                0x0000000000099a60                eOTA_ClientUpgradeEndRequest
                0x0000000000099b08                vOtaAbortDownload.66109
                0x0000000000099b7f                vOtaHandleTimedBlockRequest.66103
                0x0000000000099c1a                vOtaUpgManClientStateIdle.66051
 .text          0x000000000009a3f8     0x124f C:\Users\Gillis\AppData\Local\Temp\cce90qVG.ltrans18.ltrans.o
                0x000000000009a3f8                eCLD_ColourControlCommandHandler
                0x000000000009b63e                eCLD_OnOffCommandReceive
 .text          0x000000000009b647      0xef5 C:\Users\Gillis\AppData\Local\Temp\cce90qVG.ltrans19.ltrans.o
                0x000000000009b647                vPDM_MoveAllDataFromListToList
                0x000000000009b685                vPDM_MoveAllDataWithBufferIdAndStateFromListToList
                0x000000000009b710                vPDM_MoveAllDataToDeAllocList
                0x000000000009b738                vPDM_MoveAllDataWithBufferIdFromListToList
                0x000000000009b7f9                vPDM_DeleteSegmentsWithIdFromFileSystem
                0x000000000009b81a                vPDM_MoveFileRecordFromListToList
                0x000000000009b83e                vPDM_MoveRecordToDeAllocList
                0x000000000009b85e                vPDM_DeleteAppendedSequence
                0x000000000009b903                iPDM_WriteSegmentHeaderAndData
                0x000000000009baff                iPDM_SegmentCopyAndAppendData.constprop.174
                0x000000000009bb5c                iPDM_ReconstructReplacedDataTable
                0x000000000009bddb                PDM_eSaveRecordData
                0x000000000009c210                ZPS_vNwkSaveRecord
                0x000000000009c23c                ZPS_vNwkSaveNt
                0x000000000009c24f                ZPS_vNwkPurgeMacAddressAndRelatedEntries
                0x000000000009c362                ZPS_vNtSetUsedStatus
                0x000000000009c409                zps_vBuildSortedActvNTList
                0x000000000009c4c7                ZPS_vNwkSaveSecMat
                0x000000000009c4db                vPDM_ImageBitmapRepair.128980
 .text          0x000000000009c53c     0x10ff C:\Users\Gillis\AppData\Local\Temp\cce90qVG.ltrans20.ltrans.o
                0x000000000009c5a4                zps_vNwkHandleCmeActvStartRouterReq
                0x000000000009c6df                vHandleNwkLocalUpdateAfterBcast.135272
                0x000000000009c733                vHandleNwkRemoteUpdateAfterBcast.135263
                0x000000000009c787                eSmeAcScScanDcfm.145079
                0x000000000009ca5c                ZPS_pvNwkCtor.constprop.115
                0x000000000009cfdf                ZPS_vNwkHandleNlmeReqRsp
                0x000000000009d05c                zps_vAplAfPostEvent
                0x000000000009d243                zps_eAplZdoLeaveNetwork.constprop.76
                0x000000000009d26e                zps_bAplZdoMgmtLeaveServer
                0x000000000009d3ee                zps_eAplZdoNlmePermitJoiningWrapper
                0x000000000009d416                zps_bAplZdoPermitJoiningServer
                0x000000000009d4a2                vChangeChannelTimerExpiry.105848
                0x000000000009d505                eLeaveReset.149127
                0x000000000009d570                eLeaveDataDcfmLocalLeave.149137
                0x000000000009d5ea                zps_eAplZdoZllStartRouter
 *fill*         0x000000000009d63b        0x1 00
 .text          0x000000000009d63c     0x10dc C:\Users\Gillis\AppData\Local\Temp\cce90qVG.ltrans21.ltrans.o
                0x000000000009d728                vOtaUpgManClientStateCountDown.66072
                0x000000000009d846                vOtaFlashWrite
                0x000000000009d848                vOtaFlashErase
                0x000000000009d89e                eCLD_ColourControlSceneEventHandler.41652
                0x000000000009d8e1                OS_eExitCriticalSection
                0x000000000009d9c6                ZPS_eTsvStart
                0x000000000009da21                zps_vNwkJoinStStartResponseTimer
                0x000000000009da5a                ZPS_eTsvStop
                0x000000000009daae                zps_eNwkBtrMatch
                0x000000000009dbab                zps_vAplApsStopPollTimer.part.3.74186
                0x000000000009dc2c                eHandleRemoveBroadcastEndpointsFromGroup.75717
                0x000000000009dc86                eZCL_SetReceiveEventAddressStructure
                0x000000000009dd05                dbg_vPrintfImplNoneVerbose
                0x000000000009e18c                vfExtendedStatusCallBack
                0x000000000009e197                vUnclaimedInterrupt.3310
                0x000000000009e1aa                vOSError.3312
                0x000000000009e1f2                DBG_vDumpStack
                0x000000000009e234                eCLD_ColourControlHandleColourModeChange
                0x000000000009e2ec                eCLD_LevelControlUpdate
                0x000000000009e59e                eCLD_LevelControlStopTransition
                0x000000000009e5db                eCLD_LevelControlSetOnOffState
 .text          0x000000000009e718     0x107c C:\Users\Gillis\AppData\Local\Temp\cce90qVG.ltrans22.ltrans.o
                0x000000000009e718                eCLD_ScenesCommandHandler
 .text          0x000000000009f794     0x1541 C:\Users\Gillis\AppData\Local\Temp\cce90qVG.ltrans23.ltrans.o
                0x000000000009f794                os_bDummyMemberCheck.68427
                0x000000000009f799                os_vDefaultErrorHook.68423
                0x000000000009f79c                bCLD_ScenesSearchForScene.25869
                0x000000000009f7cf                eCLD_LevelControlSceneEventHandler.19932
                0x000000000009f818                DriverBulb_vSetTunableWhiteColourTemperature
                0x000000000009f81b                vOverideProfileId
                0x000000000009f855                APP_ZCL_cbGeneralCallback.7138
                0x000000000009f858                os_bStrictCheck.1358
                0x000000000009fb9d                bCLD_GroupsSearchForGroup.17248
                0x000000000009fbc2                OS_eEnterCriticalSection
                0x000000000009fc8a                eExpireSWTimer.68436
                0x000000000009fcf5                vEnterErrorHook.68419
                0x000000000009fd1c                vOtaFlashLockWrite
                0x000000000009fd62                vOtaFlashLockRead
                0x000000000009fda8                eOtaSetEventTypeAndGiveCallBack
                0x000000000009fdc3                eOTA_retOtaUseKey
                0x000000000009fdf9                eZCL_BuildClientTransmitAddressStructure
                0x000000000009fe2a                eZCL_GetAttributeTypeSize
                0x000000000009fe49                vZCL_MarkAttributeInvalid
                0x000000000009ff18                eZCL_CheckEPstructureIntegrity.44545
                0x00000000000a0100                u8ZCL_GetAttributeAllignToFourBytesBoundary
                0x00000000000a0115                pvZCL_GetAttributePointer
                0x00000000000a018b                vReverseMemcpy.part.2.44557
                0x00000000000a01c0                vReverseMemcpy
                0x00000000000a01d8                sOtaGetHeader
                0x00000000000a02e6                u16ZCL_WriteTypeNBO.part.0.45899
                0x00000000000a0334                u16ZCL_GetStringStructureSize
                0x00000000000a0371                u16ZCL_GetStringAttributeTypeSizeFromBuffer
                0x00000000000a03e2                u16ZCL_GetStringSizeAndBufferFromStructure
                0x00000000000a0471                bZCL_SendCommandResponse
                0x00000000000a048d                vZCL_GetInternalMutex
                0x00000000000a04b6                eZCL_GetMutex
                0x00000000000a04ee                vZCL_InitializeClusterInstance
                0x00000000000a0503                u8ZCL_GetEPIdFromIndex
                0x00000000000a0525                vZCL_ReleaseInternalMutex
                0x00000000000a053f                u32ZCL_GetUTCTime
                0x00000000000a055a                eZCL_SearchForAttributeEntry
                0x00000000000a061d                vCLD_ScenesGenerateIndividualAttributeCallback
                0x00000000000a0677                eZCL_SearchForEPentry
                0x00000000000a06d2                eZCL_SearchForEPentryAndCheckManufacturerId
                0x00000000000a0710                vZCL_PassEventToUser
                0x00000000000a073d                u8ZCL_GetNumberOfEndpointsRegistered
                0x00000000000a0758                eZCL_ReleaseMutex
                0x00000000000a0787                eZCL_Register.part.1.44554
                0x00000000000a07b5                boDLISTisEmpty
                0x00000000000a07cd                vDLISTaddToTail
                0x00000000000a07fb                psDLISTremoveFromHead
                0x00000000000a0824                psDLISTremove
                0x00000000000a087c                vCLD_ColourControl_CCT2xyY
                0x00000000000a0962                bCLD_ColourControl_NumberIsValid.43188
                0x00000000000a0981                eCLD_ColourControl_xyY2XYZ.43192
                0x00000000000a0a03                vCLD_ColourControl_XYZ2RGB.43179
                0x00000000000a0b23                vWriteU64ToPayLoad.28202
                0x00000000000a0b50                vWriteU32ToPayLoad.28198
                0x00000000000a0b68                vLI_InitVar.9391
                0x00000000000a0b99                InvShiftRows
                0x00000000000a0c2c                InvSubBytes
                0x00000000000a0c72                AddRoundKey
                0x00000000000a0cb3                getSBoxValue.6488
 *fill*         0x00000000000a0cd5        0x3 00
 .text          0x00000000000a0cd8     0x1108 C:\Users\Gillis\AppData\Local\Temp\cce90qVG.ltrans24.ltrans.o
                0x00000000000a0e25                vPostNldeDcfmInd.71708
                0x00000000000a18fc                ZPS_vAplHandleApsdeReqRsp
                0x00000000000a1d16                zps_eAplZdpApsdeReqInternal
                0x00000000000a1d85                zps_eAplZdpGenStatusOnlyResponse
 .text          0x00000000000a1de0      0xfa4 C:\Users\Gillis\AppData\Local\Temp\cce90qVG.ltrans25.ltrans.o
                0x00000000000a1de0                vAplSecAuthPollTimerExpiry.80751
                0x00000000000a1e32                vAplSecAuthTimerExpiry.80755
                0x00000000000a1efc                vHandleApsInterPanDcfmData
                0x00000000000a2324                vPostApsdeDcfmInd.71701
                0x00000000000a2549                zps_vHandleApsdeDataFragIndNotSupported
                0x00000000000a25b2                vApsInterPanMcpsDataInd
                0x00000000000a2759                eDiscoverNetworks.80820
                0x00000000000a27af                zps_eAplZdoDiscoverNetworks
                0x00000000000a27d8                eStartNetworkDiscovery.80826
                0x00000000000a285f                eStartRouter.81052
                0x00000000000a2931                vPostApsmeDcfmInd.71694
 .text          0x00000000000a2d84     0x11f8 C:\Users\Gillis\AppData\Local\Temp\cce90qVG.ltrans26.ltrans.o
                0x00000000000a2d84                vOtaUpgManClientStateWaitForRunCommand.66068
                0x00000000000a2e84                vOtaUpgManClientStateDownloadComplete.66064
                0x00000000000a3030                vOtaUpgManClientStateDownloadInProgress.66060
                0x00000000000a3a2e                APP_ZCL_cbEndpointCallback.7135
 *fill*         0x00000000000a3f7c        0x0 00
 .text          0x00000000000a3f7c      0xf74 C:\Users\Gillis\AppData\Local\Temp\cce90qVG.ltrans27.ltrans.o
                0x00000000000a42d8                zps_eNwkHandleSmeAssocInd
                0x00000000000a42fa                zps_eNwkHandleSceRejnRequest
                0x00000000000a4423                zps_eNwkHandleSmeOrphanInd
                0x00000000000a4433                vStartScanTimerExpiry.105852
                0x00000000000a446f                zps_vAplApsPollTimer
                0x00000000000a4629                vPostNlmeDcfmInd.71687
                0x00000000000a4d32                zps_vProcessChildAddrConflict
                0x00000000000a4df5                vDiscoverNetworks.4769
                0x00000000000a4e61                vTryNwkJoin.4773
 .text          0x00000000000a4ef0      0xc58 C:\Users\Gillis\AppData\Local\Temp\cce90qVG.ltrans28.ltrans.o
                0x00000000000a4ef0                os_vZCL_Task
                0x00000000000a4f72                eZCL_CustomCommandSend.constprop.55
                0x00000000000a5207                eCLD_IdentifyCommandHandler
                0x00000000000a5669                eCLD_GroupsCommandHandler
 .text          0x00000000000a5b48      0x9b4 C:\Users\Gillis\AppData\Local\Temp\cce90qVG.ltrans29.ltrans.o
                0x00000000000a5b48                eCLD_LevelControlCommandHandler
                0x00000000000a5ee6                eCLD_OnOffCommandHandler
                0x00000000000a62bc                eZCL_CustomCommandInterPanReceive.part.1.44921.constprop.22
                0x00000000000a63c7                eCLD_ZllCommissionHandleNwkStartReqCommand.27036
 .text          0x00000000000a64fc      0x930 C:\Users\Gillis\AppData\Local\Temp\cce90qVG.ltrans30.ltrans.o
                0x00000000000a64fc                zps_eZdpIeeeAddrResponse
                0x00000000000a65df                zps_eAplZdpMgmtRtgResponse
                0x00000000000a66a6                zps_eZdpMgmtNwkUpdateNotifyResponse
                0x00000000000a6758                zps_eZdpNodeDescResponse
                0x00000000000a6800                zps_eZdpPowerDescResponse
                0x00000000000a689d                zps_eZdpSimpleDescResponse
                0x00000000000a69aa                zps_eZdpActiveEpResponse
                0x00000000000a6a40                zps_eZdpMatchDescResponse
                0x00000000000a6ad6                zps_eZdpSystemServerDiscoveryResponse
                0x00000000000a6b45                zps_eAplZdpMgmtLqiResponse
                0x00000000000a6d31                zps_bAplZdoZdoClient
 .text          0x00000000000a6e2c      0x5e1 C:\Users\Gillis\AppData\Local\Temp\cce90qVG.ltrans31.ltrans.o
                0x00000000000a6e2c                AppWarmStart
                0x00000000000a6e48                AppColdStart
                0x00000000000a71db                os_vUnclaimedInterrupt
                0x00000000000a71ed                os_vControlledIntCheck
                0x00000000000a7232                os_vControlledInterrupt
                0x00000000000a726b                os_vvISR_SystemController
                0x00000000000a7297                os_vvISR_Timer4
                0x00000000000a72a6                os_vvISR_Timer3
                0x00000000000a72b5                os_vAPP_isrIllegalInstruction
                0x00000000000a72cb                os_vAPP_isrAlignmentException
                0x00000000000a72e1                os_vAPP_isrBusErrorException
                0x00000000000a72f7                os_vAPP_isrUnimplementedModuleException
                0x00000000000a730a                os_vAPP_isrStackOverflowException
                0x00000000000a731d                os_vAPP_isrTickTimer
 .text          0x00000000000a740d       0x25 c:/nxp/bstudio_nxp/sdk/tools/ba-elf-ba2-r36379/bin/../lib/gcc/ba-elf/4.7.4/../../../../ba-elf/lib/mcpu_jn51xx_sizeopt\libc.a(lib_a-memcmp.o)
                0x00000000000a740d                memcmp
 .text          0x00000000000a7432       0x19 c:/nxp/bstudio_nxp/sdk/tools/ba-elf-ba2-r36379/bin/../lib/gcc/ba-elf/4.7.4/../../../../ba-elf/lib/mcpu_jn51xx_sizeopt\libc.a(lib_a-memcpy.o)
 .text          0x00000000000a744b       0x12 c:/nxp/bstudio_nxp/sdk/tools/ba-elf-ba2-r36379/bin/../lib/gcc/ba-elf/4.7.4/../../../../ba-elf/lib/mcpu_jn51xx_sizeopt\libc.a(lib_a-memset.o)
                0x00000000000a744b                memset
 .text          0x00000000000a745d       0x12 c:/nxp/bstudio_nxp/sdk/tools/ba-elf-ba2-r36379/bin/../lib/gcc/ba-elf/4.7.4/../../../../ba-elf/lib/mcpu_jn51xx_sizeopt\libc.a(lib_a-strlen.o)
                0x00000000000a745d                strlen
 .text          0x00000000000a746f       0x2b c:/nxp/bstudio_nxp/sdk/tools/ba-elf-ba2-r36379/bin/../lib/gcc/ba-elf/4.7.4/../../../../ba-elf/lib/mcpu_jn51xx_sizeopt\libc.a(lib_a-strncpy.o)
                0x00000000000a746f                strncpy
 *fill*         0x00000000000a749a        0x2 00
 .text          0x00000000000a749c      0x204 c:/nxp/bstudio_nxp/sdk/tools/ba-elf-ba2-r36379/bin/../lib/gcc/ba-elf/4.7.4/mcpu_jn51xx_sizeopt\libgcc.a(__udivsi3.o)
                0x00000000000a749c                __udivsi3
 .text          0x00000000000a76a0       0x30 c:/nxp/bstudio_nxp/sdk/tools/ba-elf-ba2-r36379/bin/../lib/gcc/ba-elf/4.7.4/mcpu_jn51xx_sizeopt\libgcc.a(__divsi3.o)
                0x00000000000a76a0                __divsi3
 .text          0x00000000000a76d0      0x1b0 c:/nxp/bstudio_nxp/sdk/tools/ba-elf-ba2-r36379/bin/../lib/gcc/ba-elf/4.7.4/mcpu_jn51xx_sizeopt\libgcc.a(__umodsi3.o)
                0x00000000000a76d0                __umodsi3
 .text          0x00000000000a7880       0x24 c:/nxp/bstudio_nxp/sdk/tools/ba-elf-ba2-r36379/bin/../lib/gcc/ba-elf/4.7.4/mcpu_jn51xx_sizeopt\libgcc.a(__modsi3.o)
                0x00000000000a7880                __modsi3
 .text          0x00000000000a78a4       0x39 c:/nxp/bstudio_nxp/sdk/tools/ba-elf-ba2-r36379/bin/../lib/gcc/ba-elf/4.7.4/mcpu_jn51xx_sizeopt\libgcc.a(_fixunsdfsi.o)
                0x00000000000a78a4                __fixunsdfsi
 .text          0x00000000000a78dd      0x3bd c:/nxp/bstudio_nxp/sdk/tools/ba-elf-ba2-r36379/bin/../lib/gcc/ba-elf/4.7.4/mcpu_jn51xx_sizeopt\libgcc.a(_divdi3.o)
                0x00000000000a78dd                __divdi3
 .text          0x00000000000a7c9a      0x350 c:/nxp/bstudio_nxp/sdk/tools/ba-elf-ba2-r36379/bin/../lib/gcc/ba-elf/4.7.4/mcpu_jn51xx_sizeopt\libgcc.a(_udivdi3.o)
                0x00000000000a7c9a                __udivdi3
 .text          0x00000000000a7fea      0x384 c:/nxp/bstudio_nxp/sdk/tools/ba-elf-ba2-r36379/bin/../lib/gcc/ba-elf/4.7.4/mcpu_jn51xx_sizeopt\libgcc.a(addsf3.o)
                0x00000000000a7fea                __addsf3
 *fill*         0x00000000000a836e        0x2 00
 .text          0x00000000000a8370      0x218 c:/nxp/bstudio_nxp/sdk/tools/ba-elf-ba2-r36379/bin/../lib/gcc/ba-elf/4.7.4/mcpu_jn51xx_sizeopt\libgcc.a(divsf3.o)
                0x00000000000a8370                __divsf3
 .text          0x00000000000a8588       0x81 c:/nxp/bstudio_nxp/sdk/tools/ba-elf-ba2-r36379/bin/../lib/gcc/ba-elf/4.7.4/mcpu_jn51xx_sizeopt\libgcc.a(eqsf2.o)
                0x00000000000a8588                __eqsf2
                0x00000000000a8588                __nesf2
 .text          0x00000000000a8609       0xac c:/nxp/bstudio_nxp/sdk/tools/ba-elf-ba2-r36379/bin/../lib/gcc/ba-elf/4.7.4/mcpu_jn51xx_sizeopt\libgcc.a(gesf2.o)
                0x00000000000a8609                __gesf2
                0x00000000000a8609                __gtsf2
 .text          0x00000000000a86b5       0xac c:/nxp/bstudio_nxp/sdk/tools/ba-elf-ba2-r36379/bin/../lib/gcc/ba-elf/4.7.4/mcpu_jn51xx_sizeopt\libgcc.a(lesf2.o)
                0x00000000000a86b5                __ltsf2
                0x00000000000a86b5                __lesf2
 *fill*         0x00000000000a8761        0x3 00
 .text          0x00000000000a8764      0x24c c:/nxp/bstudio_nxp/sdk/tools/ba-elf-ba2-r36379/bin/../lib/gcc/ba-elf/4.7.4/mcpu_jn51xx_sizeopt\libgcc.a(mulsf3.o)
                0x00000000000a8764                __mulsf3
 .text          0x00000000000a89b0      0x3a2 c:/nxp/bstudio_nxp/sdk/tools/ba-elf-ba2-r36379/bin/../lib/gcc/ba-elf/4.7.4/mcpu_jn51xx_sizeopt\libgcc.a(subsf3.o)
                0x00000000000a89b0                __subsf3
 .text          0x00000000000a8d52       0x53 c:/nxp/bstudio_nxp/sdk/tools/ba-elf-ba2-r36379/bin/../lib/gcc/ba-elf/4.7.4/mcpu_jn51xx_sizeopt\libgcc.a(fixsfsi.o)
                0x00000000000a8d52                __fixsfsi
 .text          0x00000000000a8da5       0xad c:/nxp/bstudio_nxp/sdk/tools/ba-elf-ba2-r36379/bin/../lib/gcc/ba-elf/4.7.4/mcpu_jn51xx_sizeopt\libgcc.a(floatunsisf.o)
                0x00000000000a8da5                __floatunsisf
 .text          0x00000000000a8e52      0x682 c:/nxp/bstudio_nxp/sdk/tools/ba-elf-ba2-r36379/bin/../lib/gcc/ba-elf/4.7.4/mcpu_jn51xx_sizeopt\libgcc.a(adddf3.o)
                0x00000000000a8e52                __adddf3
 .text          0x00000000000a94d4      0x5c8 c:/nxp/bstudio_nxp/sdk/tools/ba-elf-ba2-r36379/bin/../lib/gcc/ba-elf/4.7.4/mcpu_jn51xx_sizeopt\libgcc.a(divdf3.o)
                0x00000000000a94d4                __divdf3
 .text          0x00000000000a9a9c       0xca c:/nxp/bstudio_nxp/sdk/tools/ba-elf-ba2-r36379/bin/../lib/gcc/ba-elf/4.7.4/mcpu_jn51xx_sizeopt\libgcc.a(gedf2.o)
                0x00000000000a9a9c                __gedf2
                0x00000000000a9a9c                __gtdf2
 *fill*         0x00000000000a9b66        0x2 00
 .text          0x00000000000a9b68      0x488 c:/nxp/bstudio_nxp/sdk/tools/ba-elf-ba2-r36379/bin/../lib/gcc/ba-elf/4.7.4/mcpu_jn51xx_sizeopt\libgcc.a(muldf3.o)
                0x00000000000a9b68                __muldf3
 .text          0x00000000000a9ff0      0x693 c:/nxp/bstudio_nxp/sdk/tools/ba-elf-ba2-r36379/bin/../lib/gcc/ba-elf/4.7.4/mcpu_jn51xx_sizeopt\libgcc.a(subdf3.o)
                0x00000000000a9ff0                __subdf3
 .text          0x00000000000aa683       0x64 c:/nxp/bstudio_nxp/sdk/tools/ba-elf-ba2-r36379/bin/../lib/gcc/ba-elf/4.7.4/mcpu_jn51xx_sizeopt\libgcc.a(fixdfsi.o)
                0x00000000000aa683                __fixdfsi
 .text          0x00000000000aa6e7       0x8f c:/nxp/bstudio_nxp/sdk/tools/ba-elf-ba2-r36379/bin/../lib/gcc/ba-elf/4.7.4/mcpu_jn51xx_sizeopt\libgcc.a(extendsfdf2.o)
                0x00000000000aa6e7                __extendsfdf2
 .text          0x00000000000aa776      0x13e c:/nxp/bstudio_nxp/sdk/tools/ba-elf-ba2-r36379/bin/../lib/gcc/ba-elf/4.7.4/mcpu_jn51xx_sizeopt\libgcc.a(truncdfsf2.o)
                0x00000000000aa776                __truncdfsf2
 *fill*         0x00000000000aa8b4        0x4 00
 .text          0x00000000000aa8b8      0x1d0 c:/NXP/bstudio_nxp/workspace/JN-AN-1171-ZigBee-LightLink-Demo/Light_ExtendedColorLight/Build/os_irq.o
                0x00000000000aa8b8                os_ExternalException_W
                0x00000000000aa8fc                os_PIC_ChannelPriorities
                0x00000000000aa90c                os_OSMIUM_HwVectTable
                0x00000000000aa948                os_PIC_SwVectTable
 .text          0x00000000000aaa88       0x29 c:/NXP/bstudio_nxp/workspace/JN-AN-1171-ZigBee-LightLink-Demo/Light_ExtendedColorLight/Build/os_irq_alignment.o
                0x00000000000aaa88                IRQ_Alignment