Archive member included because of file (symbol)

c:/NXP/bstudio_nxp/sdk/JN-SW-4168/Components/Library\libOS_JN516x.a(os.o)
                              c:/NXP/bstudio_nxp/workspace/JN-AN-1171-ZigBee-LightLink-Demo/Light_ExtendedColorLight/Build/os_gen.o (symbol from plugin) (os_vStart)
c:/NXP/bstudio_nxp/sdk/JN-SW-4168/Components/Library\libOS_JN516x.a(os_contirq_JN516x.o)
                              c:/NXP/bstudio_nxp/workspace/JN-AN-1171-ZigBee-LightLink-Demo/Light_ExtendedColorLight/Build/os_irq.o (os_UnclaimedException_W)
c:/NXP/bstudio_nxp/sdk/JN-SW-4168/Components/Library\libPWRM_JN516x.a(pwrm.o)
                              c:/NXP/bstudio_nxp/workspace/JN-AN-1171-ZigBee-LightLink-Demo/Light_ExtendedColorLight/Build/app_start_light.o (symbol from plugin) (PWRM_vInit)
c:/NXP/bstudio_nxp/sdk/JN-SW-4168/Components/Library\libPWRM_JN516x.a(pwrm_setjmp_JN516x.o)
                              pwrm.o (symbol from plugin) (setjmp)
c:/NXP/bstudio_nxp/sdk/JN-SW-4168/Components/Library\libPWRM_JN516x.a(pwrm_cold_start.o)
                              (AppColdStart)
c:/NXP/bstudio_nxp/sdk/JN-SW-4168/Components/Library\libPWRM_JN516x.a(pwrm_warm_start.o)
                              (AppWarmStart)
c:/NXP/bstudio_nxp/sdk/JN-SW-4168/Components/Library\libAES_SW_JN516x.a(aes_sw_mmo.o)
                              c:/NXP/bstudio_nxp/workspace/JN-AN-1171-ZigBee-LightLink-Demo/Light_ExtendedColorLight/Build/OTA.o (symbol from plugin) (AESSW_vMMOBlockUpdate)
c:/NXP/bstudio_nxp/sdk/JN-SW-4168/Components/Library\libPDUM_JN516x.a(pdum_nwk.o)
                              c:/NXP/bstudio_nxp/workspace/JN-AN-1171-ZigBee-LightLink-Demo/Light_ExtendedColorLight/Build/pdum_gen.o (symbol from plugin) (pdum_vNPduInit)
c:/NXP/bstudio_nxp/sdk/JN-SW-4168/Components/Library\libPDUM_JN516x.a(pdum_apl.o)
                              c:/NXP/bstudio_nxp/workspace/JN-AN-1171-ZigBee-LightLink-Demo/Light_ExtendedColorLight/Build/app_ota_client.o (symbol from plugin) (PDUM_u16APduInstanceReadNBO)
c:/NXP/bstudio_nxp/sdk/JN-SW-4168/Components/Library\libPDUM_JN516x.a(pdum.o)
                              pdum_nwk.o (symbol from plugin) (PDUM_u16SizeNBO)
c:/NXP/bstudio_nxp/sdk/JN-SW-4168/Components/Library\libZPSAPL_JN516x.a(zps_apl_af.o)
                              c:/NXP/bstudio_nxp/workspace/JN-AN-1171-ZigBee-LightLink-Demo/Light_ExtendedColorLight/Build/zpr_light_node.o (symbol from plugin) (ZPS_eAplAfInit)
c:/NXP/bstudio_nxp/sdk/JN-SW-4168/Components/Library\libZPSAPL_JN516x.a(zps_apl_af_apsde.o)
                              c:/NXP/bstudio_nxp/workspace/JN-AN-1171-ZigBee-LightLink-Demo/Light_ExtendedColorLight/Build/zps_gen.o (symbol from plugin) (zps_vHandleApsdeDataFragIndNotSupported)
c:/NXP/bstudio_nxp/sdk/JN-SW-4168/Components/Library\libZPSAPL_JN516x.a(zps_apl_task.o)
                              zps_apl_af_apsde.o (symbol from plugin) (zps_vAplAfPostEvent)
c:/NXP/bstudio_nxp/sdk/JN-SW-4168/Components/Library\libZPSAPL_JN516x.a(zps_apl_apsde.o)
                              zps_apl_task.o (symbol from plugin) (ZPS_vAplRegisterApsdeDcfmIndCallbacks)
c:/NXP/bstudio_nxp/sdk/JN-SW-4168/Components/Library\libZPSAPL_JN516x.a(zps_apl_apsme.o)
                              zps_apl_task.o (symbol from plugin) (ZPS_vAplRegisterApsmeDcfmIndCallbacks)
c:/NXP/bstudio_nxp/sdk/JN-SW-4168/Components/Library\libZPSAPL_JN516x.a(zps_apl_aps_nlde.o)
                              c:/NXP/bstudio_nxp/workspace/JN-AN-1171-ZigBee-LightLink-Demo/Light_ExtendedColorLight/Build/OTA_client.o (symbol from plugin) (ZPS_vRunningCRC32)
c:/NXP/bstudio_nxp/sdk/JN-SW-4168/Components/Library\libZPSAPL_JN516x.a(zps_apl_sec.o)
                              zps_apl_task.o (symbol from plugin) (zps_psFindKeyDescr)
c:/NXP/bstudio_nxp/sdk/JN-SW-4168/Components/Library\libZPSAPL_JN516x.a(zps_apl_aib.o)
                              c:/NXP/bstudio_nxp/workspace/JN-AN-1171-ZigBee-LightLink-Demo/Light_ExtendedColorLight/Build/app_light_commission_task.o (symbol from plugin) (zps_psAplAibGetAib)
c:/NXP/bstudio_nxp/sdk/JN-SW-4168/Components/Library\libZPSAPL_JN516x.a(zps_apl_zdo_nwkmanager.o)
                              zps_apl_apsme.o (symbol from plugin) (zps_vAplSaveRecord)
c:/NXP/bstudio_nxp/sdk/JN-SW-4168/Components/Library\libZPSAPL_JN516x.a(zps_apl_zdo_handle_zdp_event.o)
                              zps_apl_task.o (symbol from plugin) (zps_bAplZdoHandleZdpEvent)
c:/NXP/bstudio_nxp/sdk/JN-SW-4168/Components/Library\libZPSAPL_JN516x.a(zps_apl_zdo_trust_center.o)
                              zps_apl_sec.o (symbol from plugin) (zps_eAplTrustCenterFindDevice)
c:/NXP/bstudio_nxp/sdk/JN-SW-4168/Components/Library\libZPSAPL_JN516x.a(zps_apl_zdo_common.o)
                              zps_apl_zdo_nwkmanager.o (symbol from plugin) (zps_eAplZdoNlmeleaveWrapper)
c:/NXP/bstudio_nxp/sdk/JN-SW-4168/Components/Library\libZPSAPL_JN516x.a(zps_apl_zdo_group.o)
[...]
Memory Configuration

Name             Origin             Length             Attributes
flash            0x0000000000080000 0x0000000000080000
ram              0x000000000400004c 0x0000000000007fb4
*default*        0x0000000000000000 0xffffffffffffffff

Linker script and memory map

                0x0000000000001770                __stack_size = 0x1770
                0x00000000000007d0                __minimum_heap_size = 0x7d0
START GROUP
LOAD c:/NXP/bstudio_nxp/workspace/JN-AN-1171-ZigBee-LightLink-Demo/Light_ExtendedColorLight/Build/os_gen.o
LOAD C:\Users\Gillis\AppData\Local\Temp\ccnqav2l.ltrans0.ltrans.o
LOAD C:\Users\Gillis\AppData\Local\Temp\ccnqav2l.ltrans1.ltrans.o
LOAD C:\Users\Gillis\AppData\Local\Temp\ccnqav2l.ltrans2.ltrans.o
LOAD C:\Users\Gillis\AppData\Local\Temp\ccnqav2l.ltrans3.ltrans.o
LOAD C:\Users\Gillis\AppData\Local\Temp\ccnqav2l.ltrans4.ltrans.o
LOAD C:\Users\Gillis\AppData\Local\Temp\ccnqav2l.ltrans5.ltrans.o
LOAD C:\Users\Gillis\AppData\Local\Temp\ccnqav2l.ltrans6.ltrans.o
LOAD C:\Users\Gillis\AppData\Local\Temp\ccnqav2l.ltrans7.ltrans.o
LOAD C:\Users\Gillis\AppData\Local\Temp\ccnqav2l.ltrans8.ltrans.o
LOAD C:\Users\Gillis\AppData\Local\Temp\ccnqav2l.ltrans9.ltrans.o
LOAD C:\Users\Gillis\AppData\Local\Temp\ccnqav2l.ltrans10.ltrans.o
LOAD C:\Users\Gillis\AppData\Local\Temp\ccnqav2l.ltrans11.ltrans.o
LOAD C:\Users\Gillis\AppData\Local\Temp\ccnqav2l.ltrans12.ltrans.o
LOAD C:\Users\Gillis\AppData\Local\Temp\ccnqav2l.ltrans13.ltrans.o
LOAD C:\Users\Gillis\AppData\Local\Temp\ccnqav2l.ltrans14.ltrans.o
LOAD C:\Users\Gillis\AppData\Local\Temp\ccnqav2l.ltrans15.ltrans.o
LOAD C:\Users\Gillis\AppData\Local\Temp\ccnqav2l.ltrans16.ltrans.o
LOAD C:\Users\Gillis\AppData\Local\Temp\ccnqav2l.ltrans17.ltrans.o
LOAD C:\Users\Gillis\AppData\Local\Temp\ccnqav2l.ltrans18.ltrans.o
LOAD C:\Users\Gillis\AppData\Local\Temp\ccnqav2l.ltrans19.ltrans.o
LOAD C:\Users\Gillis\AppData\Local\Temp\ccnqav2l.ltrans20.ltrans.o
LOAD C:\Users\Gillis\AppData\Local\Temp\ccnqav2l.ltrans21.ltrans.o
LOAD C:\Users\Gillis\AppData\Local\Temp\ccnqav2l.ltrans22.ltrans.o
LOAD C:\Users\Gillis\AppData\Local\Temp\ccnqav2l.ltrans23.ltrans.o
LOAD C:\Users\Gillis\AppData\Local\Temp\ccnqav2l.ltrans24.ltrans.o
LOAD C:\Users\Gillis\AppData\Local\Temp\ccnqav2l.ltrans25.ltrans.o
LOAD C:\Users\Gillis\AppData\Local\Temp\ccnqav2l.ltrans26.ltrans.o
LOAD C:\Users\Gillis\AppData\Local\Temp\ccnqav2l.ltrans27.ltrans.o
LOAD C:\Users\Gillis\AppData\Local\Temp\ccnqav2l.ltrans28.ltrans.o
LOAD C:\Users\Gillis\AppData\Local\Temp\ccnqav2l.ltrans29.ltrans.o
LOAD C:\Users\Gillis\AppData\Local\Temp\ccnqav2l.ltrans30.ltrans.o
LOAD C:\Users\Gillis\AppData\Local\Temp\ccnqav2l.ltrans31.ltrans.o
LOAD c:/nxp/bstudio_nxp/sdk/tools/ba-elf-ba2-r36379/bin/../lib/gcc/ba-elf/4.7.4/../../../../ba-elf/lib/mcpu_jn51xx_sizeopt\libc.a
LOAD c:/nxp/bstudio_nxp/sdk/tools/ba-elf-ba2-r36379/bin/../lib/gcc/ba-elf/4.7.4/mcpu_jn51xx_sizeopt\libgcc.a
LOAD c:/nxp/bstudio_nxp/sdk/tools/ba-elf-ba2-r36379/bin/../lib/gcc/ba-elf/4.7.4/../../../../ba-elf/lib/mcpu_jn51xx_sizeopt\libc.a
LOAD c:/NXP/bstudio_nxp/workspace/JN-AN-1171-ZigBee-LightLink-Demo/Light_ExtendedColorLight/Build/os_irq.o
LOAD c:/NXP/bstudio_nxp/workspace/JN-AN-1171-ZigBee-LightLink-Demo/Light_ExtendedColorLight/Build/os_irq_alignment.o
LOAD c:/NXP/bstudio_nxp/workspace/JN-AN-1171-ZigBee-LightLink-Demo/Light_ExtendedColorLight/Build/os_irq_buserror.o
LOAD c:/NXP/bstudio_nxp/workspace/JN-AN-1171-ZigBee-LightLink-Demo/Light_ExtendedColorLight/Build/os_irq_illegalinstruction.o
LOAD c:/NXP/bstudio_nxp/workspace/JN-AN-1171-ZigBee-LightLink-Demo/Light_ExtendedColorLight/Build/os_irq_stackoverflowexception.o
LOAD c:/NXP/bstudio_nxp/workspace/JN-AN-1171-ZigBee-LightLink-Demo/Light_ExtendedColorLight/Build/os_irq_unimplementedmodule.o
LOAD c:/NXP/bstudio_nxp/workspace/JN-AN-1171-ZigBee-LightLink-Demo/Light_ExtendedColorLight/Build/pdum_gen.o
LOAD c:/NXP/bstudio_nxp/workspace/JN-AN-1171-ZigBee-LightLink-Demo/Light_ExtendedColorLight/Build/pdum_apdu.o
LOAD c:/NXP/bstudio_nxp/workspace/JN-AN-1171-ZigBee-LightLink-Demo/Light_ExtendedColorLight/Build/zps_gen.o
LOAD c:/NXP/bstudio_nxp/workspace/JN-AN-1171-ZigBee-LightLink-Demo/Light_ExtendedColorLight/Build/app_timer_driver.o
LOAD c:/NXP/bstudio_nxp/workspace/JN-AN-1171-ZigBee-LightLink-Demo/Light_ExtendedColorLight/Build/app_start_light.o
LOAD c:/NXP/bstudio_nxp/workspace/JN-AN-1171-ZigBee-LightLink-Demo/Light_ExtendedColorLight/Build/app_scenes.o
LOAD c:/NXP/bstudio_nxp/workspace/JN-AN-1171-ZigBee-LightLink-Demo/Light_ExtendedColorLight/Build/app_power_on_counter.o
LOAD c:/NXP/bstudio_nxp/workspace/JN-AN-1171-ZigBee-LightLink-Demo/Light_ExtendedColorLight/Build/zpr_light_node.o
LOAD c:/NXP/bstudio_nxp/workspace/JN-AN-1171-ZigBee-LightLink-Demo/Light_ExtendedColorLight/Build/ecb_decrypt.o
LOAD c:/NXP/bstudio_nxp/workspace/JN-AN-1171-ZigBee-LightLink-Demo/Light_ExtendedColorLight/Build/app_zcl_light_task.o
LOAD c:/NXP/bstudio_nxp/workspace/JN-AN-1171-ZigBee-LightLink-Demo/Light_ExtendedColorLight/Build/app_light_commission_task.o
LOAD c:/NXP/bstudio_nxp/workspace/JN-AN-1171-ZigBee-LightLink-Demo/Light_ExtendedColorLight/Build/app_manage_temperature.o
LOAD c:/NXP/bstudio_nxp/workspace/JN-AN-1171-ZigBee-LightLink-Demo/Light_ExtendedColorLight/Build/app_ota_client.o
LOAD c:/NXP/bstudio_nxp/workspace/JN-AN-1171-ZigBee-LightLink-Demo/Light_ExtendedColorLight/Build/app_light_interpolation.o
LOAD c:/NXP/bstudio_nxp/workspace/JN-AN-1171-ZigBee-LightLink-Demo/Light_ExtendedColorLight/Build/appZpsBeaconHandler.o
LOAD c:/NXP/bstudio_nxp/workspace/JN-AN-1171-ZigBee-LightLink-Demo/Light_ExtendedColorLight/Build/App_Light_ExtendedColorLight.o
LOAD c:/NXP/bstudio_nxp/workspace/JN-AN-1171-ZigBee-LightLink-Demo/Light_ExtendedColorLight/Build/DriverBulb_DR1175.o
LOAD c:/NXP/bstudio_nxp/workspace/JN-AN-1171-ZigBee-LightLink-Demo/Light_ExtendedColorLight/Build/DriverBulb_Shim.o
LOAD c:/NXP/bstudio_nxp/workspace/JN-AN-1171-ZigBee-LightLink-Demo/Light_ExtendedColorLight/Build/app_buttons.o
LOAD c:/NXP/bstudio_nxp/workspace/JN-AN-1171-ZigBee-LightLink-Demo/Light_ExtendedColorLight/Build/Alarms.o
LOAD c:/NXP/bstudio_nxp/workspace/JN-AN-1171-ZigBee-LightLink-Demo/Light_ExtendedColorLight/Build/AlarmsClientCommands.o
LOAD c:/NXP/bstudio_nxp/workspace/JN-AN-1171-ZigBee-LightLink-Demo/Light_ExtendedColorLight/Build/AlarmsCommandHandler.o
LOAD c:/NXP/bstudio_nxp/workspace/JN-AN-1171-ZigBee-LightLink-Demo/Light_ExtendedColorLight/Build/AlarmsServerCommands.o
LOAD c:/NXP/bstudio_nxp/workspace/JN-AN-1171-ZigBee-LightLink-Demo/Light_ExtendedColorLight/Build/AlarmsTableManager.o
LOAD c:/NXP/bstudio_nxp/workspace/JN-AN-1171-ZigBee-LightLink-Demo/Light_ExtendedColorLight/Build/AnalogInputBasic.o
LOAD c:/NXP/bstudio_nxp/workspace/JN-AN-1171-ZigBee-LightLink-Demo/Light_ExtendedColorLight/Build/AnalogOutputBasic.o
LOAD c:/NXP/bstudio_nxp/workspace/JN-AN-1171-ZigBee-LightLink-Demo/Light_ExtendedColorLight/Build/Basic.o
LOAD c:/NXP/bstudio_nxp/workspace/JN-AN-1171-ZigBee-LightLink-Demo/Light_ExtendedColorLight/Build/BasicClientCommands.o
LOAD c:/NXP/bstudio_nxp/workspace/JN-AN-1171-ZigBee-LightLink-Demo/Light_ExtendedColorLight/Build/BasicCommandHandler.o
LOAD c:/NXP/bstudio_nxp/workspace/JN-AN-1171-ZigBee-LightLink-Demo/Light_ExtendedColorLight/Build/BinaryInputBasic.o
LOAD c:/NXP/bstudio_nxp/workspace/JN-AN-1171-ZigBee-LightLink-Demo/Light_ExtendedColorLight/Build/BinaryOutputBasic.o
LOAD c:/NXP/bstudio_nxp/workspace/JN-AN-1171-ZigBee-LightLink-Demo/Light_ExtendedColorLight/Build/Commissioning.o
LOAD c:/NXP/bstudio_nxp/workspace/JN-AN-1171-ZigBee-LightLink-Demo/Light_ExtendedColorLight/Build/DeviceTemperatureConfiguration.o
LOAD c:/NXP/bstudio_nxp/workspace/JN-AN-1171-ZigBee-LightLink-Demo/Light_ExtendedColorLight/Build/Diagnostics.o
LOAD c:/NXP/bstudio_nxp/workspace/JN-AN-1171-ZigBee-LightLink-Demo/Light_ExtendedColorLight/Build/DoorLock.o
LOAD c:/NXP/bstudio_nxp/workspace/JN-AN-1171-ZigBee-LightLink-Demo/Light_ExtendedColorLight/Build/DoorLockCommandHandler.o
LOAD c:/NXP/bstudio_nxp/workspace/JN-AN-1171-ZigBee-LightLink-Demo/Light_ExtendedColorLight/Build/DoorLockCommands.o
LOAD c:/NXP/bstudio_nxp/workspace/JN-AN-1171-ZigBee-LightLink-Demo/Light_ExtendedColorLight/Build/ElectricalMeasurement.o
LOAD c:/NXP/bstudio_nxp/workspace/JN-AN-1171-ZigBee-LightLink-Demo/Light_ExtendedColorLight/Build/Groups.o
LOAD c:/NXP/bstudio_nxp/workspace/JN-AN-1171-ZigBee-LightLink-Demo/Light_ExtendedColorLight/Build/GroupsClientCommands.o
LOAD c:/NXP/bstudio_nxp/workspace/JN-AN-1171-ZigBee-LightLink-Demo/Light_ExtendedColorLight/Build/GroupsCommandHandler.o
LOAD c:/NXP/bstudio_nxp/workspace/JN-AN-1171-ZigBee-LightLink-Demo/Light_ExtendedColorLight/Build/GroupsServerCommands.o
LOAD c:/NXP/bstudio_nxp/workspace/JN-AN-1171-ZigBee-LightLink-Demo/Light_ExtendedColorLight/Build/GroupsTableManager.o
LOAD c:/NXP/bstudio_nxp/workspace/JN-AN-1171-ZigBee-LightLink-Demo/Light_ExtendedColorLight/Build/Identify.o
LOAD c:/NXP/bstudio_nxp/workspace/JN-AN-1171-ZigBee-LightLink-Demo/Light_ExtendedColorLight/Build/IdentifyClientCommands.o
LOAD c:/NXP/bstudio_nxp/workspace/JN-AN-1171-ZigBee-LightLink-Demo/Light_ExtendedColorLight/Build/IdentifyCommandHandler.o
LOAD c:/NXP/bstudio_nxp/workspace/JN-AN-1171-ZigBee-LightLink-Demo/Light_ExtendedColorLight/Build/IdentifyServerCommands.o
LOAD c:/NXP/bstudio_nxp/workspace/JN-AN-1171-ZigBee-LightLink-Demo/Light_ExtendedColorLight/Build/LevelControl.o
LOAD c:/NXP/bstudio_nxp/workspace/JN-AN-1171-ZigBee-LightLink-Demo/Light_ExtendedColorLight/Build/LevelControlClientCommands.o
LOAD c:/NXP/bstudio_nxp/workspace/JN-AN-1171-ZigBee-LightLink-Demo/Light_ExtendedColorLight/Build/LevelControlCommandHandler.o
LOAD c:/NXP/bstudio_nxp/workspace/JN-AN-1171-ZigBee-LightLink-Demo/Light_ExtendedColorLight/Build/MultistateInputBasic.o
LOAD c:/NXP/bstudio_nxp/workspace/JN-AN-1171-ZigBee-LightLink-Demo/Light_ExtendedColorLight/Build/MultistateOutputBasic.o
LOAD c:/NXP/bstudio_nxp/workspace/JN-AN-1171-ZigBee-LightLink-Demo/Light_ExtendedColorLight/Build/OOSC.o
LOAD c:/NXP/bstudio_nxp/workspace/JN-AN-1171-ZigBee-LightLink-Demo/Light_ExtendedColorLight/Build/OnOff.o
LOAD c:/NXP/bstudio_nxp/workspace/JN-AN-1171-ZigBee-LightLink-Demo/Light_ExtendedColorLight/Build/OnOffCommandHandler.o
LOAD c:/NXP/bstudio_nxp/workspace/JN-AN-1171-ZigBee-LightLink-Demo/Light_ExtendedColorLight/Build/OnOffCommands.o
LOAD c:/NXP/bstudio_nxp/workspace/JN-AN-1171-ZigBee-LightLink-Demo/Light_ExtendedColorLight/Build/PollControl.o
LOAD c:/NXP/bstudio_nxp/workspace/JN-AN-1171-ZigBee-LightLink-Demo/Light_ExtendedColorLight/Build/PollControlClientCommands.o
LOAD c:/NXP/bstudio_nxp/workspace/JN-AN-1171-ZigBee-LightLink-Demo/Light_ExtendedColorLight/Build/PollControlCommandHandler.o
LOAD c:/NXP/bstudio_nxp/workspace/JN-AN-1171-ZigBee-LightLink-Demo/Light_ExtendedColorLight/Build/PollControlServerCommands.o
LOAD c:/NXP/bstudio_nxp/workspace/JN-AN-1171-ZigBee-LightLink-Demo/Light_ExtendedColorLight/Build/PowerConfiguration.o
LOAD c:/NXP/bstudio_nxp/workspace/JN-AN-1171-ZigBee-LightLink-Demo/Light_ExtendedColorLight/Build/Scenes.o
LOAD c:/NXP/bstudio_nxp/workspace/JN-AN-1171-ZigBee-LightLink-Demo/Light_ExtendedColorLight/Build/ScenesClientCommands.o
LOAD c:/NXP/bstudio_nxp/workspace/JN-AN-1171-ZigBee-LightLink-Demo/Light_ExtendedColorLight/Build/ScenesClusterManagement.o
LOAD c:/NXP/bstudio_nxp/workspace/JN-AN-1171-ZigBee-LightLink-Demo/Light_ExtendedColorLight/Build/ScenesCommandHandler.o
LOAD c:/NXP/bstudio_nxp/workspace/JN-AN-1171-ZigBee-LightLink-Demo/Light_ExtendedColorLight/Build/ScenesServerCommands.o
LOAD c:/NXP/bstudio_nxp/workspace/JN-AN-1171-ZigBee-LightLink-Demo/Light_ExtendedColorLight/Build/ScenesTableManager.o
LOAD c:/NXP/bstudio_nxp/workspace/JN-AN-1171-ZigBee-LightLink-Demo/Light_ExtendedColorLight/Build/TC.o
LOAD c:/NXP/bstudio_nxp/workspace/JN-AN-1171-ZigBee-LightLink-Demo/Light_ExtendedColorLight/Build/Time.o
LOAD c:/NXP/bstudio_nxp/workspace/JN-AN-1171-ZigBee-LightLink-Demo/Light_ExtendedColorLight/Build/zll_CommissionCmdHandler.o
LOAD c:/NXP/bstudio_nxp/workspace/JN-AN-1171-ZigBee-LightLink-Demo/Light_ExtendedColorLight/Build/zll_UtilityCmdHandler.o
LOAD c:/NXP/bstudio_nxp/workspace/JN-AN-1171-ZigBee-LightLink-Demo/Light_ExtendedColorLight/Build/zll_commission.o
LOAD c:/NXP/bstudio_nxp/workspace/JN-AN-1171-ZigBee-LightLink-Demo/Light_ExtendedColorLight/Build/zll_utility.o
LOAD c:/NXP/bstudio_nxp/workspace/JN-AN-1171-ZigBee-LightLink-Demo/Light_ExtendedColorLight/Build/colour_light.o
LOAD c:/NXP/bstudio_nxp/workspace/JN-AN-1171-ZigBee-LightLink-Demo/Light_ExtendedColorLight/Build/colour_remote.o
LOAD c:/NXP/bstudio_nxp/workspace/JN-AN-1171-ZigBee-LightLink-Demo/Light_ExtendedColorLight/Build/colour_scene_remote.o
LOAD c:/NXP/bstudio_nxp/workspace/JN-AN-1171-ZigBee-LightLink-Demo/Light_ExtendedColorLight/Build/colour_temperature_light.o
LOAD c:/NXP/bstudio_nxp/workspace/JN-AN-1171-ZigBee-LightLink-Demo/Light_ExtendedColorLight/Build/commission_endpoint.o
LOAD c:/NXP/bstudio_nxp/workspace/JN-AN-1171-ZigBee-LightLink-Demo/Light_ExtendedColorLight/Build/control_bridge.o
LOAD c:/NXP/bstudio_nxp/workspace/JN-AN-1171-ZigBee-LightLink-Demo/Light_ExtendedColorLight/Build/dimmable_light.o
LOAD c:/NXP/bstudio_nxp/workspace/JN-AN-1171-ZigBee-LightLink-Demo/Light_ExtendedColorLight/Build/dimmable_plug.o
LOAD c:/NXP/bstudio_nxp/workspace/JN-AN-1171-ZigBee-LightLink-Demo/Light_ExtendedColorLight/Build/extended_colour_light.o
LOAD c:/NXP/bstudio_nxp/workspace/JN-AN-1171-ZigBee-LightLink-Demo/Light_ExtendedColorLight/Build/non_colour_remote.o
LOAD c:/NXP/bstudio_nxp/workspace/JN-AN-1171-ZigBee-LightLink-Demo/Light_ExtendedColorLight/Build/non_colour_scene_remote.o
LOAD c:/NXP/bstudio_nxp/workspace/JN-AN-1171-ZigBee-LightLink-Demo/Light_ExtendedColorLight/Build/on_off_light.o
LOAD c:/NXP/bstudio_nxp/workspace/JN-AN-1171-ZigBee-LightLink-Demo/Light_ExtendedColorLight/Build/on_off_plug.o
LOAD c:/NXP/bstudio_nxp/workspace/JN-AN-1171-ZigBee-LightLink-Demo/Light_ExtendedColorLight/Build/on_off_sensor.o
LOAD c:/NXP/bstudio_nxp/workspace/JN-AN-1171-ZigBee-LightLink-Demo/Light_ExtendedColorLight/Build/zll.o
LOAD c:/NXP/bstudio_nxp/workspace/JN-AN-1171-ZigBee-LightLink-Demo/Light_ExtendedColorLight/Build/BallastConfiguration.o
LOAD c:/NXP/bstudio_nxp/workspace/JN-AN-1171-ZigBee-LightLink-Demo/Light_ExtendedColorLight/Build/ColourControl.o
LOAD c:/NXP/bstudio_nxp/workspace/JN-AN-1171-ZigBee-LightLink-Demo/Light_ExtendedColorLight/Build/ColourControlClientCommands.o
LOAD c:/NXP/bstudio_nxp/workspace/JN-AN-1171-ZigBee-LightLink-Demo/Light_ExtendedColorLight/Build/ColourControlCommandHandler.o
LOAD c:/NXP/bstudio_nxp/workspace/JN-AN-1171-ZigBee-LightLink-Demo/Light_ExtendedColorLight/Build/ColourControlConversions.o
LOAD c:/NXP/bstudio_nxp/workspace/JN-AN-1171-ZigBee-LightLink-Demo/Light_ExtendedColorLight/Build/dlist.o
LOAD c:/NXP/bstudio_nxp/workspace/JN-AN-1171-ZigBee-LightLink-Demo/Light_ExtendedColorLight/Build/zcl.o
LOAD c:/NXP/bstudio_nxp/workspace/JN-AN-1171-ZigBee-LightLink-Demo/Light_ExtendedColorLight/Build/zcl_CustomCommandReceive.o
LOAD c:/NXP/bstudio_nxp/workspace/JN-AN-1171-ZigBee-LightLink-Demo/Light_ExtendedColorLight/Build/zcl_CustomCommandSend.o
LOAD c:/NXP/bstudio_nxp/workspace/JN-AN-1171-ZigBee-LightLink-Demo/Light_ExtendedColorLight/Build/zcl_PDUbufferReadWrite.o
LOAD c:/NXP/bstudio_nxp/workspace/JN-AN-1171-ZigBee-LightLink-Demo/Light_ExtendedColorLight/Build/zcl_PDUbufferReadWriteString.o
LOAD c:/NXP/bstudio_nxp/workspace/JN-AN-1171-ZigBee-LightLink-Demo/Light_ExtendedColorLight/Build/zcl_WriteAttributesRequestHandle.o
LOAD c:/NXP/bstudio_nxp/workspace/JN-AN-1171-ZigBee-LightLink-Demo/Light_ExtendedColorLight/Build/zcl_WriteAttributesRequestSend.o
LOAD c:/NXP/bstudio_nxp/workspace/JN-AN-1171-ZigBee-LightLink-Demo/Light_ExtendedColorLight/Build/zcl_WriteAttributesResponseHandle.o
LOAD c:/NXP/bstudio_nxp/workspace/JN-AN-1171-ZigBee-LightLink-Demo/Light_ExtendedColorLight/Build/zcl_attribute.o
LOAD c:/NXP/bstudio_nxp/workspace/JN-AN-1171-ZigBee-LightLink-Demo/Light_ExtendedColorLight/Build/zcl_buffer.o
LOAD c:/NXP/bstudio_nxp/workspace/JN-AN-1171-ZigBee-LightLink-Demo/Light_ExtendedColorLight/Build/zcl_clusterCommand.o
LOAD c:/NXP/bstudio_nxp/workspace/JN-AN-1171-ZigBee-LightLink-Demo/Light_ExtendedColorLight/Build/zcl_command.o
LOAD c:/NXP/bstudio_nxp/workspace/JN-AN-1171-ZigBee-LightLink-Demo/Light_ExtendedColorLight/Build/zcl_configureReportingCommandHandle.o
LOAD c:/NXP/bstudio_nxp/workspace/JN-AN-1171-ZigBee-LightLink-Demo/Light_ExtendedColorLight/Build/zcl_configureReportingCommandSend.o
LOAD c:/NXP/bstudio_nxp/workspace/JN-AN-1171-ZigBee-LightLink-Demo/Light_ExtendedColorLight/Build/zcl_configureReportingResponseHandle.o
LOAD c:/NXP/bstudio_nxp/workspace/JN-AN-1171-ZigBee-LightLink-Demo/Light_ExtendedColorLight/Build/zcl_defaultResponse.o
LOAD c:/NXP/bstudio_nxp/workspace/JN-AN-1171-ZigBee-LightLink-Demo/Light_ExtendedColorLight/Build/zcl_discoverAttributesExtendedRequestHandle.o
LOAD c:/NXP/bstudio_nxp/workspace/JN-AN-1171-ZigBee-LightLink-Demo/Light_ExtendedColorLight/Build/zcl_discoverAttributesExtendedRequestSend.o
LOAD c:/NXP/bstudio_nxp/workspace/JN-AN-1171-ZigBee-LightLink-Demo/Light_ExtendedColorLight/Build/zcl_discoverAttributesExtendedResponseHandle.o
LOAD c:/NXP/bstudio_nxp/workspace/JN-AN-1171-ZigBee-LightLink-Demo/Light_ExtendedColorLight/Build/zcl_discoverAttributesRequestHandle.o
LOAD c:/NXP/bstudio_nxp/workspace/JN-AN-1171-ZigBee-LightLink-Demo/Light_ExtendedColorLight/Build/zcl_discoverAttributesRequestSend.o
LOAD c:/NXP/bstudio_nxp/workspace/JN-AN-1171-ZigBee-LightLink-Demo/Light_ExtendedColorLight/Build/zcl_discoverAttributesResponseHandle.o
LOAD c:/NXP/bstudio_nxp/workspace/JN-AN-1171-ZigBee-LightLink-Demo/Light_ExtendedColorLight/Build/zcl_discoverCommandsRequestHandle.o
LOAD c:/NXP/bstudio_nxp/workspace/JN-AN-1171-ZigBee-LightLink-Demo/Light_ExtendedColorLight/Build/zcl_discoverCommandsRequestSend.o
LOAD c:/NXP/bstudio_nxp/workspace/JN-AN-1171-ZigBee-LightLink-Demo/Light_ExtendedColorLight/Build/zcl_discoverCommandsResponseHandle.o
LOAD c:/NXP/bstudio_nxp/workspace/JN-AN-1171-ZigBee-LightLink-Demo/Light_ExtendedColorLight/Build/zcl_event.o
LOAD c:/NXP/bstudio_nxp/workspace/JN-AN-1171-ZigBee-LightLink-Demo/Light_ExtendedColorLight/Build/zcl_heap.o
LOAD c:/NXP/bstudio_nxp/workspace/JN-AN-1171-ZigBee-LightLink-Demo/Light_ExtendedColorLight/Build/zcl_library_options.o
LOAD c:/NXP/bstudio_nxp/workspace/JN-AN-1171-ZigBee-LightLink-Demo/Light_ExtendedColorLight/Build/zcl_readAttributesRequestHandle.o
LOAD c:/NXP/bstudio_nxp/workspace/JN-AN-1171-ZigBee-LightLink-Demo/Light_ExtendedColorLight/Build/zcl_readAttributesRequestSend.o
LOAD c:/NXP/bstudio_nxp/workspace/JN-AN-1171-ZigBee-LightLink-Demo/Light_ExtendedColorLight/Build/zcl_readAttributesResponseHandle.o
LOAD c:/NXP/bstudio_nxp/workspace/JN-AN-1171-ZigBee-LightLink-Demo/Light_ExtendedColorLight/Build/zcl_readReportingConfigurationCommandHandle.o
LOAD c:/NXP/bstudio_nxp/workspace/JN-AN-1171-ZigBee-LightLink-Demo/Light_ExtendedColorLight/Build/zcl_readReportingConfigurationCommandSend.o
LOAD c:/NXP/bstudio_nxp/workspace/JN-AN-1171-ZigBee-LightLink-Demo/Light_ExtendedColorLight/Build/zcl_readReportingConfigurationResponseHandle.o
LOAD c:/NXP/bstudio_nxp/workspace/JN-AN-1171-ZigBee-LightLink-Demo/Light_ExtendedColorLight/Build/zcl_reportManager.o
LOAD c:/NXP/bstudio_nxp/workspace/JN-AN-1171-ZigBee-LightLink-Demo/Light_ExtendedColorLight/Build/zcl_reportMaths.o
LOAD c:/NXP/bstudio_nxp/workspace/JN-AN-1171-ZigBee-LightLink-Demo/Light_ExtendedColorLight/Build/zcl_reportScheduler.o
LOAD c:/NXP/bstudio_nxp/workspace/JN-AN-1171-ZigBee-LightLink-Demo/Light_ExtendedColorLight/Build/zcl_reportStringHandling.o
LOAD c:/NXP/bstudio_nxp/workspace/JN-AN-1171-ZigBee-LightLink-Demo/Light_ExtendedColorLight/Build/zcl_reportStructure.o
LOAD c:/NXP/bstudio_nxp/workspace/JN-AN-1171-ZigBee-LightLink-Demo/Light_ExtendedColorLight/Build/zcl_search.o
LOAD c:/NXP/bstudio_nxp/workspace/JN-AN-1171-ZigBee-LightLink-Demo/Light_ExtendedColorLight/Build/zcl_timer.o
LOAD c:/NXP/bstudio_nxp/workspace/JN-AN-1171-ZigBee-LightLink-Demo/Light_ExtendedColorLight/Build/zcl_transmit.o
LOAD c:/NXP/bstudio_nxp/workspace/JN-AN-1171-ZigBee-LightLink-Demo/Light_ExtendedColorLight/Build/OTA.o
LOAD c:/NXP/bstudio_nxp/workspace/JN-AN-1171-ZigBee-LightLink-Demo/Light_ExtendedColorLight/Build/OTA_ClientUpgradeManager.o
LOAD c:/NXP/bstudio_nxp/workspace/JN-AN-1171-ZigBee-LightLink-Demo/Light_ExtendedColorLight/Build/OTA_CustomCommandHandler.o
LOAD c:/NXP/bstudio_nxp/workspace/JN-AN-1171-ZigBee-LightLink-Demo/Light_ExtendedColorLight/Build/OTA_CustomReceiveCommands.o
LOAD c:/NXP/bstudio_nxp/workspace/JN-AN-1171-ZigBee-LightLink-Demo/Light_ExtendedColorLight/Build/OTA_ServerUpgradeManager.o
LOAD c:/NXP/bstudio_nxp/workspace/JN-AN-1171-ZigBee-LightLink-Demo/Light_ExtendedColorLight/Build/OTA_client.o
LOAD c:/NXP/bstudio_nxp/workspace/JN-AN-1171-ZigBee-LightLink-Demo/Light_ExtendedColorLight/Build/OTA_common.o
LOAD c:/NXP/bstudio_nxp/workspace/JN-AN-1171-ZigBee-LightLink-Demo/Light_ExtendedColorLight/Build/OTA_server.o
LOAD c:/NXP/bstudio_nxp/sdk/JN-SW-4168/Components/Library\libZPSMAC_Mini_JN516x.a
LOAD c:/NXP/bstudio_nxp/sdk/JN-SW-4168/Components/Library\libOS_JN516x.a
LOAD c:/NXP/bstudio_nxp/sdk/JN-SW-4168/Components/Library\libPWRM_JN516x.a
LOAD c:/NXP/bstudio_nxp/sdk/JN-SW-4168/Components/Library\libZPSTSV_JN516x.a
LOAD c:/NXP/bstudio_nxp/sdk/JN-SW-4168/Components/Library\libAES_SW_JN516x.a
LOAD c:/NXP/bstudio_nxp/sdk/JN-SW-4168/Components/Library\libPDUM_JN516x.a
LOAD c:/NXP/bstudio_nxp/sdk/JN-SW-4168/Components/Library\libZPSAPL_JN516x.a
LOAD c:/NXP/bstudio_nxp/sdk/JN-SW-4168/Components/Library\libRandom_JN516x.a
LOAD c:/NXP/bstudio_nxp/sdk/JN-SW-4168/Components/Library\libPDM_EEPROM_JN516x.a
LOAD c:/NXP/bstudio_nxp/sdk/JN-SW-4168/Components/Library\libDBG_JN516x.a
LOAD c:/NXP/bstudio_nxp/sdk/JN-SW-4168/Components/Library\libZPSZLL_JN516x.a
LOAD c:/NXP/bstudio_nxp/sdk/JN-SW-4168/Components/Library\libZPSNWK_JN516x.a
LOAD c:/NXP/bstudio_nxp/sdk/JN-SW-4168/Components/Library\libRecal_JN516x.a
LOAD c:/NXP/bstudio_nxp/sdk/JN-SW-4168/Components/Library\libMiniMac_JN5169.a
LOAD c:/NXP/bstudio_nxp/sdk/JN-SW-4168/Components/Library\libMiniMacShim_JN516x.a
LOAD c:/NXP/bstudio_nxp/sdk/JN-SW-4168/Components/Library\libMMAC_JN5169.a
LOAD c:/NXP/bstudio_nxp/sdk/JN-SW-4168/Components/Library\libJPT_JN5169.a
LOAD c:/NXP/bstudio_nxp/sdk/JN-SW-4168/Components/Library\libAes_JN516x.a
LOAD c:/NXP/bstudio_nxp/sdk/JN-SW-4168/Components/Library\libHardwareApi_JN5169.a
LOAD c:/NXP/bstudio_nxp/sdk/JN-SW-4168/Components/Library\libMicroSpecific_JN516x.a
LOAD c:/NXP/bstudio_nxp/sdk/JN-SW-4168/Components/Library\libBoot_JN516x.a
LOAD c:/NXP/bstudio_nxp/sdk/JN-SW-4168/Platform/DK4/Library\libBoardLib_JN516x.a
LOAD c:/nxp/bstudio_nxp/sdk/tools/ba-elf-ba2-r36379/bin/../lib/gcc/ba-elf/4.7.4/../../../../ba-elf/lib/mcpu_jn51xx_sizeopt\libm.a
END GROUP
LOAD c:/nxp/bstudio_nxp/sdk/tools/ba-elf-ba2-r36379/bin/../lib/gcc/ba-elf/4.7.4/../../../../ba-elf/lib/mcpu_jn51xx_sizeopt\libc.a
LOAD c:/nxp/bstudio_nxp/sdk/tools/ba-elf-ba2-r36379/bin/../lib/gcc/ba-elf/4.7.4/mcpu_jn51xx_sizeopt\libgcc.a
LOAD c:/nxp/bstudio_nxp/sdk/tools/ba-elf-ba2-r36379/bin/../lib/gcc/ba-elf/4.7.4/../../../../ba-elf/lib/mcpu_jn51xx_sizeopt\libc.a
                0x0000000000080038                exception_vsr_table = 0x80038
                0x0000000004000000                pSPIflashFncTable = 0x4000000
                0x0000000000000044                restore_state = 0x44
                0x000000000000004a                bZSPIWaitWIPClear = 0x4a
                0x0000000000000050                u16ZSPIflashRDID = 0x50
                0x0000000000000056                u8SelectFlashChipType = 0x56
                0x000000000000005c                memcpy = 0x5c
                0x0000000000000066                vBootFlashProg = 0x66
                [0x00000000000007d0]                __minimum_heap_size = DEFINED (__minimum_heap_size)?__minimum_heap_size:0xd16
                [0x0000000000001770]                __stack_size = DEFINED (__stack_size)?__stack_size:0x800
                0x0000000000000000                _SwConfig = (DEFINED (g_bSWConf_Debug) | (DEFINED (g_bSWConf_AltDebugPort) << 0x1))

.version        0x000000000007fffc        0x4
                0x000000000007fffc        0x4 LONG 0xf03000b

.bir            0x0000000000080000       0x10
                0x0000000000080000                _flash_start = ABSOLUTE (.)
                0x0000000000080000                _flash_beg = ABSOLUTE (.)
                0x0000000000080000        0x4 LONG 0x12345678
                0x0000000000080004        0x4 LONG 0x11223344
                0x0000000000080008        0x4 LONG 0x55667788
                0x000000000008000c        0x1 BYTE 0x8
                0x000000000008000d        0x1 BYTE 0x1
                0x000000000008000e        0x2 SHORT 0x0

.flashheader    0x0000000000080010       0x28
                0x0000000000080010        0x4 LONG 0x0
                0x0000000000080014        0x4 LONG 0x0
                0x0000000000080018        0x4 LONG 0x0
                0x000000000008001c        0x2 SHORT 0x0
                0x000000000008001e        0x2 SHORT 0x0 ABSOLUTE (_SwConfig)
                0x0000000000080020                _enc_start = ABSOLUTE (.)
                0x0000000000080020        0x4 LONG 0x2b9d4 ABSOLUTE (_image_len)
                0x0000000000080024        0x4 LONG 0xaaff8 ABSOLUTE (_flash_data_start)
                0x0000000000080028        0x2 SHORT 0x13 ((ABSOLUTE (_ram_data_start) / 0x4) & 0xffff)
                0x000000000008002a        0x2 SHORT 0x277 ((ABSOLUTE (_ram_data_len) / 0x4) & 0xffff)
                0x000000000008002c        0x2 SHORT 0x28a ((ABSOLUTE (_bss_start) / 0x4) & 0xffff)
                0x000000000008002e        0x2 SHORT 0x10b6 ((ABSOLUTE (_bss_len) / 0x4) & 0xffff)
                0x0000000000080030        0x4 LONG 0xa705c ABSOLUTE (AppWarmStart)
                0x0000000000080034        0x4 LONG 0xa7078 ABSOLUTE (AppColdStart)
                0x0000000000000000                _enc_offset = (_enc_start & 0xf)

.ro_mac_address
                0x0000000000080040       0x10
                0x0000000000080040                _FlsMACAddress = ABSOLUTE (.)
 *(.ro_mac_address)
 .ro_mac_address
                0x0000000000080040        0x8 C:\Users\Gillis\AppData\Local\Temp\ccnqav2l.ltrans0.ltrans.o
                0x0000000000080050                . = ALIGN (0x10)
 *fill*         0x0000000000080048        0x8 00

.ro_ota_header  0x0000000000080050       0x50
                0x0000000000080050                _FlsOtaHeader = ABSOLUTE (.)
 *(.ro_ota_header)
 .ro_ota_header
                0x0000000000080050       0x45 C:\Users\Gillis\AppData\Local\Temp\ccnqav2l.ltrans25.ltrans.o
                0x0000000000080050                au8OtaHeader
                0x00000000000800a0                . = ALIGN (0x10)
 *fill*         0x0000000000080095        0xb 00

.ro_se_lnkKey   0x00000000000800a0       0x10
                0x00000000000800a0                _FlsLinkKey = ABSOLUTE (.)
 *(.ro_se_lnkKey)
 .ro_se_lnkKey  0x00000000000800a0       0x10 C:\Users\Gillis\AppData\Local\Temp\ccnqav2l.ltrans25.ltrans.o
                0x00000000000800a0                s_au8LnkKeyArray
                0x00000000000800b0                . = ALIGN (0x10)

.rodata         0x00000000000800b0      0xf60
 *(.rodata*)
 .rodata.str1.1
                0x00000000000800b0       0x1c C:\Users\Gillis\AppData\Local\Temp\ccnqav2l.ltrans0.ltrans.o
 .rodata        0x00000000000800cc      0x18c C:\Users\Gillis\AppData\Local\Temp\ccnqav2l.ltrans0.ltrans.o
                0x00000000000800cc                gMAC_u8MaxBuffers
                0x00000000000800d0                g_u32ApsFcSaveCountBitShift
                0x00000000000800d4                u8MaxZpsConfigEp
                0x00000000000800d5                au8EpMapPresent
                0x00000000000800d8                s_groupPdmTable
 .rodata.str1.1
                0x0000000000000000       0x1c C:\Users\Gillis\AppData\Local\Temp\ccnqav2l.ltrans1.ltrans.o
                                          0x8 (size before relaxing)
 .rodata        0x0000000000080258       0x38 C:\Users\Gillis\AppData\Local\Temp\ccnqav2l.ltrans1.ltrans.o
 .rodata        0x0000000000080290       0x8c C:\Users\Gillis\AppData\Local\Temp\ccnqav2l.ltrans3.ltrans.o
                0x0000000000080298                au32UartAddrOffset
 .rodata        0x000000000008031c        0x8 C:\Users\Gillis\AppData\Local\Temp\ccnqav2l.ltrans4.ltrans.o
 .rodata.str1.1
                0x0000000000080324        0x3 C:\Users\Gillis\AppData\Local\Temp\ccnqav2l.ltrans4.ltrans.o
 .rodata        0x0000000000080327       0x1c C:\Users\Gillis\AppData\Local\Temp\ccnqav2l.ltrans5.ltrans.o
 .rodata.str1.1
                0x0000000000080343       0xb7 C:\Users\Gillis\AppData\Local\Temp\ccnqav2l.ltrans5.ltrans.o
 .rodata.str1.1
                0x00000000000803fa        0x6 C:\Users\Gillis\AppData\Local\Temp\ccnqav2l.ltrans6.ltrans.o
                                         0x15 (size before relaxing)
 .rodata        0x0000000000080400       0x1c C:\Users\Gillis\AppData\Local\Temp\ccnqav2l.ltrans6.ltrans.o
                0x0000000000080400                zps_pacNwkFrmStdHdrFmt
                0x0000000000080404                au32NwkPdmRecordOffsets
 .rodata.str1.1
                0x0000000000000000        0x3 C:\Users\Gillis\AppData\Local\Temp\ccnqav2l.ltrans8.ltrans.o
 .rodata.str1.1
                0x000000000008041c        0x6 C:\Users\Gillis\AppData\Local\Temp\ccnqav2l.ltrans9.ltrans.o
 .rodata.str1.1
                0x0000000000080422        0xf C:\Users\Gillis\AppData\Local\Temp\ccnqav2l.ltrans10.ltrans.o
                                         0x16 (size before relaxing)
 .rodata.str1.1
                0x0000000000080431        0x5 C:\Users\Gillis\AppData\Local\Temp\ccnqav2l.ltrans11.ltrans.o
                                         0x13 (size before relaxing)
 *fill*         0x0000000000080436        0x2 00
 .rodata        0x0000000000080438      0x1c4 C:\Users\Gillis\AppData\Local\Temp\ccnqav2l.ltrans11.ltrans.o
                0x0000000000080438                zps_pacNwkFrmStdByteFmt
                0x000000000008043c                zps_pacNwkFrmStdLongFmt
                0x0000000000080440                zps_pacNwkFrmStdHalfFmt
 .rodata.str1.1
                0x0000000000000000        0x5 C:\Users\Gillis\AppData\Local\Temp\ccnqav2l.ltrans12.ltrans.o
                                          0x7 (size before relaxing)
 .rodata.str1.1
                0x0000000000000000        0x5 C:\Users\Gillis\AppData\Local\Temp\ccnqav2l.ltrans13.ltrans.o
                                          0xf (size before relaxing)
 .rodata        0x00000000000805fc        0x7 C:\Users\Gillis\AppData\Local\Temp\ccnqav2l.ltrans13.ltrans.o
                0x00000000000805fc                u8MacNwkTriesTimeout
 .rodata.str1.1
                0x0000000000080603       0x1e C:\Users\Gillis\AppData\Local\Temp\ccnqav2l.ltrans14.ltrans.o
                                         0x25 (size before relaxing)
 *fill*         0x0000000000080621        0x3 00
 .rodata        0x0000000000080624       0x44 C:\Users\Gillis\AppData\Local\Temp\ccnqav2l.ltrans15.ltrans.o
                0x000000000008062c                s_aprIdleStHandleCme.146463
                0x0000000000080640                s_aprActvStHandleCme.142596
                0x0000000000080664                bDisableSourceRouting
                0x0000000000080665                bRxOnOptimisationTurnedOff
 .rodata.str1.1
                0x0000000000000000       0x1e C:\Users\Gillis\AppData\Local\Temp\ccnqav2l.ltrans15.ltrans.o
                                          0x4 (size before relaxing)
 .rodata.str1.1
                0x0000000000080668       0x10 C:\Users\Gillis\AppData\Local\Temp\ccnqav2l.ltrans16.ltrans.o
                                         0x29 (size before relaxing)
 .rodata        0x0000000000080678        0x4 C:\Users\Gillis\AppData\Local\Temp\ccnqav2l.ltrans16.ltrans.o
 .rodata.str1.1
                0x0000000000000000       0x10 C:\Users\Gillis\AppData\Local\Temp\ccnqav2l.ltrans17.ltrans.o
                                          0x6 (size before relaxing)
 .rodata.str1.1
                0x000000000008067c        0x5 C:\Users\Gillis\AppData\Local\Temp\ccnqav2l.ltrans18.ltrans.o
                                          0xa (size before relaxing)
 .rodata.str1.1
                0x0000000000000000        0x5 C:\Users\Gillis\AppData\Local\Temp\ccnqav2l.ltrans20.ltrans.o
                                          0x6 (size before relaxing)
 *fill*         0x0000000000080681        0x3 00
 .rodata        0x0000000000080684       0x4c C:\Users\Gillis\AppData\Local\Temp\ccnqav2l.ltrans20.ltrans.o
                0x0000000000080684                g_u32NwkFcSaveCountBitShift
 .rodata.str1.1
                0x00000000000806d0        0xa C:\Users\Gillis\AppData\Local\Temp\ccnqav2l.ltrans22.ltrans.o
                                         0x26 (size before relaxing)
 .rodata.str1.1
                0x0000000000000000        0x4 C:\Users\Gillis\AppData\Local\Temp\ccnqav2l.ltrans23.ltrans.o
 *fill*         0x00000000000806da        0x2 00
 .rodata        0x00000000000806dc      0x318 C:\Users\Gillis\AppData\Local\Temp\ccnqav2l.ltrans24.ltrans.o
                0x00000000000808dc                gu32ZCLVersion
                0x00000000000808e0                OS_g_u32Version
                0x00000000000808e4                PDUM_g_u32Version
                0x00000000000808e8                ZPS_g_u32MacVersion
                0x00000000000808ec                ZPS_g_u32TsvVersion
 .rodata.str1.1
                0x00000000000809f4       0x54 C:\Users\Gillis\AppData\Local\Temp\ccnqav2l.ltrans25.ltrans.o
 .rodata        0x0000000000080a48       0x10 C:\Users\Gillis\AppData\Local\Temp\ccnqav2l.ltrans25.ltrans.o
 .rodata.str1.1
                0x0000000000080a58       0x20 C:\Users\Gillis\AppData\Local\Temp\ccnqav2l.ltrans26.ltrans.o
                                         0x30 (size before relaxing)
 .rodata        0x0000000000080a78      0x107 C:\Users\Gillis\AppData\Local\Temp\ccnqav2l.ltrans26.ltrans.o
                0x0000000000080a78                au8ZLLChannelSet
 .rodata.str1.1
                0x0000000000000000       0x20 C:\Users\Gillis\AppData\Local\Temp\ccnqav2l.ltrans27.ltrans.o
                                          0x4 (size before relaxing)
 .rodata        0x0000000000080b7f       0x11 C:\Users\Gillis\AppData\Local\Temp\ccnqav2l.ltrans27.ltrans.o
                0x0000000000080b7f                g_bReverToOldParent
 .rodata.str1.1
                0x0000000000080b90       0x1a C:\Users\Gillis\AppData\Local\Temp\ccnqav2l.ltrans28.ltrans.o
                                         0x36 (size before relaxing)
 .rodata.str1.1
                0x0000000000080baa       0x8e C:\Users\Gillis\AppData\Local\Temp\ccnqav2l.ltrans31.ltrans.o
 .rodata        0x0000000000080c38      0x3d8 C:\Users\Gillis\AppData\Local\Temp\ccnqav2l.ltrans31.ltrans.o
                0x0000000000080c38                zps_g_pvApl
                0x0000000000080c3c                pwrm_psWakeupCallbacks

.text           0x0000000000081010    0x29fe8
 *(.text*)
 .text          0x0000000000081010     0x2124 C:\Users\Gillis\AppData\Local\Temp\ccnqav2l.ltrans0.ltrans.o
                0x0000000000081010                vInitialiseApp.3308
                0x0000000000081010                APP_TIMER_Version_1v0
 .text          0x0000000000083134     0x1aac C:\Users\Gillis\AppData\Local\Temp\ccnqav2l.ltrans1.ltrans.o
                0x0000000000083149                DBG_iUartGetChar
                0x00000000000831fd                vMMAC_IntHandlerBbc
                0x0000000000083217                eBasicTxCompleteHandler
                0x000000000008321c                vTxRxTimeout.153408
                0x0000000000083279                eSmeAcScBeaconInd.144559
                0x00000000000832df                eSmeASFlBeaconInd.144394
                0x0000000000083301                eSmeUDNTScanDcfm.143844
                0x0000000000083389                zps_eNwkHandleSmePollDcfm
                0x00000000000833b3                eSmeGenlScanDcfm.144386
                0x0000000000083411                eLeaveDataDcfmRemoteLeave.149144
                0x000000000008345a                eSmeEdScScanDcfm.144382
                0x0000000000083601                eSmeAcScBeaconInd.144402
                0x0000000000083709                eSmeUDNTBeaconInd.144378
                0x000000000008372c                eZCL_SetLocalAttributeValue.constprop.159
                0x00000000000837e8                bAHI_FlashInit.constprop.156
                0x0000000000083960                vOtaFlashInitHw
                0x0000000000083962                eZCL_TimerRegister.part.1.63787.constprop.153
                0x00000000000839b8                pvZCL_HeapAlloc.part.0.56158.constprop.135
                0x00000000000839f2                vMicroIntEnableOnly.constprop.126
                0x0000000000083a1e                vACI_OptimisedCcmStar.constprop.71
                0x0000000000083c0a                zps_eNwkRtDiscMatch.constprop.68
                0x0000000000083c5d                vAHI_SpiReadConfiguration.constprop.54
                0x0000000000083c8e                vConfigureSpi
                0x0000000000083cce                vAHI_SpiRestoreConfiguration.constprop.51
                0x0000000000083d0f                bAHI_FullFlashRead
                0x0000000000083d52                vOtaFlashRead
                0x0000000000083d54                eCLD_ColourControl_xyY2HSV.constprop.42
                0x0000000000083f1a                vCLD_ColourControl_xyY2CCT.constprop.41
                0x0000000000083fcb                vMiniMac_ReturnTxBufferCallback
                0x0000000000083fdd                bEnableReceive.153410
                0x000000000008401b                pvHeap_Alloc
                0x000000000008401e                vMicroIntRestoreState
                0x000000000008402a                TSV_eStart
                0x000000000008407a                bAHI_WriteEEPROMfixSegmentData
                0x00000000000840d8                bAHI_InitialiseEEPROM
                0x0000000000084120                vAHI_ReadDataFromEEPROMregister
                0x000000000008414d                vAHI_WriteDataIntoEEPROMregister
                0x000000000008417d                iPDM_WriteSegmentHeaderDataIntoEEPROMsegment
                0x00000000000841ac                u32RaiseDigitalVoltage
                0x00000000000841cc                u8AHI_WakeTimerFiredStatus
                0x00000000000841e0                vAHI_WakeTimerStop.part.3.155821
                0x0000000000084200                vAHI_UartReset.part.4.155575
                0x0000000000084238                vAHI_ClockXtalPull
                0x0000000000084255                vAHI_OptimiseWaitStates
                0x00000000000842a1                bAHI_GetClkSource
                0x00000000000842ae                bAHI_SetClockRate.part.0.155245.constprop.99
                0x0000000000084329                vAHI_SwReset
                0x000000000008435a                vAHI_DioSetDirection
                0x000000000008436e                bAHI_APRegulatorEnabled
                0x000000000008437b                bIssueACIcommand
                0x0000000000084411                bACI_ECBencodeStripe.constprop.64
                0x0000000000084619                vTransformKey.isra.0.77264
                0x0000000000084649                vOTA_EncodeString
                0x000000000008467e                psSearchForFrameToSend
                0x00000000000846d6                eMiniMac_FrameInProgress
                0x0000000000084701                vRemoveFromTxQueue
                0x000000000008473d                vAddToTxQueue
                0x0000000000084773                u8GetHeaderSize
                0x000000000008479b                vMiniMac_PLME_SetReq_CcaMode
                0x00000000000847af                vMiniMac_MLME_SetReq_MaxCsmaBackoffs
                0x00000000000847cf                vMiniMac_MLME_SetReq_MaxBe
                0x00000000000847f2                vMiniMac_MLME_SetReq_MinBe
                0x0000000000084815                zps_psFormatCmdFrameGeneral
                0x00000000000848a2                zps_eNwkFormStInit
                0x00000000000848b7                vSendDcfm.145080
                0x00000000000848dd                bCheckMatchingEntry.144554
                0x0000000000084903                zps_psNwkSlistRemoveFromHead
                0x000000000008491a                zps_psNwkSlistRemove
                0x0000000000084952                zps_bNwkMcpsMgrRemoveDescrFromLists
                0x0000000000084990                zps_vNwkSlistAddToTail
                0x00000000000849aa                zps_vNwkSecClearMatSet
                0x00000000000849d5                ZPS_vNwkSecResetDevice
                0x0000000000084a1a                ZPS_bNwkSecHaveNetworkKey
                0x0000000000084a4e                ZPS_bNwkSecFindMatSet
                0x0000000000084a8a                zps_eNwkRtMatch
                0x0000000000084ba4                ZPS_u8NwkCalcNldeReqOverhead
 .text.unlikely
                0x0000000000084be0       0x43 C:\Users\Gillis\AppData\Local\Temp\ccnqav2l.ltrans1.ltrans.o
                0x0000000000084be0                vAHI_MemoryHold.155253
 .text          0x0000000000084c23     0x14a8 C:\Users\Gillis\AppData\Local\Temp\ccnqav2l.ltrans2.ltrans.o
                0x0000000000084c23                os_u32APP_cbGetTickTimer
                0x0000000000084c2c                os_bAPP_cbSetTickTimerCompare
                0x0000000000084c88                vZdoServersInit.3039
                0x0000000000084db2                boIdValueSearchMatch.129077
                0x0000000000084e0c                vDispatch.68429
                0x0000000000084ede                OS_eStopSWTimer
                0x0000000000085001                OS_ePostMessage
                0x0000000000085167                os_vAPP_CommissionTimerTask
                0x000000000008517d                OS_eExitCriticalSection
                0x0000000000085262                OS_eActivateTask
                0x00000000000852fd                vPostMlmeDcfmInd.87829
                0x00000000000853a0                u16ZCL_APduInstanceWriteNBO
                0x00000000000853f4                u16ZCL_WriteCommandHeader
                0x000000000008546c                u16ZCL_APduInstanceWriteStringNBO
                0x0000000000085533                u16ZCL_APduInstanceReadStringNBO
                0x0000000000085608                eZCL_GetAttributeTypeSizeFromBuffer
                0x000000000008567f                iPDM_ReadSegmentHeaderDataFromEEPROMsegment
                0x00000000000856d8                iPDM_ReadUserDataFromEEPROMsegment
                0x0000000000085752                iPDM_ReCalculateWearCountAndChecksumAndWriteFileSystemHeader
                0x000000000008579c                vPDM_SetEEPROMandFileSystemValidState
                0x00000000000857c3                iPDM_ReadUserDataFromFileSystemRecord
                0x00000000000857e3                vPDM_WriteFileSystemRecordAndSegmentDataIntoEEPROMsegment
                0x000000000008581e                u16ZCL_ReadTypeNBO
                0x00000000000858d3                u16ZCL_APduInstanceReadNBO
                0x0000000000085924                u16ZCL_ReadCommandHeader.part.0.48797
                0x000000000008599b                eCLD_BasicCommandHandler
                0x00000000000859c7                PWRM_vWakeInterruptCallback
                0x0000000000085a4e                eCLD_ScenesFindActiveScene
                0x0000000000085a83                iPDM_FilterDuplicateAppendedSegmentsOnList.130249
                0x0000000000085ac7                ZPS_bIsMacAddressUsedInApsTable
                0x0000000000085b7d                eCLD_GroupsCheckGroupExists
                0x0000000000085bea                ZPS_vGetDeviceCurrentData.constprop.13
                0x0000000000085c69                ZPS_eTsvOpen
                0x0000000000085c86                zps_vNwkBttMgrInit
                0x0000000000085cb4                ZPS_vNwkNibClearTables
                0x0000000000085dd9                PDUM_vInit
                0x0000000000085e94                vAHI_ApConfigure.part.0.155016.constprop.175
                0x0000000000085eca                vMiniMac_MLME_SetReq_PanId
                0x0000000000085f07                vMiniMac_MLME_SetReq_ShortAddr
                0x0000000000085f15                psDLISTsearchFromHead
                0x0000000000085f3e                eCLD_ScenesAddScene
                0x0000000000086021                eCLD_ScenesFindScene
                0x000000000008607d                iAHI_WriteDataIntoEEPROMsegment.constprop.166
 .text          0x00000000000860cb     0x156f C:\Users\Gillis\AppData\Local\Temp\ccnqav2l.ltrans3.ltrans.o
                0x0000000000086105                DBG_vUartFlush
                0x0000000000086132                DBG_vUartPutch
                0x0000000000086178                DBG_vUartInitHardware
                0x00000000000862b5                bPCA9634_WriteRegister
                0x0000000000086333                MAC_u64GetExtAddr
                0x000000000008634e                ZPS_u64NwkNibFindExtAddr
                0x00000000000863f4                eCLD_ScenesSetLastConfiguredBy.isra.2.25257
                0x000000000008642b                ZPS_u16NwkNibFindNwkAddr
                0x00000000000864cc                iPDM_SearchForBufferIdInList
                0x0000000000086501                iPDM_SearchForBufferIdInFileSystem
                0x0000000000086514                iPDM_ReadUserDataFromSegmentWithId
                0x0000000000086549                iPDM_SearchForSpecificSegmentInList
                0x000000000008657b                psGetTxFrameBuffer
                0x00000000000865ba                psGetAndBuildCoordRealignment
                0x0000000000086612                vMMAC_RadioToOffAndWait
                0x000000000008662f                vStartReceive
                0x000000000008692e                vMiniMac_NextTransaction
                0x0000000000086998                MAC_vPibSetRxOnWhenIdle.constprop.117
                0x00000000000869a0                eTransmit
                0x0000000000086a6e                eBuildAndSend.153061
                0x0000000000086b20                vMiniMac_TxComplete
                0x0000000000086c11                vTimerFired
                0x0000000000086ce0                vMiniMac_Init
                0x00000000000870a4                vMiniMac_PLME_SetReq_Power
                0x00000000000870b9                vMiniMac_PLME_SetReq_Channel
                0x00000000000870c2                eCLD_ScenesSaveClusters.constprop.43
                0x0000000000087351                OS_eStartSWTimer.constprop.177
                0x0000000000087470                os_vAPP_RadioRecal
                0x0000000000087512                os_vAPP_DiscoveryTimerTask
                0x0000000000087559                OS_eContinueSWTimer.constprop.39
 *fill*         0x000000000008763a        0x2 00
 .text          0x000000000008763c     0x151c C:\Users\Gillis\AppData\Local\Temp\ccnqav2l.ltrans4.ltrans.o
                0x000000000008763c                os_vAPP_cbDisableTickTimer
                0x0000000000087680                os_vAPP_cbEnableTickTimer
                0x0000000000087700                vRetryCcaFailure
                0x000000000008774c                os_vAPP_ButtonsScanTask
                0x00000000000877f2                eOrphanNotificationSent.153051
                0x000000000008783b                eZCL_SearchForClusterEntry
                0x00000000000878d9                eZCL_FindCluster.constprop.168
                0x0000000000087926                eCLD_ScenesRemoveAllScenes
                0x00000000000879d7                eCLD_ScenesUpdate
                0x0000000000087ca0                eCLD_OnOffGetState
                0x0000000000087ccf                eCLD_LevelControlClusterIsPresent
                0x0000000000087ce6                eCLD_GroupsSetIdentifying
                0x0000000000087d09                vCLD_IdentifyTimerClickCallback.18311
                0x0000000000087d86                eCLD_OnOffSetGlobalSceneControl.constprop.28
                0x0000000000087dba                eCLD_ColourControl_HSV2xyY.constprop.40
                0x00000000000880cc                eCLD_ColourControl_GetRGB.constprop.73
                0x000000000008819f                vStartEffect
                0x00000000000882e3                eOtaFindCluster.constprop.160
                0x000000000008831c                vOtaTimerClickCallback
                0x000000000008836d                eOTA_RestoreClientData.part.1.65216
                0x00000000000883c4                vOtaClientUpgMgrMapStates
                0x000000000008843f                eOtaClientReqSeqNoUpdate
                0x000000000008845c                eOTA_SetServerAddress.constprop.75
                0x0000000000088499                eZCL_CustomCommandReceiveScenes.isra.0.part.1.25241.constprop.24
                0x000000000008858d                vCLD_ScenesUpdateSceneValid
                0x0000000000088609                eCLD_OnOffSetState
                0x000000000008867a                eCLD_OnOffSceneEventHandler.21375
                0x00000000000886b1                eZCL_BuildTransmitAddressStructure
                0x000000000008871e                eCLD_ScenesCountScenes
                0x0000000000088738                ZPS_bSecDecrypt
                0x000000000008884a                boPDM_IsBitmapSaturated.129969
                0x0000000000088893                APP_bButtonInitialise
                0x00000000000888d9                eCLD_ScenesStoreScene
                0x00000000000889b1                bRGB_LED_SetLevel
                0x00000000000889fe                vLI_UpdateDriver
                0x0000000000088a50                bRGB_LED_Off
                0x0000000000088a85                vRGBLight_SetLevels
                0x0000000000088b0e                APP_vHandleIdentify
 .text          0x0000000000088b58     0x1424 C:\Users\Gillis\AppData\Local\Temp\ccnqav2l.ltrans5.ltrans.o
                0x0000000000088c44                vOtaUpgManClientStateCountDown.66081
                0x0000000000088d79                vOtaFlashWrite
                0x0000000000088d7b                vOtaFlashErase
                0x0000000000088dd0                ZPS_bSecEncrypt
                0x0000000000088f86                eHandleRemoveBroadcastEndpointsFromGroup.75729
                0x0000000000088fe0                eZCL_SetReceiveEventAddressStructure
                0x000000000008905f                dbg_vPrintfImplNoneVerbose
                0x00000000000894e6                vfExtendedStatusCallBack
                0x00000000000894f1                vUnclaimedInterrupt.3310
                0x0000000000089503                vOSError.3312
                0x000000000008954b                DBG_vDumpStack
                0x000000000008958d                eCLD_ColourControlHandleColourModeChange
                0x0000000000089645                eCLD_LevelControlUpdate
                0x00000000000898fa                eCLD_LevelControlStopTransition
                0x0000000000089937                eCLD_LevelControlSetOnOffState
                0x0000000000089a74                eCLD_ColourControlUpdate
                0x0000000000089f37                eCLD_ColourControlSceneEventHandler.41657
 .text          0x0000000000089f7c     0x1375 C:\Users\Gillis\AppData\Local\Temp\ccnqav2l.ltrans6.ltrans.o
                0x0000000000089f7c                vMcpsMgrExpiry.136169
                0x000000000008a170                zps_vNwkHandleCmeRouteDiscoveryReq
                0x000000000008a1f6                vPDM_MoveAllDataFromListToList
                0x000000000008a234                vPDM_MoveAllDataWithBufferIdAndStateFromListToList
                0x000000000008a2bf                vPDM_MoveAllDataToDeAllocList
                0x000000000008a2e7                iPDM_ReconstructReplacedDataTable
                0x000000000008a566                vPDM_ImageBitmapRepair.128992
                0x000000000008a5c7                vPDM_MoveAllDataWithBufferIdFromListToList
                0x000000000008a64c                vPDM_DeleteAppendedSequence
                0x000000000008a6f1                PDM_eSaveRecordData
                0x000000000008ab26                ZPS_vNwkSaveRecord
                0x000000000008ab8e                vPDM_DeleteSegmentsWithIdFromFileSystem
                0x000000000008abaf                ZPS_vNwkResetOutgoingFrameCounter
                0x000000000008abf4                zps_psSendFrm
                0x000000000008af5e                zps_psSendBroadcastFrm
                0x000000000008aff4                ZPS_vNwkHandleNldeReqRsp
                0x000000000008b1f1                zps_eAplApsmeCmdMgrSendCommand
                0x000000000008b2c8                zps_vAplApsmeCmdMgrRetryTimeout.75702
 *fill*         0x000000000008b2f1        0x3 00
 .text          0x000000000008b2f4     0x1618 C:\Users\Gillis\AppData\Local\Temp\ccnqav2l.ltrans7.ltrans.o
                0x000000000008b3e0                vMiniMac_MlmeCallback
                0x000000000008b71f                vSendMlmeCommStatusFromTxFrame
                0x000000000008b775                MAC_vHandleMlmeVsReqRsp.constprop.118
                0x000000000008bfa1                vScanBeaconReceived
                0x000000000008bfe0                vPostDcfm.153072
                0x000000000008c049                vScanNextChannel.153059
                0x000000000008c26b                vRunningRxCallback
                0x000000000008c5d2                iPDM_VerifyDataSequenceWithBufferId
                0x000000000008c674                vSaveScenesNVM
                0x000000000008c717                eCLD_GroupsRemoveAllGroups
                0x000000000008c7d1                vRemoveAllGroupsAndScenes
                0x000000000008c7e3                vManagePowerOnCountInit
                0x000000000008c82c                os_vAPP_vManagePowerOnCount
                0x000000000008c884                vRestetOTADiscovery.8831
                0x000000000008c8ac                vPickChannel.4767
 .text          0x000000000008c90c     0x18d4 C:\Users\Gillis\AppData\Local\Temp\ccnqav2l.ltrans8.ltrans.o
                0x000000000008c90c                vPermitJoinHandleExpiry.139388
                0x000000000008c915                vNwkMcpsTimerCallback
                0x000000000008c92f                zps_eSceGenlIllegal
                0x000000000008c936                zps_eSmeGenlIllegal
                0x000000000008c93d                DBG_vUartFailedAssert
                0x000000000008c941                psGetVsMcpsBuf.87833
                0x000000000008c94a                psGetMlmeBuf.87826
                0x000000000008c953                psGetNlmeBuf.71696
                0x000000000008c95d                psGetNldeBuf.71717
                0x000000000008c967                psGetApsmeBuf.71703
                0x000000000008c970                psGetApsdeBuf.71710
                0x000000000008ca89                os_bDummyMemberCheck.68439
                0x000000000008ca8e                os_vDefaultErrorHook.68435
                0x000000000008ca91                vLoopbackTimerCallback
                0x000000000008cac0                zps_eNwkRctMatchNwkAddr
                0x000000000008cb2a                zps_vRemoveNextHop
                0x000000000008cbdf                zps_vRemoveRoute
                0x000000000008cc76                zps_psNwkRtMatchNwkAddr
                0x000000000008ccec                ZPS_u8NwkNibNtDiscMatch
                0x000000000008cda8                zps_vNwkFreeMcpsHandle
                0x000000000008cdd2                ZPS_u64NwkNibGetMappedIeeeAddr
                0x000000000008cdf4                ZPS_bNwkNibNtActvMatch
                0x000000000008cea3                bCheckNwkAddr
                0x000000000008ceec                ZPS_vSetExtendedStatus
                0x000000000008cefe                zps_psApsApsAllocateDcfmRecord
                0x000000000008cf6c                zps_u8CalcLinkCost
                0x000000000008cfa8                zps_u64NwkLibFromPayload
                0x000000000008cfe7                zps_vNwkLibU64ToPayload
                0x000000000008d014                zps_vInitBeaconPayload
                0x000000000008d090                zps_eNwkDcfmIndPost
                0x000000000008d0b3                zps_psNwkDcfmIndGetBuf
                0x000000000008d0d5                eRouteRequestDataDcfm.140564
                0x000000000008d129                eNldeDataDcfm.138394
                0x000000000008d159                zps_vSendNwkStatusInd
                0x000000000008d189                DBG_vInit
                0x000000000008d1cb                vPDM_ReadBitmapHeader.129934
                0x000000000008d1ea                psSLISTsearch
                0x000000000008d22a                psSLISTremove
                0x000000000008d2a8                vSLISTaddToTail
                0x000000000008d2c7                psSLISTgetNext
                0x000000000008d2eb                u8PDM_CalculateFileSystemCapacity
                0x000000000008d309                u8PDM_CalculateLargestDataRecordStored
                0x000000000008d33a                bPDM_ImageBitmapRepairCheck
                0x000000000008d362                u8PDM_ReadSequenceNumber
                0x000000000008d385                boSegmentNumberDeleteSearchMatch.129504
                0x000000000008d3a0                u8PDM_ReadSegmentDataSize
                0x000000000008d3b4                u32PDM_ReadFileSystemHeaderWearCount
                0x000000000008d3ca                boSearchForWearCountSubstitute.129820
                0x000000000008d3f0                boSearchForWearCountInsertPoint.129073
                0x000000000008d40e                vPDM_WriteFileSystemHeaderWearCount
                0x000000000008d420                RND_u32GetRand256
                0x000000000008d43d                RND_u32GetRand
                0x000000000008d464                u16CalculateFailedTxCount.105868
                0x000000000008d48e                vZdoIeeeAddrServerSendExtendResponse.part.0.91665
                0x000000000008d4ef                vZdoNwkAddrServerSendExtendResponse.part.0.90485
                0x000000000008d550                zps_bAplZdoServerHandleConfirmAcks
                0x000000000008d59a                zps_bPerformLeaveActionDecider
                0x000000000008d59f                vHandleUpdateDeviceIndication.80786
                0x000000000008d5c9                ZPS_vRunningCRC32
                0x000000000008d5f9                zps_vAplApsInitDuplicateTable
                0x000000000008d61c                eHandleRemoveNonBroadcastEndpointsFromGroup.75770
                0x000000000008d694                eHandleAddEntryToGroupTable.75733
                0x000000000008d6f0                zps_vAplApsInitFragTransmitPool
                0x000000000008d711                zps_vAplApsFillAndPostApsAck
                0x000000000008d77b                zps_u8AplApsFreeMsgHandle
                0x000000000008d7e5                zps_vAplApsInitSyncMsgPool
                0x000000000008d81d                zps_vAplApsInitFragReceivePool
                0x000000000008d840                vFillDataIndStruct.71559
                0x000000000008d89e                vFillApduErrorEvent.71552
                0x000000000008d8e1                bCheckProfile.71547
                0x000000000008d928                ZPS_bIsGroupPresent
                0x000000000008d960                pdum_u16ReadNBO
                0x000000000008dac1                PDUM_u16SizeNBO
                0x000000000008db1f                PDUM_u16APduInstanceWriteStrNBO
                0x000000000008dc9e                PDUM_u16APduInstanceReadNBO
                0x000000000008dce9                PDUM_u16APduInstanceWriteNBO
                0x000000000008dd53                PDUM_thAPduInstanceGetApdu
                0x000000000008dd6e                PDUM_eAPduInstanceSetPayloadSize
                0x000000000008dd96                PDUM_eNPduWriteDataFromBuffer
                0x000000000008ddf0                PDUM_eNPduWriteDataToBuffer
                0x000000000008de4e                PDUM_eNPduWriteFromBuffer
                0x000000000008de77                PDUM_eNPduDescend
                0x000000000008de9d                PDUM_eNPduAscend
                0x000000000008dec3                PDUM_eNPduClaimData
                0x000000000008df30                PDUM_eNPduAppendDataNBO
                0x000000000008df8d                PDUM_eNPduClaimHeader
                0x000000000008dfb0                PDUM_eNPduReadHeaderNBO
                0x000000000008e003                PDUM_eNPduPrependHeaderNBO
                0x000000000008e05e                PDUM_eNPduInitDescending
                0x000000000008e079                zps_vInitAPSMECmdHdr
                0x000000000008e0b0                OS_eCollectMessage
                0x000000000008e175                eExpireSWTimer.68448
 .text          0x000000000008e1e0     0x168f C:\Users\Gillis\AppData\Local\Temp\ccnqav2l.ltrans9.ltrans.o
                0x000000000008e229                zps_vAplSaveRecord
                0x000000000008e359                zps_bNwkFindAddIeeeAddr
                0x000000000008e4d7                ZPS_bNwkNibAddrMapAddEntry
                0x000000000008e69e                eCheckAddrConflict.isra.4.135504
                0x000000000008e734                vAplSecRemoveLinkKey.80863
                0x000000000008e7b1                ZPS_vNwkMacEntriesClear
                0x000000000008e85a                ZPS_vNwkSaveAllRecords
                0x000000000008e871                zps_vSaveAllZpsRecords
                0x000000000008e890                ZPS_vNwkNibSetNwkAddr
                0x000000000008e8ae                zps_eNwkHandleSceRejnResponse
                0x000000000008e90b                ZPS_vNwkNibSetExtPanId
                0x000000000008e92f                ZPS_vNwkNibSetKeySeqNum
                0x000000000008e943                ZPS_vNwkNibSetDepth
                0x000000000008e96c                ZPS_vNwkNibSetUpdateId
                0x000000000008e97b                vSendNetworkUpdate.135271
                0x000000000008eaaa                ZPS_vNwkNibSetPanId
                0x000000000008eac8                ZPS_vNwkNibSetCapabilityInfo
                0x000000000008eaf5                ZPS_vNwkNibSetChannel
                0x000000000008eb0d                zps_u8NwkHandleRejoinReq
                0x000000000008ebd6                zps_vProcessLocalAddrConflict
                0x000000000008ec81                ZPS_vNwkSaveNt
                0x000000000008eda8                ZPS_vNtSetUsedStatus
                0x000000000008ee4e                zps_vJoinInitNtParent
                0x000000000008efed                vContinueRejoin.146935
                0x000000000008f094                zps_vBuildSortedActvNTList
                0x000000000008f152                zps_sNwkNibNtCheckJoin
                0x000000000008f400                zps_vNwkHandleCmeDirectJoinReq
                0x000000000008f47f                zps_vCheckActvNtForDuplicate
                0x000000000008f51c                vFinish.148147
                0x000000000008f572                eSmeOrphScanDcfm.148160
                0x000000000008f5ea                zps_eNwkHandleSceLeave
                0x000000000008f7a1                zps_vTidyActvNtAfterJoin
                0x000000000008f830                eUnsolicitedRejoinRspDataDcfm.135279
                0x000000000008f85b                ZPS_vNwkSaveSecMat
 .text          0x000000000008f86f     0x156b C:\Users\Gillis\AppData\Local\Temp\ccnqav2l.ltrans10.ltrans.o
                0x000000000008f86f                zps_bAplZdoNwkAddrServer
                0x000000000008f9f3                vPDM_AddFileSystemElementToListInAscendingWearCountOrder
                0x000000000008fb01                vPDM_MoveFileRecordFromListToList
                0x000000000008fb23                vPDM_MoveRecordToDeAllocList
                0x000000000008fb43                iPDM_WriteSegmentHeaderAndData
                0x000000000008fd3f                vIncrementFrameCounterInPdm.isra.0.137595
                0x000000000008ff1e                vProcessListsForSubmission.136293
                0x00000000000901d8                zps_vNwkMcpsMgrPost
                0x00000000000901fc                zps_psNwkSendRejoinReqCmd.constprop.10
                0x000000000009027a                zps_psSendNetworkStatusCmd
                0x00000000000902e7                psNwkSendRouteRecordCmd.140554
                0x00000000000904e6                zps_eNwkHandleSceRouteRecord
                0x00000000000905c5                zps_eDefaultDataDcfm
                0x00000000000906b4                vSendNetworkReport.135267
                0x000000000009078e                psSendRouteReplyCmd.140542
                0x00000000000908d6                zps_eNwkHandleSceRouteReply
                0x0000000000090b81                vHandleRouteDiscoveryExpiry.140120
                0x0000000000090c52                zps_psNwkPropagateLocalLeave
                0x0000000000090c7a                zps_vNwkHandleCmeLeaveReq
                0x0000000000090d43                iPDM_SegmentCopyAndAppendData.constprop.176
                0x0000000000090da0                u8PostUnicastMsgToNHLE.74319
 .text          0x0000000000090dda     0x1351 C:\Users\Gillis\AppData\Local\Temp\ccnqav2l.ltrans11.ltrans.o
                0x0000000000091a82                os_vzps_taskZPS
                0x0000000000091c9f                vBbcIntHandler.152106
                0x0000000000091f68                os_vzps_isrMAC
                0x0000000000091fa7                vSetKeys
                0x000000000009202c                vResetDataStructures
 .text          0x000000000009212b     0x1906 C:\Users\Gillis\AppData\Local\Temp\ccnqav2l.ltrans12.ltrans.o
                0x000000000009212b                OS_eEnterCriticalSection
                0x00000000000921f3                PDUM_eNPduFree
                0x0000000000092260                zps_vNwkMcpsMgrFreeReqDescr
                0x0000000000092292                zps_vNwkMcpsMgrTidyBtrReqDescr
                0x00000000000922d5                MAC_vHandleMcpsVsReqRsp
                0x0000000000092456                PDUM_hAPduAllocateAPduInstance
                0x00000000000924ca                hZCL_AllocateAPduInstance
                0x0000000000092506                zps_eAplZdoSendZdpResponse
                0x000000000009254f                bSendResponse.104679
                0x0000000000092592                PDUM_eAPduFreeAPduInstance
                0x00000000000928d1                zps_bAplZdoMatchDescServer
                0x00000000000928e5                zps_bAplZdoNodeDescServer
                0x0000000000092a51                zps_bAplZdoSimpleDescServer
                0x0000000000092cb2                zps_bAplZdoPowerDescServer
                0x0000000000092dcf                zps_bAplZdoActiveEpServer
                0x0000000000092eb8                zps_bAplZdoSystemServerDiscoveryServer
                0x0000000000092f41                zps_bAplZdoMgmtLqiServer
                0x000000000009316d                zps_bAplZdoMgmtRtgServer
                0x00000000000932b3                PDM_eReadDataFromRecord
                0x0000000000093335                vLoadAplRecord.80813
                0x0000000000093363                vLoadNwkRecord.137161
                0x000000000009339b                ZPS_eTsvStart
                0x00000000000933f6                zps_eNwkHandleSceNwkUpdate
                0x000000000009341a                vProcessTimedList.136197
                0x0000000000093460                zps_vNwkMcpsMgrPostTimed
                0x0000000000093473                vNwkMcpsSendTimedDfcm
                0x00000000000934b7                zps_vAplAfPostTimerEvent
                0x0000000000093534                zps_vExpireOldRoutes
                0x00000000000935bd                zps_vNwkJoinStStartResponseTimer
                0x00000000000935f7                ZPS_eTsvStop
                0x00000000000937ab                ZPS_vResetBoundServerContext
                0x00000000000937ae                zps_eAplZdoBdrmRequestSend
                0x000000000009384b                zps_vNwkHandleCmePermitJoinReq
                0x00000000000938b3                zps_eNwkBtrMatch
                0x00000000000939b0                zps_vAplApsStopPollTimer.part.3.74198
 .text          0x0000000000093a31     0x13c9 C:\Users\Gillis\AppData\Local\Temp\ccnqav2l.ltrans13.ltrans.o
                0x0000000000093a31                eBeaconReqSent.153055
                0x0000000000093a58                zps_bAplZdoIeeeAddrServer
                0x0000000000093c71                ZPS_vInterceptMcpsDataCallback
                0x0000000000093cd3                vPostVsMcpsDcfmInd.87836
                0x0000000000093dbe                vNwkBttTimerExpiry.142644
                0x0000000000093ede                PWRM_vManagePower
                0x0000000000094028                zps_vSendJoinDcfm
                0x000000000009406e                vGiveUp.147710
                0x00000000000940a6                PDUM_eNPduAllocate
                0x0000000000094115                zps_u8AplApsConstructAndPostLoopBackDataInd.74311
                0x00000000000943ea                eZCL_TransmitInterPanRequest.constprop.37
                0x0000000000094454                eCLD_ZllCommissionCommandNetworkJoinRouterRspCommandSend.constprop.32
                0x000000000009447e                eSendScanResponse.8281.constprop.35
                0x00000000000945bc                zps_psAllocateAndFormatMacHdr
                0x00000000000948bf                zps_psNwkInitCmdFrame
                0x000000000009493e                eSendLinkStatusDataDcfm.part.1.134232
                0x0000000000094a70                vMiniMac_McpsCallback
                0x0000000000094cc8                eMcpsTxCompleteHandler.152546
                0x0000000000094cf6                PDUM_eNPduClone
                0x0000000000094d42                zps_vNwkRemoveConflictedBroadcast
                0x0000000000094d94                vFreePendingReqDescr
 .text          0x0000000000094dfa     0x16cf C:\Users\Gillis\AppData\Local\Temp\ccnqav2l.ltrans14.ltrans.o
                0x0000000000094dfa                zps_eNwkHandleSceLinkStatus
                0x0000000000094f2e                zps_eNwkHandleSceRouteRequest
                0x00000000000953ff                zps_eAplZdoGroupEndpointRemove
                0x0000000000095497                zps_psFindKeyDescr
                0x00000000000955cb                zps_eAplSecEncryptPacket
                0x00000000000956bd                eUnfragmentedUnicastTransmission.74294
                0x0000000000095b69                vHandleZllDeviceJoin
                0x0000000000095cb1                zps_eAplApsmeUpdateDeviceReqRsp.part.4.75867
                0x0000000000095dfa                vHandleTransportKeyFrame.77097
                0x0000000000096008                ZPS_vSetDevicePreviousData.constprop.14
                0x00000000000961f6                zps_vAgeRouter
                0x0000000000096234                zps_eNwkHandleSdeActvDcfmData
                0x00000000000963b9                vMcpsMgrTimeoutExpiry
                0x0000000000096428                zps_vLinkStatusHandleExpiry
 .text.unlikely
                0x00000000000964c9       0x5f C:\Users\Gillis\AppData\Local\Temp\ccnqav2l.ltrans14.ltrans.o
                0x00000000000964c9                vInitUnknownNeighbor.136181
 .text          0x0000000000096528     0x14d0 C:\Users\Gillis\AppData\Local\Temp\ccnqav2l.ltrans15.ltrans.o
                0x0000000000096528                eAssocRespSent.152414
                0x0000000000096626                eRejoinRspDataDcfm.146939
                0x00000000000966f5                zps_eNwkHandleSmeCommStatusInd
                0x00000000000967a9                zps_vCleanUnAuthenHandleExpiry
                0x000000000009683e                zps_vNwkHandleCmeSyncReq
                0x00000000000968d3                zps_vNwkHandleCmeIdleNwkFormReq
                0x00000000000969d8                zps_vNwkHandleCmeNwkDiscReq
                0x0000000000096a52                zps_vNwkHandleCmeEdScanReq
                0x0000000000096bb2                zps_eNwkHandleSmeBeaconNotifyInd
                0x0000000000096c36                zps_eNwkHandleSceNwkReport
                0x0000000000096cb4                zps_vNwkHandleCmeNwkJoinReq
                0x0000000000096f8c                zps_vNwkHandleCmeNwkActvJoinReq
                0x0000000000096f98                eSmeEdScScanDcfm.145084
                0x0000000000097167                vHandleRejoinExpiry.147706
                0x00000000000971ae                zps_eRejoinDataDcfm
                0x00000000000971e1                eSmeAsocAssocDcfm.148314
                0x0000000000097265                eSmeRjPCPollDcfm.148310
                0x00000000000972a6                eSceRjRsRejoinRsp.148278
                0x000000000009737b                zps_eNwkHandleSceNwkStatus
                0x0000000000097530                zps_eProcessAddrConflict
                0x00000000000976dd                ZPS_vNwkNibCheckAndUpdateAddresses
                0x0000000000097774                zps_bAplZdoDeviceAnnceServer
 .text          0x00000000000979f8     0x1300 C:\Users\Gillis\AppData\Local\Temp\ccnqav2l.ltrans16.ltrans.o
                0x0000000000097cae                zps_eZdpMgmtNwkUpdateNotifyResponse
                0x0000000000097d60                zps_eZdpNodeDescResponse
                0x0000000000097e08                zps_eZdpPowerDescResponse
                0x0000000000097ea5                zps_eZdpSimpleDescResponse
                0x0000000000097fb2                zps_eZdpActiveEpResponse
                0x0000000000098048                zps_eZdpMatchDescResponse
                0x00000000000980de                zps_eZdpSystemServerDiscoveryResponse
                0x000000000009814d                eZCL_TransmitDataRequest
                0x00000000000984ad                eZCL_SendDefaultResponse
                0x00000000000985ac                eZCL_CustomCommandReceive
                0x000000000009871a                eOtaCommandHandler
 .text          0x0000000000098cf8     0x1280 C:\Users\Gillis\AppData\Local\Temp\ccnqav2l.ltrans17.ltrans.o
                0x00000000000993da                eCLD_ZllCommissionCommandHandler
                0x0000000000099611                vZCL_EventHandler
 .text          0x0000000000099f78     0x126c C:\Users\Gillis\AppData\Local\Temp\ccnqav2l.ltrans18.ltrans.o
                0x000000000009a13d                os_vTick_Task
                0x000000000009a81c                eOTA_ClientUpgradeEndRequest
                0x000000000009a8c4                vOtaAbortDownload.66118
                0x000000000009a93b                vOtaHandleTimedBlockRequest.66112
                0x000000000009a9d6                vOtaUpgManClientStateIdle.66060
 .text          0x000000000009b1e4     0x124f C:\Users\Gillis\AppData\Local\Temp\ccnqav2l.ltrans19.ltrans.o
                0x000000000009b1e4                eCLD_ColourControlCommandHandler
                0x000000000009c42a                eCLD_OnOffCommandReceive
 .text          0x000000000009c433     0x1100 C:\Users\Gillis\AppData\Local\Temp\ccnqav2l.ltrans20.ltrans.o
                0x000000000009c49b                zps_vNwkHandleCmeActvStartRouterReq
                0x000000000009c5d7                vHandleNwkLocalUpdateAfterBcast.135284
                0x000000000009c62b                vHandleNwkRemoteUpdateAfterBcast.135275
                0x000000000009c67f                eSmeAcScScanDcfm.145091
                0x000000000009c954                ZPS_pvNwkCtor.constprop.115
                0x000000000009ced7                ZPS_vNwkHandleNlmeReqRsp
                0x000000000009cf54                zps_vAplAfPostEvent
                0x000000000009d13b                zps_eAplZdoLeaveNetwork.constprop.76
                0x000000000009d166                zps_bAplZdoMgmtLeaveServer
                0x000000000009d2e6                zps_eAplZdoNlmePermitJoiningWrapper
                0x000000000009d30e                zps_bAplZdoPermitJoiningServer
                0x000000000009d39a                vChangeChannelTimerExpiry.105860
                0x000000000009d3fd                eLeaveReset.149139
                0x000000000009d468                eLeaveDataDcfmLocalLeave.149149
                0x000000000009d4e2                zps_eAplZdoZllStartRouter
 .text          0x000000000009d533     0x107c C:\Users\Gillis\AppData\Local\Temp\ccnqav2l.ltrans21.ltrans.o
                0x000000000009d533                eCLD_ScenesCommandHandler
 *fill*         0x000000000009e5af        0x1 00
 .text          0x000000000009e5b0     0x1108 C:\Users\Gillis\AppData\Local\Temp\ccnqav2l.ltrans22.ltrans.o
                0x000000000009e6fd                vPostNldeDcfmInd.71720
                0x000000000009f1d4                ZPS_vAplHandleApsdeReqRsp
                0x000000000009f5ee                zps_eAplZdpApsdeReqInternal
                0x000000000009f65d                zps_eAplZdpGenStatusOnlyResponse
 .text          0x000000000009f6b8      0xfa4 C:\Users\Gillis\AppData\Local\Temp\ccnqav2l.ltrans23.ltrans.o
                0x000000000009f6b8                vAplSecAuthPollTimerExpiry.80763
                0x000000000009f70a                vAplSecAuthTimerExpiry.80767
                0x000000000009f7d4                vHandleApsInterPanDcfmData
                0x000000000009fbfc                vPostApsdeDcfmInd.71713
                0x000000000009fe21                zps_vHandleApsdeDataFragIndNotSupported
                0x000000000009fe8a                vApsInterPanMcpsDataInd
                0x00000000000a0031                eDiscoverNetworks.80832
                0x00000000000a0087                zps_eAplZdoDiscoverNetworks
                0x00000000000a00b0                eStartNetworkDiscovery.80838
                0x00000000000a0137                eStartRouter.81064
                0x00000000000a0209                vPostApsmeDcfmInd.71706
 .text          0x00000000000a065c     0x1406 C:\Users\Gillis\AppData\Local\Temp\ccnqav2l.ltrans24.ltrans.o
                0x00000000000a065c                bCLD_ScenesSearchForScene.25867
                0x00000000000a068f                eCLD_LevelControlSceneEventHandler.19930
                0x00000000000a06d8                DriverBulb_vSetTunableWhiteColourTemperature
                0x00000000000a06db                vOverideProfileId
                0x00000000000a0715                APP_ZCL_cbGeneralCallback.7140
                0x00000000000a0718                os_bStrictCheck.1358
                0x00000000000a0a5d                bCLD_GroupsSearchForGroup.17246
                0x00000000000a0a82                vEnterErrorHook.68431
                0x00000000000a0aa9                vOtaFlashLockWrite
                0x00000000000a0aef                vOtaFlashLockRead
                0x00000000000a0b35                eOtaSetEventTypeAndGiveCallBack
                0x00000000000a0b50                eOTA_retOtaUseKey
                0x00000000000a0b86                eZCL_BuildClientTransmitAddressStructure
                0x00000000000a0bb7                eZCL_GetAttributeTypeSize
                0x00000000000a0bd6                vZCL_MarkAttributeInvalid
                0x00000000000a0ca5                eZCL_CheckEPstructureIntegrity.44550
                0x00000000000a0e8d                u8ZCL_GetAttributeAllignToFourBytesBoundary
                0x00000000000a0ea2                pvZCL_GetAttributePointer
                0x00000000000a0f18                vReverseMemcpy.part.2.44562
                0x00000000000a0f4d                vReverseMemcpy
                0x00000000000a0f65                sOtaGetHeader
                0x00000000000a1073                u16ZCL_WriteTypeNBO.part.0.45904
                0x00000000000a10c1                u16ZCL_GetStringStructureSize
                0x00000000000a10fe                u16ZCL_GetStringAttributeTypeSizeFromBuffer
                0x00000000000a116f                u16ZCL_GetStringSizeAndBufferFromStructure
                0x00000000000a11fe                bZCL_SendCommandResponse
                0x00000000000a121a                vZCL_GetInternalMutex
                0x00000000000a1243                eZCL_GetMutex
                0x00000000000a127b                vZCL_InitializeClusterInstance
                0x00000000000a1290                u8ZCL_GetEPIdFromIndex
                0x00000000000a12b2                vZCL_ReleaseInternalMutex
                0x00000000000a12cc                u32ZCL_GetUTCTime
                0x00000000000a12e7                eZCL_SearchForAttributeEntry
                0x00000000000a13aa                vCLD_ScenesGenerateIndividualAttributeCallback
                0x00000000000a1404                eZCL_SearchForEPentry
                0x00000000000a145f                eZCL_SearchForEPentryAndCheckManufacturerId
                0x00000000000a149d                vZCL_PassEventToUser
                0x00000000000a14ca                u8ZCL_GetNumberOfEndpointsRegistered
                0x00000000000a14e5                eZCL_ReleaseMutex
                0x00000000000a1514                eZCL_Register.part.1.44559
                0x00000000000a1542                boDLISTisEmpty
                0x00000000000a155a                vDLISTaddToTail
                0x00000000000a1588                psDLISTremoveFromHead
                0x00000000000a15b1                psDLISTremove
                0x00000000000a1609                vCLD_ColourControl_CCT2xyY
                0x00000000000a16ef                bCLD_ColourControl_NumberIsValid.43193
                0x00000000000a170e                eCLD_ColourControl_xyY2XYZ.43197
                0x00000000000a1790                vCLD_ColourControl_XYZ2RGB.43184
                0x00000000000a18b0                vWriteU64ToPayLoad.28200
                0x00000000000a18dd                vWriteU32ToPayLoad.28196
                0x00000000000a18f5                vLI_InitVar.9388
                0x00000000000a1926                InvShiftRows
                0x00000000000a19b9                InvSubBytes
                0x00000000000a19ff                AddRoundKey
                0x00000000000a1a40                getSBoxValue.6490
 .text          0x00000000000a1a62     0x1199 C:\Users\Gillis\AppData\Local\Temp\ccnqav2l.ltrans25.ltrans.o
                0x00000000000a1a62                vOtaUpgManClientStateWaitForRunCommand.66077
                0x00000000000a1b62                vOtaUpgManClientStateDownloadComplete.66073
                0x00000000000a1d0e                vOtaUpgManClientStateDownloadInProgress.66069
                0x00000000000a2718                APP_ZCL_cbEndpointCallback.7137
 *fill*         0x00000000000a2bfb        0x1 00
 .text          0x00000000000a2bfc     0x119c C:\Users\Gillis\AppData\Local\Temp\ccnqav2l.ltrans26.ltrans.o
                0x00000000000a2bfc                zps_bAplZdoDefaultServer
                0x00000000000a2e5d                zps_eZdpMgmtLeaveResponse
                0x00000000000a2e7e                zps_eZdpMgmtPermitJoiningResponse
                0x00000000000a2e9f                zps_eAplZdpRequestApsdeReq
                0x00000000000a2f1f                zps_eAplZdpDeviceAnnceRequest.part.0.109702
                0x00000000000a2f6c                os_vAPP_Commission_Task
 .text          0x00000000000a3d98      0xf74 C:\Users\Gillis\AppData\Local\Temp\ccnqav2l.ltrans27.ltrans.o
                0x00000000000a40f4                zps_eNwkHandleSmeAssocInd
                0x00000000000a4116                zps_eNwkHandleSceRejnRequest
                0x00000000000a423f                zps_eNwkHandleSmeOrphanInd
                0x00000000000a424f                vStartScanTimerExpiry.105864
                0x00000000000a428b                zps_vAplApsPollTimer
                0x00000000000a4445                vPostNlmeDcfmInd.71699
                0x00000000000a4b4f                zps_vProcessChildAddrConflict
                0x00000000000a4c12                vDiscoverNetworks.4770
                0x00000000000a4c7e                vTryNwkJoin.4774
 .text          0x00000000000a4d0c      0xd58 C:\Users\Gillis\AppData\Local\Temp\ccnqav2l.ltrans28.ltrans.o
                0x00000000000a4d0c                zps_eAplZdpMgmtLqiResponse
                0x00000000000a4df4                zps_eAplZdpMgmtRtgResponse
                0x00000000000a4ebb                zps_eZdpNwkAddrResponse
                0x00000000000a4f9e                zps_eZdpIeeeAddrResponse
                0x00000000000a5081                zps_bAplZdoMgmtNWKUpdateServer
                0x00000000000a54f4                zps_bAplZdoZdoClient
                0x00000000000a55ee                os_vAPP_ZPR_Light_Task
 .text          0x00000000000a5a64      0xc64 C:\Users\Gillis\AppData\Local\Temp\ccnqav2l.ltrans29.ltrans.o
                0x00000000000a5a64                os_vZCL_Task
                0x00000000000a5ae6                eZCL_CustomCommandSend.constprop.55
                0x00000000000a5d7e                eCLD_IdentifyCommandHandler
                0x00000000000a61e2                eCLD_GroupsCommandHandler
 .text          0x00000000000a66c8      0x994 C:\Users\Gillis\AppData\Local\Temp\ccnqav2l.ltrans30.ltrans.o
                0x00000000000a66c8                eCLD_LevelControlCommandHandler
                0x00000000000a6a60                eCLD_OnOffCommandHandler
                0x00000000000a6e30                eZCL_CustomCommandInterPanReceive.part.1.44926.constprop.22
                0x00000000000a6f3d                eCLD_ZllCommissionHandleNwkJoinRouterReqCommand.27040
 .text          0x00000000000a705c      0x5e2 C:\Users\Gillis\AppData\Local\Temp\ccnqav2l.ltrans31.ltrans.o
                0x00000000000a705c                AppWarmStart
                0x00000000000a7078                AppColdStart
                0x00000000000a740b                os_vUnclaimedInterrupt
                0x00000000000a741d                os_vControlledIntCheck
                0x00000000000a7462                os_vControlledInterrupt
                0x00000000000a749b                os_vvISR_SystemController
                0x00000000000a74c7                os_vvISR_Timer4
                0x00000000000a74d6                os_vvISR_Timer3
                0x00000000000a74e5                os_vAPP_isrIllegalInstruction
                0x00000000000a74fb                os_vAPP_isrAlignmentException
                0x00000000000a7511                os_vAPP_isrBusErrorException
                0x00000000000a7527                os_vAPP_isrUnimplementedModuleException
                0x00000000000a753a                os_vAPP_isrStackOverflowException
                0x00000000000a754d                os_vAPP_isrTickTimer
 .text          0x00000000000a763e       0x25 c:/nxp/bstudio_nxp/sdk/tools/ba-elf-ba2-r36379/bin/../lib/gcc/ba-elf/4.7.4/../../../../ba-elf/lib/mcpu_jn51xx_sizeopt\libc.a(lib_a-memcmp.o)
                0x00000000000a763e                memcmp
 .text          0x00000000000a7663       0x19 c:/nxp/bstudio_nxp/sdk/tools/ba-elf-ba2-r36379/bin/../lib/gcc/ba-elf/4.7.4/../../../../ba-elf/lib/mcpu_jn51xx_sizeopt\libc.a(lib_a-memcpy.o)
 .text          0x00000000000a767c       0x12 c:/nxp/bstudio_nxp/sdk/tools/ba-elf-ba2-r36379/bin/../lib/gcc/ba-elf/4.7.4/../../../../ba-elf/lib/mcpu_jn51xx_sizeopt\libc.a(lib_a-memset.o)
                0x00000000000a767c                memset
 .text          0x00000000000a768e       0x12 c:/nxp/bstudio_nxp/sdk/tools/ba-elf-ba2-r36379/bin/../lib/gcc/ba-elf/4.7.4/../../../../ba-elf/lib/mcpu_jn51xx_sizeopt\libc.a(lib_a-strlen.o)
                0x00000000000a768e                strlen
 .text          0x00000000000a76a0       0x2b c:/nxp/bstudio_nxp/sdk/tools/ba-elf-ba2-r36379/bin/../lib/gcc/ba-elf/4.7.4/../../../../ba-elf/lib/mcpu_jn51xx_sizeopt\libc.a(lib_a-strncpy.o)
                0x00000000000a76a0                strncpy
 *fill*         0x00000000000a76cb        0x1 00
 .text          0x00000000000a76cc      0x204 c:/nxp/bstudio_nxp/sdk/tools/ba-elf-ba2-r36379/bin/../lib/gcc/ba-elf/4.7.4/mcpu_jn51xx_sizeopt\libgcc.a(__udivsi3.o)
                0x00000000000a76cc                __udivsi3
 .text          0x00000000000a78d0       0x30 c:/nxp/bstudio_nxp/sdk/tools/ba-elf-ba2-r36379/bin/../lib/gcc/ba-elf/4.7.4/mcpu_jn51xx_sizeopt\libgcc.a(__divsi3.o)
                0x00000000000a78d0                __divsi3
 .text          0x00000000000a7900      0x1b0 c:/nxp/bstudio_nxp/sdk/tools/ba-elf-ba2-r36379/bin/../lib/gcc/ba-elf/4.7.4/mcpu_jn51xx_sizeopt\libgcc.a(__umodsi3.o)
                0x00000000000a7900                __umodsi3
 .text          0x00000000000a7ab0       0x24 c:/nxp/bstudio_nxp/sdk/tools/ba-elf-ba2-r36379/bin/../lib/gcc/ba-elf/4.7.4/mcpu_jn51xx_sizeopt\libgcc.a(__modsi3.o)
                0x00000000000a7ab0                __modsi3
 .text          0x00000000000a7ad4       0x39 c:/nxp/bstudio_nxp/sdk/tools/ba-elf-ba2-r36379/bin/../lib/gcc/ba-elf/4.7.4/mcpu_jn51xx_sizeopt\libgcc.a(_fixunsdfsi.o)
                0x00000000000a7ad4                __fixunsdfsi
 .text          0x00000000000a7b0d      0x3bd c:/nxp/bstudio_nxp/sdk/tools/ba-elf-ba2-r36379/bin/../lib/gcc/ba-elf/4.7.4/mcpu_jn51xx_sizeopt\libgcc.a(_divdi3.o)
                0x00000000000a7b0d                __divdi3
 .text          0x00000000000a7eca      0x350 c:/nxp/bstudio_nxp/sdk/tools/ba-elf-ba2-r36379/bin/../lib/gcc/ba-elf/4.7.4/mcpu_jn51xx_sizeopt\libgcc.a(_udivdi3.o)
                0x00000000000a7eca                __udivdi3
 .text          0x00000000000a821a      0x384 c:/nxp/bstudio_nxp/sdk/tools/ba-elf-ba2-r36379/bin/../lib/gcc/ba-elf/4.7.4/mcpu_jn51xx_sizeopt\libgcc.a(addsf3.o)
                0x00000000000a821a                __addsf3
 *fill*         0x00000000000a859e        0x2 00
 .text          0x00000000000a85a0      0x218 c:/nxp/bstudio_nxp/sdk/tools/ba-elf-ba2-r36379/bin/../lib/gcc/ba-elf/4.7.4/mcpu_jn51xx_sizeopt\libgcc.a(divsf3.o)
                0x00000000000a85a0                __divsf3
 .text          0x00000000000a87b8       0x81 c:/nxp/bstudio_nxp/sdk/tools/ba-elf-ba2-r36379/bin/../lib/gcc/ba-elf/4.7.4/mcpu_jn51xx_sizeopt\libgcc.a(eqsf2.o)
                0x00000000000a87b8                __eqsf2
                0x00000000000a87b8                __nesf2
 .text          0x00000000000a8839       0xac c:/nxp/bstudio_nxp/sdk/tools/ba-elf-ba2-r36379/bin/../lib/gcc/ba-elf/4.7.4/mcpu_jn51xx_sizeopt\libgcc.a(gesf2.o)
                0x00000000000a8839                __gesf2
                0x00000000000a8839                __gtsf2
 .text          0x00000000000a88e5       0xac c:/nxp/bstudio_nxp/sdk/tools/ba-elf-ba2-r36379/bin/../lib/gcc/ba-elf/4.7.4/mcpu_jn51xx_sizeopt\libgcc.a(lesf2.o)
                0x00000000000a88e5                __ltsf2
                0x00000000000a88e5                __lesf2
 *fill*         0x00000000000a8991        0x3 00
 .text          0x00000000000a8994      0x24c c:/nxp/bstudio_nxp/sdk/tools/ba-elf-ba2-r36379/bin/../lib/gcc/ba-elf/4.7.4/mcpu_jn51xx_sizeopt\libgcc.a(mulsf3.o)
                0x00000000000a8994                __mulsf3
 .text          0x00000000000a8be0      0x3a2 c:/nxp/bstudio_nxp/sdk/tools/ba-elf-ba2-r36379/bin/../lib/gcc/ba-elf/4.7.4/mcpu_jn51xx_sizeopt\libgcc.a(subsf3.o)
                0x00000000000a8be0                __subsf3
 .text          0x00000000000a8f82       0x53 c:/nxp/bstudio_nxp/sdk/tools/ba-elf-ba2-r36379/bin/../lib/gcc/ba-elf/4.7.4/mcpu_jn51xx_sizeopt\libgcc.a(fixsfsi.o)
                0x00000000000a8f82                __fixsfsi
 .text          0x00000000000a8fd5       0xad c:/nxp/bstudio_nxp/sdk/tools/ba-elf-ba2-r36379/bin/../lib/gcc/ba-elf/4.7.4/mcpu_jn51xx_sizeopt\libgcc.a(floatunsisf.o)
                0x00000000000a8fd5                __floatunsisf
 .text          0x00000000000a9082      0x682 c:/nxp/bstudio_nxp/sdk/tools/ba-elf-ba2-r36379/bin/../lib/gcc/ba-elf/4.7.4/mcpu_jn51xx_sizeopt\libgcc.a(adddf3.o)
                0x00000000000a9082                __adddf3
 .text          0x00000000000a9704      0x5c8 c:/nxp/bstudio_nxp/sdk/tools/ba-elf-ba2-r36379/bin/../lib/gcc/ba-elf/4.7.4/mcpu_jn51xx_sizeopt\libgcc.a(divdf3.o)
                0x00000000000a9704                __divdf3
 .text          0x00000000000a9ccc       0xca c:/nxp/bstudio_nxp/sdk/tools/ba-elf-ba2-r36379/bin/../lib/gcc/ba-elf/4.7.4/mcpu_jn51xx_sizeopt\libgcc.a(gedf2.o)
                0x00000000000a9ccc                __gedf2
                0x00000000000a9ccc                __gtdf2
 *fill*         0x00000000000a9d96        0x2 00
 .text          0x00000000000a9d98      0x488 c:/nxp/bstudio_nxp/sdk/tools/ba-elf-ba2-r36379/bin/../lib/gcc/ba-elf/4.7.4/mcpu_jn51xx_sizeopt\libgcc.a(muldf3.o)
                0x00000000000a9d98                __muldf3
 .text          0x00000000000aa220      0x693 c:/nxp/bstudio_nxp/sdk/tools/ba-elf-ba2-r36379/bin/../lib/gcc/ba-elf/4.7.4/mcpu_jn51xx_sizeopt\libgcc.a(subdf3.o)
                0x00000000000aa220                __subdf3
 .text          0x00000000000aa8b3       0x64 c:/nxp/bstudio_nxp/sdk/tools/ba-elf-ba2-r36379/bin/../lib/gcc/ba-elf/4.7.4/mcpu_jn51xx_sizeopt\libgcc.a(fixdfsi.o)
                0x00000000000aa8b3                __fixdfsi