13:26:38 **** Incremental Build of configuration Controller_NonColorController for project JN-AN-1171-ZigBee-LightLink-Demo ****
make REMOTE=Controller_NonColorController all 
JENNIC_MAC is Mini MAC shim 
Building trace version ...
Compiling /c/NXP/bstudio_nxp/workspace/JN-AN-1171-ZigBee-LightLink-Demo/Common_Controller/Source/zll_remote_node.c ...
/c/NXP/bstudio_nxp/sdk/Tools/ba-elf-ba2-r36379/bin/ba-elf-gcc -c -o /c/NXP/bstudio_nxp/workspace/JN-AN-1171-ZigBee-LightLink-Demo/Controller_NonColorController/Build/zll_remote_node.o -DDBG_ENABLE -DNEVER_DEEP_SLEEP=FALSE -DRTOS_PRESENT -DController_NonColorController -DPDM_USER_SUPPLIED_ID -DDEBUG_ZCL -DDEBUG_CLD_ONOFF -DDEBUG_CAPTOUCH -DDEBUG_APP_BUTTON -DDEBUG_START_UP -DDEBUG_REMOTE_NODE -DDEBUG_REMOTE_TASK -DDEBUG_SCAN -DDEBUG_JOIN -DDEBUG_COMMISSION -DDEBUG_CLASSIC_JOIN -DDEBUG_LIGHT_AGE -DDEBUG_EXCEPTIONS -DDEBUG_REJOIN -DDEBUG_SLEEP -DJN516x=5160 -DJN5168=5168 -DJENNIC_CHIP_NAME=_JN5168 -DJENNIC_CHIP_FAMILY_NAME=_JN516x -march=ba2 -mcpu=jn51xx -mredzone-size=4 -mbranch-cost=3 -fomit-frame-pointer -Os -fshort-enums -Wall  -Wpacked -Wcast-align -fdata-sections -ffunction-sections -flto  -DWATCHDOG_ENABLED -DJENNIC_HW_BBC_RXINCCA=1 -DJENNIC_HW_BBC_DMA=1 -DJENNIC_HW_BBC_ISA=0 -DJENNIC_SW_EXTERNAL_FLASH=0 -DJN516X_DMA_UART_BACKWARDS_COMPATIBLE_API=1 -DUART_BACKWARDS_COMPATIBLE_API=1 -DJENNIC_CHIP=JN5168 -DJENNIC_CHIP_JN5168 -DJENNIC_CHIP_FAMILY=JN516x -DJENNIC_CHIP_FAMILY_JN516x -DJENNIC_STACK_ZLLHA -DJENNIC_MAC_MiniMacShim -Wall -Wunreachable-code -DEMBEDDED -I/c/NXP/bstudio_nxp/sdk/JN-SW-4168/Platform/Common/Include -DJENNIC_PCB=DEVKIT2 -DJENNIC_PCB_DEVKIT2 -I/c/NXP/bstudio_nxp/sdk/JN-SW-4168/Platform/DK2/Include -I/c/NXP/bstudio_nxp/sdk/JN-SW-4168/Components/Common/Include -DPDM_USER_SUPPLIED_ID -DPDM_EEPROM -DDBG_ENABLE -DZPS_APL_OPT_SINGLE_INSTANCE -DOTA_NO_CERTIFICATE -DPLME_SAP -I/c/NXP/bstudio_nxp/workspace/JN-AN-1171-ZigBee-LightLink-Demo/Common_Controller/Source -I/c/NXP/bstudio_nxp/workspace/JN-AN-1171-ZigBee-LightLink-Demo/Common_Controller/Source/.. -I/c/NXP/bstudio_nxp/workspace/JN-AN-1171-ZigBee-LightLink-Demo/Controller_NonColorController/Source -I/c/NXP/bstudio_nxp/workspace/JN-AN-1171-ZigBee-LightLink-Demo/Common/Source -I/c/NXP/bstudio_nxp/sdk/JN-SW-4168/Components/Utilities/Include -I/c/NXP/bstudio_nxp/sdk/JN-SW-4168/Components/ZCL/Include -I/c/NXP/bstudio_nxp/sdk/JN-SW-4168/Components/OVLY/Include -I/c/NXP/bstudio_nxp/sdk/JN-SW-4168/Components/ZCL/Clusters/LightLink/Include -I/c/NXP/bstudio_nxp/sdk/JN-SW-4168/Components/AppApi/Include -I/c/NXP/bstudio_nxp/sdk/JN-SW-4168/Components/MAC/Include -I/c/NXP/bstudio_nxp/sdk/JN-SW-4168/Components/MiniMac/Include -I/c/NXP/bstudio_nxp/sdk/JN-SW-4168/Components/MMAC/Include -I/c/NXP/bstudio_nxp/sdk/JN-SW-4168/Components/HardwareApi/Include -I/c/NXP/bstudio_nxp/sdk/JN-SW-4168/Components/Aes/Include -I/c/NXP/bstudio_nxp/sdk/JN-SW-4168/Components/DBG/Include -I/c/NXP/bstudio_nxp/sdk/JN-SW-4168/Components/MAC/Include -I/c/NXP/bstudio_nxp/sdk/JN-SW-4168/Components/MicroSpecific/Include -I/c/NXP/bstudio_nxp/sdk/JN-SW-4168/Components/MiniMAC/Include -I/c/NXP/bstudio_nxp/sdk/JN-SW-4168/Components/MMAC/Include -I/c/NXP/bstudio_nxp/sdk/JN-SW-4168/Components/TimerServer/Include -I/c/NXP/bstudio_nxp/sdk/JN-SW-4168/Components/Random/Include -I/c/NXP/bstudio_nxp/sdk/JN-SW-4168/Components/ZPSMAC_Mini/Include -I/c/NXP/bstudio_nxp/sdk/JN-SW-4168/Components/OS/Include -I/c/NXP/bstudio_nxp/sdk/JN-SW-4168/Components/PWRM/Include -I/c/NXP/bstudio_nxp/sdk/JN-SW-4168/Components/ZPSTSV/Include -I/c/NXP/bstudio_nxp/sdk/JN-SW-4168/Components/AES_SW/Include -I/c/NXP/bstudio_nxp/sdk/JN-SW-4168/Components/PDUM/Include -I/c/NXP/bstudio_nxp/sdk/JN-SW-4168/Components/ZPSAPL/Include -I/c/NXP/bstudio_nxp/sdk/JN-SW-4168/Components/Random/Include -I/c/NXP/bstudio_nxp/sdk/JN-SW-4168/Components/PDM_EEPROM/Include -I/c/NXP/bstudio_nxp/sdk/JN-SW-4168/Components/DBG/Include -I/c/NXP/bstudio_nxp/sdk/JN-SW-4168/Components/ZPSZLL_ZED/Include -I/c/NXP/bstudio_nxp/sdk/JN-SW-4168/Components/ZPSNWK_ZED/Include -I/c/NXP/bstudio_nxp/sdk/JN-SW-4168/Components/PDM/Include -I/c/NXP/bstudio_nxp/sdk/JN-SW-4168/Components/ZPSMAC/Include -I/c/NXP/bstudio_nxp/sdk/JN-SW-4168/Components/ZPSNWK/Include -I/c/NXP/bstudio_nxp/sdk/JN-SW-4168/Components/ZCL/Source -I/c/NXP/bstudio_nxp/sdk/JN-SW-4168/Components/ZCL/Include -I/c/NXP/bstudio_nxp/sdk/JN-SW-4168/Components/ZCL/Clusters/General/Include -I/c/NXP/bstudio_nxp/sdk/JN-SW-4168/Components/ZCL/Clusters/General/Source -I/c/NXP/bstudio_nxp/sdk/JN-SW-4168/Components/ZCL/Clusters/Lighting/Include -I/c/NXP/bstudio_nxp/sdk/JN-SW-4168/Components/ZCL/Clusters/MeasurementAndSensing/Include -I/c/NXP/bstudio_nxp/sdk/JN-SW-4168/Components/ZCL/Clusters/EnergyAtHome/Include -I/c/NXP/bstudio_nxp/sdk/JN-SW-4168/Components/ZCL/Clusters/SE/Include -I/c/NXP/bstudio_nxp/sdk/JN-SW-4168/Components/ZCL/Clusters/GreenPower/Include -I/c/NXP/bstudio_nxp/sdk/JN-SW-4168/Components/ZCL/Clusters/HVAC/Include -I/c/NXP/bstudio_nxp/sdk/JN-SW-4168/Components/ZCL/Clusters/OTA/Include -I/c/NXP/bstudio_nxp/sdk/JN-SW-4168/Components/ZCL/Clusters/SmartEnergy/Include -I/c/NXP/bstudio_nxp/sdk/JN-SW-4168/Components/ZCL/Clusters/IAS/Include -I/c/NXP/bstudio_nxp/sdk/JN-SW-4168/Components/ZCL/Profiles/HA/Common/Include -I/c/NXP/bstudio_nxp/sdk/JN-SW-4168/Components/ZCL/Profiles/HA/Generic/Include -I/c/NXP/bstudio_nxp/sdk/JN-SW-4168/Components/ZCL/Clusters/LightLink/Include -I/c/NXP/bstudio_nxp/sdk/JN-SW-4168/Components/ZCL/Profiles/ZLL/Include -I/c/NXP/bstudio_nxp/sdk/JN-SW-4168/Components/ZCL/Profiles/GP/Include /c/NXP/bstudio_nxp/workspace/JN-AN-1171-ZigBee-LightLink-Demo/Common_Controller/Source/zll_remote_node.c -MD -MF /c/NXP/bstudio_nxp/workspace/JN-AN-1171-ZigBee-LightLink-Demo/Controller_NonColorController/Build/zll_remote_node.d -MP
c:/NXP/bstudio_nxp/workspace/JN-AN-1171-ZigBee-LightLink-Demo/Common_Controller/Source/zll_remote_node.c: In function 'vHandleWaitStartAppEvent':
c:/NXP/bstudio_nxp/workspace/JN-AN-1171-ZigBee-LightLink-Demo/Common_Controller/Source/zll_remote_node.c:670:25: warning: unused variable 'sEvent' [-Wunused-variable]
c:/NXP/bstudio_nxp/workspace/JN-AN-1171-ZigBee-LightLink-Demo/Common_Controller/Source/zll_remote_node.c: In function 'APP_vHandleKeyPress':
c:/NXP/bstudio_nxp/workspace/JN-AN-1171-ZigBee-LightLink-Demo/Common_Controller/Source/zll_remote_node.c:1216:25: warning: unused variable 'sEvent' [-Wunused-variable]
c:/NXP/bstudio_nxp/workspace/JN-AN-1171-ZigBee-LightLink-Demo/Common_Controller/Source/zll_remote_node.c:1214:18: warning: variable 'u8SelfFR' set but not used [-Wunused-but-set-variable]
c:/NXP/bstudio_nxp/workspace/JN-AN-1171-ZigBee-LightLink-Demo/Common_Controller/Source/zll_remote_node.c: At top level:
c:/NXP/bstudio_nxp/workspace/JN-AN-1171-ZigBee-LightLink-Demo/Common_Controller/Source/zll_remote_node.c:339:6: warning: 'vAppSetGroupId' defined but not used [-Wunused-function]
c:/NXP/bstudio_nxp/workspace/JN-AN-1171-ZigBee-LightLink-Demo/Common_Controller/Source/zll_remote_node.c:2271:14: warning: 'vSendPermitJoin' defined but not used [-Wunused-function]

Linking /c/NXP/bstudio_nxp/workspace/JN-AN-1171-ZigBee-LightLink-Demo/Controller_NonColorController/Build/Controller_NonColorController_JN5168.elf ...
/c/NXP/bstudio_nxp/sdk/Tools/ba-elf-ba2-r36379/bin/ba-elf-gcc -Wl,--gc-sections -Wl,-u_AppColdStart -Wl,-u_AppWarmStart -march=ba2 -mcpu=jn51xx -mredzone-size=4 -mbranch-cost=3 -fomit-frame-pointer -Os -fshort-enums -flto  -nostartfiles -L/c/NXP/bstudio_nxp/sdk/JN-SW-4168/Chip/JN5168/Build -L/c/NXP/bstudio_nxp/sdk/JN-SW-4168/Chip/JN5168/Library -L/c/NXP/bstudio_nxp/sdk/JN-SW-4168/Platform/DK2/Library -L/c/NXP/bstudio_nxp/sdk/JN-SW-4168/Components/Library -Wl,--gc-sections -L/c/NXP/bstudio_nxp/sdk/JN-SW-4168/Components/ZCL/Build -L/c/NXP/bstudio_nxp/sdk/JN-SW-4168/Stack/ZBPro/Build -L/c/NXP/bstudio_nxp/sdk/JN-SW-4168/Stack/ZLLHA/Build -Wl,--defsym=__stack_size=5000 -Wl,--defsym,__minimum_heap_size=2000 -TAppBuildZLLHA_JN5168.ld -o /c/NXP/bstudio_nxp/workspace/JN-AN-1171-ZigBee-LightLink-Demo/Controller_NonColorController/Build/Controller_NonColorController_JN5168.elf -Wl,--start-group /c/NXP/bstudio_nxp/workspace/JN-AN-1171-ZigBee-LightLink-Demo/Controller_NonColorController/Build/os_gen.o /c/NXP/bstudio_nxp/workspace/JN-AN-1171-ZigBee-LightLink-Demo/Controller_NonColorController/Build/os_irq.o /c/NXP/bstudio_nxp/workspace/JN-AN-1171-ZigBee-LightLink-Demo/Controller_NonColorController/Build/os_irq_alignment.o /c/NXP/bstudio_nxp/workspace/JN-AN-1171-ZigBee-LightLink-Demo/Controller_NonColorController/Build/os_irq_buserror.o /c/NXP/bstudio_nxp/workspace/JN-AN-1171-ZigBee-LightLink-Demo/Controller_NonColorController/Build/os_irq_illegalinstruction.o /c/NXP/bstudio_nxp/workspace/JN-AN-1171-ZigBee-LightLink-Demo/Controller_NonColorController/Build/os_irq_stackoverflowexception.o /c/NXP/bstudio_nxp/workspace/JN-AN-1171-ZigBee-LightLink-Demo/Controller_NonColorController/Build/os_irq_unimplementedmodule.o /c/NXP/bstudio_nxp/workspace/JN-AN-1171-ZigBee-LightLink-Demo/Controller_NonColorController/Build/pdum_gen.o /c/NXP/bstudio_nxp/workspace/JN-AN-1171-ZigBee-LightLink-Demo/Controller_NonColorController/Build/pdum_apdu.o /c/NXP/bstudio_nxp/workspace/JN-AN-1171-ZigBee-LightLink-Demo/Controller_NonColorController/Build/zps_gen.o /c/NXP/bstudio_nxp/workspace/JN-AN-1171-ZigBee-LightLink-Demo/Controller_NonColorController/Build/app_timer_driver.o /c/NXP/bstudio_nxp/workspace/JN-AN-1171-ZigBee-LightLink-Demo/Controller_NonColorController/Build/app_start_remote.o /c/NXP/bstudio_nxp/workspace/JN-AN-1171-ZigBee-LightLink-Demo/Controller_NonColorController/Build/app_buttons.o /c/NXP/bstudio_nxp/workspace/JN-AN-1171-ZigBee-LightLink-Demo/Controller_NonColorController/Build/App_Controller_NonColorController.o /c/NXP/bstudio_nxp/workspace/JN-AN-1171-ZigBee-LightLink-Demo/Controller_NonColorController/Build/zll_remote_node.o /c/NXP/bstudio_nxp/workspace/JN-AN-1171-ZigBee-LightLink-Demo/Controller_NonColorController/Build/ecb_decrypt.o /c/NXP/bstudio_nxp/workspace/JN-AN-1171-ZigBee-LightLink-Demo/Controller_NonColorController/Build/app_zcl_remote_task.o /c/NXP/bstudio_nxp/workspace/JN-AN-1171-ZigBee-LightLink-Demo/Controller_NonColorController/Build/app_remote_commission_task.o /c/NXP/bstudio_nxp/workspace/JN-AN-1171-ZigBee-LightLink-Demo/Controller_NonColorController/Build/appZpsBeaconHandler.o /c/NXP/bstudio_nxp/workspace/JN-AN-1171-ZigBee-LightLink-Demo/Controller_NonColorController/Build/Alarms.o /c/NXP/bstudio_nxp/workspace/JN-AN-1171-ZigBee-LightLink-Demo/Controller_NonColorController/Build/AlarmsClientCommands.o /c/NXP/bstudio_nxp/workspace/JN-AN-1171-ZigBee-LightLink-Demo/Controller_NonColorController/Build/AlarmsCommandHandler.o /c/NXP/bstudio_nxp/workspace/JN-AN-1171-ZigBee-LightLink-Demo/Controller_NonColorController/Build/AlarmsServerCommands.o /c/NXP/bstudio_nxp/workspace/JN-AN-1171-ZigBee-LightLink-Demo/Controller_NonColorController/Build/AlarmsTableManager.o /c/NXP/bstudio_nxp/workspace/JN-AN-1171-ZigBee-LightLink-Demo/Controller_NonColorController/Build/AnalogInputBasic.o /c/NXP/bstudio_nxp/workspace/JN-AN-1171-ZigBee-LightLink-Demo/Controller_NonColorController/Build/AnalogOutputBasic.o /c/NXP/bstudio_nxp/workspace/JN-AN-1171-ZigBee-LightLink-Demo/Controller_NonColorController/Build/Basic.o /c/NXP/bstudio_nxp/workspace/JN-AN-1171-ZigBee-LightLink-Demo/Controller_NonColorController/Build/BasicClientCommands.o /c/NXP/bstudio_nxp/workspace/JN-AN-1171-ZigBee-LightLink-Demo/Controller_NonColorController/Build/BasicCommandHandler.o /c/NXP/bstudio_nxp/workspace/JN-AN-1171-ZigBee-LightLink-Demo/Controller_NonColorController/Build/BinaryInputBasic.o /c/NXP/bstudio_nxp/workspace/JN-AN-1171-ZigBee-LightLink-Demo/Controller_NonColorController/Build/BinaryOutputBasic.o /c/NXP/bstudio_nxp/workspace/JN-AN-1171-ZigBee-LightLink-Demo/Controller_NonColorController/Build/Commissioning.o /c/NXP/bstudio_nxp/workspace/JN-AN-1171-ZigBee-LightLink-Demo/Controller_NonColorController/Build/DeviceTemperatureConfiguration.o /c/NXP/bstudio_nxp/workspace/JN-AN-1171-ZigBee-LightLink-Demo/Controller_NonColorController/Build/Diagnostics.o /c/NXP/bstudio_nxp/workspace/JN-AN-1171-ZigBee-LightLink-Demo/Controller_NonColorController/Build/DoorLock.o /c/NXP/bstudio_nxp/workspace/JN-AN-1171-ZigBee-LightLink-Demo/Controller_NonColorController/Build/DoorLockCommandHandler.o /c/NXP/bstudio_nxp/workspace/JN-AN-1171-ZigBee-LightLink-Demo/Controller_NonColorController/Build/DoorLockCommands.o /c/NXP/bstudio_nxp/workspace/JN-AN-1171-ZigBee-LightLink-Demo/Controller_NonColorController/Build/ElectricalMeasurement.o /c/NXP/bstudio_nxp/workspace/JN-AN-1171-ZigBee-LightLink-Demo/Controller_NonColorController/Build/Groups.o /c/NXP/bstudio_nxp/workspace/JN-AN-1171-ZigBee-LightLink-Demo/Controller_NonColorController/Build/GroupsClientCommands.o /c/NXP/bstudio_nxp/workspace/JN-AN-1171-ZigBee-LightLink-Demo/Controller_NonColorController/Build/GroupsCommandHandler.o /c/NXP/bstudio_nxp/workspace/JN-AN-1171-ZigBee-LightLink-Demo/Controller_NonColorController/Build/GroupsServerCommands.o /c/NXP/bstudio_nxp/workspace/JN-AN-1171-ZigBee-LightLink-Demo/Controller_NonColorController/Build/GroupsTableManager.o /c/NXP/bstudio_nxp/workspace/JN-AN-1171-ZigBee-LightLink-Demo/Controller_NonColorController/Build/Identify.o /c/NXP/bstudio_nxp/workspace/JN-AN-1171-ZigBee-LightLink-Demo/Controller_NonColorController/Build/IdentifyClientCommands.o /c/NXP/bstudio_nxp/workspace/JN-AN-1171-ZigBee-LightLink-Demo/Controller_NonColorController/Build/IdentifyCommandHandler.o /c/NXP/bstudio_nxp/workspace/JN-AN-1171-ZigBee-LightLink-Demo/Controller_NonColorController/Build/IdentifyServerCommands.o /c/NXP/bstudio_nxp/workspace/JN-AN-1171-ZigBee-LightLink-Demo/Controller_NonColorController/Build/LevelControl.o /c/NXP/bstudio_nxp/workspace/JN-AN-1171-ZigBee-LightLink-Demo/Controller_NonColorController/Build/LevelControlClientCommands.o /c/NXP/bstudio_nxp/workspace/JN-AN-1171-ZigBee-LightLink-Demo/Controller_NonColorController/Build/LevelControlCommandHandler.o /c/NXP/bstudio_nxp/workspace/JN-AN-1171-ZigBee-LightLink-Demo/Controller_NonColorController/Build/MultistateInputBasic.o /c/NXP/bstudio_nxp/workspace/JN-AN-1171-ZigBee-LightLink-Demo/Controller_NonColorController/Build/MultistateOutputBasic.o /c/NXP/bstudio_nxp/workspace/JN-AN-1171-ZigBee-LightLink-Demo/Controller_NonColorController/Build/OOSC.o /c/NXP/bstudio_nxp/workspace/JN-AN-1171-ZigBee-LightLink-Demo/Controller_NonColorController/Build/OnOff.o /c/NXP/bstudio_nxp/workspace/JN-AN-1171-ZigBee-LightLink-Demo/Controller_NonColorController/Build/OnOffCommandHandler.o /c/NXP/bstudio_nxp/workspace/JN-AN-1171-ZigBee-LightLink-Demo/Controller_NonColorController/Build/OnOffCommands.o /c/NXP/bstudio_nxp/workspace/JN-AN-1171-ZigBee-LightLink-Demo/Controller_NonColorController/Build/PollControl.o /c/NXP/bstudio_nxp/workspace/JN-AN-1171-ZigBee-LightLink-Demo/Controller_NonColorController/Build/PollControlClientCommands.o /c/NXP/bstudio_nxp/workspace/JN-AN-1171-ZigBee-LightLink-Demo/Controller_NonColorController/Build/PollControlCommandHandler.o /c/NXP/bstudio_nxp/workspace/JN-AN-1171-ZigBee-LightLink-Demo/Controller_NonColorController/Build/PollControlServerCommands.o /c/NXP/bstudio_nxp/workspace/JN-AN-1171-ZigBee-LightLink-Demo/Controller_NonColorController/Build/PowerConfiguration.o /c/NXP/bstudio_nxp/workspace/JN-AN-1171-ZigBee-LightLink-Demo/Controller_NonColorController/Build/Scenes.o /c/NXP/bstudio_nxp/workspace/JN-AN-1171-ZigBee-LightLink-Demo/Controller_NonColorController/Build/ScenesClientCommands.o /c/NXP/bstudio_nxp/workspace/JN-AN-1171-ZigBee-LightLink-Demo/Controller_NonColorController/Build/ScenesClusterManagement.o /c/NXP/bstudio_nxp/workspace/JN-AN-1171-ZigBee-LightLink-Demo/Controller_NonColorController/Build/ScenesCommandHandler.o /c/NXP/bstudio_nxp/workspace/JN-AN-1171-ZigBee-LightLink-Demo/Controller_NonColorController/Build/ScenesServerCommands.o /c/NXP/bstudio_nxp/workspace/JN-AN-1171-ZigBee-LightLink-Demo/Controller_NonColorController/Build/ScenesTableManager.o /c/NXP/bstudio_nxp/workspace/JN-AN-1171-ZigBee-LightLink-Demo/Controller_NonColorController/Build/TC.o /c/NXP/bstudio_nxp/workspace/JN-AN-1171-ZigBee-LightLink-Demo/Controller_NonColorController/Build/Time.o /c/NXP/bstudio_nxp/workspace/JN-AN-1171-ZigBee-LightLink-Demo/Controller_NonColorController/Build/zll_CommissionCmdHandler.o /c/NXP/bstudio_nxp/workspace/JN-AN-1171-ZigBee-LightLink-Demo/Controller_NonColorController/Build/zll_UtilityCmdHandler.o /c/NXP/bstudio_nxp/workspace/JN-AN-1171-ZigBee-LightLink-Demo/Controller_NonColorController/Build/zll_commission.o /c/NXP/bstudio_nxp/workspace/JN-AN-1171-ZigBee-LightLink-Demo/Controller_NonColorController/Build/zll_utility.o /c/NXP/bstudio_nxp/workspace/JN-AN-1171-ZigBee-LightLink-Demo/Controller_NonColorController/Build/colour_light.o /c/NXP/bstudio_nxp/workspace/JN-AN-1171-ZigBee-LightLink-Demo/Controller_NonColorController/Build/colour_remote.o /c/NXP/bstudio_nxp/workspace/JN-AN-1171-ZigBee-LightLink-Demo/Controller_NonColorController/Build/colour_scene_remote.o /c/NXP/bstudio_nxp/workspace/JN-AN-1171-ZigBee-LightLink-Demo/Controller_NonColorController/Build/colour_temperature_light.o /c/NXP/bstudio_nxp/workspace/JN-AN-1171-ZigBee-LightLink-Demo/Controller_NonColorController/Build/commission_endpoint.o /c/NXP/bstudio_nxp/workspace/JN-AN-1171-ZigBee-LightLink-Demo/Controller_NonColorController/Build/control_bridge.o /c/NXP/bstudio_nxp/workspace/JN-AN-1171-ZigBee-LightLink-Demo/Controller_NonColorController/Build/dimmable_light.o /c/NXP/bstudio_nxp/workspace/JN-AN-1171-ZigBee-LightLink-Demo/Controller_NonColorController/Build/dimmable_plug.o /c/NXP/bstudio_nxp/workspace/JN-AN-1171-ZigBee-LightLink-Demo/Controller_NonColorController/Build/extended_colour_light.o /c/NXP/bstudio_nxp/workspace/JN-AN-1171-ZigBee-LightLink-Demo/Controller_NonColorController/Build/non_colour_remote.o /c/NXP/bstudio_nxp/workspace/JN-AN-1171-ZigBee-LightLink-Demo/Controller_NonColorController/Build/non_colour_scene_remote.o /c/NXP/bstudio_nxp/workspace/JN-AN-1171-ZigBee-LightLink-Demo/Controller_NonColorController/Build/on_off_light.o /c/NXP/bstudio_nxp/workspace/JN-AN-1171-ZigBee-LightLink-Demo/Controller_NonColorController/Build/on_off_plug.o /c/NXP/bstudio_nxp/workspace/JN-AN-1171-ZigBee-LightLink-Demo/Controller_NonColorController/Build/on_off_sensor.o /c/NXP/bstudio_nxp/workspace/JN-AN-1171-ZigBee-LightLink-Demo/Controller_NonColorController/Build/zll.o /c/NXP/bstudio_nxp/workspace/JN-AN-1171-ZigBee-LightLink-Demo/Controller_NonColorController/Build/BallastConfiguration.o /c/NXP/bstudio_nxp/workspace/JN-AN-1171-ZigBee-LightLink-Demo/Controller_NonColorController/Build/ColourControl.o /c/NXP/bstudio_nxp/workspace/JN-AN-1171-ZigBee-LightLink-Demo/Controller_NonColorController/Build/ColourControlClientCommands.o /c/NXP/bstudio_nxp/workspace/JN-AN-1171-ZigBee-LightLink-Demo/Controller_NonColorController/Build/ColourControlCommandHandler.o /c/NXP/bstudio_nxp/workspace/JN-AN-1171-ZigBee-LightLink-Demo/Controller_NonColorController/Build/ColourControlConversions.o /c/NXP/bstudio_nxp/workspace/JN-AN-1171-ZigBee-LightLink-Demo/Controller_NonColorController/Build/dlist.o /c/NXP/bstudio_nxp/workspace/JN-AN-1171-ZigBee-LightLink-Demo/Controller_NonColorController/Build/zcl.o /c/NXP/bstudio_nxp/workspace/JN-AN-1171-ZigBee-LightLink-Demo/Controller_NonColorController/Build/zcl_CustomCommandReceive.o /c/NXP/bstudio_nxp/workspace/JN-AN-1171-ZigBee-LightLink-Demo/Controller_NonColorController/Build/zcl_CustomCommandSend.o /c/NXP/bstudio_nxp/workspace/JN-AN-1171-ZigBee-LightLink-Demo/Controller_NonColorController/Build/zcl_PDUbufferReadWrite.o /c/NXP/bstudio_nxp/workspace/JN-AN-1171-ZigBee-LightLink-Demo/Controller_NonColorController/Build/zcl_PDUbufferReadWriteString.o /c/NXP/bstudio_nxp/workspace/JN-AN-1171-ZigBee-LightLink-Demo/Controller_NonColorController/Build/zcl_WriteAttributesRequestHandle.o /c/NXP/bstudio_nxp/workspace/JN-AN-1171-ZigBee-LightLink-Demo/Controller_NonColorController/Build/zcl_WriteAttributesRequestSend.o /c/NXP/bstudio_nxp/workspace/JN-AN-1171-ZigBee-LightLink-Demo/Controller_NonColorController/Build/zcl_WriteAttributesResponseHandle.o /c/NXP/bstudio_nxp/workspace/JN-AN-1171-ZigBee-LightLink-Demo/Controller_NonColorController/Build/zcl_attribute.o /c/NXP/bstudio_nxp/workspace/JN-AN-1171-ZigBee-LightLink-Demo/Controller_NonColorController/Build/zcl_buffer.o /c/NXP/bstudio_nxp/workspace/JN-AN-1171-ZigBee-LightLink-Demo/Controller_NonColorController/Build/zcl_clusterCommand.o /c/NXP/bstudio_nxp/workspace/JN-AN-1171-ZigBee-LightLink-Demo/Controller_NonColorController/Build/zcl_command.o /c/NXP/bstudio_nxp/workspace/JN-AN-1171-ZigBee-LightLink-Demo/Controller_NonColorController/Build/zcl_configureReportingCommandHandle.o /c/NXP/bstudio_nxp/workspace/JN-AN-1171-ZigBee-LightLink-Demo/Controller_NonColorController/Build/zcl_configureReportingCommandSend.o /c/NXP/bstudio_nxp/workspace/JN-AN-1171-ZigBee-LightLink-Demo/Controller_NonColorController/Build/zcl_configureReportingResponseHandle.o /c/NXP/bstudio_nxp/workspace/JN-AN-1171-ZigBee-LightLink-Demo/Controller_NonColorController/Build/zcl_defaultResponse.o /c/NXP/bstudio_nxp/workspace/JN-AN-1171-ZigBee-LightLink-Demo/Controller_NonColorController/Build/zcl_discoverAttributesExtendedRequestHandle.o /c/NXP/bstudio_nxp/workspace/JN-AN-1171-ZigBee-LightLink-Demo/Controller_NonColorController/Build/zcl_discoverAttributesExtendedRequestSend.o /c/NXP/bstudio_nxp/workspace/JN-AN-1171-ZigBee-LightLink-Demo/Controller_NonColorController/Build/zcl_discoverAttributesExtendedResponseHandle.o /c/NXP/bstudio_nxp/workspace/JN-AN-1171-ZigBee-LightLink-Demo/Controller_NonColorController/Build/zcl_discoverAttributesRequestHandle.o /c/NXP/bstudio_nxp/workspace/JN-AN-1171-ZigBee-LightLink-Demo/Controller_NonColorController/Build/zcl_discoverAttributesRequestSend.o /c/NXP/bstudio_nxp/workspace/JN-AN-1171-ZigBee-LightLink-Demo/Controller_NonColorController/Build/zcl_discoverAttributesResponseHandle.o /c/NXP/bstudio_nxp/workspace/JN-AN-1171-ZigBee-LightLink-Demo/Controller_NonColorController/Build/zcl_discoverCommandsRequestHandle.o /c/NXP/bstudio_nxp/workspace/JN-AN-1171-ZigBee-LightLink-Demo/Controller_NonColorController/Build/zcl_discoverCommandsRequestSend.o /c/NXP/bstudio_nxp/workspace/JN-AN-1171-ZigBee-LightLink-Demo/Controller_NonColorController/Build/zcl_discoverCommandsResponseHandle.o /c/NXP/bstudio_nxp/workspace/JN-AN-1171-ZigBee-LightLink-Demo/Controller_NonColorController/Build/zcl_event.o /c/NXP/bstudio_nxp/workspace/JN-AN-1171-ZigBee-LightLink-Demo/Controller_NonColorController/Build/zcl_heap.o /c/NXP/bstudio_nxp/workspace/JN-AN-1171-ZigBee-LightLink-Demo/Controller_NonColorController/Build/zcl_library_options.o /c/NXP/bstudio_nxp/workspace/JN-AN-1171-ZigBee-LightLink-Demo/Controller_NonColorController/Build/zcl_readAttributesRequestHandle.o /c/NXP/bstudio_nxp/workspace/JN-AN-1171-ZigBee-LightLink-Demo/Controller_NonColorController/Build/zcl_readAttributesRequestSend.o /c/NXP/bstudio_nxp/workspace/JN-AN-1171-ZigBee-LightLink-Demo/Controller_NonColorController/Build/zcl_readAttributesResponseHandle.o /c/NXP/bstudio_nxp/workspace/JN-AN-1171-ZigBee-LightLink-Demo/Controller_NonColorController/Build/zcl_readReportingConfigurationCommandHandle.o /c/NXP/bstudio_nxp/workspace/JN-AN-1171-ZigBee-LightLink-Demo/Controller_NonColorController/Build/zcl_readReportingConfigurationCommandSend.o /c/NXP/bstudio_nxp/workspace/JN-AN-1171-ZigBee-LightLink-Demo/Controller_NonColorController/Build/zcl_readReportingConfigurationResponseHandle.o /c/NXP/bstudio_nxp/workspace/JN-AN-1171-ZigBee-LightLink-Demo/Controller_NonColorController/Build/zcl_reportManager.o /c/NXP/bstudio_nxp/workspace/JN-AN-1171-ZigBee-LightLink-Demo/Controller_NonColorController/Build/zcl_reportMaths.o /c/NXP/bstudio_nxp/workspace/JN-AN-1171-ZigBee-LightLink-Demo/Controller_NonColorController/Build/zcl_reportScheduler.o /c/NXP/bstudio_nxp/workspace/JN-AN-1171-ZigBee-LightLink-Demo/Controller_NonColorController/Build/zcl_reportStringHandling.o /c/NXP/bstudio_nxp/workspace/JN-AN-1171-ZigBee-LightLink-Demo/Controller_NonColorController/Build/zcl_reportStructure.o /c/NXP/bstudio_nxp/workspace/JN-AN-1171-ZigBee-LightLink-Demo/Controller_NonColorController/Build/zcl_search.o /c/NXP/bstudio_nxp/workspace/JN-AN-1171-ZigBee-LightLink-Demo/Controller_NonColorController/Build/zcl_timer.o /c/NXP/bstudio_nxp/workspace/JN-AN-1171-ZigBee-LightLink-Demo/Controller_NonColorController/Build/zcl_transmit.o -lZPSMAC_Mini_JN516x -lOS_JN516x -lPWRM_JN516x -lZPSTSV_JN516x -lAES_SW_JN516x -lPDUM_JN516x -lZPSAPL_JN516x -lRandom_JN516x -lPDM_EEPROM_JN516x -lDBG_JN516x -lZPSZLL_ZED_JN516x -lZPSNWK_ZED_JN516x -lMiniMac_JN516x -lMiniMacShim_JN516x -lMMAC_JN516x -lAes_JN516x -lHardwareApi_JN516x -lMicroSpecific_JN516x -lBoot_JN516x -lBoardLib_JN516x -lm -Wl,--end-group -Wl,-Map,/c/NXP/bstudio_nxp/workspace/JN-AN-1171-ZigBee-LightLink-Demo/Controller_NonColorController/Build/Controller_NonColorController_JN5168.map 
/c/NXP/bstudio_nxp/sdk/Tools/ba-elf-ba2-r36379/bin/ba-elf-size /c/NXP/bstudio_nxp/workspace/JN-AN-1171-ZigBee-LightLink-Demo/Controller_NonColorController/Build/Controller_NonColorController_JN5168.elf 
   text	   data	    bss	    dec	    hex	filename
 126818	   1964	  20193	 148975	  245ef	c:/NXP/bstudio_nxp/workspace/JN-AN-1171-ZigBee-LightLink-Demo/Controller_NonColorController/Build/Controller_NonColorController_JN5168.elf
Generating binary ...
/c/NXP/bstudio_nxp/sdk/Tools/ba-elf-ba2-r36379/bin/ba-elf-objcopy -j .version -j .bir -j .flashheader -j .vsr_table -j .vsr_handlers  -j .rodata -j .text -j .data -j .bss -j .heap -j .stack -S -O binary /c/NXP/bstudio_nxp/workspace/JN-AN-1171-ZigBee-LightLink-Demo/Controller_NonColorController/Build/Controller_NonColorController_JN5168.elf /c/NXP/bstudio_nxp/workspace/JN-AN-1171-ZigBee-LightLink-Demo/Controller_NonColorController/Build/Controller_NonColorController_JN5168.bin
